ARM GAS  C:\Users\Chris\AppData\Local\Temp\ccpMCrH5.s 			page 1


   1              		.cpu cortex-m0
   2              		.fpu softvfp
   3              		.eabi_attribute 20, 1
   4              		.eabi_attribute 21, 1
   5              		.eabi_attribute 23, 3
   6              		.eabi_attribute 24, 1
   7              		.eabi_attribute 25, 1
   8              		.eabi_attribute 26, 1
   9              		.eabi_attribute 30, 1
  10              		.eabi_attribute 34, 0
  11              		.eabi_attribute 18, 4
  12              		.code	16
  13              		.file	"cyfitter_cfg.c"
  14              		.text
  15              	.Ltext0:
  16              		.cfi_sections	.debug_frame
  17              		.section	.text.CYMEMZERO,"ax",%progbits
  18              		.align	2
  19              		.code	16
  20              		.thumb_func
  21              		.type	CYMEMZERO, %function
  22              	CYMEMZERO:
  23              	.LFB0:
  24              		.file 1 ".\\Generated_Source\\PSoC4\\cyfitter_cfg.c"
   1:.\Generated_Source\PSoC4/cyfitter_cfg.c **** /*******************************************************************************
   2:.\Generated_Source\PSoC4/cyfitter_cfg.c **** * File Name: cyfitter_cfg.c
   3:.\Generated_Source\PSoC4/cyfitter_cfg.c **** * 
   4:.\Generated_Source\PSoC4/cyfitter_cfg.c **** * PSoC Creator  3.3 CP3
   5:.\Generated_Source\PSoC4/cyfitter_cfg.c **** *
   6:.\Generated_Source\PSoC4/cyfitter_cfg.c **** * Description:
   7:.\Generated_Source\PSoC4/cyfitter_cfg.c **** * This file contains device initialization code.
   8:.\Generated_Source\PSoC4/cyfitter_cfg.c **** * Except for the user defined sections in CyClockStartupError(), this file should not be modified.
   9:.\Generated_Source\PSoC4/cyfitter_cfg.c **** * This file is automatically generated by PSoC Creator.
  10:.\Generated_Source\PSoC4/cyfitter_cfg.c **** *
  11:.\Generated_Source\PSoC4/cyfitter_cfg.c **** ********************************************************************************
  12:.\Generated_Source\PSoC4/cyfitter_cfg.c **** * Copyright (c) 2007-2016 Cypress Semiconductor.  All rights reserved.
  13:.\Generated_Source\PSoC4/cyfitter_cfg.c **** * You may use this file only in accordance with the license, terms, conditions, 
  14:.\Generated_Source\PSoC4/cyfitter_cfg.c **** * disclaimers, and limitations in the end user license agreement accompanying 
  15:.\Generated_Source\PSoC4/cyfitter_cfg.c **** * the software package with which this file was provided.
  16:.\Generated_Source\PSoC4/cyfitter_cfg.c **** ********************************************************************************/
  17:.\Generated_Source\PSoC4/cyfitter_cfg.c **** 
  18:.\Generated_Source\PSoC4/cyfitter_cfg.c **** #include <string.h>
  19:.\Generated_Source\PSoC4/cyfitter_cfg.c **** #include "cytypes.h"
  20:.\Generated_Source\PSoC4/cyfitter_cfg.c **** #include "cydevice_trm.h"
  21:.\Generated_Source\PSoC4/cyfitter_cfg.c **** #include "cyfitter.h"
  22:.\Generated_Source\PSoC4/cyfitter_cfg.c **** #include "CyLib.h"
  23:.\Generated_Source\PSoC4/cyfitter_cfg.c **** #include "CyLFClk.h"
  24:.\Generated_Source\PSoC4/cyfitter_cfg.c **** #include "cyfitter_cfg.h"
  25:.\Generated_Source\PSoC4/cyfitter_cfg.c **** 
  26:.\Generated_Source\PSoC4/cyfitter_cfg.c **** 
  27:.\Generated_Source\PSoC4/cyfitter_cfg.c **** #if defined(__GNUC__) || defined(__ARMCC_VERSION)
  28:.\Generated_Source\PSoC4/cyfitter_cfg.c ****     #define CYPACKED 
  29:.\Generated_Source\PSoC4/cyfitter_cfg.c ****     #define CYPACKED_ATTR __attribute__ ((packed))
  30:.\Generated_Source\PSoC4/cyfitter_cfg.c ****     #define CYALIGNED __attribute__ ((aligned))
  31:.\Generated_Source\PSoC4/cyfitter_cfg.c ****     #define CY_CFG_UNUSED __attribute__ ((unused))
  32:.\Generated_Source\PSoC4/cyfitter_cfg.c ****     #ifndef CY_CFG_SECTION
  33:.\Generated_Source\PSoC4/cyfitter_cfg.c ****         #define CY_CFG_SECTION __attribute__ ((section(".psocinit")))
ARM GAS  C:\Users\Chris\AppData\Local\Temp\ccpMCrH5.s 			page 2


  34:.\Generated_Source\PSoC4/cyfitter_cfg.c ****     #endif
  35:.\Generated_Source\PSoC4/cyfitter_cfg.c ****     
  36:.\Generated_Source\PSoC4/cyfitter_cfg.c ****     #if defined(__ARMCC_VERSION)
  37:.\Generated_Source\PSoC4/cyfitter_cfg.c ****         #define CY_CFG_MEMORY_BARRIER() __memory_changed()
  38:.\Generated_Source\PSoC4/cyfitter_cfg.c ****     #else
  39:.\Generated_Source\PSoC4/cyfitter_cfg.c ****         #define CY_CFG_MEMORY_BARRIER() __sync_synchronize()
  40:.\Generated_Source\PSoC4/cyfitter_cfg.c ****     #endif
  41:.\Generated_Source\PSoC4/cyfitter_cfg.c ****     
  42:.\Generated_Source\PSoC4/cyfitter_cfg.c **** #elif defined(__ICCARM__)
  43:.\Generated_Source\PSoC4/cyfitter_cfg.c ****     #include <intrinsics.h>
  44:.\Generated_Source\PSoC4/cyfitter_cfg.c **** 
  45:.\Generated_Source\PSoC4/cyfitter_cfg.c ****     #define CYPACKED __packed
  46:.\Generated_Source\PSoC4/cyfitter_cfg.c ****     #define CYPACKED_ATTR 
  47:.\Generated_Source\PSoC4/cyfitter_cfg.c ****     #define CYALIGNED _Pragma("data_alignment=4")
  48:.\Generated_Source\PSoC4/cyfitter_cfg.c ****     #define CY_CFG_UNUSED _Pragma("diag_suppress=Pe177")
  49:.\Generated_Source\PSoC4/cyfitter_cfg.c ****     #define CY_CFG_SECTION _Pragma("location=\".psocinit\"")
  50:.\Generated_Source\PSoC4/cyfitter_cfg.c ****     
  51:.\Generated_Source\PSoC4/cyfitter_cfg.c ****     #define CY_CFG_MEMORY_BARRIER() __DMB()
  52:.\Generated_Source\PSoC4/cyfitter_cfg.c ****     
  53:.\Generated_Source\PSoC4/cyfitter_cfg.c **** #else
  54:.\Generated_Source\PSoC4/cyfitter_cfg.c ****     #error Unsupported toolchain
  55:.\Generated_Source\PSoC4/cyfitter_cfg.c **** #endif
  56:.\Generated_Source\PSoC4/cyfitter_cfg.c **** 
  57:.\Generated_Source\PSoC4/cyfitter_cfg.c **** 
  58:.\Generated_Source\PSoC4/cyfitter_cfg.c **** CY_CFG_UNUSED
  59:.\Generated_Source\PSoC4/cyfitter_cfg.c **** static void CYMEMZERO(void *s, size_t n);
  60:.\Generated_Source\PSoC4/cyfitter_cfg.c **** CY_CFG_UNUSED
  61:.\Generated_Source\PSoC4/cyfitter_cfg.c **** static void CYMEMZERO(void *s, size_t n)
  62:.\Generated_Source\PSoC4/cyfitter_cfg.c **** {
  25              		.loc 1 62 0
  26              		.cfi_startproc
  27              	.LVL0:
  28 0000 08B5     		push	{r3, lr}
  29              		.cfi_def_cfa_offset 8
  30              		.cfi_offset 3, -8
  31              		.cfi_offset 14, -4
  32 0002 0A1C     		mov	r2, r1
  63:.\Generated_Source\PSoC4/cyfitter_cfg.c **** 	(void)memset(s, 0, n);
  33              		.loc 1 63 0
  34 0004 0021     		mov	r1, #0
  35              	.LVL1:
  36 0006 FFF7FEFF 		bl	memset
  37              	.LVL2:
  64:.\Generated_Source\PSoC4/cyfitter_cfg.c **** }
  38              		.loc 1 64 0
  39              		@ sp needed
  40 000a 08BD     		pop	{r3, pc}
  41              		.cfi_endproc
  42              	.LFE0:
  43              		.size	CYMEMZERO, .-CYMEMZERO
  44              		.section	.psocinit,"ax",%progbits
  45              		.align	2
  46              		.code	16
  47              		.thumb_func
  48              		.type	ClockSetup, %function
  49              	ClockSetup:
  50              	.LFB3:
ARM GAS  C:\Users\Chris\AppData\Local\Temp\ccpMCrH5.s 			page 3


  65:.\Generated_Source\PSoC4/cyfitter_cfg.c **** CY_CFG_UNUSED
  66:.\Generated_Source\PSoC4/cyfitter_cfg.c **** static void CYCONFIGCPY(void *dest, const void *src, size_t n);
  67:.\Generated_Source\PSoC4/cyfitter_cfg.c **** CY_CFG_UNUSED
  68:.\Generated_Source\PSoC4/cyfitter_cfg.c **** static void CYCONFIGCPY(void *dest, const void *src, size_t n)
  69:.\Generated_Source\PSoC4/cyfitter_cfg.c **** {
  70:.\Generated_Source\PSoC4/cyfitter_cfg.c **** 	(void)memcpy(dest, src, n);
  71:.\Generated_Source\PSoC4/cyfitter_cfg.c **** }
  72:.\Generated_Source\PSoC4/cyfitter_cfg.c **** CY_CFG_UNUSED
  73:.\Generated_Source\PSoC4/cyfitter_cfg.c **** static void CYCONFIGCPYCODE(void *dest, const void *src, size_t n);
  74:.\Generated_Source\PSoC4/cyfitter_cfg.c **** CY_CFG_UNUSED
  75:.\Generated_Source\PSoC4/cyfitter_cfg.c **** static void CYCONFIGCPYCODE(void *dest, const void *src, size_t n)
  76:.\Generated_Source\PSoC4/cyfitter_cfg.c **** {
  77:.\Generated_Source\PSoC4/cyfitter_cfg.c **** 	(void)memcpy(dest, src, n);
  78:.\Generated_Source\PSoC4/cyfitter_cfg.c **** }
  79:.\Generated_Source\PSoC4/cyfitter_cfg.c **** 
  80:.\Generated_Source\PSoC4/cyfitter_cfg.c **** 
  81:.\Generated_Source\PSoC4/cyfitter_cfg.c **** 
  82:.\Generated_Source\PSoC4/cyfitter_cfg.c **** /* Clock startup error codes                                                   */
  83:.\Generated_Source\PSoC4/cyfitter_cfg.c **** #define CYCLOCKSTART_NO_ERROR    0u
  84:.\Generated_Source\PSoC4/cyfitter_cfg.c **** #define CYCLOCKSTART_XTAL_ERROR  1u
  85:.\Generated_Source\PSoC4/cyfitter_cfg.c **** #define CYCLOCKSTART_32KHZ_ERROR 2u
  86:.\Generated_Source\PSoC4/cyfitter_cfg.c **** #define CYCLOCKSTART_PLL_ERROR   3u
  87:.\Generated_Source\PSoC4/cyfitter_cfg.c **** 
  88:.\Generated_Source\PSoC4/cyfitter_cfg.c **** #ifdef CY_NEED_CYCLOCKSTARTUPERROR
  89:.\Generated_Source\PSoC4/cyfitter_cfg.c **** /*******************************************************************************
  90:.\Generated_Source\PSoC4/cyfitter_cfg.c **** * Function Name: CyClockStartupError
  91:.\Generated_Source\PSoC4/cyfitter_cfg.c **** ********************************************************************************
  92:.\Generated_Source\PSoC4/cyfitter_cfg.c **** * Summary:
  93:.\Generated_Source\PSoC4/cyfitter_cfg.c **** *  If an error is encountered during clock configuration (crystal startup error,
  94:.\Generated_Source\PSoC4/cyfitter_cfg.c **** *  PLL lock error, etc.), the system will end up here.  Unless reimplemented by
  95:.\Generated_Source\PSoC4/cyfitter_cfg.c **** *  the customer, this function will stop in an infinite loop.
  96:.\Generated_Source\PSoC4/cyfitter_cfg.c **** *
  97:.\Generated_Source\PSoC4/cyfitter_cfg.c **** * Parameters:
  98:.\Generated_Source\PSoC4/cyfitter_cfg.c **** *   void
  99:.\Generated_Source\PSoC4/cyfitter_cfg.c **** *
 100:.\Generated_Source\PSoC4/cyfitter_cfg.c **** * Return:
 101:.\Generated_Source\PSoC4/cyfitter_cfg.c **** *   void
 102:.\Generated_Source\PSoC4/cyfitter_cfg.c **** *
 103:.\Generated_Source\PSoC4/cyfitter_cfg.c **** *******************************************************************************/
 104:.\Generated_Source\PSoC4/cyfitter_cfg.c **** CY_CFG_UNUSED
 105:.\Generated_Source\PSoC4/cyfitter_cfg.c **** static void CyClockStartupError(uint8 errorCode);
 106:.\Generated_Source\PSoC4/cyfitter_cfg.c **** CY_CFG_UNUSED
 107:.\Generated_Source\PSoC4/cyfitter_cfg.c **** static void CyClockStartupError(uint8 errorCode)
 108:.\Generated_Source\PSoC4/cyfitter_cfg.c **** {
 109:.\Generated_Source\PSoC4/cyfitter_cfg.c ****     /* To remove the compiler warning if errorCode not used.                */
 110:.\Generated_Source\PSoC4/cyfitter_cfg.c ****     errorCode = errorCode;
 111:.\Generated_Source\PSoC4/cyfitter_cfg.c **** 
 112:.\Generated_Source\PSoC4/cyfitter_cfg.c ****     /* `#START CyClockStartupError` */
 113:.\Generated_Source\PSoC4/cyfitter_cfg.c **** 
 114:.\Generated_Source\PSoC4/cyfitter_cfg.c ****     /* If we have a clock startup error (bad MHz crystal, PLL lock, etc.),  */
 115:.\Generated_Source\PSoC4/cyfitter_cfg.c ****     /* we will end up here to allow the customer to implement something to  */
 116:.\Generated_Source\PSoC4/cyfitter_cfg.c ****     /* deal with the clock condition.                                       */
 117:.\Generated_Source\PSoC4/cyfitter_cfg.c **** 
 118:.\Generated_Source\PSoC4/cyfitter_cfg.c ****     /* `#END` */
 119:.\Generated_Source\PSoC4/cyfitter_cfg.c **** 
 120:.\Generated_Source\PSoC4/cyfitter_cfg.c ****     /* If nothing else, stop here since the clocks have not started         */
 121:.\Generated_Source\PSoC4/cyfitter_cfg.c ****     /* correctly.                                                           */
ARM GAS  C:\Users\Chris\AppData\Local\Temp\ccpMCrH5.s 			page 4


 122:.\Generated_Source\PSoC4/cyfitter_cfg.c ****     while(1) {}
 123:.\Generated_Source\PSoC4/cyfitter_cfg.c **** }
 124:.\Generated_Source\PSoC4/cyfitter_cfg.c **** #endif
 125:.\Generated_Source\PSoC4/cyfitter_cfg.c **** 
 126:.\Generated_Source\PSoC4/cyfitter_cfg.c **** 
 127:.\Generated_Source\PSoC4/cyfitter_cfg.c **** 
 128:.\Generated_Source\PSoC4/cyfitter_cfg.c **** /*******************************************************************************
 129:.\Generated_Source\PSoC4/cyfitter_cfg.c **** * Function Name: ClockSetup
 130:.\Generated_Source\PSoC4/cyfitter_cfg.c **** ********************************************************************************
 131:.\Generated_Source\PSoC4/cyfitter_cfg.c **** *
 132:.\Generated_Source\PSoC4/cyfitter_cfg.c **** * Summary:
 133:.\Generated_Source\PSoC4/cyfitter_cfg.c **** *   Performs the initialization of all of the clocks in the device based on the
 134:.\Generated_Source\PSoC4/cyfitter_cfg.c **** *   settings in the Clock tab of the DWR.  This includes enabling the requested
 135:.\Generated_Source\PSoC4/cyfitter_cfg.c **** *   clocks and setting the necessary dividers to produce the desired frequency. 
 136:.\Generated_Source\PSoC4/cyfitter_cfg.c **** *
 137:.\Generated_Source\PSoC4/cyfitter_cfg.c **** * Parameters:
 138:.\Generated_Source\PSoC4/cyfitter_cfg.c **** *   void
 139:.\Generated_Source\PSoC4/cyfitter_cfg.c **** *
 140:.\Generated_Source\PSoC4/cyfitter_cfg.c **** * Return:
 141:.\Generated_Source\PSoC4/cyfitter_cfg.c **** *   void
 142:.\Generated_Source\PSoC4/cyfitter_cfg.c **** *
 143:.\Generated_Source\PSoC4/cyfitter_cfg.c **** *******************************************************************************/
 144:.\Generated_Source\PSoC4/cyfitter_cfg.c **** static void ClockSetup(void);
 145:.\Generated_Source\PSoC4/cyfitter_cfg.c **** CY_CFG_SECTION
 146:.\Generated_Source\PSoC4/cyfitter_cfg.c **** static void ClockSetup(void)
 147:.\Generated_Source\PSoC4/cyfitter_cfg.c **** {
  51              		.loc 1 147 0
  52              		.cfi_startproc
  53 0000 38B5     		push	{r3, r4, r5, lr}
  54              		.cfi_def_cfa_offset 16
  55              		.cfi_offset 3, -16
  56              		.cfi_offset 4, -12
  57              		.cfi_offset 5, -8
  58              		.cfi_offset 14, -4
 148:.\Generated_Source\PSoC4/cyfitter_cfg.c **** 	/* Enable HALF_EN before trimming for the flash accelerator. */
 149:.\Generated_Source\PSoC4/cyfitter_cfg.c **** 	CY_SET_REG32((void CYXDATA *)(CYREG_CLK_SELECT), (CY_GET_REG32((void *)CYREG_CLK_SELECT) | 0x00040
  59              		.loc 1 149 0
  60 0002 0F4C     		ldr	r4, .L3
  61 0004 2368     		ldr	r3, [r4]
  62 0006 8022     		mov	r2, #128
  63 0008 D202     		lsl	r2, r2, #11
  64 000a 1343     		orr	r3, r2
  65 000c 2360     		str	r3, [r4]
 150:.\Generated_Source\PSoC4/cyfitter_cfg.c **** 
 151:.\Generated_Source\PSoC4/cyfitter_cfg.c **** 	/* Setup and trim IMO based on desired frequency. */
 152:.\Generated_Source\PSoC4/cyfitter_cfg.c **** 	CySysClkWriteImoFreq(24u);
  66              		.loc 1 152 0
  67 000e 1820     		mov	r0, #24
  68 0010 FFF7FEFF 		bl	CySysClkWriteImoFreq
  69              	.LVL3:
 153:.\Generated_Source\PSoC4/cyfitter_cfg.c **** 
 154:.\Generated_Source\PSoC4/cyfitter_cfg.c **** 	/* Disable HALF_EN since it is not required at this IMO frequency. */
 155:.\Generated_Source\PSoC4/cyfitter_cfg.c **** 	CY_SET_REG32((void CYXDATA *)(CYREG_CLK_SELECT), (CY_GET_REG32((void *)CYREG_CLK_SELECT) & 0xFFFBF
  70              		.loc 1 155 0
  71 0014 2268     		ldr	r2, [r4]
  72 0016 0B4B     		ldr	r3, .L3+4
  73 0018 1340     		and	r3, r2
ARM GAS  C:\Users\Chris\AppData\Local\Temp\ccpMCrH5.s 			page 5


  74 001a 2360     		str	r3, [r4]
 156:.\Generated_Source\PSoC4/cyfitter_cfg.c **** 	/* CYDEV_CLK_ILO_CONFIG Starting address: CYDEV_CLK_ILO_CONFIG */
 157:.\Generated_Source\PSoC4/cyfitter_cfg.c **** 	CY_SET_XTND_REG32((void CYFAR *)(CYREG_CLK_ILO_CONFIG), 0x80000006u);
  75              		.loc 1 157 0
  76 001c 0A4A     		ldr	r2, .L3+8
  77 001e 0B4B     		ldr	r3, .L3+12
  78 0020 1A60     		str	r2, [r3]
 158:.\Generated_Source\PSoC4/cyfitter_cfg.c **** 
 159:.\Generated_Source\PSoC4/cyfitter_cfg.c **** 
 160:.\Generated_Source\PSoC4/cyfitter_cfg.c **** 	/* CYDEV_CLK_IMO_CONFIG Starting address: CYDEV_CLK_IMO_CONFIG */
 161:.\Generated_Source\PSoC4/cyfitter_cfg.c **** 	CY_SET_XTND_REG32((void CYFAR *)(CYREG_CLK_IMO_CONFIG), 0x80000000u);
  79              		.loc 1 161 0
  80 0022 063A     		sub	r2, r2, #6
  81 0024 0A4B     		ldr	r3, .L3+16
  82 0026 1A60     		str	r2, [r3]
 162:.\Generated_Source\PSoC4/cyfitter_cfg.c **** 
 163:.\Generated_Source\PSoC4/cyfitter_cfg.c **** 	/* CYDEV_CLK_SELECT Starting address: CYDEV_CLK_SELECT */
 164:.\Generated_Source\PSoC4/cyfitter_cfg.c **** 	CY_SET_XTND_REG32((void CYFAR *)(CYREG_CLK_SELECT), 0x00000000u);
  83              		.loc 1 164 0
  84 0028 0025     		mov	r5, #0
  85 002a 2560     		str	r5, [r4]
 165:.\Generated_Source\PSoC4/cyfitter_cfg.c **** 
 166:.\Generated_Source\PSoC4/cyfitter_cfg.c **** 	(void)CyIntSetVector(9u, &CySysWdtIsr);
  86              		.loc 1 166 0
  87 002c 0920     		mov	r0, #9
  88 002e 0949     		ldr	r1, .L3+20
  89 0030 FFF7FEFF 		bl	CyIntSetVector
  90              	.LVL4:
 167:.\Generated_Source\PSoC4/cyfitter_cfg.c **** 	CyIntEnable(9u);
  91              		.loc 1 167 0
  92 0034 0920     		mov	r0, #9
  93 0036 FFF7FEFF 		bl	CyIntEnable
  94              	.LVL5:
 168:.\Generated_Source\PSoC4/cyfitter_cfg.c **** 	CY_SET_XTND_REG32((void CYFAR *)(CYREG_WDT_CONFIG), 0x00000000u);
  95              		.loc 1 168 0
  96 003a 074B     		ldr	r3, .L3+24
  97 003c 1D60     		str	r5, [r3]
 169:.\Generated_Source\PSoC4/cyfitter_cfg.c **** }
  98              		.loc 1 169 0
  99              		@ sp needed
 100 003e 38BD     		pop	{r3, r4, r5, pc}
 101              	.L4:
 102              		.align	2
 103              	.L3:
 104 0040 00010B40 		.word	1074462976
 105 0044 FFFFFBFF 		.word	-262145
 106 0048 06000080 		.word	-2147483642
 107 004c 04010B40 		.word	1074462980
 108 0050 08010B40 		.word	1074462984
 109 0054 00000000 		.word	CySysWdtIsr
 110 0058 0C020B40 		.word	1074463244
 111              		.cfi_endproc
 112              	.LFE3:
 113              		.size	ClockSetup, .-ClockSetup
 114              		.align	2
 115              		.global	cyfitter_cfg
 116              		.code	16
ARM GAS  C:\Users\Chris\AppData\Local\Temp\ccpMCrH5.s 			page 6


 117              		.thumb_func
 118              		.type	cyfitter_cfg, %function
 119              	cyfitter_cfg:
 120              	.LFB5:
 170:.\Generated_Source\PSoC4/cyfitter_cfg.c **** 
 171:.\Generated_Source\PSoC4/cyfitter_cfg.c **** 
 172:.\Generated_Source\PSoC4/cyfitter_cfg.c **** /* Analog API Functions */
 173:.\Generated_Source\PSoC4/cyfitter_cfg.c **** 
 174:.\Generated_Source\PSoC4/cyfitter_cfg.c **** 
 175:.\Generated_Source\PSoC4/cyfitter_cfg.c **** /*******************************************************************************
 176:.\Generated_Source\PSoC4/cyfitter_cfg.c **** * Function Name: AnalogSetDefault
 177:.\Generated_Source\PSoC4/cyfitter_cfg.c **** ********************************************************************************
 178:.\Generated_Source\PSoC4/cyfitter_cfg.c **** *
 179:.\Generated_Source\PSoC4/cyfitter_cfg.c **** * Summary:
 180:.\Generated_Source\PSoC4/cyfitter_cfg.c **** *  Sets up the analog portions of the chip to default values based on chip
 181:.\Generated_Source\PSoC4/cyfitter_cfg.c **** *  configuration options from the project.
 182:.\Generated_Source\PSoC4/cyfitter_cfg.c **** *
 183:.\Generated_Source\PSoC4/cyfitter_cfg.c **** * Parameters:
 184:.\Generated_Source\PSoC4/cyfitter_cfg.c **** *  void
 185:.\Generated_Source\PSoC4/cyfitter_cfg.c **** *
 186:.\Generated_Source\PSoC4/cyfitter_cfg.c **** * Return:
 187:.\Generated_Source\PSoC4/cyfitter_cfg.c **** *  void
 188:.\Generated_Source\PSoC4/cyfitter_cfg.c **** *
 189:.\Generated_Source\PSoC4/cyfitter_cfg.c **** *******************************************************************************/
 190:.\Generated_Source\PSoC4/cyfitter_cfg.c **** static void AnalogSetDefault(void);
 191:.\Generated_Source\PSoC4/cyfitter_cfg.c **** static void AnalogSetDefault(void)
 192:.\Generated_Source\PSoC4/cyfitter_cfg.c **** {
 193:.\Generated_Source\PSoC4/cyfitter_cfg.c **** }
 194:.\Generated_Source\PSoC4/cyfitter_cfg.c **** 
 195:.\Generated_Source\PSoC4/cyfitter_cfg.c **** #define CY_AMUX_UNUSED CYREG_CM0_ROM_DWT
 196:.\Generated_Source\PSoC4/cyfitter_cfg.c **** 
 197:.\Generated_Source\PSoC4/cyfitter_cfg.c **** 
 198:.\Generated_Source\PSoC4/cyfitter_cfg.c **** /*******************************************************************************
 199:.\Generated_Source\PSoC4/cyfitter_cfg.c **** * Function Name: cyfitter_cfg
 200:.\Generated_Source\PSoC4/cyfitter_cfg.c **** ********************************************************************************
 201:.\Generated_Source\PSoC4/cyfitter_cfg.c **** * Summary:
 202:.\Generated_Source\PSoC4/cyfitter_cfg.c **** *  This function is called by the start-up code for the selected device. It
 203:.\Generated_Source\PSoC4/cyfitter_cfg.c **** *  performs all of the necessary device configuration based on the design
 204:.\Generated_Source\PSoC4/cyfitter_cfg.c **** *  settings.  This includes settings from the Design Wide Resources (DWR) such
 205:.\Generated_Source\PSoC4/cyfitter_cfg.c **** *  as Clocks and Pins as well as any component configuration that is necessary.
 206:.\Generated_Source\PSoC4/cyfitter_cfg.c **** *
 207:.\Generated_Source\PSoC4/cyfitter_cfg.c **** * Parameters:  
 208:.\Generated_Source\PSoC4/cyfitter_cfg.c **** *   void
 209:.\Generated_Source\PSoC4/cyfitter_cfg.c **** *
 210:.\Generated_Source\PSoC4/cyfitter_cfg.c **** * Return:
 211:.\Generated_Source\PSoC4/cyfitter_cfg.c **** *   void
 212:.\Generated_Source\PSoC4/cyfitter_cfg.c **** *
 213:.\Generated_Source\PSoC4/cyfitter_cfg.c **** *******************************************************************************/
 214:.\Generated_Source\PSoC4/cyfitter_cfg.c **** CY_CFG_SECTION
 215:.\Generated_Source\PSoC4/cyfitter_cfg.c **** void cyfitter_cfg(void)
 216:.\Generated_Source\PSoC4/cyfitter_cfg.c **** {
 121              		.loc 1 216 0
 122              		.cfi_startproc
 123 005c 10B5     		push	{r4, lr}
 124              		.cfi_def_cfa_offset 8
 125              		.cfi_offset 4, -8
 126              		.cfi_offset 14, -4
ARM GAS  C:\Users\Chris\AppData\Local\Temp\ccpMCrH5.s 			page 7


 217:.\Generated_Source\PSoC4/cyfitter_cfg.c **** 	/* Disable interrupts by default. Let user enable if/when they want. */
 218:.\Generated_Source\PSoC4/cyfitter_cfg.c **** 	CyGlobalIntDisable;
 127              		.loc 1 218 0
 128              	@ 218 ".\Generated_Source\PSoC4\cyfitter_cfg.c" 1
 129 005e 72B6     		CPSID   i
 130              	@ 0 "" 2
 131              	.LVL6:
 132              		.code	16
 133              	.LBB2:
 219:.\Generated_Source\PSoC4/cyfitter_cfg.c **** 
 220:.\Generated_Source\PSoC4/cyfitter_cfg.c **** 	{
 221:.\Generated_Source\PSoC4/cyfitter_cfg.c **** 
 222:.\Generated_Source\PSoC4/cyfitter_cfg.c **** 		CYPACKED typedef struct {
 223:.\Generated_Source\PSoC4/cyfitter_cfg.c **** 			void CYFAR *address;
 224:.\Generated_Source\PSoC4/cyfitter_cfg.c **** 			uint16 size;
 225:.\Generated_Source\PSoC4/cyfitter_cfg.c **** 		} CYPACKED_ATTR cfg_memset_t;
 226:.\Generated_Source\PSoC4/cyfitter_cfg.c **** 
 227:.\Generated_Source\PSoC4/cyfitter_cfg.c **** 		static const cfg_memset_t CYCODE cfg_memset_list [] = {
 228:.\Generated_Source\PSoC4/cyfitter_cfg.c **** 			/* address, size */
 229:.\Generated_Source\PSoC4/cyfitter_cfg.c **** 			{(void CYFAR *)(CYDEV_UDB_P0_U0_BASE), 1024u},
 230:.\Generated_Source\PSoC4/cyfitter_cfg.c **** 			{(void CYFAR *)(CYDEV_UDB_DSI0_BASE), 1024u},
 231:.\Generated_Source\PSoC4/cyfitter_cfg.c **** 		};
 232:.\Generated_Source\PSoC4/cyfitter_cfg.c **** 
 233:.\Generated_Source\PSoC4/cyfitter_cfg.c **** 		uint8 CYDATA i;
 234:.\Generated_Source\PSoC4/cyfitter_cfg.c **** 
 235:.\Generated_Source\PSoC4/cyfitter_cfg.c **** 		/* Zero out critical memory blocks before beginning configuration */
 236:.\Generated_Source\PSoC4/cyfitter_cfg.c **** 		for (i = 0u; i < (sizeof(cfg_memset_list)/sizeof(cfg_memset_list[0])); i++)
 134              		.loc 1 236 0
 135 0060 0024     		mov	r4, #0
 136 0062 10E0     		b	.L6
 137              	.LVL7:
 138              	.L7:
 139              	.LBB3:
 237:.\Generated_Source\PSoC4/cyfitter_cfg.c **** 		{
 238:.\Generated_Source\PSoC4/cyfitter_cfg.c **** 			const cfg_memset_t CYCODE * CYDATA ms = &cfg_memset_list[i];
 239:.\Generated_Source\PSoC4/cyfitter_cfg.c **** 			CYMEMZERO(ms->address, (size_t)(uint32)(ms->size));
 140              		.loc 1 239 0 discriminator 3
 141 0064 2048     		ldr	r0, .L8
 142 0066 6300     		lsl	r3, r4, #1
 143 0068 1A19     		add	r2, r3, r4
 144 006a 5200     		lsl	r2, r2, #1
 145 006c 8218     		add	r2, r0, r2
 146 006e 9188     		ldrh	r1, [r2, #4]
 147 0070 1B19     		add	r3, r3, r4
 148 0072 5B00     		lsl	r3, r3, #1
 149 0074 1A5A     		ldrh	r2, [r3, r0]
 150 0076 C318     		add	r3, r0, r3
 151 0078 5888     		ldrh	r0, [r3, #2]
 152 007a 0004     		lsl	r0, r0, #16
 153 007c 1043     		orr	r0, r2
 154 007e FFF7FEFF 		bl	CYMEMZERO
 155              	.LVL8:
 156              	.LBE3:
 236:.\Generated_Source\PSoC4/cyfitter_cfg.c **** 		{
 157              		.loc 1 236 0 discriminator 3
 158 0082 0134     		add	r4, r4, #1
 159              	.LVL9:
ARM GAS  C:\Users\Chris\AppData\Local\Temp\ccpMCrH5.s 			page 8


 160 0084 E4B2     		uxtb	r4, r4
 161              	.LVL10:
 162              	.L6:
 236:.\Generated_Source\PSoC4/cyfitter_cfg.c **** 		{
 163              		.loc 1 236 0 is_stmt 0 discriminator 1
 164 0086 012C     		cmp	r4, #1
 165 0088 ECD9     		bls	.L7
 240:.\Generated_Source\PSoC4/cyfitter_cfg.c **** 		}
 241:.\Generated_Source\PSoC4/cyfitter_cfg.c **** 
 242:.\Generated_Source\PSoC4/cyfitter_cfg.c **** 		/* HSIOM Starting address: CYDEV_HSIOM_BASE */
 243:.\Generated_Source\PSoC4/cyfitter_cfg.c **** 		CY_SET_XTND_REG32((void CYFAR *)(CYREG_HSIOM_PORT_SEL3), 0x0000EE00u);
 166              		.loc 1 243 0 is_stmt 1
 167 008a EE22     		mov	r2, #238
 168 008c 1202     		lsl	r2, r2, #8
 169 008e 174B     		ldr	r3, .L8+4
 170 0090 1A60     		str	r2, [r3]
 244:.\Generated_Source\PSoC4/cyfitter_cfg.c **** 
 245:.\Generated_Source\PSoC4/cyfitter_cfg.c **** 		/* UDB_PA_0 Starting address: CYDEV_UDB_PA0_BASE */
 246:.\Generated_Source\PSoC4/cyfitter_cfg.c **** 		CY_SET_XTND_REG32((void CYFAR *)(CYDEV_UDB_PA0_BASE), 0x00990000u);
 171              		.loc 1 246 0
 172 0092 9923     		mov	r3, #153
 173 0094 1B04     		lsl	r3, r3, #16
 174 0096 164A     		ldr	r2, .L8+8
 175 0098 1360     		str	r3, [r2]
 247:.\Generated_Source\PSoC4/cyfitter_cfg.c **** 
 248:.\Generated_Source\PSoC4/cyfitter_cfg.c **** 		/* UDB_PA_1 Starting address: CYDEV_UDB_PA1_BASE */
 249:.\Generated_Source\PSoC4/cyfitter_cfg.c **** 		CY_SET_XTND_REG32((void CYFAR *)(CYDEV_UDB_PA1_BASE), 0x00990000u);
 176              		.loc 1 249 0
 177 009a 164A     		ldr	r2, .L8+12
 178 009c 1360     		str	r3, [r2]
 250:.\Generated_Source\PSoC4/cyfitter_cfg.c **** 
 251:.\Generated_Source\PSoC4/cyfitter_cfg.c **** 		/* UDB_PA_3 Starting address: CYDEV_UDB_PA3_BASE */
 252:.\Generated_Source\PSoC4/cyfitter_cfg.c **** 		CY_SET_XTND_REG32((void CYFAR *)(CYDEV_UDB_PA3_BASE), 0x00990000u);
 179              		.loc 1 252 0
 180 009e 164A     		ldr	r2, .L8+16
 181 00a0 1360     		str	r3, [r2]
 253:.\Generated_Source\PSoC4/cyfitter_cfg.c **** 
 254:.\Generated_Source\PSoC4/cyfitter_cfg.c **** 		/* Enable digital routing */
 255:.\Generated_Source\PSoC4/cyfitter_cfg.c **** 		CY_SET_XTND_REG8((void *)CYREG_UDB_UDBIF_BANK_CTL, CY_GET_XTND_REG8((void *)CYREG_UDB_UDBIF_BANK_
 182              		.loc 1 255 0
 183 00a2 164B     		ldr	r3, .L8+20
 184 00a4 1978     		ldrb	r1, [r3]
 185 00a6 0222     		mov	r2, #2
 186 00a8 0A43     		orr	r2, r1
 187 00aa 1A70     		strb	r2, [r3]
 256:.\Generated_Source\PSoC4/cyfitter_cfg.c **** 
 257:.\Generated_Source\PSoC4/cyfitter_cfg.c **** 		/* Enable UDB array */
 258:.\Generated_Source\PSoC4/cyfitter_cfg.c **** 		CY_SET_XTND_REG8((void *)CYREG_UDB_UDBIF_WAIT_CFG, (uint8)((CY_GET_XTND_REG8((void *)CYREG_UDB_UD
 188              		.loc 1 258 0
 189 00ac 1448     		ldr	r0, .L8+24
 190 00ae 0278     		ldrb	r2, [r0]
 191 00b0 3C21     		mov	r1, #60
 192 00b2 8A43     		bic	r2, r1
 193 00b4 2839     		sub	r1, r1, #40
 194 00b6 0A43     		orr	r2, r1
 195 00b8 0270     		strb	r2, [r0]
 259:.\Generated_Source\PSoC4/cyfitter_cfg.c **** 		CY_SET_XTND_REG8((void *)CYREG_UDB_UDBIF_BANK_CTL, (uint8)(CY_GET_XTND_REG8((void *)CYREG_UDB_UDB
ARM GAS  C:\Users\Chris\AppData\Local\Temp\ccpMCrH5.s 			page 9


 196              		.loc 1 259 0
 197 00ba 1978     		ldrb	r1, [r3]
 198 00bc 1622     		mov	r2, #22
 199 00be 0A43     		orr	r2, r1
 200 00c0 1A70     		strb	r2, [r3]
 201              	.LBE2:
 260:.\Generated_Source\PSoC4/cyfitter_cfg.c **** 	}
 261:.\Generated_Source\PSoC4/cyfitter_cfg.c **** 
 262:.\Generated_Source\PSoC4/cyfitter_cfg.c **** 	/* Perform second pass device configuration. These items must be configured in specific order afte
 263:.\Generated_Source\PSoC4/cyfitter_cfg.c **** 	/* IOPINS0_0 Starting address: CYDEV_PRT0_BASE */
 264:.\Generated_Source\PSoC4/cyfitter_cfg.c **** 	CY_SET_XTND_REG32((void CYFAR *)(CYDEV_PRT0_BASE), 0x0000000Cu);
 202              		.loc 1 264 0
 203 00c2 0C22     		mov	r2, #12
 204 00c4 0F4B     		ldr	r3, .L8+28
 205 00c6 1A60     		str	r2, [r3]
 265:.\Generated_Source\PSoC4/cyfitter_cfg.c **** 	CY_SET_XTND_REG32((void CYFAR *)(CYREG_PRT0_PC), 0x00000D80u);
 206              		.loc 1 265 0
 207 00c8 D823     		mov	r3, #216
 208 00ca 1B01     		lsl	r3, r3, #4
 209 00cc 0E4A     		ldr	r2, .L8+32
 210 00ce 1360     		str	r3, [r2]
 266:.\Generated_Source\PSoC4/cyfitter_cfg.c **** 
 267:.\Generated_Source\PSoC4/cyfitter_cfg.c **** 	/* IOPINS0_1 Starting address: CYDEV_PRT1_BASE */
 268:.\Generated_Source\PSoC4/cyfitter_cfg.c **** 	CY_SET_XTND_REG32((void CYFAR *)(CYDEV_PRT1_BASE), 0x00000040u);
 211              		.loc 1 268 0
 212 00d0 4021     		mov	r1, #64
 213 00d2 0E4A     		ldr	r2, .L8+36
 214 00d4 1160     		str	r1, [r2]
 269:.\Generated_Source\PSoC4/cyfitter_cfg.c **** 	CY_SET_XTND_REG32((void CYFAR *)(CYREG_PRT1_PC), 0x00180000u);
 215              		.loc 1 269 0
 216 00d6 C021     		mov	r1, #192
 217 00d8 4903     		lsl	r1, r1, #13
 218 00da 0D4A     		ldr	r2, .L8+40
 219 00dc 1160     		str	r1, [r2]
 270:.\Generated_Source\PSoC4/cyfitter_cfg.c **** 
 271:.\Generated_Source\PSoC4/cyfitter_cfg.c **** 	/* IOPINS0_3 Starting address: CYDEV_PRT3_BASE */
 272:.\Generated_Source\PSoC4/cyfitter_cfg.c **** 	CY_SET_XTND_REG32((void CYFAR *)(CYREG_PRT3_PC), 0x00000D80u);
 220              		.loc 1 272 0
 221 00de 0D4A     		ldr	r2, .L8+44
 222 00e0 1360     		str	r3, [r2]
 273:.\Generated_Source\PSoC4/cyfitter_cfg.c **** 
 274:.\Generated_Source\PSoC4/cyfitter_cfg.c **** 
 275:.\Generated_Source\PSoC4/cyfitter_cfg.c **** 	/* Setup clocks based on selections from Clock DWR */
 276:.\Generated_Source\PSoC4/cyfitter_cfg.c **** 	ClockSetup();
 223              		.loc 1 276 0
 224 00e2 FFF78DFF 		bl	ClockSetup
 225              	.LVL11:
 277:.\Generated_Source\PSoC4/cyfitter_cfg.c **** 
 278:.\Generated_Source\PSoC4/cyfitter_cfg.c **** 	/* Perform basic analog initialization to defaults */
 279:.\Generated_Source\PSoC4/cyfitter_cfg.c **** 	AnalogSetDefault();
 280:.\Generated_Source\PSoC4/cyfitter_cfg.c **** 
 281:.\Generated_Source\PSoC4/cyfitter_cfg.c **** }
 226              		.loc 1 281 0
 227              		@ sp needed
 228              	.LVL12:
 229 00e6 10BD     		pop	{r4, pc}
 230              	.L9:
ARM GAS  C:\Users\Chris\AppData\Local\Temp\ccpMCrH5.s 			page 10


 231              		.align	2
 232              	.L8:
 233 00e8 00000000 		.word	.LANCHOR0
 234 00ec 0C000140 		.word	1073807372
 235 00f0 00500F40 		.word	1074745344
 236 00f4 10500F40 		.word	1074745360
 237 00f8 30500F40 		.word	1074745392
 238 00fc 00700F40 		.word	1074753536
 239 0100 01700F40 		.word	1074753537
 240 0104 00000440 		.word	1074003968
 241 0108 08000440 		.word	1074003976
 242 010c 00010440 		.word	1074004224
 243 0110 08010440 		.word	1074004232
 244 0114 08030440 		.word	1074004744
 245              		.cfi_endproc
 246              	.LFE5:
 247              		.size	cyfitter_cfg, .-cyfitter_cfg
 248              		.section	.rodata
 249              		.align	2
 250              		.set	.LANCHOR0,. + 0
 251              		.type	cfg_memset_list.4723, %object
 252              		.size	cfg_memset_list.4723, 12
 253              	cfg_memset_list.4723:
 254 0000 00300F40 		.word	1074737152
 255 0004 0004     		.short	1024
 256 0006 00400F40 		.4byte	1074741248
 257 000a 0004     		.short	1024
 258              		.text
 259              	.Letext0:
 260              		.file 2 "c:\\program files (x86)\\cypress\\psoc creator\\3.3\\psoc creator\\import\\gnu\\arm\\4.9.
 261              		.file 3 ".\\Generated_Source\\PSoC4\\cytypes.h"
 262              		.file 4 ".\\Generated_Source\\PSoC4\\CyLib.h"
 263              		.section	.debug_info,"",%progbits
 264              	.Ldebug_info0:
 265 0000 8F020000 		.4byte	0x28f
 266 0004 0400     		.2byte	0x4
 267 0006 00000000 		.4byte	.Ldebug_abbrev0
 268 000a 04       		.byte	0x4
 269 000b 01       		.uleb128 0x1
 270 000c 7C010000 		.4byte	.LASF28
 271 0010 01       		.byte	0x1
 272 0011 38010000 		.4byte	.LASF29
 273 0015 EB000000 		.4byte	.LASF30
 274 0019 00000000 		.4byte	.Ldebug_ranges0+0
 275 001d 00000000 		.4byte	0
 276 0021 00000000 		.4byte	.Ldebug_line0
 277 0025 02       		.uleb128 0x2
 278 0026 04       		.byte	0x4
 279 0027 05       		.byte	0x5
 280 0028 696E7400 		.ascii	"int\000"
 281 002c 03       		.uleb128 0x3
 282 002d 06000000 		.4byte	.LASF11
 283 0031 02       		.byte	0x2
 284 0032 D4       		.byte	0xd4
 285 0033 37000000 		.4byte	0x37
 286 0037 04       		.uleb128 0x4
 287 0038 04       		.byte	0x4
ARM GAS  C:\Users\Chris\AppData\Local\Temp\ccpMCrH5.s 			page 11


 288 0039 07       		.byte	0x7
 289 003a B2000000 		.4byte	.LASF0
 290 003e 04       		.uleb128 0x4
 291 003f 01       		.byte	0x1
 292 0040 06       		.byte	0x6
 293 0041 32020000 		.4byte	.LASF1
 294 0045 04       		.uleb128 0x4
 295 0046 01       		.byte	0x1
 296 0047 08       		.byte	0x8
 297 0048 7C000000 		.4byte	.LASF2
 298 004c 04       		.uleb128 0x4
 299 004d 02       		.byte	0x2
 300 004e 05       		.byte	0x5
 301 004f 0A020000 		.4byte	.LASF3
 302 0053 04       		.uleb128 0x4
 303 0054 02       		.byte	0x2
 304 0055 07       		.byte	0x7
 305 0056 37000000 		.4byte	.LASF4
 306 005a 04       		.uleb128 0x4
 307 005b 04       		.byte	0x4
 308 005c 05       		.byte	0x5
 309 005d 29020000 		.4byte	.LASF5
 310 0061 04       		.uleb128 0x4
 311 0062 04       		.byte	0x4
 312 0063 07       		.byte	0x7
 313 0064 5A000000 		.4byte	.LASF6
 314 0068 04       		.uleb128 0x4
 315 0069 08       		.byte	0x8
 316 006a 05       		.byte	0x5
 317 006b 69010000 		.4byte	.LASF7
 318 006f 04       		.uleb128 0x4
 319 0070 08       		.byte	0x8
 320 0071 07       		.byte	0x7
 321 0072 D4000000 		.4byte	.LASF8
 322 0076 04       		.uleb128 0x4
 323 0077 04       		.byte	0x4
 324 0078 07       		.byte	0x7
 325 0079 60010000 		.4byte	.LASF9
 326 007d 05       		.uleb128 0x5
 327 007e 04       		.byte	0x4
 328 007f 06       		.uleb128 0x6
 329 0080 04       		.byte	0x4
 330 0081 85000000 		.4byte	0x85
 331 0085 07       		.uleb128 0x7
 332 0086 04       		.uleb128 0x4
 333 0087 01       		.byte	0x1
 334 0088 08       		.byte	0x8
 335 0089 77010000 		.4byte	.LASF10
 336 008d 08       		.uleb128 0x8
 337 008e 6C000000 		.4byte	.LASF12
 338 0092 03       		.byte	0x3
 339 0093 9801     		.2byte	0x198
 340 0095 45000000 		.4byte	0x45
 341 0099 08       		.uleb128 0x8
 342 009a A4000000 		.4byte	.LASF13
 343 009e 03       		.byte	0x3
 344 009f 9901     		.2byte	0x199
ARM GAS  C:\Users\Chris\AppData\Local\Temp\ccpMCrH5.s 			page 12


 345 00a1 53000000 		.4byte	0x53
 346 00a5 08       		.uleb128 0x8
 347 00a6 AB000000 		.4byte	.LASF14
 348 00aa 03       		.byte	0x3
 349 00ab 9A01     		.2byte	0x19a
 350 00ad 61000000 		.4byte	0x61
 351 00b1 04       		.uleb128 0x4
 352 00b2 04       		.byte	0x4
 353 00b3 04       		.byte	0x4
 354 00b4 4A000000 		.4byte	.LASF15
 355 00b8 04       		.uleb128 0x4
 356 00b9 08       		.byte	0x8
 357 00ba 04       		.byte	0x4
 358 00bb 91000000 		.4byte	.LASF16
 359 00bf 08       		.uleb128 0x8
 360 00c0 55000000 		.4byte	.LASF17
 361 00c4 03       		.byte	0x3
 362 00c5 4202     		.2byte	0x242
 363 00c7 CB000000 		.4byte	0xcb
 364 00cb 09       		.uleb128 0x9
 365 00cc 8D000000 		.4byte	0x8d
 366 00d0 08       		.uleb128 0x8
 367 00d1 00000000 		.4byte	.LASF18
 368 00d5 03       		.byte	0x3
 369 00d6 4402     		.2byte	0x244
 370 00d8 DC000000 		.4byte	0xdc
 371 00dc 09       		.uleb128 0x9
 372 00dd A5000000 		.4byte	0xa5
 373 00e1 08       		.uleb128 0x8
 374 00e2 1E010000 		.4byte	.LASF19
 375 00e6 03       		.byte	0x3
 376 00e7 5402     		.2byte	0x254
 377 00e9 7F000000 		.4byte	0x7f
 378 00ed 0A       		.uleb128 0xa
 379 00ee 72000000 		.4byte	.LASF20
 380 00f2 01       		.byte	0x1
 381 00f3 3D       		.byte	0x3d
 382 00f4 00000000 		.4byte	.LFB0
 383 00f8 0C000000 		.4byte	.LFE0-.LFB0
 384 00fc 01       		.uleb128 0x1
 385 00fd 9C       		.byte	0x9c
 386 00fe 3A010000 		.4byte	0x13a
 387 0102 0B       		.uleb128 0xb
 388 0103 7300     		.ascii	"s\000"
 389 0105 01       		.byte	0x1
 390 0106 3D       		.byte	0x3d
 391 0107 7D000000 		.4byte	0x7d
 392 010b 00000000 		.4byte	.LLST0
 393 010f 0B       		.uleb128 0xb
 394 0110 6E00     		.ascii	"n\000"
 395 0112 01       		.byte	0x1
 396 0113 3D       		.byte	0x3d
 397 0114 2C000000 		.4byte	0x2c
 398 0118 21000000 		.4byte	.LLST1
 399 011c 0C       		.uleb128 0xc
 400 011d 0A000000 		.4byte	.LVL2
 401 0121 3D020000 		.4byte	0x23d
ARM GAS  C:\Users\Chris\AppData\Local\Temp\ccpMCrH5.s 			page 13


 402 0125 0D       		.uleb128 0xd
 403 0126 01       		.uleb128 0x1
 404 0127 52       		.byte	0x52
 405 0128 03       		.uleb128 0x3
 406 0129 F3       		.byte	0xf3
 407 012a 01       		.uleb128 0x1
 408 012b 51       		.byte	0x51
 409 012c 0D       		.uleb128 0xd
 410 012d 01       		.uleb128 0x1
 411 012e 51       		.byte	0x51
 412 012f 01       		.uleb128 0x1
 413 0130 30       		.byte	0x30
 414 0131 0D       		.uleb128 0xd
 415 0132 01       		.uleb128 0x1
 416 0133 50       		.byte	0x50
 417 0134 03       		.uleb128 0x3
 418 0135 F3       		.byte	0xf3
 419 0136 01       		.uleb128 0x1
 420 0137 50       		.byte	0x50
 421 0138 00       		.byte	0
 422 0139 00       		.byte	0
 423 013a 0A       		.uleb128 0xa
 424 013b 2C000000 		.4byte	.LASF21
 425 013f 01       		.byte	0x1
 426 0140 92       		.byte	0x92
 427 0141 00000000 		.4byte	.LFB3
 428 0145 5C000000 		.4byte	.LFE3-.LFB3
 429 0149 01       		.uleb128 0x1
 430 014a 9C       		.byte	0x9c
 431 014b 85010000 		.4byte	0x185
 432 014f 0E       		.uleb128 0xe
 433 0150 14000000 		.4byte	.LVL3
 434 0154 5A020000 		.4byte	0x25a
 435 0158 62010000 		.4byte	0x162
 436 015c 0D       		.uleb128 0xd
 437 015d 01       		.uleb128 0x1
 438 015e 50       		.byte	0x50
 439 015f 01       		.uleb128 0x1
 440 0160 48       		.byte	0x48
 441 0161 00       		.byte	0
 442 0162 0E       		.uleb128 0xe
 443 0163 34000000 		.4byte	.LVL4
 444 0167 6B020000 		.4byte	0x26b
 445 016b 75010000 		.4byte	0x175
 446 016f 0D       		.uleb128 0xd
 447 0170 01       		.uleb128 0x1
 448 0171 50       		.byte	0x50
 449 0172 01       		.uleb128 0x1
 450 0173 39       		.byte	0x39
 451 0174 00       		.byte	0
 452 0175 0C       		.uleb128 0xc
 453 0176 3A000000 		.4byte	.LVL5
 454 017a 85020000 		.4byte	0x285
 455 017e 0D       		.uleb128 0xd
 456 017f 01       		.uleb128 0x1
 457 0180 50       		.byte	0x50
 458 0181 01       		.uleb128 0x1
ARM GAS  C:\Users\Chris\AppData\Local\Temp\ccpMCrH5.s 			page 14


 459 0182 39       		.byte	0x39
 460 0183 00       		.byte	0
 461 0184 00       		.byte	0
 462 0185 0F       		.uleb128 0xf
 463 0186 BF000000 		.4byte	.LASF31
 464 018a 01       		.byte	0x1
 465 018b D7       		.byte	0xd7
 466 018c 5C000000 		.4byte	.LFB5
 467 0190 BC000000 		.4byte	.LFE5-.LFB5
 468 0194 01       		.uleb128 0x1
 469 0195 9C       		.byte	0x9c
 470 0196 3D020000 		.4byte	0x23d
 471 019a 10       		.uleb128 0x10
 472 019b 60000000 		.4byte	.LBB2
 473 019f 62000000 		.4byte	.LBE2-.LBB2
 474 01a3 33020000 		.4byte	0x233
 475 01a7 11       		.uleb128 0x11
 476 01a8 06       		.byte	0x6
 477 01a9 01       		.byte	0x1
 478 01aa DE       		.byte	0xde
 479 01ab C8010000 		.4byte	0x1c8
 480 01af 12       		.uleb128 0x12
 481 01b0 CC000000 		.4byte	.LASF22
 482 01b4 01       		.byte	0x1
 483 01b5 DF       		.byte	0xdf
 484 01b6 7D000000 		.4byte	0x7d
 485 01ba 00       		.byte	0
 486 01bb 12       		.uleb128 0x12
 487 01bc 50000000 		.4byte	.LASF23
 488 01c0 01       		.byte	0x1
 489 01c1 E0       		.byte	0xe0
 490 01c2 99000000 		.4byte	0x99
 491 01c6 04       		.byte	0x4
 492 01c7 00       		.byte	0
 493 01c8 03       		.uleb128 0x3
 494 01c9 2B010000 		.4byte	.LASF24
 495 01cd 01       		.byte	0x1
 496 01ce E1       		.byte	0xe1
 497 01cf A7010000 		.4byte	0x1a7
 498 01d3 13       		.uleb128 0x13
 499 01d4 C8010000 		.4byte	0x1c8
 500 01d8 E3010000 		.4byte	0x1e3
 501 01dc 14       		.uleb128 0x14
 502 01dd 76000000 		.4byte	0x76
 503 01e1 01       		.byte	0x1
 504 01e2 00       		.byte	0
 505 01e3 15       		.uleb128 0x15
 506 01e4 1C000000 		.4byte	.LASF25
 507 01e8 01       		.byte	0x1
 508 01e9 E3       		.byte	0xe3
 509 01ea F4010000 		.4byte	0x1f4
 510 01ee 05       		.uleb128 0x5
 511 01ef 03       		.byte	0x3
 512 01f0 00000000 		.4byte	cfg_memset_list.4723
 513 01f4 16       		.uleb128 0x16
 514 01f5 D3010000 		.4byte	0x1d3
 515 01f9 17       		.uleb128 0x17
ARM GAS  C:\Users\Chris\AppData\Local\Temp\ccpMCrH5.s 			page 15


 516 01fa 6900     		.ascii	"i\000"
 517 01fc 01       		.byte	0x1
 518 01fd E9       		.byte	0xe9
 519 01fe 8D000000 		.4byte	0x8d
 520 0202 4D000000 		.4byte	.LLST2
 521 0206 18       		.uleb128 0x18
 522 0207 64000000 		.4byte	.LBB3
 523 020b 1E000000 		.4byte	.LBE3-.LBB3
 524 020f 17       		.uleb128 0x17
 525 0210 6D7300   		.ascii	"ms\000"
 526 0213 01       		.byte	0x1
 527 0214 EE       		.byte	0xee
 528 0215 1D020000 		.4byte	0x21d
 529 0219 77000000 		.4byte	.LLST3
 530 021d 06       		.uleb128 0x6
 531 021e 04       		.byte	0x4
 532 021f 23020000 		.4byte	0x223
 533 0223 16       		.uleb128 0x16
 534 0224 C8010000 		.4byte	0x1c8
 535 0228 19       		.uleb128 0x19
 536 0229 82000000 		.4byte	.LVL8
 537 022d ED000000 		.4byte	0xed
 538 0231 00       		.byte	0
 539 0232 00       		.byte	0
 540 0233 19       		.uleb128 0x19
 541 0234 E6000000 		.4byte	.LVL11
 542 0238 3A010000 		.4byte	0x13a
 543 023c 00       		.byte	0
 544 023d 1A       		.uleb128 0x1a
 545 023e 8A000000 		.4byte	.LASF26
 546 0242 7D000000 		.4byte	0x7d
 547 0246 5A020000 		.4byte	0x25a
 548 024a 1B       		.uleb128 0x1b
 549 024b 7D000000 		.4byte	0x7d
 550 024f 1B       		.uleb128 0x1b
 551 0250 25000000 		.4byte	0x25
 552 0254 1B       		.uleb128 0x1b
 553 0255 76000000 		.4byte	0x76
 554 0259 00       		.byte	0
 555 025a 1C       		.uleb128 0x1c
 556 025b 14020000 		.4byte	.LASF27
 557 025f 04       		.byte	0x4
 558 0260 6C       		.byte	0x6c
 559 0261 6B020000 		.4byte	0x26b
 560 0265 1B       		.uleb128 0x1b
 561 0266 A5000000 		.4byte	0xa5
 562 026a 00       		.byte	0
 563 026b 1D       		.uleb128 0x1d
 564 026c 0D000000 		.4byte	.LASF32
 565 0270 04       		.byte	0x4
 566 0271 BB       		.byte	0xbb
 567 0272 E1000000 		.4byte	0xe1
 568 0276 85020000 		.4byte	0x285
 569 027a 1B       		.uleb128 0x1b
 570 027b 8D000000 		.4byte	0x8d
 571 027f 1B       		.uleb128 0x1b
 572 0280 E1000000 		.4byte	0xe1
ARM GAS  C:\Users\Chris\AppData\Local\Temp\ccpMCrH5.s 			page 16


 573 0284 00       		.byte	0
 574 0285 1E       		.uleb128 0x1e
 575 0286 98000000 		.4byte	.LASF33
 576 028a 04       		.byte	0x4
 577 028b C1       		.byte	0xc1
 578 028c 1B       		.uleb128 0x1b
 579 028d 8D000000 		.4byte	0x8d
 580 0291 00       		.byte	0
 581 0292 00       		.byte	0
 582              		.section	.debug_abbrev,"",%progbits
 583              	.Ldebug_abbrev0:
 584 0000 01       		.uleb128 0x1
 585 0001 11       		.uleb128 0x11
 586 0002 01       		.byte	0x1
 587 0003 25       		.uleb128 0x25
 588 0004 0E       		.uleb128 0xe
 589 0005 13       		.uleb128 0x13
 590 0006 0B       		.uleb128 0xb
 591 0007 03       		.uleb128 0x3
 592 0008 0E       		.uleb128 0xe
 593 0009 1B       		.uleb128 0x1b
 594 000a 0E       		.uleb128 0xe
 595 000b 55       		.uleb128 0x55
 596 000c 17       		.uleb128 0x17
 597 000d 11       		.uleb128 0x11
 598 000e 01       		.uleb128 0x1
 599 000f 10       		.uleb128 0x10
 600 0010 17       		.uleb128 0x17
 601 0011 00       		.byte	0
 602 0012 00       		.byte	0
 603 0013 02       		.uleb128 0x2
 604 0014 24       		.uleb128 0x24
 605 0015 00       		.byte	0
 606 0016 0B       		.uleb128 0xb
 607 0017 0B       		.uleb128 0xb
 608 0018 3E       		.uleb128 0x3e
 609 0019 0B       		.uleb128 0xb
 610 001a 03       		.uleb128 0x3
 611 001b 08       		.uleb128 0x8
 612 001c 00       		.byte	0
 613 001d 00       		.byte	0
 614 001e 03       		.uleb128 0x3
 615 001f 16       		.uleb128 0x16
 616 0020 00       		.byte	0
 617 0021 03       		.uleb128 0x3
 618 0022 0E       		.uleb128 0xe
 619 0023 3A       		.uleb128 0x3a
 620 0024 0B       		.uleb128 0xb
 621 0025 3B       		.uleb128 0x3b
 622 0026 0B       		.uleb128 0xb
 623 0027 49       		.uleb128 0x49
 624 0028 13       		.uleb128 0x13
 625 0029 00       		.byte	0
 626 002a 00       		.byte	0
 627 002b 04       		.uleb128 0x4
 628 002c 24       		.uleb128 0x24
 629 002d 00       		.byte	0
ARM GAS  C:\Users\Chris\AppData\Local\Temp\ccpMCrH5.s 			page 17


 630 002e 0B       		.uleb128 0xb
 631 002f 0B       		.uleb128 0xb
 632 0030 3E       		.uleb128 0x3e
 633 0031 0B       		.uleb128 0xb
 634 0032 03       		.uleb128 0x3
 635 0033 0E       		.uleb128 0xe
 636 0034 00       		.byte	0
 637 0035 00       		.byte	0
 638 0036 05       		.uleb128 0x5
 639 0037 0F       		.uleb128 0xf
 640 0038 00       		.byte	0
 641 0039 0B       		.uleb128 0xb
 642 003a 0B       		.uleb128 0xb
 643 003b 00       		.byte	0
 644 003c 00       		.byte	0
 645 003d 06       		.uleb128 0x6
 646 003e 0F       		.uleb128 0xf
 647 003f 00       		.byte	0
 648 0040 0B       		.uleb128 0xb
 649 0041 0B       		.uleb128 0xb
 650 0042 49       		.uleb128 0x49
 651 0043 13       		.uleb128 0x13
 652 0044 00       		.byte	0
 653 0045 00       		.byte	0
 654 0046 07       		.uleb128 0x7
 655 0047 15       		.uleb128 0x15
 656 0048 00       		.byte	0
 657 0049 27       		.uleb128 0x27
 658 004a 19       		.uleb128 0x19
 659 004b 00       		.byte	0
 660 004c 00       		.byte	0
 661 004d 08       		.uleb128 0x8
 662 004e 16       		.uleb128 0x16
 663 004f 00       		.byte	0
 664 0050 03       		.uleb128 0x3
 665 0051 0E       		.uleb128 0xe
 666 0052 3A       		.uleb128 0x3a
 667 0053 0B       		.uleb128 0xb
 668 0054 3B       		.uleb128 0x3b
 669 0055 05       		.uleb128 0x5
 670 0056 49       		.uleb128 0x49
 671 0057 13       		.uleb128 0x13
 672 0058 00       		.byte	0
 673 0059 00       		.byte	0
 674 005a 09       		.uleb128 0x9
 675 005b 35       		.uleb128 0x35
 676 005c 00       		.byte	0
 677 005d 49       		.uleb128 0x49
 678 005e 13       		.uleb128 0x13
 679 005f 00       		.byte	0
 680 0060 00       		.byte	0
 681 0061 0A       		.uleb128 0xa
 682 0062 2E       		.uleb128 0x2e
 683 0063 01       		.byte	0x1
 684 0064 03       		.uleb128 0x3
 685 0065 0E       		.uleb128 0xe
 686 0066 3A       		.uleb128 0x3a
ARM GAS  C:\Users\Chris\AppData\Local\Temp\ccpMCrH5.s 			page 18


 687 0067 0B       		.uleb128 0xb
 688 0068 3B       		.uleb128 0x3b
 689 0069 0B       		.uleb128 0xb
 690 006a 27       		.uleb128 0x27
 691 006b 19       		.uleb128 0x19
 692 006c 11       		.uleb128 0x11
 693 006d 01       		.uleb128 0x1
 694 006e 12       		.uleb128 0x12
 695 006f 06       		.uleb128 0x6
 696 0070 40       		.uleb128 0x40
 697 0071 18       		.uleb128 0x18
 698 0072 9742     		.uleb128 0x2117
 699 0074 19       		.uleb128 0x19
 700 0075 01       		.uleb128 0x1
 701 0076 13       		.uleb128 0x13
 702 0077 00       		.byte	0
 703 0078 00       		.byte	0
 704 0079 0B       		.uleb128 0xb
 705 007a 05       		.uleb128 0x5
 706 007b 00       		.byte	0
 707 007c 03       		.uleb128 0x3
 708 007d 08       		.uleb128 0x8
 709 007e 3A       		.uleb128 0x3a
 710 007f 0B       		.uleb128 0xb
 711 0080 3B       		.uleb128 0x3b
 712 0081 0B       		.uleb128 0xb
 713 0082 49       		.uleb128 0x49
 714 0083 13       		.uleb128 0x13
 715 0084 02       		.uleb128 0x2
 716 0085 17       		.uleb128 0x17
 717 0086 00       		.byte	0
 718 0087 00       		.byte	0
 719 0088 0C       		.uleb128 0xc
 720 0089 898201   		.uleb128 0x4109
 721 008c 01       		.byte	0x1
 722 008d 11       		.uleb128 0x11
 723 008e 01       		.uleb128 0x1
 724 008f 31       		.uleb128 0x31
 725 0090 13       		.uleb128 0x13
 726 0091 00       		.byte	0
 727 0092 00       		.byte	0
 728 0093 0D       		.uleb128 0xd
 729 0094 8A8201   		.uleb128 0x410a
 730 0097 00       		.byte	0
 731 0098 02       		.uleb128 0x2
 732 0099 18       		.uleb128 0x18
 733 009a 9142     		.uleb128 0x2111
 734 009c 18       		.uleb128 0x18
 735 009d 00       		.byte	0
 736 009e 00       		.byte	0
 737 009f 0E       		.uleb128 0xe
 738 00a0 898201   		.uleb128 0x4109
 739 00a3 01       		.byte	0x1
 740 00a4 11       		.uleb128 0x11
 741 00a5 01       		.uleb128 0x1
 742 00a6 31       		.uleb128 0x31
 743 00a7 13       		.uleb128 0x13
ARM GAS  C:\Users\Chris\AppData\Local\Temp\ccpMCrH5.s 			page 19


 744 00a8 01       		.uleb128 0x1
 745 00a9 13       		.uleb128 0x13
 746 00aa 00       		.byte	0
 747 00ab 00       		.byte	0
 748 00ac 0F       		.uleb128 0xf
 749 00ad 2E       		.uleb128 0x2e
 750 00ae 01       		.byte	0x1
 751 00af 3F       		.uleb128 0x3f
 752 00b0 19       		.uleb128 0x19
 753 00b1 03       		.uleb128 0x3
 754 00b2 0E       		.uleb128 0xe
 755 00b3 3A       		.uleb128 0x3a
 756 00b4 0B       		.uleb128 0xb
 757 00b5 3B       		.uleb128 0x3b
 758 00b6 0B       		.uleb128 0xb
 759 00b7 27       		.uleb128 0x27
 760 00b8 19       		.uleb128 0x19
 761 00b9 11       		.uleb128 0x11
 762 00ba 01       		.uleb128 0x1
 763 00bb 12       		.uleb128 0x12
 764 00bc 06       		.uleb128 0x6
 765 00bd 40       		.uleb128 0x40
 766 00be 18       		.uleb128 0x18
 767 00bf 9742     		.uleb128 0x2117
 768 00c1 19       		.uleb128 0x19
 769 00c2 01       		.uleb128 0x1
 770 00c3 13       		.uleb128 0x13
 771 00c4 00       		.byte	0
 772 00c5 00       		.byte	0
 773 00c6 10       		.uleb128 0x10
 774 00c7 0B       		.uleb128 0xb
 775 00c8 01       		.byte	0x1
 776 00c9 11       		.uleb128 0x11
 777 00ca 01       		.uleb128 0x1
 778 00cb 12       		.uleb128 0x12
 779 00cc 06       		.uleb128 0x6
 780 00cd 01       		.uleb128 0x1
 781 00ce 13       		.uleb128 0x13
 782 00cf 00       		.byte	0
 783 00d0 00       		.byte	0
 784 00d1 11       		.uleb128 0x11
 785 00d2 13       		.uleb128 0x13
 786 00d3 01       		.byte	0x1
 787 00d4 0B       		.uleb128 0xb
 788 00d5 0B       		.uleb128 0xb
 789 00d6 3A       		.uleb128 0x3a
 790 00d7 0B       		.uleb128 0xb
 791 00d8 3B       		.uleb128 0x3b
 792 00d9 0B       		.uleb128 0xb
 793 00da 01       		.uleb128 0x1
 794 00db 13       		.uleb128 0x13
 795 00dc 00       		.byte	0
 796 00dd 00       		.byte	0
 797 00de 12       		.uleb128 0x12
 798 00df 0D       		.uleb128 0xd
 799 00e0 00       		.byte	0
 800 00e1 03       		.uleb128 0x3
ARM GAS  C:\Users\Chris\AppData\Local\Temp\ccpMCrH5.s 			page 20


 801 00e2 0E       		.uleb128 0xe
 802 00e3 3A       		.uleb128 0x3a
 803 00e4 0B       		.uleb128 0xb
 804 00e5 3B       		.uleb128 0x3b
 805 00e6 0B       		.uleb128 0xb
 806 00e7 49       		.uleb128 0x49
 807 00e8 13       		.uleb128 0x13
 808 00e9 38       		.uleb128 0x38
 809 00ea 0B       		.uleb128 0xb
 810 00eb 00       		.byte	0
 811 00ec 00       		.byte	0
 812 00ed 13       		.uleb128 0x13
 813 00ee 01       		.uleb128 0x1
 814 00ef 01       		.byte	0x1
 815 00f0 49       		.uleb128 0x49
 816 00f1 13       		.uleb128 0x13
 817 00f2 01       		.uleb128 0x1
 818 00f3 13       		.uleb128 0x13
 819 00f4 00       		.byte	0
 820 00f5 00       		.byte	0
 821 00f6 14       		.uleb128 0x14
 822 00f7 21       		.uleb128 0x21
 823 00f8 00       		.byte	0
 824 00f9 49       		.uleb128 0x49
 825 00fa 13       		.uleb128 0x13
 826 00fb 2F       		.uleb128 0x2f
 827 00fc 0B       		.uleb128 0xb
 828 00fd 00       		.byte	0
 829 00fe 00       		.byte	0
 830 00ff 15       		.uleb128 0x15
 831 0100 34       		.uleb128 0x34
 832 0101 00       		.byte	0
 833 0102 03       		.uleb128 0x3
 834 0103 0E       		.uleb128 0xe
 835 0104 3A       		.uleb128 0x3a
 836 0105 0B       		.uleb128 0xb
 837 0106 3B       		.uleb128 0x3b
 838 0107 0B       		.uleb128 0xb
 839 0108 49       		.uleb128 0x49
 840 0109 13       		.uleb128 0x13
 841 010a 02       		.uleb128 0x2
 842 010b 18       		.uleb128 0x18
 843 010c 00       		.byte	0
 844 010d 00       		.byte	0
 845 010e 16       		.uleb128 0x16
 846 010f 26       		.uleb128 0x26
 847 0110 00       		.byte	0
 848 0111 49       		.uleb128 0x49
 849 0112 13       		.uleb128 0x13
 850 0113 00       		.byte	0
 851 0114 00       		.byte	0
 852 0115 17       		.uleb128 0x17
 853 0116 34       		.uleb128 0x34
 854 0117 00       		.byte	0
 855 0118 03       		.uleb128 0x3
 856 0119 08       		.uleb128 0x8
 857 011a 3A       		.uleb128 0x3a
ARM GAS  C:\Users\Chris\AppData\Local\Temp\ccpMCrH5.s 			page 21


 858 011b 0B       		.uleb128 0xb
 859 011c 3B       		.uleb128 0x3b
 860 011d 0B       		.uleb128 0xb
 861 011e 49       		.uleb128 0x49
 862 011f 13       		.uleb128 0x13
 863 0120 02       		.uleb128 0x2
 864 0121 17       		.uleb128 0x17
 865 0122 00       		.byte	0
 866 0123 00       		.byte	0
 867 0124 18       		.uleb128 0x18
 868 0125 0B       		.uleb128 0xb
 869 0126 01       		.byte	0x1
 870 0127 11       		.uleb128 0x11
 871 0128 01       		.uleb128 0x1
 872 0129 12       		.uleb128 0x12
 873 012a 06       		.uleb128 0x6
 874 012b 00       		.byte	0
 875 012c 00       		.byte	0
 876 012d 19       		.uleb128 0x19
 877 012e 898201   		.uleb128 0x4109
 878 0131 00       		.byte	0
 879 0132 11       		.uleb128 0x11
 880 0133 01       		.uleb128 0x1
 881 0134 31       		.uleb128 0x31
 882 0135 13       		.uleb128 0x13
 883 0136 00       		.byte	0
 884 0137 00       		.byte	0
 885 0138 1A       		.uleb128 0x1a
 886 0139 2E       		.uleb128 0x2e
 887 013a 01       		.byte	0x1
 888 013b 3F       		.uleb128 0x3f
 889 013c 19       		.uleb128 0x19
 890 013d 03       		.uleb128 0x3
 891 013e 0E       		.uleb128 0xe
 892 013f 27       		.uleb128 0x27
 893 0140 19       		.uleb128 0x19
 894 0141 49       		.uleb128 0x49
 895 0142 13       		.uleb128 0x13
 896 0143 34       		.uleb128 0x34
 897 0144 19       		.uleb128 0x19
 898 0145 3C       		.uleb128 0x3c
 899 0146 19       		.uleb128 0x19
 900 0147 01       		.uleb128 0x1
 901 0148 13       		.uleb128 0x13
 902 0149 00       		.byte	0
 903 014a 00       		.byte	0
 904 014b 1B       		.uleb128 0x1b
 905 014c 05       		.uleb128 0x5
 906 014d 00       		.byte	0
 907 014e 49       		.uleb128 0x49
 908 014f 13       		.uleb128 0x13
 909 0150 00       		.byte	0
 910 0151 00       		.byte	0
 911 0152 1C       		.uleb128 0x1c
 912 0153 2E       		.uleb128 0x2e
 913 0154 01       		.byte	0x1
 914 0155 3F       		.uleb128 0x3f
ARM GAS  C:\Users\Chris\AppData\Local\Temp\ccpMCrH5.s 			page 22


 915 0156 19       		.uleb128 0x19
 916 0157 03       		.uleb128 0x3
 917 0158 0E       		.uleb128 0xe
 918 0159 3A       		.uleb128 0x3a
 919 015a 0B       		.uleb128 0xb
 920 015b 3B       		.uleb128 0x3b
 921 015c 0B       		.uleb128 0xb
 922 015d 27       		.uleb128 0x27
 923 015e 19       		.uleb128 0x19
 924 015f 3C       		.uleb128 0x3c
 925 0160 19       		.uleb128 0x19
 926 0161 01       		.uleb128 0x1
 927 0162 13       		.uleb128 0x13
 928 0163 00       		.byte	0
 929 0164 00       		.byte	0
 930 0165 1D       		.uleb128 0x1d
 931 0166 2E       		.uleb128 0x2e
 932 0167 01       		.byte	0x1
 933 0168 3F       		.uleb128 0x3f
 934 0169 19       		.uleb128 0x19
 935 016a 03       		.uleb128 0x3
 936 016b 0E       		.uleb128 0xe
 937 016c 3A       		.uleb128 0x3a
 938 016d 0B       		.uleb128 0xb
 939 016e 3B       		.uleb128 0x3b
 940 016f 0B       		.uleb128 0xb
 941 0170 27       		.uleb128 0x27
 942 0171 19       		.uleb128 0x19
 943 0172 49       		.uleb128 0x49
 944 0173 13       		.uleb128 0x13
 945 0174 3C       		.uleb128 0x3c
 946 0175 19       		.uleb128 0x19
 947 0176 01       		.uleb128 0x1
 948 0177 13       		.uleb128 0x13
 949 0178 00       		.byte	0
 950 0179 00       		.byte	0
 951 017a 1E       		.uleb128 0x1e
 952 017b 2E       		.uleb128 0x2e
 953 017c 01       		.byte	0x1
 954 017d 3F       		.uleb128 0x3f
 955 017e 19       		.uleb128 0x19
 956 017f 03       		.uleb128 0x3
 957 0180 0E       		.uleb128 0xe
 958 0181 3A       		.uleb128 0x3a
 959 0182 0B       		.uleb128 0xb
 960 0183 3B       		.uleb128 0x3b
 961 0184 0B       		.uleb128 0xb
 962 0185 27       		.uleb128 0x27
 963 0186 19       		.uleb128 0x19
 964 0187 3C       		.uleb128 0x3c
 965 0188 19       		.uleb128 0x19
 966 0189 00       		.byte	0
 967 018a 00       		.byte	0
 968 018b 00       		.byte	0
 969              		.section	.debug_loc,"",%progbits
 970              	.Ldebug_loc0:
 971              	.LLST0:
ARM GAS  C:\Users\Chris\AppData\Local\Temp\ccpMCrH5.s 			page 23


 972 0000 00000000 		.4byte	.LVL0
 973 0004 09000000 		.4byte	.LVL2-1
 974 0008 0100     		.2byte	0x1
 975 000a 50       		.byte	0x50
 976 000b 09000000 		.4byte	.LVL2-1
 977 000f 0C000000 		.4byte	.LFE0
 978 0013 0400     		.2byte	0x4
 979 0015 F3       		.byte	0xf3
 980 0016 01       		.uleb128 0x1
 981 0017 50       		.byte	0x50
 982 0018 9F       		.byte	0x9f
 983 0019 00000000 		.4byte	0
 984 001d 00000000 		.4byte	0
 985              	.LLST1:
 986 0021 00000000 		.4byte	.LVL0
 987 0025 06000000 		.4byte	.LVL1
 988 0029 0100     		.2byte	0x1
 989 002b 51       		.byte	0x51
 990 002c 06000000 		.4byte	.LVL1
 991 0030 09000000 		.4byte	.LVL2-1
 992 0034 0100     		.2byte	0x1
 993 0036 52       		.byte	0x52
 994 0037 09000000 		.4byte	.LVL2-1
 995 003b 0C000000 		.4byte	.LFE0
 996 003f 0400     		.2byte	0x4
 997 0041 F3       		.byte	0xf3
 998 0042 01       		.uleb128 0x1
 999 0043 51       		.byte	0x51
 1000 0044 9F       		.byte	0x9f
 1001 0045 00000000 		.4byte	0
 1002 0049 00000000 		.4byte	0
 1003              	.LLST2:
 1004 004d 60000000 		.4byte	.LVL6
 1005 0051 64000000 		.4byte	.LVL7
 1006 0055 0200     		.2byte	0x2
 1007 0057 30       		.byte	0x30
 1008 0058 9F       		.byte	0x9f
 1009 0059 64000000 		.4byte	.LVL7
 1010 005d 84000000 		.4byte	.LVL9
 1011 0061 0100     		.2byte	0x1
 1012 0063 54       		.byte	0x54
 1013 0064 86000000 		.4byte	.LVL10
 1014 0068 E6000000 		.4byte	.LVL12
 1015 006c 0100     		.2byte	0x1
 1016 006e 54       		.byte	0x54
 1017 006f 00000000 		.4byte	0
 1018 0073 00000000 		.4byte	0
 1019              	.LLST3:
 1020 0077 64000000 		.4byte	.LVL7
 1021 007b 84000000 		.4byte	.LVL9
 1022 007f 0B00     		.2byte	0xb
 1023 0081 74       		.byte	0x74
 1024 0082 00       		.sleb128 0
 1025 0083 36       		.byte	0x36
 1026 0084 1E       		.byte	0x1e
 1027 0085 03       		.byte	0x3
 1028 0086 00000000 		.4byte	cfg_memset_list.4723
ARM GAS  C:\Users\Chris\AppData\Local\Temp\ccpMCrH5.s 			page 24


 1029 008a 22       		.byte	0x22
 1030 008b 9F       		.byte	0x9f
 1031 008c 84000000 		.4byte	.LVL9
 1032 0090 86000000 		.4byte	.LVL10
 1033 0094 0B00     		.2byte	0xb
 1034 0096 74       		.byte	0x74
 1035 0097 7F       		.sleb128 -1
 1036 0098 36       		.byte	0x36
 1037 0099 1E       		.byte	0x1e
 1038 009a 03       		.byte	0x3
 1039 009b 00000000 		.4byte	cfg_memset_list.4723
 1040 009f 22       		.byte	0x22
 1041 00a0 9F       		.byte	0x9f
 1042 00a1 00000000 		.4byte	0
 1043 00a5 00000000 		.4byte	0
 1044              		.section	.debug_aranges,"",%progbits
 1045 0000 2C000000 		.4byte	0x2c
 1046 0004 0200     		.2byte	0x2
 1047 0006 00000000 		.4byte	.Ldebug_info0
 1048 000a 04       		.byte	0x4
 1049 000b 00       		.byte	0
 1050 000c 0000     		.2byte	0
 1051 000e 0000     		.2byte	0
 1052 0010 00000000 		.4byte	.LFB0
 1053 0014 0C000000 		.4byte	.LFE0-.LFB0
 1054 0018 00000000 		.4byte	.LFB3
 1055 001c 5C000000 		.4byte	.LFE3-.LFB3
 1056 0020 5C000000 		.4byte	.LFB5
 1057 0024 BC000000 		.4byte	.LFE5-.LFB5
 1058 0028 00000000 		.4byte	0
 1059 002c 00000000 		.4byte	0
 1060              		.section	.debug_ranges,"",%progbits
 1061              	.Ldebug_ranges0:
 1062 0000 00000000 		.4byte	.LFB0
 1063 0004 0C000000 		.4byte	.LFE0
 1064 0008 00000000 		.4byte	.LFB3
 1065 000c 5C000000 		.4byte	.LFE3
 1066 0010 5C000000 		.4byte	.LFB5
 1067 0014 18010000 		.4byte	.LFE5
 1068 0018 00000000 		.4byte	0
 1069 001c 00000000 		.4byte	0
 1070              		.section	.debug_line,"",%progbits
 1071              	.Ldebug_line0:
 1072 0000 2F010000 		.section	.debug_str,"MS",%progbits,1
 1072      0200D800 
 1072      00000201 
 1072      FB0E0D00 
 1072      01010101 
 1073              	.LASF18:
 1074 0000 72656733 		.ascii	"reg32\000"
 1074      3200
 1075              	.LASF11:
 1076 0006 73697A65 		.ascii	"size_t\000"
 1076      5F7400
 1077              	.LASF32:
 1078 000d 4379496E 		.ascii	"CyIntSetVector\000"
 1078      74536574 
ARM GAS  C:\Users\Chris\AppData\Local\Temp\ccpMCrH5.s 			page 25


 1078      56656374 
 1078      6F7200
 1079              	.LASF25:
 1080 001c 6366675F 		.ascii	"cfg_memset_list\000"
 1080      6D656D73 
 1080      65745F6C 
 1080      69737400 
 1081              	.LASF21:
 1082 002c 436C6F63 		.ascii	"ClockSetup\000"
 1082      6B536574 
 1082      757000
 1083              	.LASF4:
 1084 0037 73686F72 		.ascii	"short unsigned int\000"
 1084      7420756E 
 1084      7369676E 
 1084      65642069 
 1084      6E7400
 1085              	.LASF15:
 1086 004a 666C6F61 		.ascii	"float\000"
 1086      7400
 1087              	.LASF23:
 1088 0050 73697A65 		.ascii	"size\000"
 1088      00
 1089              	.LASF17:
 1090 0055 72656738 		.ascii	"reg8\000"
 1090      00
 1091              	.LASF6:
 1092 005a 6C6F6E67 		.ascii	"long unsigned int\000"
 1092      20756E73 
 1092      69676E65 
 1092      6420696E 
 1092      7400
 1093              	.LASF12:
 1094 006c 75696E74 		.ascii	"uint8\000"
 1094      3800
 1095              	.LASF20:
 1096 0072 43594D45 		.ascii	"CYMEMZERO\000"
 1096      4D5A4552 
 1096      4F00
 1097              	.LASF2:
 1098 007c 756E7369 		.ascii	"unsigned char\000"
 1098      676E6564 
 1098      20636861 
 1098      7200
 1099              	.LASF26:
 1100 008a 6D656D73 		.ascii	"memset\000"
 1100      657400
 1101              	.LASF16:
 1102 0091 646F7562 		.ascii	"double\000"
 1102      6C6500
 1103              	.LASF33:
 1104 0098 4379496E 		.ascii	"CyIntEnable\000"
 1104      74456E61 
 1104      626C6500 
 1105              	.LASF13:
 1106 00a4 75696E74 		.ascii	"uint16\000"
 1106      313600
ARM GAS  C:\Users\Chris\AppData\Local\Temp\ccpMCrH5.s 			page 26


 1107              	.LASF14:
 1108 00ab 75696E74 		.ascii	"uint32\000"
 1108      333200
 1109              	.LASF0:
 1110 00b2 756E7369 		.ascii	"unsigned int\000"
 1110      676E6564 
 1110      20696E74 
 1110      00
 1111              	.LASF31:
 1112 00bf 63796669 		.ascii	"cyfitter_cfg\000"
 1112      74746572 
 1112      5F636667 
 1112      00
 1113              	.LASF22:
 1114 00cc 61646472 		.ascii	"address\000"
 1114      65737300 
 1115              	.LASF8:
 1116 00d4 6C6F6E67 		.ascii	"long long unsigned int\000"
 1116      206C6F6E 
 1116      6720756E 
 1116      7369676E 
 1116      65642069 
 1117              	.LASF30:
 1118 00eb 433A5C55 		.ascii	"C:\\Users\\Chris\\Desktop\\ECEC 304\\Labs\\Lesson1."
 1118      73657273 
 1118      5C436872 
 1118      69735C44 
 1118      65736B74 
 1119 0118 63796473 		.ascii	"cydsn\000"
 1119      6E00
 1120              	.LASF19:
 1121 011e 63796973 		.ascii	"cyisraddress\000"
 1121      72616464 
 1121      72657373 
 1121      00
 1122              	.LASF24:
 1123 012b 6366675F 		.ascii	"cfg_memset_t\000"
 1123      6D656D73 
 1123      65745F74 
 1123      00
 1124              	.LASF29:
 1125 0138 2E5C4765 		.ascii	".\\Generated_Source\\PSoC4\\cyfitter_cfg.c\000"
 1125      6E657261 
 1125      7465645F 
 1125      536F7572 
 1125      63655C50 
 1126              	.LASF9:
 1127 0160 73697A65 		.ascii	"sizetype\000"
 1127      74797065 
 1127      00
 1128              	.LASF7:
 1129 0169 6C6F6E67 		.ascii	"long long int\000"
 1129      206C6F6E 
 1129      6720696E 
 1129      7400
 1130              	.LASF10:
 1131 0177 63686172 		.ascii	"char\000"
ARM GAS  C:\Users\Chris\AppData\Local\Temp\ccpMCrH5.s 			page 27


 1131      00
 1132              	.LASF28:
 1133 017c 474E5520 		.ascii	"GNU C 4.9.3 20150303 (release) [ARM/embedded-4_9-br"
 1133      4320342E 
 1133      392E3320 
 1133      32303135 
 1133      30333033 
 1134 01af 616E6368 		.ascii	"anch revision 221220] -mcpu=cortex-m0 -mthumb -g -O"
 1134      20726576 
 1134      6973696F 
 1134      6E203232 
 1134      31323230 
 1135 01e2 67202D66 		.ascii	"g -ffunction-sections -ffat-lto-objects\000"
 1135      66756E63 
 1135      74696F6E 
 1135      2D736563 
 1135      74696F6E 
 1136              	.LASF3:
 1137 020a 73686F72 		.ascii	"short int\000"
 1137      7420696E 
 1137      7400
 1138              	.LASF27:
 1139 0214 43795379 		.ascii	"CySysClkWriteImoFreq\000"
 1139      73436C6B 
 1139      57726974 
 1139      65496D6F 
 1139      46726571 
 1140              	.LASF5:
 1141 0229 6C6F6E67 		.ascii	"long int\000"
 1141      20696E74 
 1141      00
 1142              	.LASF1:
 1143 0232 7369676E 		.ascii	"signed char\000"
 1143      65642063 
 1143      68617200 
 1144              		.ident	"GCC: (GNU Tools for ARM Embedded Processors) 4.9.3 20150303 (release) [ARM/embedded-4_9-br
