Archive member included because of file (symbol)

.\CortexM0\ARM_GCC_493\Debug\Lesson16.a(cyfitter_cfg.o)
                              .\CortexM0\ARM_GCC_493\Debug\Cm0Start.o (cyfitter_cfg)
.\CortexM0\ARM_GCC_493\Debug\Lesson16.a(UART.o)
                              .\CortexM0\ARM_GCC_493\Debug\main.o (UART_Start)
.\CortexM0\ARM_GCC_493\Debug\Lesson16.a(UART_UART.o)
                              .\CortexM0\ARM_GCC_493\Debug\Lesson16.a(UART.o) (UART_UartInit)
.\CortexM0\ARM_GCC_493\Debug\Lesson16.a(Timer.o)
                              .\CortexM0\ARM_GCC_493\Debug\main.o (Timer_Start)
.\CortexM0\ARM_GCC_493\Debug\Lesson16.a(Timer_Int.o)
                              .\CortexM0\ARM_GCC_493\Debug\main.o (Timer_Int_StartEx)
.\CortexM0\ARM_GCC_493\Debug\Lesson16.a(CyBootAsmGnu.o)
                              .\CortexM0\ARM_GCC_493\Debug\Lesson16.a(Timer.o) (CyEnterCriticalSection)
.\CortexM0\ARM_GCC_493\Debug\Lesson16.a(CyLib.o)
                              .\CortexM0\ARM_GCC_493\Debug\Lesson16.a(cyfitter_cfg.o) (CyIntEnable)
.\CortexM0\ARM_GCC_493\Debug\Lesson16.a(cyPm.o)
                              .\CortexM0\ARM_GCC_493\Debug\main.o (CySysPmSleep)
.\CortexM0\ARM_GCC_493\Debug\Lesson16.a(CyLFClk.o)
                              .\CortexM0\ARM_GCC_493\Debug\Lesson16.a(cyfitter_cfg.o) (CySysWdtIsr)
.\CortexM0\ARM_GCC_493\Debug\Lesson16.a(UART_SPI_UART.o)
                              .\CortexM0\ARM_GCC_493\Debug\Lesson16.a(UART_UART.o) (UART_SpiUartReadRxData)
c:/program files (x86)/cypress/psoc creator/3.3/psoc creator/import/gnu/arm/4.9.3/bin/../lib/gcc/arm-none-eabi/4.9.3/armv6-m\libgcc.a(_udivsi3.o)
                              .\CortexM0\ARM_GCC_493\Debug\Lesson16.a(CyLib.o) (__aeabi_uidiv)
c:/program files (x86)/cypress/psoc creator/3.3/psoc creator/import/gnu/arm/4.9.3/bin/../lib/gcc/arm-none-eabi/4.9.3/armv6-m\libgcc.a(_dvmd_tls.o)
                              c:/program files (x86)/cypress/psoc creator/3.3/psoc creator/import/gnu/arm/4.9.3/bin/../lib/gcc/arm-none-eabi/4.9.3/armv6-m\libgcc.a(_udivsi3.o) (__aeabi_idiv0)
c:/program files (x86)/cypress/psoc creator/3.3/psoc creator/import/gnu/arm/4.9.3/bin/../lib/gcc/arm-none-eabi/4.9.3/../../../../arm-none-eabi/lib/armv6-m\libg_nano.a(lib_a-errno.o)
                              .\CortexM0\ARM_GCC_493\Debug\Cm0Start.o (__errno)
c:/program files (x86)/cypress/psoc creator/3.3/psoc creator/import/gnu/arm/4.9.3/bin/../lib/gcc/arm-none-eabi/4.9.3/../../../../arm-none-eabi/lib/armv6-m\libg_nano.a(lib_a-exit.o)
                              c:/program files (x86)/cypress/psoc creator/3.3/psoc creator/import/gnu/arm/4.9.3/bin/../lib/gcc/arm-none-eabi/4.9.3/../../../../arm-none-eabi/lib/armv6-m/crt0.o (exit)
c:/program files (x86)/cypress/psoc creator/3.3/psoc creator/import/gnu/arm/4.9.3/bin/../lib/gcc/arm-none-eabi/4.9.3/../../../../arm-none-eabi/lib/armv6-m\libg_nano.a(lib_a-impure.o)
                              c:/program files (x86)/cypress/psoc creator/3.3/psoc creator/import/gnu/arm/4.9.3/bin/../lib/gcc/arm-none-eabi/4.9.3/../../../../arm-none-eabi/lib/armv6-m\libg_nano.a(lib_a-exit.o) (_global_impure_ptr)
c:/program files (x86)/cypress/psoc creator/3.3/psoc creator/import/gnu/arm/4.9.3/bin/../lib/gcc/arm-none-eabi/4.9.3/../../../../arm-none-eabi/lib/armv6-m\libg_nano.a(lib_a-init.o)
                              c:/program files (x86)/cypress/psoc creator/3.3/psoc creator/import/gnu/arm/4.9.3/bin/../lib/gcc/arm-none-eabi/4.9.3/../../../../arm-none-eabi/lib/armv6-m/crt0.o (__libc_init_array)
c:/program files (x86)/cypress/psoc creator/3.3/psoc creator/import/gnu/arm/4.9.3/bin/../lib/gcc/arm-none-eabi/4.9.3/../../../../arm-none-eabi/lib/armv6-m\libg_nano.a(lib_a-memset.o)
                              c:/program files (x86)/cypress/psoc creator/3.3/psoc creator/import/gnu/arm/4.9.3/bin/../lib/gcc/arm-none-eabi/4.9.3/../../../../arm-none-eabi/lib/armv6-m/crt0.o (memset)

Discarded input sections

 .text          0x00000000        0x0 c:/program files (x86)/cypress/psoc creator/3.3/psoc creator/import/gnu/arm/4.9.3/bin/../lib/gcc/arm-none-eabi/4.9.3/armv6-m/crti.o
 .data          0x00000000        0x0 c:/program files (x86)/cypress/psoc creator/3.3/psoc creator/import/gnu/arm/4.9.3/bin/../lib/gcc/arm-none-eabi/4.9.3/armv6-m/crti.o
 .bss           0x00000000        0x0 c:/program files (x86)/cypress/psoc creator/3.3/psoc creator/import/gnu/arm/4.9.3/bin/../lib/gcc/arm-none-eabi/4.9.3/armv6-m/crti.o
 .data          0x00000000        0x4 c:/program files (x86)/cypress/psoc creator/3.3/psoc creator/import/gnu/arm/4.9.3/bin/../lib/gcc/arm-none-eabi/4.9.3/armv6-m/crtbegin.o
 .text          0x00000000       0x78 c:/program files (x86)/cypress/psoc creator/3.3/psoc creator/import/gnu/arm/4.9.3/bin/../lib/gcc/arm-none-eabi/4.9.3/../../../../arm-none-eabi/lib/armv6-m/crt0.o
 .data          0x00000000        0x0 c:/program files (x86)/cypress/psoc creator/3.3/psoc creator/import/gnu/arm/4.9.3/bin/../lib/gcc/arm-none-eabi/4.9.3/../../../../arm-none-eabi/lib/armv6-m/crt0.o
 .bss           0x00000000        0x0 c:/program files (x86)/cypress/psoc creator/3.3/psoc creator/import/gnu/arm/4.9.3/bin/../lib/gcc/arm-none-eabi/4.9.3/../../../../arm-none-eabi/lib/armv6-m/crt0.o
 .ARM.extab     0x00000000        0x0 c:/program files (x86)/cypress/psoc creator/3.3/psoc creator/import/gnu/arm/4.9.3/bin/../lib/gcc/arm-none-eabi/4.9.3/../../../../arm-none-eabi/lib/armv6-m/crt0.o
 .ARM.exidx     0x00000000        0x8 c:/program files (x86)/cypress/psoc creator/3.3/psoc creator/import/gnu/arm/4.9.3/bin/../lib/gcc/arm-none-eabi/4.9.3/../../../../arm-none-eabi/lib/armv6-m/crt0.o
 .text          0x00000000        0x0 .\CortexM0\ARM_GCC_493\Debug\main.o
 .data          0x00000000        0x0 .\CortexM0\ARM_GCC_493\Debug\main.o
 .bss           0x00000000        0x0 .\CortexM0\ARM_GCC_493\Debug\main.o
 .text          0x00000000        0x0 .\CortexM0\ARM_GCC_493\Debug\cymetadata.o
 .data          0x00000000        0x0 .\CortexM0\ARM_GCC_493\Debug\cymetadata.o
 .bss           0x00000000        0x0 .\CortexM0\ARM_GCC_493\Debug\cymetadata.o
 .text          0x00000000        0x0 .\CortexM0\ARM_GCC_493\Debug\Cm0Start.o
 .data          0x00000000        0x4 .\CortexM0\ARM_GCC_493\Debug\Cm0Start.o
 .bss           0x00000000        0x0 .\CortexM0\ARM_GCC_493\Debug\Cm0Start.o
 .text._exit    0x00000000        0xc .\CortexM0\ARM_GCC_493\Debug\Cm0Start.o
 .text._sbrk    0x00000000       0x30 .\CortexM0\ARM_GCC_493\Debug\Cm0Start.o
 .text          0x00000000        0x0 .\CortexM0\ARM_GCC_493\Debug\Lesson16.a(cyfitter_cfg.o)
 .data          0x00000000        0x0 .\CortexM0\ARM_GCC_493\Debug\Lesson16.a(cyfitter_cfg.o)
 .bss           0x00000000        0x0 .\CortexM0\ARM_GCC_493\Debug\Lesson16.a(cyfitter_cfg.o)
 .text          0x00000000        0x0 .\CortexM0\ARM_GCC_493\Debug\Lesson16.a(UART.o)
 .data          0x00000000        0x0 .\CortexM0\ARM_GCC_493\Debug\Lesson16.a(UART.o)
 .text.UART_ScbModeStop
                0x00000000        0x8 .\CortexM0\ARM_GCC_493\Debug\Lesson16.a(UART.o)
 .text.UART_Stop
                0x00000000       0x20 .\CortexM0\ARM_GCC_493\Debug\Lesson16.a(UART.o)
 .text.UART_SetRxFifoLevel
                0x00000000       0x14 .\CortexM0\ARM_GCC_493\Debug\Lesson16.a(UART.o)
 .text.UART_SetTxFifoLevel
                0x00000000       0x14 .\CortexM0\ARM_GCC_493\Debug\Lesson16.a(UART.o)
 .text.UART_I2CSlaveNackGeneration
                0x00000000       0x3c .\CortexM0\ARM_GCC_493\Debug\Lesson16.a(UART.o)
 .text          0x00000000        0x0 .\CortexM0\ARM_GCC_493\Debug\Lesson16.a(UART_UART.o)
 .data          0x00000000        0x0 .\CortexM0\ARM_GCC_493\Debug\Lesson16.a(UART_UART.o)
 .bss           0x00000000        0x0 .\CortexM0\ARM_GCC_493\Debug\Lesson16.a(UART_UART.o)
 .text.UART_UartStop
                0x00000000       0x2c .\CortexM0\ARM_GCC_493\Debug\Lesson16.a(UART_UART.o)
 .text.UART_UartSetRxAddress
                0x00000000       0x14 .\CortexM0\ARM_GCC_493\Debug\Lesson16.a(UART_UART.o)
 .text.UART_UartSetRxAddressMask
                0x00000000       0x18 .\CortexM0\ARM_GCC_493\Debug\Lesson16.a(UART_UART.o)
 .text.UART_UartGetChar
                0x00000000       0x2c .\CortexM0\ARM_GCC_493\Debug\Lesson16.a(UART_UART.o)
 .text.UART_UartGetByte
                0x00000000       0x30 .\CortexM0\ARM_GCC_493\Debug\Lesson16.a(UART_UART.o)
 .text.UART_UartPutCRLF
                0x00000000       0x14 .\CortexM0\ARM_GCC_493\Debug\Lesson16.a(UART_UART.o)
 .text          0x00000000        0x0 .\CortexM0\ARM_GCC_493\Debug\Lesson16.a(Timer.o)
 .data          0x00000000        0x0 .\CortexM0\ARM_GCC_493\Debug\Lesson16.a(Timer.o)
 .text.Timer_Stop
                0x00000000       0x1c .\CortexM0\ARM_GCC_493\Debug\Lesson16.a(Timer.o)
 .text.Timer_SetMode
                0x00000000       0x28 .\CortexM0\ARM_GCC_493\Debug\Lesson16.a(Timer.o)
 .text.Timer_SetQDMode
                0x00000000       0x28 .\CortexM0\ARM_GCC_493\Debug\Lesson16.a(Timer.o)
 .text.Timer_SetPrescaler
                0x00000000       0x28 .\CortexM0\ARM_GCC_493\Debug\Lesson16.a(Timer.o)
 .text.Timer_SetOneShot
                0x00000000       0x2c .\CortexM0\ARM_GCC_493\Debug\Lesson16.a(Timer.o)
 .text.Timer_SetPWMMode
                0x00000000       0x10 .\CortexM0\ARM_GCC_493\Debug\Lesson16.a(Timer.o)
 .text.Timer_SetPWMSyncKill
                0x00000000       0x28 .\CortexM0\ARM_GCC_493\Debug\Lesson16.a(Timer.o)
 .text.Timer_SetPWMStopOnKill
                0x00000000       0x28 .\CortexM0\ARM_GCC_493\Debug\Lesson16.a(Timer.o)
 .text.Timer_SetPWMDeadTime
                0x00000000       0x2c .\CortexM0\ARM_GCC_493\Debug\Lesson16.a(Timer.o)
 .text.Timer_SetPWMInvert
                0x00000000       0x28 .\CortexM0\ARM_GCC_493\Debug\Lesson16.a(Timer.o)
 .text.Timer_ReadCounter
                0x00000000       0x10 .\CortexM0\ARM_GCC_493\Debug\Lesson16.a(Timer.o)
 .text.Timer_SetCounterMode
                0x00000000       0x28 .\CortexM0\ARM_GCC_493\Debug\Lesson16.a(Timer.o)
 .text.Timer_ReadPeriod
                0x00000000       0x10 .\CortexM0\ARM_GCC_493\Debug\Lesson16.a(Timer.o)
 .text.Timer_SetCompareSwap
                0x00000000       0x24 .\CortexM0\ARM_GCC_493\Debug\Lesson16.a(Timer.o)
 .text.Timer_WritePeriodBuf
                0x00000000       0x10 .\CortexM0\ARM_GCC_493\Debug\Lesson16.a(Timer.o)
 .text.Timer_ReadPeriodBuf
                0x00000000       0x10 .\CortexM0\ARM_GCC_493\Debug\Lesson16.a(Timer.o)
 .text.Timer_SetPeriodSwap
                0x00000000       0x28 .\CortexM0\ARM_GCC_493\Debug\Lesson16.a(Timer.o)
 .text.Timer_WriteCompare
                0x00000000       0x10 .\CortexM0\ARM_GCC_493\Debug\Lesson16.a(Timer.o)
 .text.Timer_ReadCompare
                0x00000000       0x10 .\CortexM0\ARM_GCC_493\Debug\Lesson16.a(Timer.o)
 .text.Timer_WriteCompareBuf
                0x00000000       0x10 .\CortexM0\ARM_GCC_493\Debug\Lesson16.a(Timer.o)
 .text.Timer_ReadCompareBuf
                0x00000000       0x10 .\CortexM0\ARM_GCC_493\Debug\Lesson16.a(Timer.o)
 .text.Timer_ReadCapture
                0x00000000       0x10 .\CortexM0\ARM_GCC_493\Debug\Lesson16.a(Timer.o)
 .text.Timer_ReadCaptureBuf
                0x00000000       0x10 .\CortexM0\ARM_GCC_493\Debug\Lesson16.a(Timer.o)
 .text.Timer_SetCaptureMode
                0x00000000       0x24 .\CortexM0\ARM_GCC_493\Debug\Lesson16.a(Timer.o)
 .text.Timer_SetReloadMode
                0x00000000       0x24 .\CortexM0\ARM_GCC_493\Debug\Lesson16.a(Timer.o)
 .text.Timer_SetStartMode
                0x00000000       0x28 .\CortexM0\ARM_GCC_493\Debug\Lesson16.a(Timer.o)
 .text.Timer_SetStopMode
                0x00000000       0x24 .\CortexM0\ARM_GCC_493\Debug\Lesson16.a(Timer.o)
 .text.Timer_SetCountMode
                0x00000000       0x24 .\CortexM0\ARM_GCC_493\Debug\Lesson16.a(Timer.o)
 .text.Timer_ReadStatus
                0x00000000       0x14 .\CortexM0\ARM_GCC_493\Debug\Lesson16.a(Timer.o)
 .text.Timer_GetInterruptSourceMasked
                0x00000000        0xc .\CortexM0\ARM_GCC_493\Debug\Lesson16.a(Timer.o)
 .text.Timer_GetInterruptSource
                0x00000000        0xc .\CortexM0\ARM_GCC_493\Debug\Lesson16.a(Timer.o)
 .text.Timer_SetInterrupt
                0x00000000        0xc .\CortexM0\ARM_GCC_493\Debug\Lesson16.a(Timer.o)
 .text          0x00000000        0x0 .\CortexM0\ARM_GCC_493\Debug\Lesson16.a(Timer_Int.o)
 .data          0x00000000        0x0 .\CortexM0\ARM_GCC_493\Debug\Lesson16.a(Timer_Int.o)
 .bss           0x00000000        0x0 .\CortexM0\ARM_GCC_493\Debug\Lesson16.a(Timer_Int.o)
 .text.Timer_Int_Interrupt
                0x00000000        0x4 .\CortexM0\ARM_GCC_493\Debug\Lesson16.a(Timer_Int.o)
 .text.Timer_Int_GetVector
                0x00000000        0xc .\CortexM0\ARM_GCC_493\Debug\Lesson16.a(Timer_Int.o)
 .text.Timer_Int_GetPriority
                0x00000000       0x10 .\CortexM0\ARM_GCC_493\Debug\Lesson16.a(Timer_Int.o)
 .text.Timer_Int_GetState
                0x00000000       0x14 .\CortexM0\ARM_GCC_493\Debug\Lesson16.a(Timer_Int.o)
 .text.Timer_Int_Start
                0x00000000       0x1c .\CortexM0\ARM_GCC_493\Debug\Lesson16.a(Timer_Int.o)
 .text.Timer_Int_Stop
                0x00000000       0x14 .\CortexM0\ARM_GCC_493\Debug\Lesson16.a(Timer_Int.o)
 .text.Timer_Int_SetPending
                0x00000000       0x10 .\CortexM0\ARM_GCC_493\Debug\Lesson16.a(Timer_Int.o)
 .text.Timer_Int_ClearPending
                0x00000000       0x10 .\CortexM0\ARM_GCC_493\Debug\Lesson16.a(Timer_Int.o)
 .data          0x00000000        0x0 .\CortexM0\ARM_GCC_493\Debug\Lesson16.a(CyBootAsmGnu.o)
 .bss           0x00000000        0x0 .\CortexM0\ARM_GCC_493\Debug\Lesson16.a(CyBootAsmGnu.o)
 .text          0x00000000        0x0 .\CortexM0\ARM_GCC_493\Debug\Lesson16.a(CyLib.o)
 .bss           0x00000000       0x18 .\CortexM0\ARM_GCC_493\Debug\Lesson16.a(CyLib.o)
 .text.CySysClkImoStart
                0x00000000       0x14 .\CortexM0\ARM_GCC_493\Debug\Lesson16.a(CyLib.o)
 .text.CySysClkImoStop
                0x00000000       0x10 .\CortexM0\ARM_GCC_493\Debug\Lesson16.a(CyLib.o)
 .text.CySysClkWriteHfclkDirect
                0x00000000       0x20 .\CortexM0\ARM_GCC_493\Debug\Lesson16.a(CyLib.o)
 .text.CySysClkGetSysclkSource
                0x00000000       0x1c .\CortexM0\ARM_GCC_493\Debug\Lesson16.a(CyLib.o)
 .text.CySysClkWriteSysclkDiv
                0x00000000       0x28 .\CortexM0\ARM_GCC_493\Debug\Lesson16.a(CyLib.o)
 .text.CySysLvdDisable
                0x00000000       0x20 .\CortexM0\ARM_GCC_493\Debug\Lesson16.a(CyLib.o)
 .text.CySysLvdGetInterruptSource
                0x00000000       0x10 .\CortexM0\ARM_GCC_493\Debug\Lesson16.a(CyLib.o)
 .text.CySysLvdClearInterrupt
                0x00000000        0xc .\CortexM0\ARM_GCC_493\Debug\Lesson16.a(CyLib.o)
 .text.CySysGetResetReason
                0x00000000       0x14 .\CortexM0\ARM_GCC_493\Debug\Lesson16.a(CyLib.o)
 .text.CyDisableInts
                0x00000000       0x10 .\CortexM0\ARM_GCC_493\Debug\Lesson16.a(CyLib.o)
 .text.CyEnableInts
                0x00000000        0xc .\CortexM0\ARM_GCC_493\Debug\Lesson16.a(CyLib.o)
 .text.CyIntGetState
                0x00000000       0x18 .\CortexM0\ARM_GCC_493\Debug\Lesson16.a(CyLib.o)
 .text.CyIntDisable
                0x00000000       0x14 .\CortexM0\ARM_GCC_493\Debug\Lesson16.a(CyLib.o)
 .text.CyIntSetPending
                0x00000000       0x14 .\CortexM0\ARM_GCC_493\Debug\Lesson16.a(CyLib.o)
 .text.CyIntClearPending
                0x00000000       0x14 .\CortexM0\ARM_GCC_493\Debug\Lesson16.a(CyLib.o)
 .text.CyIntSetSysVector
                0x00000000       0x20 .\CortexM0\ARM_GCC_493\Debug\Lesson16.a(CyLib.o)
 .text.CyIntGetSysVector
                0x00000000       0x1c .\CortexM0\ARM_GCC_493\Debug\Lesson16.a(CyLib.o)
 .text.CyIntGetVector
                0x00000000       0x20 .\CortexM0\ARM_GCC_493\Debug\Lesson16.a(CyLib.o)
 .text.CyIntSetPriority
                0x00000000       0x4c .\CortexM0\ARM_GCC_493\Debug\Lesson16.a(CyLib.o)
 .text.CyIntGetPriority
                0x00000000       0x2c .\CortexM0\ARM_GCC_493\Debug\Lesson16.a(CyLib.o)
 .text.CySoftwareReset
                0x00000000       0x18 .\CortexM0\ARM_GCC_493\Debug\Lesson16.a(CyLib.o)
 .text.CySysLvdEnable
                0x00000000       0x44 .\CortexM0\ARM_GCC_493\Debug\Lesson16.a(CyLib.o)
 .text.CyDelayFreq
                0x00000000       0x4c .\CortexM0\ARM_GCC_493\Debug\Lesson16.a(CyLib.o)
 .text.CySysTickStop
                0x00000000       0x10 .\CortexM0\ARM_GCC_493\Debug\Lesson16.a(CyLib.o)
 .text.CySysTickEnableInterrupt
                0x00000000       0x10 .\CortexM0\ARM_GCC_493\Debug\Lesson16.a(CyLib.o)
 .text.CySysTickEnable
                0x00000000       0x18 .\CortexM0\ARM_GCC_493\Debug\Lesson16.a(CyLib.o)
 .text.CySysTickDisableInterrupt
                0x00000000       0x10 .\CortexM0\ARM_GCC_493\Debug\Lesson16.a(CyLib.o)
 .text.CySysTickSetReload
                0x00000000       0x10 .\CortexM0\ARM_GCC_493\Debug\Lesson16.a(CyLib.o)
 .text.CySysTickGetReload
                0x00000000       0x10 .\CortexM0\ARM_GCC_493\Debug\Lesson16.a(CyLib.o)
 .text.CySysTickGetValue
                0x00000000       0x10 .\CortexM0\ARM_GCC_493\Debug\Lesson16.a(CyLib.o)
 .text.CySysTickGetCountFlag
                0x00000000       0x10 .\CortexM0\ARM_GCC_493\Debug\Lesson16.a(CyLib.o)
 .text.CySysTickServiceCallbacks
                0x00000000       0x28 .\CortexM0\ARM_GCC_493\Debug\Lesson16.a(CyLib.o)
 .text.CySysTickClear
                0x00000000        0xc .\CortexM0\ARM_GCC_493\Debug\Lesson16.a(CyLib.o)
 .text.CySysTickInit
                0x00000000       0x44 .\CortexM0\ARM_GCC_493\Debug\Lesson16.a(CyLib.o)
 .text.CySysTickStart
                0x00000000       0x20 .\CortexM0\ARM_GCC_493\Debug\Lesson16.a(CyLib.o)
 .text.CySysTickSetCallback
                0x00000000       0x10 .\CortexM0\ARM_GCC_493\Debug\Lesson16.a(CyLib.o)
 .text.CySysTickGetCallback
                0x00000000        0xc .\CortexM0\ARM_GCC_493\Debug\Lesson16.a(CyLib.o)
 .text.CyGetUniqueId
                0x00000000       0x70 .\CortexM0\ARM_GCC_493\Debug\Lesson16.a(CyLib.o)
 .text          0x00000000        0x0 .\CortexM0\ARM_GCC_493\Debug\Lesson16.a(cyPm.o)
 .data          0x00000000        0x0 .\CortexM0\ARM_GCC_493\Debug\Lesson16.a(cyPm.o)
 .bss           0x00000000        0x0 .\CortexM0\ARM_GCC_493\Debug\Lesson16.a(cyPm.o)
 .text.CySysPmDeepSleep
                0x00000000       0x6c .\CortexM0\ARM_GCC_493\Debug\Lesson16.a(cyPm.o)
 .text.CySysPmHibernate
                0x00000000       0x50 .\CortexM0\ARM_GCC_493\Debug\Lesson16.a(cyPm.o)
 .text.CySysPmSetWakeupPolarity
                0x00000000       0x34 .\CortexM0\ARM_GCC_493\Debug\Lesson16.a(cyPm.o)
 .text.CySysPmGetResetReason
                0x00000000       0x28 .\CortexM0\ARM_GCC_493\Debug\Lesson16.a(cyPm.o)
 .text.CySysPmFreezeIo
                0x00000000       0x38 .\CortexM0\ARM_GCC_493\Debug\Lesson16.a(cyPm.o)
 .text.CySysPmStop
                0x00000000       0x30 .\CortexM0\ARM_GCC_493\Debug\Lesson16.a(cyPm.o)
 .text.CySysPmUnfreezeIo
                0x00000000       0x30 .\CortexM0\ARM_GCC_493\Debug\Lesson16.a(cyPm.o)
 .text          0x00000000        0x0 .\CortexM0\ARM_GCC_493\Debug\Lesson16.a(CyLFClk.o)
 .text.CySysClkIloEnabled
                0x00000000       0x14 .\CortexM0\ARM_GCC_493\Debug\Lesson16.a(CyLFClk.o)
 .text.CySysClkIloStart
                0x00000000       0x14 .\CortexM0\ARM_GCC_493\Debug\Lesson16.a(CyLFClk.o)
 .text.CySysClkIloStartMeasurement
                0x00000000       0x34 .\CortexM0\ARM_GCC_493\Debug\Lesson16.a(CyLFClk.o)
 .text.CySysClkIloStopMeasurement
                0x00000000       0x14 .\CortexM0\ARM_GCC_493\Debug\Lesson16.a(CyLFClk.o)
 .text.CySysClkIloCompensate
                0x00000000      0x108 .\CortexM0\ARM_GCC_493\Debug\Lesson16.a(CyLFClk.o)
 .text.CySysWdtGetEnabledStatus
                0x00000000       0x24 .\CortexM0\ARM_GCC_493\Debug\Lesson16.a(CyLFClk.o)
 .text.CySysWdtSetMode
                0x00000000       0x38 .\CortexM0\ARM_GCC_493\Debug\Lesson16.a(CyLFClk.o)
 .text.CySysClkLfclkPosedgeRestore
                0x00000000       0x2c .\CortexM0\ARM_GCC_493\Debug\Lesson16.a(CyLFClk.o)
 .text.CySysWdtGetMode
                0x00000000       0x14 .\CortexM0\ARM_GCC_493\Debug\Lesson16.a(CyLFClk.o)
 .text.CySysWdtSetClearOnMatch
                0x00000000       0x38 .\CortexM0\ARM_GCC_493\Debug\Lesson16.a(CyLFClk.o)
 .text.CySysWdtGetClearOnMatch
                0x00000000       0x24 .\CortexM0\ARM_GCC_493\Debug\Lesson16.a(CyLFClk.o)
 .text.CySysWdtEnable
                0x00000000       0x40 .\CortexM0\ARM_GCC_493\Debug\Lesson16.a(CyLFClk.o)
 .text.CySysWdtDisable
                0x00000000       0x44 .\CortexM0\ARM_GCC_493\Debug\Lesson16.a(CyLFClk.o)
 .text.CySysWdtSetCascade
                0x00000000       0x34 .\CortexM0\ARM_GCC_493\Debug\Lesson16.a(CyLFClk.o)
 .text.CySysWdtGetCascade
                0x00000000       0x14 .\CortexM0\ARM_GCC_493\Debug\Lesson16.a(CyLFClk.o)
 .text.CySysWdtSetMatch
                0x00000000       0x3c .\CortexM0\ARM_GCC_493\Debug\Lesson16.a(CyLFClk.o)
 .text.CySysWdtSetToggleBit
                0x00000000       0x2c .\CortexM0\ARM_GCC_493\Debug\Lesson16.a(CyLFClk.o)
 .text.CySysWdtGetToggleBit
                0x00000000       0x10 .\CortexM0\ARM_GCC_493\Debug\Lesson16.a(CyLFClk.o)
 .text.CySysWdtGetMatch
                0x00000000       0x20 .\CortexM0\ARM_GCC_493\Debug\Lesson16.a(CyLFClk.o)
 .text.CySysWdtGetCount
                0x00000000       0x3c .\CortexM0\ARM_GCC_493\Debug\Lesson16.a(CyLFClk.o)
 .text.CySysClkLfclkPosedgeCatch
                0x00000000       0x74 .\CortexM0\ARM_GCC_493\Debug\Lesson16.a(CyLFClk.o)
 .text.CySysClkIloStop
                0x00000000       0x38 .\CortexM0\ARM_GCC_493\Debug\Lesson16.a(CyLFClk.o)
 .text.CySysWdtGetInterruptSource
                0x00000000       0x14 .\CortexM0\ARM_GCC_493\Debug\Lesson16.a(CyLFClk.o)
 .text.CySysWdtResetCounters
                0x00000000       0x20 .\CortexM0\ARM_GCC_493\Debug\Lesson16.a(CyLFClk.o)
 .text.CySysWdtSetInterruptCallback
                0x00000000       0x20 .\CortexM0\ARM_GCC_493\Debug\Lesson16.a(CyLFClk.o)
 .text.CySysWdtGetInterruptCallback
                0x00000000       0x20 .\CortexM0\ARM_GCC_493\Debug\Lesson16.a(CyLFClk.o)
 .text.CySysWdtEnableCounterIsr
                0x00000000       0x34 .\CortexM0\ARM_GCC_493\Debug\Lesson16.a(CyLFClk.o)
 .text.CySysWdtDisableCounterIsr
                0x00000000       0x28 .\CortexM0\ARM_GCC_493\Debug\Lesson16.a(CyLFClk.o)
 .text.CySysWatchdogFeed
                0x00000000       0x60 .\CortexM0\ARM_GCC_493\Debug\Lesson16.a(CyLFClk.o)
 .text.CySysTimerDelayUntilMatch
                0x00000000       0x6c .\CortexM0\ARM_GCC_493\Debug\Lesson16.a(CyLFClk.o)
 .text.CySysTimerDelay
                0x00000000       0x3c .\CortexM0\ARM_GCC_493\Debug\Lesson16.a(CyLFClk.o)
 .rodata        0x00000000        0xc .\CortexM0\ARM_GCC_493\Debug\Lesson16.a(CyLFClk.o)
 .text          0x00000000        0x0 .\CortexM0\ARM_GCC_493\Debug\Lesson16.a(UART_SPI_UART.o)
 .data          0x00000000        0x0 .\CortexM0\ARM_GCC_493\Debug\Lesson16.a(UART_SPI_UART.o)
 .bss           0x00000000        0x0 .\CortexM0\ARM_GCC_493\Debug\Lesson16.a(UART_SPI_UART.o)
 .text.UART_SpiUartReadRxData
                0x00000000        0xc .\CortexM0\ARM_GCC_493\Debug\Lesson16.a(UART_SPI_UART.o)
 .text.UART_SpiUartGetRxBufferSize
                0x00000000       0x10 .\CortexM0\ARM_GCC_493\Debug\Lesson16.a(UART_SPI_UART.o)
 .text.UART_SpiUartClearRxBuffer
                0x00000000       0x20 .\CortexM0\ARM_GCC_493\Debug\Lesson16.a(UART_SPI_UART.o)
 .text.UART_SpiUartPutArray
                0x00000000       0x18 .\CortexM0\ARM_GCC_493\Debug\Lesson16.a(UART_SPI_UART.o)
 .text.UART_SpiUartGetTxBufferSize
                0x00000000       0x10 .\CortexM0\ARM_GCC_493\Debug\Lesson16.a(UART_SPI_UART.o)
 .text.UART_SpiUartClearTxBuffer
                0x00000000       0x20 .\CortexM0\ARM_GCC_493\Debug\Lesson16.a(UART_SPI_UART.o)
 .text.UART_SpiUartDisableIntRx
                0x00000000       0x10 .\CortexM0\ARM_GCC_493\Debug\Lesson16.a(UART_SPI_UART.o)
 .text.UART_SpiUartDisableIntTx
                0x00000000       0x10 .\CortexM0\ARM_GCC_493\Debug\Lesson16.a(UART_SPI_UART.o)
 .text          0x00000000      0x120 c:/program files (x86)/cypress/psoc creator/3.3/psoc creator/import/gnu/arm/4.9.3/bin/../lib/gcc/arm-none-eabi/4.9.3/armv6-m\libgcc.a(_udivsi3.o)
 .data          0x00000000        0x0 c:/program files (x86)/cypress/psoc creator/3.3/psoc creator/import/gnu/arm/4.9.3/bin/../lib/gcc/arm-none-eabi/4.9.3/armv6-m\libgcc.a(_udivsi3.o)
 .bss           0x00000000        0x0 c:/program files (x86)/cypress/psoc creator/3.3/psoc creator/import/gnu/arm/4.9.3/bin/../lib/gcc/arm-none-eabi/4.9.3/armv6-m\libgcc.a(_udivsi3.o)
 .text          0x00000000        0x4 c:/program files (x86)/cypress/psoc creator/3.3/psoc creator/import/gnu/arm/4.9.3/bin/../lib/gcc/arm-none-eabi/4.9.3/armv6-m\libgcc.a(_dvmd_tls.o)
 .data          0x00000000        0x0 c:/program files (x86)/cypress/psoc creator/3.3/psoc creator/import/gnu/arm/4.9.3/bin/../lib/gcc/arm-none-eabi/4.9.3/armv6-m\libgcc.a(_dvmd_tls.o)
 .bss           0x00000000        0x0 c:/program files (x86)/cypress/psoc creator/3.3/psoc creator/import/gnu/arm/4.9.3/bin/../lib/gcc/arm-none-eabi/4.9.3/armv6-m\libgcc.a(_dvmd_tls.o)
 .text          0x00000000        0x0 c:/program files (x86)/cypress/psoc creator/3.3/psoc creator/import/gnu/arm/4.9.3/bin/../lib/gcc/arm-none-eabi/4.9.3/../../../../arm-none-eabi/lib/armv6-m\libg_nano.a(lib_a-errno.o)
 .data          0x00000000        0x0 c:/program files (x86)/cypress/psoc creator/3.3/psoc creator/import/gnu/arm/4.9.3/bin/../lib/gcc/arm-none-eabi/4.9.3/../../../../arm-none-eabi/lib/armv6-m\libg_nano.a(lib_a-errno.o)
 .bss           0x00000000        0x0 c:/program files (x86)/cypress/psoc creator/3.3/psoc creator/import/gnu/arm/4.9.3/bin/../lib/gcc/arm-none-eabi/4.9.3/../../../../arm-none-eabi/lib/armv6-m\libg_nano.a(lib_a-errno.o)
 .text.__errno  0x00000000        0xc c:/program files (x86)/cypress/psoc creator/3.3/psoc creator/import/gnu/arm/4.9.3/bin/../lib/gcc/arm-none-eabi/4.9.3/../../../../arm-none-eabi/lib/armv6-m\libg_nano.a(lib_a-errno.o)
 .text          0x00000000        0x0 c:/program files (x86)/cypress/psoc creator/3.3/psoc creator/import/gnu/arm/4.9.3/bin/../lib/gcc/arm-none-eabi/4.9.3/../../../../arm-none-eabi/lib/armv6-m\libg_nano.a(lib_a-exit.o)
 .data          0x00000000        0x0 c:/program files (x86)/cypress/psoc creator/3.3/psoc creator/import/gnu/arm/4.9.3/bin/../lib/gcc/arm-none-eabi/4.9.3/../../../../arm-none-eabi/lib/armv6-m\libg_nano.a(lib_a-exit.o)
 .bss           0x00000000        0x0 c:/program files (x86)/cypress/psoc creator/3.3/psoc creator/import/gnu/arm/4.9.3/bin/../lib/gcc/arm-none-eabi/4.9.3/../../../../arm-none-eabi/lib/armv6-m\libg_nano.a(lib_a-exit.o)
 .text.exit     0x00000000       0x2c c:/program files (x86)/cypress/psoc creator/3.3/psoc creator/import/gnu/arm/4.9.3/bin/../lib/gcc/arm-none-eabi/4.9.3/../../../../arm-none-eabi/lib/armv6-m\libg_nano.a(lib_a-exit.o)
 .text          0x00000000        0x0 c:/program files (x86)/cypress/psoc creator/3.3/psoc creator/import/gnu/arm/4.9.3/bin/../lib/gcc/arm-none-eabi/4.9.3/../../../../arm-none-eabi/lib/armv6-m\libg_nano.a(lib_a-impure.o)
 .data          0x00000000        0x0 c:/program files (x86)/cypress/psoc creator/3.3/psoc creator/import/gnu/arm/4.9.3/bin/../lib/gcc/arm-none-eabi/4.9.3/../../../../arm-none-eabi/lib/armv6-m\libg_nano.a(lib_a-impure.o)
 .bss           0x00000000        0x0 c:/program files (x86)/cypress/psoc creator/3.3/psoc creator/import/gnu/arm/4.9.3/bin/../lib/gcc/arm-none-eabi/4.9.3/../../../../arm-none-eabi/lib/armv6-m\libg_nano.a(lib_a-impure.o)
 .data.impure_data
                0x00000000       0x60 c:/program files (x86)/cypress/psoc creator/3.3/psoc creator/import/gnu/arm/4.9.3/bin/../lib/gcc/arm-none-eabi/4.9.3/../../../../arm-none-eabi/lib/armv6-m\libg_nano.a(lib_a-impure.o)
 .data._impure_ptr
                0x00000000        0x4 c:/program files (x86)/cypress/psoc creator/3.3/psoc creator/import/gnu/arm/4.9.3/bin/../lib/gcc/arm-none-eabi/4.9.3/../../../../arm-none-eabi/lib/armv6-m\libg_nano.a(lib_a-impure.o)
 .rodata.str1.1
                0x00000000        0x2 c:/program files (x86)/cypress/psoc creator/3.3/psoc creator/import/gnu/arm/4.9.3/bin/../lib/gcc/arm-none-eabi/4.9.3/../../../../arm-none-eabi/lib/armv6-m\libg_nano.a(lib_a-impure.o)
 .rodata._global_impure_ptr
                0x00000000        0x4 c:/program files (x86)/cypress/psoc creator/3.3/psoc creator/import/gnu/arm/4.9.3/bin/../lib/gcc/arm-none-eabi/4.9.3/../../../../arm-none-eabi/lib/armv6-m\libg_nano.a(lib_a-impure.o)
 .text          0x00000000        0x0 c:/program files (x86)/cypress/psoc creator/3.3/psoc creator/import/gnu/arm/4.9.3/bin/../lib/gcc/arm-none-eabi/4.9.3/../../../../arm-none-eabi/lib/armv6-m\libg_nano.a(lib_a-init.o)
 .data          0x00000000        0x0 c:/program files (x86)/cypress/psoc creator/3.3/psoc creator/import/gnu/arm/4.9.3/bin/../lib/gcc/arm-none-eabi/4.9.3/../../../../arm-none-eabi/lib/armv6-m\libg_nano.a(lib_a-init.o)
 .bss           0x00000000        0x0 c:/program files (x86)/cypress/psoc creator/3.3/psoc creator/import/gnu/arm/4.9.3/bin/../lib/gcc/arm-none-eabi/4.9.3/../../../../arm-none-eabi/lib/armv6-m\libg_nano.a(lib_a-init.o)
 .text          0x00000000        0x0 c:/program files (x86)/cypress/psoc creator/3.3/psoc creator/import/gnu/arm/4.9.3/bin/../lib/gcc/arm-none-eabi/4.9.3/../../../../arm-none-eabi/lib/armv6-m\libg_nano.a(lib_a-memset.o)
 .data          0x00000000        0x0 c:/program files (x86)/cypress/psoc creator/3.3/psoc creator/import/gnu/arm/4.9.3/bin/../lib/gcc/arm-none-eabi/4.9.3/../../../../arm-none-eabi/lib/armv6-m\libg_nano.a(lib_a-memset.o)
 .bss           0x00000000        0x0 c:/program files (x86)/cypress/psoc creator/3.3/psoc creator/import/gnu/arm/4.9.3/bin/../lib/gcc/arm-none-eabi/4.9.3/../../../../arm-none-eabi/lib/armv6-m\libg_nano.a(lib_a-memset.o)
 .text          0x00000000        0x0 c:/program files (x86)/cypress/psoc creator/3.3/psoc creator/import/gnu/arm/4.9.3/bin/../lib/gcc/arm-none-eabi/4.9.3/armv6-m/crtend.o
 .data          0x00000000        0x0 c:/program files (x86)/cypress/psoc creator/3.3/psoc creator/import/gnu/arm/4.9.3/bin/../lib/gcc/arm-none-eabi/4.9.3/armv6-m/crtend.o
 .bss           0x00000000        0x0 c:/program files (x86)/cypress/psoc creator/3.3/psoc creator/import/gnu/arm/4.9.3/bin/../lib/gcc/arm-none-eabi/4.9.3/armv6-m/crtend.o
 .text          0x00000000        0x0 c:/program files (x86)/cypress/psoc creator/3.3/psoc creator/import/gnu/arm/4.9.3/bin/../lib/gcc/arm-none-eabi/4.9.3/armv6-m/crtn.o
 .data          0x00000000        0x0 c:/program files (x86)/cypress/psoc creator/3.3/psoc creator/import/gnu/arm/4.9.3/bin/../lib/gcc/arm-none-eabi/4.9.3/armv6-m/crtn.o
 .bss           0x00000000        0x0 c:/program files (x86)/cypress/psoc creator/3.3/psoc creator/import/gnu/arm/4.9.3/bin/../lib/gcc/arm-none-eabi/4.9.3/armv6-m/crtn.o

Memory Configuration

Name             Origin             Length             Attributes
rom              0x00000000         0x00008000         xr
ram              0x20000000         0x00001000         xrw
*default*        0x00000000         0xffffffff

Linker script and memory map

LOAD c:/program files (x86)/cypress/psoc creator/3.3/psoc creator/import/gnu/arm/4.9.3/bin/../lib/gcc/arm-none-eabi/4.9.3/armv6-m/crti.o
LOAD c:/program files (x86)/cypress/psoc creator/3.3/psoc creator/import/gnu/arm/4.9.3/bin/../lib/gcc/arm-none-eabi/4.9.3/armv6-m/crtbegin.o
LOAD c:/program files (x86)/cypress/psoc creator/3.3/psoc creator/import/gnu/arm/4.9.3/bin/../lib/gcc/arm-none-eabi/4.9.3/../../../../arm-none-eabi/lib/armv6-m/crt0.o
START GROUP
LOAD .\CortexM0\ARM_GCC_493\Debug\main.o
LOAD .\CortexM0\ARM_GCC_493\Debug\cymetadata.o
LOAD .\CortexM0\ARM_GCC_493\Debug\Cm0Start.o
LOAD .\CortexM0\ARM_GCC_493\Debug\Lesson16.a
LOAD C:\Program Files (x86)\Cypress\PSoC Creator\3.3\PSoC Creator\psoc\content\cycomponentlibrary\CyComponentLibrary.cylib\CortexM0\ARM_GCC_493\Debug\CyComponentLibrary.a
END GROUP
START GROUP
LOAD c:/program files (x86)/cypress/psoc creator/3.3/psoc creator/import/gnu/arm/4.9.3/bin/../lib/gcc/arm-none-eabi/4.9.3/armv6-m\libgcc.a
LOAD c:/program files (x86)/cypress/psoc creator/3.3/psoc creator/import/gnu/arm/4.9.3/bin/../lib/gcc/arm-none-eabi/4.9.3/../../../../arm-none-eabi/lib/armv6-m\libg_nano.a
LOAD c:/program files (x86)/cypress/psoc creator/3.3/psoc creator/import/gnu/arm/4.9.3/bin/../lib/gcc/arm-none-eabi/4.9.3/../../../../arm-none-eabi/lib/armv6-m\libc_nano.a
END GROUP
START GROUP
LOAD c:/program files (x86)/cypress/psoc creator/3.3/psoc creator/import/gnu/arm/4.9.3/bin/../lib/gcc/arm-none-eabi/4.9.3/armv6-m\libgcc.a
LOAD c:/program files (x86)/cypress/psoc creator/3.3/psoc creator/import/gnu/arm/4.9.3/bin/../lib/gcc/arm-none-eabi/4.9.3/../../../../arm-none-eabi/lib/armv6-m\libc_nano.a
END GROUP
LOAD c:/program files (x86)/cypress/psoc creator/3.3/psoc creator/import/gnu/arm/4.9.3/bin/../lib/gcc/arm-none-eabi/4.9.3/armv6-m/crtend.o
LOAD c:/program files (x86)/cypress/psoc creator/3.3/psoc creator/import/gnu/arm/4.9.3/bin/../lib/gcc/arm-none-eabi/4.9.3/armv6-m/crtn.o
START GROUP
LOAD c:/program files (x86)/cypress/psoc creator/3.3/psoc creator/import/gnu/arm/4.9.3/bin/../lib/gcc/arm-none-eabi/4.9.3/armv6-m\libgcc.a
LOAD c:/program files (x86)/cypress/psoc creator/3.3/psoc creator/import/gnu/arm/4.9.3/bin/../lib/gcc/arm-none-eabi/4.9.3/../../../../arm-none-eabi/lib/armv6-m\libc.a
LOAD c:/program files (x86)/cypress/psoc creator/3.3/psoc creator/import/gnu/arm/4.9.3/bin/../lib/gcc/arm-none-eabi/4.9.3/../../../../arm-none-eabi/lib/armv6-m\libnosys.a
END GROUP
                0x00000000                CY_APPL_ORIGIN = 0x0
                0x00000080                CY_FLASH_ROW_SIZE = 0x80
                0x00000001                CY_APPL_NUM = 0x1
                0x00000001                CY_APPL_MAX = 0x1
                0x00000040                CY_METADATA_SIZE = 0x40
                0x00000000                CY_APPL_LOADABLE = 0x0
                0x00000000                CY_CHECKSUM_EXCLUDE_SIZE = ALIGN (0x0, CY_FLASH_ROW_SIZE)
                0x00000000                CY_APP_FOR_STACK_AND_COPIER = 0x0
                0x20000128                PROVIDE (__cy_heap_start, _end)
                0x00000001                PROVIDE (__cy_region_num, ((__cy_regions_end - __cy_regions) / 0x10))
                0x20001000                PROVIDE (__cy_stack, (ORIGIN (ram) + 0x1000))
                0x20000c00                PROVIDE (__cy_heap_end, (__cy_stack - 0x400))

.cybootloader   0x00000000        0x0
 *(.cybootloader)
                0x00000000                appl1_start = CY_APPL_ORIGIN?CY_APPL_ORIGIN:ALIGN (CY_FLASH_ROW_SIZE)
                0x00003f80                appl2_start = (appl1_start + ALIGN ((((0x8000 - appl1_start) - (0x2 * CY_FLASH_ROW_SIZE)) / 0x2), CY_FLASH_ROW_SIZE))
                0x00000000                appl_start = (CY_APPL_NUM == 0x1)?appl1_start:appl2_start
                0x00000001                cy_project_type_bootloader = (appl_start == 0x0)?0x1:0x0
                0x00000000                cy_project_type_app_for_stack_and_copier = (CY_APP_FOR_STACK_AND_COPIER == 0x1)?0x1:0x0

.text           0x00000000      0x990
 CREATE_OBJECT_SYMBOLS
                0x00000000                PROVIDE (__cy_interrupt_vector, RomVectors)
 *(.romvectors)
 .romvectors    0x00000000       0x10 .\CortexM0\ARM_GCC_493\Debug\Cm0Start.o
                0x00000000                RomVectors
                0x00000001                ASSERT ((. != __cy_interrupt_vector), No interrupt vector)
                0x00000001                ASSERT (CY_APPL_ORIGIN?(SIZEOF (.cybootloader) <= CY_APPL_ORIGIN):0x1, Wrong image location)
                0x00000010                PROVIDE (__cy_reset, Reset)
 *(.text.Reset)
 .text.Reset    0x00000010        0x8 .\CortexM0\ARM_GCC_493\Debug\Cm0Start.o
                0x00000010                Reset
                0x00000001                ASSERT ((. != __cy_reset), No reset code)
 *(.psocinit)
 .psocinit      0x00000018      0x1b4 .\CortexM0\ARM_GCC_493\Debug\Lesson16.a(cyfitter_cfg.o)
                0x000000d8                cyfitter_cfg
                0x000001cc                . = MAX (., 0x100)
 *(.text .text.* .gnu.linkonce.t.*)
 .text          0x000001cc       0x60 c:/program files (x86)/cypress/psoc creator/3.3/psoc creator/import/gnu/arm/4.9.3/bin/../lib/gcc/arm-none-eabi/4.9.3/armv6-m/crtbegin.o
 .text.Timer_Int_Handler
                0x0000022c        0xc .\CortexM0\ARM_GCC_493\Debug\main.o
                0x0000022c                Timer_Int_Handler
 .text.main     0x00000238       0x3c .\CortexM0\ARM_GCC_493\Debug\main.o
                0x00000238                main
 .text.IntDefaultHandler
                0x00000274        0x4 .\CortexM0\ARM_GCC_493\Debug\Cm0Start.o
                0x00000274                IntDefaultHandler
 .text.Start_c  0x00000278       0x48 .\CortexM0\ARM_GCC_493\Debug\Cm0Start.o
                0x00000278                Start_c
 .text.initialize_psoc
                0x000002c0       0x48 .\CortexM0\ARM_GCC_493\Debug\Cm0Start.o
                0x000002c0                initialize_psoc
 .text.cfg_write_bytes32
                0x00000308       0x34 .\CortexM0\ARM_GCC_493\Debug\Lesson16.a(cyfitter_cfg.o)
 .text.CYMEMZERO
                0x0000033c        0xc .\CortexM0\ARM_GCC_493\Debug\Lesson16.a(cyfitter_cfg.o)
 .text.UART_ScbModePostEnable
                0x00000348        0x8 .\CortexM0\ARM_GCC_493\Debug\Lesson16.a(UART.o)
 .text.UART_Init
                0x00000350        0x8 .\CortexM0\ARM_GCC_493\Debug\Lesson16.a(UART.o)
                0x00000350                UART_Init
 .text.UART_Enable
                0x00000358       0x18 .\CortexM0\ARM_GCC_493\Debug\Lesson16.a(UART.o)
                0x00000358                UART_Enable
 .text.UART_Start
                0x00000370       0x20 .\CortexM0\ARM_GCC_493\Debug\Lesson16.a(UART.o)
                0x00000370                UART_Start
 .text.UART_UartInit
                0x00000390       0x98 .\CortexM0\ARM_GCC_493\Debug\Lesson16.a(UART_UART.o)
                0x00000390                UART_UartInit
 .text.UART_UartPostEnable
                0x00000428       0x2c .\CortexM0\ARM_GCC_493\Debug\Lesson16.a(UART_UART.o)
                0x00000428                UART_UartPostEnable
 .text.UART_UartPutString
                0x00000454       0x18 .\CortexM0\ARM_GCC_493\Debug\Lesson16.a(UART_UART.o)
                0x00000454                UART_UartPutString
 .text.Timer_WriteCounter
                0x0000046c       0x10 .\CortexM0\ARM_GCC_493\Debug\Lesson16.a(Timer.o)
                0x0000046c                Timer_WriteCounter
 .text.Timer_WritePeriod
                0x0000047c       0x10 .\CortexM0\ARM_GCC_493\Debug\Lesson16.a(Timer.o)
                0x0000047c                Timer_WritePeriod
 .text.Timer_TriggerCommand
                0x0000048c       0x1c .\CortexM0\ARM_GCC_493\Debug\Lesson16.a(Timer.o)
                0x0000048c                Timer_TriggerCommand
 .text.Timer_Enable
                0x000004a8       0x24 .\CortexM0\ARM_GCC_493\Debug\Lesson16.a(Timer.o)
                0x000004a8                Timer_Enable
 .text.Timer_SetInterruptMode
                0x000004cc        0xc .\CortexM0\ARM_GCC_493\Debug\Lesson16.a(Timer.o)
                0x000004cc                Timer_SetInterruptMode
 .text.Timer_Init
                0x000004d8       0x34 .\CortexM0\ARM_GCC_493\Debug\Lesson16.a(Timer.o)
                0x000004d8                Timer_Init
 .text.Timer_Start
                0x0000050c       0x20 .\CortexM0\ARM_GCC_493\Debug\Lesson16.a(Timer.o)
                0x0000050c                Timer_Start
 .text.Timer_ClearInterrupt
                0x0000052c        0xc .\CortexM0\ARM_GCC_493\Debug\Lesson16.a(Timer.o)
                0x0000052c                Timer_ClearInterrupt
 .text.Timer_Int_SetVector
                0x00000538        0xc .\CortexM0\ARM_GCC_493\Debug\Lesson16.a(Timer_Int.o)
                0x00000538                Timer_Int_SetVector
 .text.Timer_Int_SetPriority
                0x00000544       0x20 .\CortexM0\ARM_GCC_493\Debug\Lesson16.a(Timer_Int.o)
                0x00000544                Timer_Int_SetPriority
 .text.Timer_Int_Enable
                0x00000564       0x10 .\CortexM0\ARM_GCC_493\Debug\Lesson16.a(Timer_Int.o)
                0x00000564                Timer_Int_Enable
 .text.Timer_Int_Disable
                0x00000574       0x10 .\CortexM0\ARM_GCC_493\Debug\Lesson16.a(Timer_Int.o)
                0x00000574                Timer_Int_Disable
 .text.Timer_Int_StartEx
                0x00000584       0x1c .\CortexM0\ARM_GCC_493\Debug\Lesson16.a(Timer_Int.o)
                0x00000584                Timer_Int_StartEx
 .text          0x000005a0       0x28 .\CortexM0\ARM_GCC_493\Debug\Lesson16.a(CyBootAsmGnu.o)
                0x000005a0                CyDelayCycles
                0x000005b4                CyEnterCriticalSection
                0x000005bc                CyExitCriticalSection
 .text.CyIntEnable
                0x000005c8       0x14 .\CortexM0\ARM_GCC_493\Debug\Lesson16.a(CyLib.o)
                0x000005c8                CyIntEnable
 .text.CyHalt   0x000005dc        0x4 .\CortexM0\ARM_GCC_493\Debug\Lesson16.a(CyLib.o)
                0x000005dc                CyHalt
 .text.CyIntSetVector
                0x000005e0       0x24 .\CortexM0\ARM_GCC_493\Debug\Lesson16.a(CyLib.o)
                0x000005e0                CyIntSetVector
 .text.CyDelay  0x00000604       0x30 .\CortexM0\ARM_GCC_493\Debug\Lesson16.a(CyLib.o)
                0x00000604                CyDelay
 .text.CyDelayUs
                0x00000634       0x14 .\CortexM0\ARM_GCC_493\Debug\Lesson16.a(CyLib.o)
                0x00000634                CyDelayUs
 .text.CySysClkWriteImoFreq
                0x00000648      0x164 .\CortexM0\ARM_GCC_493\Debug\Lesson16.a(CyLib.o)
                0x00000648                CySysClkWriteImoFreq
 .text.CySysPmSleep
                0x000007ac       0x1c .\CortexM0\ARM_GCC_493\Debug\Lesson16.a(cyPm.o)
                0x000007ac                CySysPmSleep
 .text.CySysWdtLocked
                0x000007c8       0x14 .\CortexM0\ARM_GCC_493\Debug\Lesson16.a(CyLFClk.o)
 .text.CySysWdtLock
                0x000007dc       0x1c .\CortexM0\ARM_GCC_493\Debug\Lesson16.a(CyLFClk.o)
                0x000007dc                CySysWdtLock
 .text.CySysWdtUnlock
                0x000007f8       0x30 .\CortexM0\ARM_GCC_493\Debug\Lesson16.a(CyLFClk.o)
                0x000007f8                CySysWdtUnlock
 .text.CySysWdtClearInterrupt
                0x00000828       0x4c .\CortexM0\ARM_GCC_493\Debug\Lesson16.a(CyLFClk.o)
                0x00000828                CySysWdtClearInterrupt
 .text.CySysWdtIsr
                0x00000874       0xa4 .\CortexM0\ARM_GCC_493\Debug\Lesson16.a(CyLFClk.o)
                0x00000874                CySysWdtIsr
 .text.UART_SpiUartWriteTxData
                0x00000918       0x1c .\CortexM0\ARM_GCC_493\Debug\Lesson16.a(UART_SPI_UART.o)
                0x00000918                UART_SpiUartWriteTxData
 .text.__libc_init_array
                0x00000934       0x4c c:/program files (x86)/cypress/psoc creator/3.3/psoc creator/import/gnu/arm/4.9.3/bin/../lib/gcc/arm-none-eabi/4.9.3/../../../../arm-none-eabi/lib/armv6-m\libg_nano.a(lib_a-init.o)
                0x00000934                __libc_init_array
 .text.memset   0x00000980       0x10 c:/program files (x86)/cypress/psoc creator/3.3/psoc creator/import/gnu/arm/4.9.3/bin/../lib/gcc/arm-none-eabi/4.9.3/../../../../arm-none-eabi/lib/armv6-m\libg_nano.a(lib_a-memset.o)
                0x00000980                memset
 *(.plt)
 *(.gnu.warning)
 *(.glue_7t)
 .glue_7t       0x00000000        0x0 linker stubs
 *(.glue_7)
 .glue_7        0x00000000        0x0 linker stubs
 *(.vfp11_veneer)
 .vfp11_veneer  0x00000000        0x0 linker stubs
 *(.bootloader)
 *(.ARM.extab* .gnu.linkonce.armextab.*)
 *(.gcc_except_table)

.v4_bx          0x00000990        0x0
 .v4_bx         0x00000000        0x0 linker stubs

.iplt           0x00000990        0x0
 .iplt          0x00000000        0x0 c:/program files (x86)/cypress/psoc creator/3.3/psoc creator/import/gnu/arm/4.9.3/bin/../lib/gcc/arm-none-eabi/4.9.3/armv6-m/crtbegin.o

.eh_frame_hdr
 *(.eh_frame_hdr)

.eh_frame       0x00000990        0x4
 *(.eh_frame)
 .eh_frame      0x00000990        0x0 c:/program files (x86)/cypress/psoc creator/3.3/psoc creator/import/gnu/arm/4.9.3/bin/../lib/gcc/arm-none-eabi/4.9.3/armv6-m/crtbegin.o
 .eh_frame      0x00000990        0x4 c:/program files (x86)/cypress/psoc creator/3.3/psoc creator/import/gnu/arm/4.9.3/bin/../lib/gcc/arm-none-eabi/4.9.3/armv6-m/crtend.o
                0x00000994                PROVIDE (__exidx_start, .)

.ARM.exidx
 *(.ARM.exidx* .gnu.linkonce.armexidx.*)
                0x00000994                __exidx_end = .

.rodata         0x00000994       0xd4
 *(.rodata .rodata.* .gnu.linkonce.r.*)
 .rodata.str1.4
                0x00000994       0x1c .\CortexM0\ARM_GCC_493\Debug\main.o
 .rodata        0x000009b0       0x54 .\CortexM0\ARM_GCC_493\Debug\Lesson16.a(cyfitter_cfg.o)
 .rodata        0x00000a04       0x30 .\CortexM0\ARM_GCC_493\Debug\Lesson16.a(CyLib.o)
                0x00000a04                cyImoFreqMhz2Reg
                0x00000a34                . = ALIGN (0x4)
 *(.init)
 .init          0x00000a34        0x4 c:/program files (x86)/cypress/psoc creator/3.3/psoc creator/import/gnu/arm/4.9.3/bin/../lib/gcc/arm-none-eabi/4.9.3/armv6-m/crti.o
                0x00000a34                _init
 .init          0x00000a38        0x8 c:/program files (x86)/cypress/psoc creator/3.3/psoc creator/import/gnu/arm/4.9.3/bin/../lib/gcc/arm-none-eabi/4.9.3/armv6-m/crtn.o
                0x00000a40                . = ALIGN (0x4)
                0x00000a40                __preinit_array_start = .
 *(.preinit_array)
                0x00000a40                __preinit_array_end = .
                0x00000a40                . = ALIGN (0x4)
                0x00000a40                __init_array_start = .
 *(SORT(.init_array.*))
 *(.init_array)
 .init_array    0x00000a40        0x4 c:/program files (x86)/cypress/psoc creator/3.3/psoc creator/import/gnu/arm/4.9.3/bin/../lib/gcc/arm-none-eabi/4.9.3/armv6-m/crtbegin.o
 .init_array    0x00000a44        0x4 .\CortexM0\ARM_GCC_493\Debug\Cm0Start.o
                0x00000a48                __init_array_end = .
                0x00000a48                . = ALIGN (0x4)
 *(.fini)
 .fini          0x00000a48        0x4 c:/program files (x86)/cypress/psoc creator/3.3/psoc creator/import/gnu/arm/4.9.3/bin/../lib/gcc/arm-none-eabi/4.9.3/armv6-m/crti.o
                0x00000a48                _fini
 .fini          0x00000a4c        0x8 c:/program files (x86)/cypress/psoc creator/3.3/psoc creator/import/gnu/arm/4.9.3/bin/../lib/gcc/arm-none-eabi/4.9.3/armv6-m/crtn.o
                0x00000a54                . = ALIGN (0x4)
                0x00000a54                __fini_array_start = .
 *(.fini_array)
 .fini_array    0x00000a54        0x4 c:/program files (x86)/cypress/psoc creator/3.3/psoc creator/import/gnu/arm/4.9.3/bin/../lib/gcc/arm-none-eabi/4.9.3/armv6-m/crtbegin.o
 *(SORT(.fini_array.*))
                0x00000a58                __fini_array_end = .
                0x00000a58                . = ALIGN (0x4)
 *crtbegin.o(.ctors)
 *(EXCLUDE_FILE(*crtend.o) .ctors)
 *(SORT(.ctors.*))
 *crtend.o(.ctors)
                0x00000a58                . = ALIGN (0x4)
 *crtbegin.o(.dtors)
 *(EXCLUDE_FILE(*crtend.o) .dtors)
 *(SORT(.dtors.*))
 *crtend.o(.dtors)
                0x00000a58                . = ALIGN (0x4)
                0x00000a58                __cy_regions = .
                0x00000a58        0x4 LONG 0xa68 __cy_region_init_ram
                0x00000a5c        0x4 LONG 0x200000c8 __cy_region_start_data
                0x00000a60        0x4 LONG 0x18 __cy_region_init_size_ram
                0x00000a64        0x4 LONG 0x48 __cy_region_zero_size_ram
                0x00000a68                __cy_regions_end = .
                0x00000a68                . = ALIGN (0x8)
                0x00000a68                _etext = .

.cy_checksum_exclude
                0x00000a68        0x0
 *(.cy_checksum_exclude)

.ramvectors     0x20000000       0xc0
                0x20000000                __cy_region_start_ram = .
 *(.ramvectors)
 .ramvectors    0x20000000       0xc0 .\CortexM0\ARM_GCC_493\Debug\Cm0Start.o
                0x20000000                CyRamVectors

.noinit         0x200000c0        0x4
 *(.noinit)
 .noinit        0x200000c0        0x4 .\CortexM0\ARM_GCC_493\Debug\Cm0Start.o

.data           0x200000c8       0x18 load address 0x00000a68
                0x200000c8                __cy_region_start_data = .
 *(.jcr)
 .jcr           0x200000c8        0x0 c:/program files (x86)/cypress/psoc creator/3.3/psoc creator/import/gnu/arm/4.9.3/bin/../lib/gcc/arm-none-eabi/4.9.3/armv6-m/crtbegin.o
 .jcr           0x200000c8        0x4 c:/program files (x86)/cypress/psoc creator/3.3/psoc creator/import/gnu/arm/4.9.3/bin/../lib/gcc/arm-none-eabi/4.9.3/armv6-m/crtend.o
 *(.got.plt)
 *(.got)
 *(.shdata)
 *(.data .data.* .gnu.linkonce.d.*)
 .data          0x200000cc       0x10 .\CortexM0\ARM_GCC_493\Debug\Lesson16.a(CyLib.o)
                0x200000cc                cydelay32kMs
                0x200000d0                cydelayFreqKhz
                0x200000d4                cydelayFreqMhz
                0x200000d8                cydelayFreqHz
 .data          0x200000dc        0x4 .\CortexM0\ARM_GCC_493\Debug\Lesson16.a(CyLFClk.o)
                0x200000e0                . = ALIGN (0x8)
 *(.ram)
                0x200000e0                _edata = .

.igot.plt       0x200000e0        0x0 load address 0x00000a80
 .igot.plt      0x00000000        0x0 c:/program files (x86)/cypress/psoc creator/3.3/psoc creator/import/gnu/arm/4.9.3/bin/../lib/gcc/arm-none-eabi/4.9.3/armv6-m/crtbegin.o

.bss            0x200000e0       0x48 load address 0x00000a80
                0x200000e0                PROVIDE (__bss_start__, .)
 *(.shbss)
 *(.bss .bss.* .gnu.linkonce.b.*)
 .bss           0x200000e0       0x1c c:/program files (x86)/cypress/psoc creator/3.3/psoc creator/import/gnu/arm/4.9.3/bin/../lib/gcc/arm-none-eabi/4.9.3/armv6-m/crtbegin.o
 .bss           0x200000fc        0x4 .\CortexM0\ARM_GCC_493\Debug\Lesson16.a(UART.o)
                0x200000fc                UART_initVar
                0x200000fe                UART_IntrTxMask
 .bss           0x20000100        0x1 .\CortexM0\ARM_GCC_493\Debug\Lesson16.a(Timer.o)
                0x20000100                Timer_initVar
 *fill*         0x20000101        0x3 
 .bss           0x20000104       0x20 .\CortexM0\ARM_GCC_493\Debug\Lesson16.a(CyLFClk.o)
 *(COMMON)
                0x20000128                . = ALIGN (0x8)
 *fill*         0x20000124        0x4 
 *(.ram.b)
                0x20000128                _end = .
                0x20000128                __end = .
                0x20000128                PROVIDE (end, .)
                0x20000128                PROVIDE (__bss_end__, .)
                0x00000a68                __cy_region_init_ram = LOADADDR (.data)
                0x00000018                __cy_region_init_size_ram = (_edata - ADDR (.data))
                0x00000048                __cy_region_zero_size_ram = (_end - _edata)

.heap           0x20000128       0x80 load address 0x00000a80
                0x20000128                . = _end
                0x200001a8                . = (. + 0x80)
 *fill*         0x20000128       0x80 
                0x200001a8                __cy_heap_limit = .

.stack          0x20000c00      0x400
                0x20000c00                __cy_stack_limit = .
                0x20001000                . = (. + 0x400)
 *fill*         0x20000c00      0x400 
                0x00000001                ASSERT ((__cy_stack_limit >= __cy_heap_limit), region RAM overflowed with stack)
                0x00000000                cy_checksum_exclude_size = (CY_APPL_LOADABLE == 0x1)?SIZEOF (.cy_checksum_exclude):0x0
                0x00000001                ASSERT ((cy_checksum_exclude_size <= CY_CHECKSUM_EXCLUDE_SIZE), CY_BOOT: Section .cy_checksum_exclude size exceedes specified limit.)
                0x00007fc0                cyloadermeta_start = (cy_project_type_bootloader || cy_project_type_app_for_stack_and_copier)?(0x8000 - CY_METADATA_SIZE):0xf0000000

.cyloadermeta
 *(.cyloadermeta)
                0x00007fc0                cyloadablemeta_start = cy_project_type_app_for_stack_and_copier?((0x8000 - CY_FLASH_ROW_SIZE) - CY_METADATA_SIZE):((0x8000 - (CY_FLASH_ROW_SIZE * (CY_APPL_NUM - 0x1))) - CY_METADATA_SIZE)

.cyloadablemeta
 *(.cyloadablemeta)

.cyflashprotect
                0x90400000       0x20
 *(.cyflashprotect)
 .cyflashprotect
                0x90400000       0x20 .\CortexM0\ARM_GCC_493\Debug\cymetadata.o
                0x90400000                cy_meta_flashprotect

.cymeta         0x90500000        0xc
 *(.cymeta)
 .cymeta        0x90500000        0xc .\CortexM0\ARM_GCC_493\Debug\cymetadata.o
                0x90500000                cy_metadata

.cychipprotect  0x90600000        0x4
 *(.cychipprotect)
 .cychipprotect
                0x90600000        0x4 .\CortexM0\ARM_GCC_493\Debug\cymetadata.o
                0x90600000                cy_meta_chipprotect

.rel.dyn        0x00000a80        0x0 load address 0x90600004
 .rel.iplt      0x00000000        0x0 c:/program files (x86)/cypress/psoc creator/3.3/psoc creator/import/gnu/arm/4.9.3/bin/../lib/gcc/arm-none-eabi/4.9.3/armv6-m/crtbegin.o

.stab
 *(.stab)

.stabstr
 *(.stabstr)

.debug
 *(.debug)

.line
 *(.line)

.debug_srcinfo
 *(.debug_srcinfo)

.debug_sfnames
 *(.debug_sfnames)

.debug_aranges  0x00000000      0x6e0
 *(.debug_aranges)
 .debug_aranges
                0x00000000       0x28 .\CortexM0\ARM_GCC_493\Debug\main.o
 .debug_aranges
                0x00000028       0x18 .\CortexM0\ARM_GCC_493\Debug\cymetadata.o
 .debug_aranges
                0x00000040       0x48 .\CortexM0\ARM_GCC_493\Debug\Cm0Start.o
 .debug_aranges
                0x00000088       0x38 .\CortexM0\ARM_GCC_493\Debug\Lesson16.a(cyfitter_cfg.o)
 .debug_aranges
                0x000000c0       0x60 .\CortexM0\ARM_GCC_493\Debug\Lesson16.a(UART.o)
 .debug_aranges
                0x00000120       0x60 .\CortexM0\ARM_GCC_493\Debug\Lesson16.a(UART_UART.o)
 .debug_aranges
                0x00000180      0x158 .\CortexM0\ARM_GCC_493\Debug\Lesson16.a(Timer.o)
 .debug_aranges
                0x000002d8       0x80 .\CortexM0\ARM_GCC_493\Debug\Lesson16.a(Timer_Int.o)
 .debug_aranges
                0x00000358       0x20 .\CortexM0\ARM_GCC_493\Debug\Lesson16.a(CyBootAsmGnu.o)
 .debug_aranges
                0x00000378      0x178 .\CortexM0\ARM_GCC_493\Debug\Lesson16.a(CyLib.o)
 .debug_aranges
                0x000004f0       0x58 .\CortexM0\ARM_GCC_493\Debug\Lesson16.a(cyPm.o)
 .debug_aranges
                0x00000548      0x138 .\CortexM0\ARM_GCC_493\Debug\Lesson16.a(CyLFClk.o)
 .debug_aranges
                0x00000680       0x60 .\CortexM0\ARM_GCC_493\Debug\Lesson16.a(UART_SPI_UART.o)

.debug_pubnames
 *(.debug_pubnames)

.debug_info     0x00000000     0x3830
 *(.debug_info .gnu.linkonce.wi.*)
 .debug_info    0x00000000      0x1ca .\CortexM0\ARM_GCC_493\Debug\main.o
 .debug_info    0x000001ca       0xfe .\CortexM0\ARM_GCC_493\Debug\cymetadata.o
 .debug_info    0x000002c8      0x38c .\CortexM0\ARM_GCC_493\Debug\Cm0Start.o
 .debug_info    0x00000654      0x3bd .\CortexM0\ARM_GCC_493\Debug\Lesson16.a(cyfitter_cfg.o)
 .debug_info    0x00000a11      0x239 .\CortexM0\ARM_GCC_493\Debug\Lesson16.a(UART.o)
 .debug_info    0x00000c4a      0x2c4 .\CortexM0\ARM_GCC_493\Debug\Lesson16.a(UART_UART.o)
 .debug_info    0x00000f0e      0x8f1 .\CortexM0\ARM_GCC_493\Debug\Lesson16.a(Timer.o)
 .debug_info    0x000017ff      0x300 .\CortexM0\ARM_GCC_493\Debug\Lesson16.a(Timer_Int.o)
 .debug_info    0x00001aff       0x7b .\CortexM0\ARM_GCC_493\Debug\Lesson16.a(CyBootAsmGnu.o)
 .debug_info    0x00001b7a      0xad1 .\CortexM0\ARM_GCC_493\Debug\Lesson16.a(CyLib.o)
 .debug_info    0x0000264b      0x2d0 .\CortexM0\ARM_GCC_493\Debug\Lesson16.a(cyPm.o)
 .debug_info    0x0000291b      0xcfc .\CortexM0\ARM_GCC_493\Debug\Lesson16.a(CyLFClk.o)
 .debug_info    0x00003617      0x219 .\CortexM0\ARM_GCC_493\Debug\Lesson16.a(UART_SPI_UART.o)

.debug_abbrev   0x00000000     0x1123
 *(.debug_abbrev)
 .debug_abbrev  0x00000000      0x100 .\CortexM0\ARM_GCC_493\Debug\main.o
 .debug_abbrev  0x00000100       0x5d .\CortexM0\ARM_GCC_493\Debug\cymetadata.o
 .debug_abbrev  0x0000015d      0x1fe .\CortexM0\ARM_GCC_493\Debug\Cm0Start.o
 .debug_abbrev  0x0000035b      0x1d5 .\CortexM0\ARM_GCC_493\Debug\Lesson16.a(cyfitter_cfg.o)
 .debug_abbrev  0x00000530       0xed .\CortexM0\ARM_GCC_493\Debug\Lesson16.a(UART.o)
 .debug_abbrev  0x0000061d      0x13d .\CortexM0\ARM_GCC_493\Debug\Lesson16.a(UART_UART.o)
 .debug_abbrev  0x0000075a      0x133 .\CortexM0\ARM_GCC_493\Debug\Lesson16.a(Timer.o)
 .debug_abbrev  0x0000088d      0x1b4 .\CortexM0\ARM_GCC_493\Debug\Lesson16.a(Timer_Int.o)
 .debug_abbrev  0x00000a41       0x14 .\CortexM0\ARM_GCC_493\Debug\Lesson16.a(CyBootAsmGnu.o)
 .debug_abbrev  0x00000a55      0x20d .\CortexM0\ARM_GCC_493\Debug\Lesson16.a(CyLib.o)
 .debug_abbrev  0x00000c62      0x137 .\CortexM0\ARM_GCC_493\Debug\Lesson16.a(cyPm.o)
 .debug_abbrev  0x00000d99      0x23b .\CortexM0\ARM_GCC_493\Debug\Lesson16.a(CyLFClk.o)
 .debug_abbrev  0x00000fd4      0x14f .\CortexM0\ARM_GCC_493\Debug\Lesson16.a(UART_SPI_UART.o)

.debug_line     0x00000000     0x17ec
 *(.debug_line)
 .debug_line    0x00000000       0xda .\CortexM0\ARM_GCC_493\Debug\main.o
 .debug_line    0x000000da       0x53 .\CortexM0\ARM_GCC_493\Debug\cymetadata.o
 .debug_line    0x0000012d      0x248 .\CortexM0\ARM_GCC_493\Debug\Cm0Start.o
 .debug_line    0x00000375      0x16b .\CortexM0\ARM_GCC_493\Debug\Lesson16.a(cyfitter_cfg.o)
 .debug_line    0x000004e0      0x140 .\CortexM0\ARM_GCC_493\Debug\Lesson16.a(UART.o)
 .debug_line    0x00000620      0x165 .\CortexM0\ARM_GCC_493\Debug\Lesson16.a(UART_UART.o)
 .debug_line    0x00000785      0x37b .\CortexM0\ARM_GCC_493\Debug\Lesson16.a(Timer.o)
 .debug_line    0x00000b00      0x16e .\CortexM0\ARM_GCC_493\Debug\Lesson16.a(Timer_Int.o)
 .debug_line    0x00000c6e       0x6b .\CortexM0\ARM_GCC_493\Debug\Lesson16.a(CyBootAsmGnu.o)
 .debug_line    0x00000cd9      0x44b .\CortexM0\ARM_GCC_493\Debug\Lesson16.a(CyLib.o)
 .debug_line    0x00001124      0x12c .\CortexM0\ARM_GCC_493\Debug\Lesson16.a(cyPm.o)
 .debug_line    0x00001250      0x469 .\CortexM0\ARM_GCC_493\Debug\Lesson16.a(CyLFClk.o)
 .debug_line    0x000016b9      0x133 .\CortexM0\ARM_GCC_493\Debug\Lesson16.a(UART_SPI_UART.o)

.debug_frame    0x00000000     0x11b8
 *(.debug_frame)
 .debug_frame   0x00000000       0x48 .\CortexM0\ARM_GCC_493\Debug\main.o
 .debug_frame   0x00000048       0xb0 .\CortexM0\ARM_GCC_493\Debug\Cm0Start.o
 .debug_frame   0x000000f8       0x8c .\CortexM0\ARM_GCC_493\Debug\Lesson16.a(cyfitter_cfg.o)
 .debug_frame   0x00000184       0xe8 .\CortexM0\ARM_GCC_493\Debug\Lesson16.a(UART.o)
 .debug_frame   0x0000026c       0xe0 .\CortexM0\ARM_GCC_493\Debug\Lesson16.a(UART_UART.o)
 .debug_frame   0x0000034c      0x390 .\CortexM0\ARM_GCC_493\Debug\Lesson16.a(Timer.o)
 .debug_frame   0x000006dc      0x110 .\CortexM0\ARM_GCC_493\Debug\Lesson16.a(Timer_Int.o)
 .debug_frame   0x000007ec      0x3d0 .\CortexM0\ARM_GCC_493\Debug\Lesson16.a(CyLib.o)
 .debug_frame   0x00000bbc       0xf0 .\CortexM0\ARM_GCC_493\Debug\Lesson16.a(cyPm.o)
 .debug_frame   0x00000cac      0x3a8 .\CortexM0\ARM_GCC_493\Debug\Lesson16.a(CyLFClk.o)
 .debug_frame   0x00001054       0xb0 .\CortexM0\ARM_GCC_493\Debug\Lesson16.a(UART_SPI_UART.o)
 .debug_frame   0x00001104       0x20 c:/program files (x86)/cypress/psoc creator/3.3/psoc creator/import/gnu/arm/4.9.3/bin/../lib/gcc/arm-none-eabi/4.9.3/armv6-m\libgcc.a(_udivsi3.o)
 .debug_frame   0x00001124       0x20 c:/program files (x86)/cypress/psoc creator/3.3/psoc creator/import/gnu/arm/4.9.3/bin/../lib/gcc/arm-none-eabi/4.9.3/../../../../arm-none-eabi/lib/armv6-m\libg_nano.a(lib_a-errno.o)
 .debug_frame   0x00001144       0x28 c:/program files (x86)/cypress/psoc creator/3.3/psoc creator/import/gnu/arm/4.9.3/bin/../lib/gcc/arm-none-eabi/4.9.3/../../../../arm-none-eabi/lib/armv6-m\libg_nano.a(lib_a-exit.o)
 .debug_frame   0x0000116c       0x2c c:/program files (x86)/cypress/psoc creator/3.3/psoc creator/import/gnu/arm/4.9.3/bin/../lib/gcc/arm-none-eabi/4.9.3/../../../../arm-none-eabi/lib/armv6-m\libg_nano.a(lib_a-init.o)
 .debug_frame   0x00001198       0x20 c:/program files (x86)/cypress/psoc creator/3.3/psoc creator/import/gnu/arm/4.9.3/bin/../lib/gcc/arm-none-eabi/4.9.3/../../../../arm-none-eabi/lib/armv6-m\libg_nano.a(lib_a-memset.o)

.debug_str      0x00000000     0x16f4
 *(.debug_str)
 .debug_str     0x00000000      0x1bf .\CortexM0\ARM_GCC_493\Debug\main.o
                                0x1f8 (size before relaxing)
 .debug_str     0x000001bf       0x61 .\CortexM0\ARM_GCC_493\Debug\cymetadata.o
                                0x1b9 (size before relaxing)
 .debug_str     0x00000220      0x14f .\CortexM0\ARM_GCC_493\Debug\Cm0Start.o
                                0x2e0 (size before relaxing)
 .debug_str     0x0000036f       0xfc .\CortexM0\ARM_GCC_493\Debug\Lesson16.a(cyfitter_cfg.o)
                                0x2b1 (size before relaxing)
 .debug_str     0x0000046b      0x115 .\CortexM0\ARM_GCC_493\Debug\Lesson16.a(UART.o)
                                0x292 (size before relaxing)
 .debug_str     0x00000580      0x114 .\CortexM0\ARM_GCC_493\Debug\Lesson16.a(UART_UART.o)
                                0x2e1 (size before relaxing)
 .debug_str     0x00000694      0x3fe .\CortexM0\ARM_GCC_493\Debug\Lesson16.a(Timer.o)
                                0x590 (size before relaxing)
 .debug_str     0x00000a92      0x135 .\CortexM0\ARM_GCC_493\Debug\Lesson16.a(Timer_Int.o)
                                0x301 (size before relaxing)
 .debug_str     0x00000bc7      0x459 .\CortexM0\ARM_GCC_493\Debug\Lesson16.a(CyLib.o)
                                0x674 (size before relaxing)
 .debug_str     0x00001020       0xbb .\CortexM0\ARM_GCC_493\Debug\Lesson16.a(cyPm.o)
                                0x294 (size before relaxing)
 .debug_str     0x000010db      0x534 .\CortexM0\ARM_GCC_493\Debug\Lesson16.a(CyLFClk.o)
                                0x71c (size before relaxing)
 .debug_str     0x0000160f       0xe5 .\CortexM0\ARM_GCC_493\Debug\Lesson16.a(UART_SPI_UART.o)
                                0x2ad (size before relaxing)

.debug_loc      0x00000000     0x1b22
 *(.debug_loc)
 .debug_loc     0x00000000      0x14f .\CortexM0\ARM_GCC_493\Debug\Cm0Start.o
 .debug_loc     0x0000014f      0x118 .\CortexM0\ARM_GCC_493\Debug\Lesson16.a(cyfitter_cfg.o)
 .debug_loc     0x00000267       0x7e .\CortexM0\ARM_GCC_493\Debug\Lesson16.a(UART.o)
 .debug_loc     0x000002e5      0x173 .\CortexM0\ARM_GCC_493\Debug\Lesson16.a(UART_UART.o)
 .debug_loc     0x00000458      0x547 .\CortexM0\ARM_GCC_493\Debug\Lesson16.a(Timer.o)
 .debug_loc     0x0000099f       0x82 .\CortexM0\ARM_GCC_493\Debug\Lesson16.a(Timer_Int.o)
 .debug_loc     0x00000a21      0x5b5 .\CortexM0\ARM_GCC_493\Debug\Lesson16.a(CyLib.o)
 .debug_loc     0x00000fd6       0xe1 .\CortexM0\ARM_GCC_493\Debug\Lesson16.a(cyPm.o)
 .debug_loc     0x000010b7      0x9d5 .\CortexM0\ARM_GCC_493\Debug\Lesson16.a(CyLFClk.o)
 .debug_loc     0x00001a8c       0x96 .\CortexM0\ARM_GCC_493\Debug\Lesson16.a(UART_SPI_UART.o)

.debug_macinfo
 *(.debug_macinfo)

.debug_ranges   0x00000000      0x5f8
 *(.debug_ranges)
 .debug_ranges  0x00000000       0x18 .\CortexM0\ARM_GCC_493\Debug\main.o
 .debug_ranges  0x00000018       0x38 .\CortexM0\ARM_GCC_493\Debug\Cm0Start.o
 .debug_ranges  0x00000050       0x28 .\CortexM0\ARM_GCC_493\Debug\Lesson16.a(cyfitter_cfg.o)
 .debug_ranges  0x00000078       0x50 .\CortexM0\ARM_GCC_493\Debug\Lesson16.a(UART.o)
 .debug_ranges  0x000000c8       0x50 .\CortexM0\ARM_GCC_493\Debug\Lesson16.a(UART_UART.o)
 .debug_ranges  0x00000118      0x148 .\CortexM0\ARM_GCC_493\Debug\Lesson16.a(Timer.o)
 .debug_ranges  0x00000260       0x70 .\CortexM0\ARM_GCC_493\Debug\Lesson16.a(Timer_Int.o)
 .debug_ranges  0x000002d0      0x168 .\CortexM0\ARM_GCC_493\Debug\Lesson16.a(CyLib.o)
 .debug_ranges  0x00000438       0x48 .\CortexM0\ARM_GCC_493\Debug\Lesson16.a(cyPm.o)
 .debug_ranges  0x00000480      0x128 .\CortexM0\ARM_GCC_493\Debug\Lesson16.a(CyLFClk.o)
 .debug_ranges  0x000005a8       0x50 .\CortexM0\ARM_GCC_493\Debug\Lesson16.a(UART_SPI_UART.o)

.comment        0x00000000       0x70
 .comment       0x00000000       0x70 .\CortexM0\ARM_GCC_493\Debug\main.o
                                 0x71 (size before relaxing)
 .comment       0x00000000       0x71 .\CortexM0\ARM_GCC_493\Debug\cymetadata.o
 .comment       0x00000000       0x71 .\CortexM0\ARM_GCC_493\Debug\Cm0Start.o
 .comment       0x00000000       0x71 .\CortexM0\ARM_GCC_493\Debug\Lesson16.a(cyfitter_cfg.o)
 .comment       0x00000000       0x71 .\CortexM0\ARM_GCC_493\Debug\Lesson16.a(UART.o)
 .comment       0x00000000       0x71 .\CortexM0\ARM_GCC_493\Debug\Lesson16.a(UART_UART.o)
 .comment       0x00000000       0x71 .\CortexM0\ARM_GCC_493\Debug\Lesson16.a(Timer.o)
 .comment       0x00000000       0x71 .\CortexM0\ARM_GCC_493\Debug\Lesson16.a(Timer_Int.o)
 .comment       0x00000000       0x71 .\CortexM0\ARM_GCC_493\Debug\Lesson16.a(CyLib.o)
 .comment       0x00000000       0x71 .\CortexM0\ARM_GCC_493\Debug\Lesson16.a(cyPm.o)
 .comment       0x00000000       0x71 .\CortexM0\ARM_GCC_493\Debug\Lesson16.a(CyLFClk.o)
 .comment       0x00000000       0x71 .\CortexM0\ARM_GCC_493\Debug\Lesson16.a(UART_SPI_UART.o)

.debug_weaknames
 *(.debug_weaknames)

.debug_funcnames
 *(.debug_funcnames)

.debug_typenames
 *(.debug_typenames)

.debug_varnames
 *(.debug_varnames)

.note.gnu.arm.ident
 *(.note.gnu.arm.ident)

.ARM.attributes
                0x00000000       0x28
 *(.ARM.attributes)
 .ARM.attributes
                0x00000000       0x1e c:/program files (x86)/cypress/psoc creator/3.3/psoc creator/import/gnu/arm/4.9.3/bin/../lib/gcc/arm-none-eabi/4.9.3/armv6-m/crti.o
 .ARM.attributes
                0x0000001e       0x2c c:/program files (x86)/cypress/psoc creator/3.3/psoc creator/import/gnu/arm/4.9.3/bin/../lib/gcc/arm-none-eabi/4.9.3/armv6-m/crtbegin.o
 .ARM.attributes
                0x0000004a       0x1b c:/program files (x86)/cypress/psoc creator/3.3/psoc creator/import/gnu/arm/4.9.3/bin/../lib/gcc/arm-none-eabi/4.9.3/../../../../arm-none-eabi/lib/armv6-m/crt0.o
 .ARM.attributes
                0x00000065       0x31 .\CortexM0\ARM_GCC_493\Debug\main.o
 .ARM.attributes
                0x00000096       0x31 .\CortexM0\ARM_GCC_493\Debug\cymetadata.o
 .ARM.attributes
                0x000000c7       0x31 .\CortexM0\ARM_GCC_493\Debug\Cm0Start.o
 .ARM.attributes
                0x000000f8       0x31 .\CortexM0\ARM_GCC_493\Debug\Lesson16.a(cyfitter_cfg.o)
 .ARM.attributes
                0x00000129       0x31 .\CortexM0\ARM_GCC_493\Debug\Lesson16.a(UART.o)
 .ARM.attributes
                0x0000015a       0x31 .\CortexM0\ARM_GCC_493\Debug\Lesson16.a(UART_UART.o)
 .ARM.attributes
                0x0000018b       0x31 .\CortexM0\ARM_GCC_493\Debug\Lesson16.a(Timer.o)
 .ARM.attributes
                0x000001bc       0x31 .\CortexM0\ARM_GCC_493\Debug\Lesson16.a(Timer_Int.o)
 .ARM.attributes
                0x000001ed       0x21 .\CortexM0\ARM_GCC_493\Debug\Lesson16.a(CyBootAsmGnu.o)
 .ARM.attributes
                0x0000020e       0x31 .\CortexM0\ARM_GCC_493\Debug\Lesson16.a(CyLib.o)
 .ARM.attributes
                0x0000023f       0x31 .\CortexM0\ARM_GCC_493\Debug\Lesson16.a(cyPm.o)
 .ARM.attributes
                0x00000270       0x31 .\CortexM0\ARM_GCC_493\Debug\Lesson16.a(CyLFClk.o)
 .ARM.attributes
                0x000002a1       0x31 .\CortexM0\ARM_GCC_493\Debug\Lesson16.a(UART_SPI_UART.o)
 .ARM.attributes
                0x000002d2       0x1e c:/program files (x86)/cypress/psoc creator/3.3/psoc creator/import/gnu/arm/4.9.3/bin/../lib/gcc/arm-none-eabi/4.9.3/armv6-m\libgcc.a(_udivsi3.o)
 .ARM.attributes
                0x000002f0       0x1e c:/program files (x86)/cypress/psoc creator/3.3/psoc creator/import/gnu/arm/4.9.3/bin/../lib/gcc/arm-none-eabi/4.9.3/armv6-m\libgcc.a(_dvmd_tls.o)
 .ARM.attributes
                0x0000030e       0x2c c:/program files (x86)/cypress/psoc creator/3.3/psoc creator/import/gnu/arm/4.9.3/bin/../lib/gcc/arm-none-eabi/4.9.3/../../../../arm-none-eabi/lib/armv6-m\libg_nano.a(lib_a-errno.o)
 .ARM.attributes
                0x0000033a       0x2c c:/program files (x86)/cypress/psoc creator/3.3/psoc creator/import/gnu/arm/4.9.3/bin/../lib/gcc/arm-none-eabi/4.9.3/../../../../arm-none-eabi/lib/armv6-m\libg_nano.a(lib_a-exit.o)
 .ARM.attributes
                0x00000366       0x2c c:/program files (x86)/cypress/psoc creator/3.3/psoc creator/import/gnu/arm/4.9.3/bin/../lib/gcc/arm-none-eabi/4.9.3/../../../../arm-none-eabi/lib/armv6-m\libg_nano.a(lib_a-impure.o)
 .ARM.attributes
                0x00000392       0x2c c:/program files (x86)/cypress/psoc creator/3.3/psoc creator/import/gnu/arm/4.9.3/bin/../lib/gcc/arm-none-eabi/4.9.3/../../../../arm-none-eabi/lib/armv6-m\libg_nano.a(lib_a-init.o)
 .ARM.attributes
                0x000003be       0x2c c:/program files (x86)/cypress/psoc creator/3.3/psoc creator/import/gnu/arm/4.9.3/bin/../lib/gcc/arm-none-eabi/4.9.3/../../../../arm-none-eabi/lib/armv6-m\libg_nano.a(lib_a-memset.o)
 .ARM.attributes
                0x000003ea       0x2c c:/program files (x86)/cypress/psoc creator/3.3/psoc creator/import/gnu/arm/4.9.3/bin/../lib/gcc/arm-none-eabi/4.9.3/armv6-m/crtend.o
 .ARM.attributes
                0x00000416       0x1e c:/program files (x86)/cypress/psoc creator/3.3/psoc creator/import/gnu/arm/4.9.3/bin/../lib/gcc/arm-none-eabi/4.9.3/armv6-m/crtn.o

/DISCARD/
 *(.note.GNU-stack)
OUTPUT(.\CortexM0\ARM_GCC_493\Debug\Lesson16.elf elf32-littlearm)
