ARM GAS  C:\Users\Chris\AppData\Local\Temp\ccj1ZNsX.s 			page 1


   1              		.cpu cortex-m0
   2              		.fpu softvfp
   3              		.eabi_attribute 20, 1
   4              		.eabi_attribute 21, 1
   5              		.eabi_attribute 23, 3
   6              		.eabi_attribute 24, 1
   7              		.eabi_attribute 25, 1
   8              		.eabi_attribute 26, 1
   9              		.eabi_attribute 30, 1
  10              		.eabi_attribute 34, 0
  11              		.eabi_attribute 18, 4
  12              		.code	16
  13              		.file	"cyfitter_cfg.c"
  14              		.text
  15              	.Ltext0:
  16              		.cfi_sections	.debug_frame
  17              		.section	.text.cfg_write_bytes32,"ax",%progbits
  18              		.align	2
  19              		.code	16
  20              		.thumb_func
  21              		.type	cfg_write_bytes32, %function
  22              	cfg_write_bytes32:
  23              	.LFB3:
  24              		.file 1 ".\\Generated_Source\\PSoC4\\cyfitter_cfg.c"
   1:.\Generated_Source\PSoC4/cyfitter_cfg.c **** /*******************************************************************************
   2:.\Generated_Source\PSoC4/cyfitter_cfg.c **** * File Name: cyfitter_cfg.c
   3:.\Generated_Source\PSoC4/cyfitter_cfg.c **** * 
   4:.\Generated_Source\PSoC4/cyfitter_cfg.c **** * PSoC Creator  3.3 CP3
   5:.\Generated_Source\PSoC4/cyfitter_cfg.c **** *
   6:.\Generated_Source\PSoC4/cyfitter_cfg.c **** * Description:
   7:.\Generated_Source\PSoC4/cyfitter_cfg.c **** * This file contains device initialization code.
   8:.\Generated_Source\PSoC4/cyfitter_cfg.c **** * Except for the user defined sections in CyClockStartupError(), this file should not be modified.
   9:.\Generated_Source\PSoC4/cyfitter_cfg.c **** * This file is automatically generated by PSoC Creator.
  10:.\Generated_Source\PSoC4/cyfitter_cfg.c **** *
  11:.\Generated_Source\PSoC4/cyfitter_cfg.c **** ********************************************************************************
  12:.\Generated_Source\PSoC4/cyfitter_cfg.c **** * Copyright (c) 2007-2016 Cypress Semiconductor.  All rights reserved.
  13:.\Generated_Source\PSoC4/cyfitter_cfg.c **** * You may use this file only in accordance with the license, terms, conditions, 
  14:.\Generated_Source\PSoC4/cyfitter_cfg.c **** * disclaimers, and limitations in the end user license agreement accompanying 
  15:.\Generated_Source\PSoC4/cyfitter_cfg.c **** * the software package with which this file was provided.
  16:.\Generated_Source\PSoC4/cyfitter_cfg.c **** ********************************************************************************/
  17:.\Generated_Source\PSoC4/cyfitter_cfg.c **** 
  18:.\Generated_Source\PSoC4/cyfitter_cfg.c **** #include <string.h>
  19:.\Generated_Source\PSoC4/cyfitter_cfg.c **** #include "cytypes.h"
  20:.\Generated_Source\PSoC4/cyfitter_cfg.c **** #include "cydevice_trm.h"
  21:.\Generated_Source\PSoC4/cyfitter_cfg.c **** #include "cyfitter.h"
  22:.\Generated_Source\PSoC4/cyfitter_cfg.c **** #include "CyLib.h"
  23:.\Generated_Source\PSoC4/cyfitter_cfg.c **** #include "CyLFClk.h"
  24:.\Generated_Source\PSoC4/cyfitter_cfg.c **** #include "cyfitter_cfg.h"
  25:.\Generated_Source\PSoC4/cyfitter_cfg.c **** 
  26:.\Generated_Source\PSoC4/cyfitter_cfg.c **** 
  27:.\Generated_Source\PSoC4/cyfitter_cfg.c **** #if defined(__GNUC__) || defined(__ARMCC_VERSION)
  28:.\Generated_Source\PSoC4/cyfitter_cfg.c ****     #define CYPACKED 
  29:.\Generated_Source\PSoC4/cyfitter_cfg.c ****     #define CYPACKED_ATTR __attribute__ ((packed))
  30:.\Generated_Source\PSoC4/cyfitter_cfg.c ****     #define CYALIGNED __attribute__ ((aligned))
  31:.\Generated_Source\PSoC4/cyfitter_cfg.c ****     #define CY_CFG_UNUSED __attribute__ ((unused))
  32:.\Generated_Source\PSoC4/cyfitter_cfg.c ****     #ifndef CY_CFG_SECTION
  33:.\Generated_Source\PSoC4/cyfitter_cfg.c ****         #define CY_CFG_SECTION __attribute__ ((section(".psocinit")))
ARM GAS  C:\Users\Chris\AppData\Local\Temp\ccj1ZNsX.s 			page 2


  34:.\Generated_Source\PSoC4/cyfitter_cfg.c ****     #endif
  35:.\Generated_Source\PSoC4/cyfitter_cfg.c ****     
  36:.\Generated_Source\PSoC4/cyfitter_cfg.c ****     #if defined(__ARMCC_VERSION)
  37:.\Generated_Source\PSoC4/cyfitter_cfg.c ****         #define CY_CFG_MEMORY_BARRIER() __memory_changed()
  38:.\Generated_Source\PSoC4/cyfitter_cfg.c ****     #else
  39:.\Generated_Source\PSoC4/cyfitter_cfg.c ****         #define CY_CFG_MEMORY_BARRIER() __sync_synchronize()
  40:.\Generated_Source\PSoC4/cyfitter_cfg.c ****     #endif
  41:.\Generated_Source\PSoC4/cyfitter_cfg.c ****     
  42:.\Generated_Source\PSoC4/cyfitter_cfg.c **** #elif defined(__ICCARM__)
  43:.\Generated_Source\PSoC4/cyfitter_cfg.c ****     #include <intrinsics.h>
  44:.\Generated_Source\PSoC4/cyfitter_cfg.c **** 
  45:.\Generated_Source\PSoC4/cyfitter_cfg.c ****     #define CYPACKED __packed
  46:.\Generated_Source\PSoC4/cyfitter_cfg.c ****     #define CYPACKED_ATTR 
  47:.\Generated_Source\PSoC4/cyfitter_cfg.c ****     #define CYALIGNED _Pragma("data_alignment=4")
  48:.\Generated_Source\PSoC4/cyfitter_cfg.c ****     #define CY_CFG_UNUSED _Pragma("diag_suppress=Pe177")
  49:.\Generated_Source\PSoC4/cyfitter_cfg.c ****     #define CY_CFG_SECTION _Pragma("location=\".psocinit\"")
  50:.\Generated_Source\PSoC4/cyfitter_cfg.c ****     
  51:.\Generated_Source\PSoC4/cyfitter_cfg.c ****     #define CY_CFG_MEMORY_BARRIER() __DMB()
  52:.\Generated_Source\PSoC4/cyfitter_cfg.c ****     
  53:.\Generated_Source\PSoC4/cyfitter_cfg.c **** #else
  54:.\Generated_Source\PSoC4/cyfitter_cfg.c ****     #error Unsupported toolchain
  55:.\Generated_Source\PSoC4/cyfitter_cfg.c **** #endif
  56:.\Generated_Source\PSoC4/cyfitter_cfg.c **** 
  57:.\Generated_Source\PSoC4/cyfitter_cfg.c **** 
  58:.\Generated_Source\PSoC4/cyfitter_cfg.c **** CY_CFG_UNUSED
  59:.\Generated_Source\PSoC4/cyfitter_cfg.c **** static void CYMEMZERO(void *s, size_t n);
  60:.\Generated_Source\PSoC4/cyfitter_cfg.c **** CY_CFG_UNUSED
  61:.\Generated_Source\PSoC4/cyfitter_cfg.c **** static void CYMEMZERO(void *s, size_t n)
  62:.\Generated_Source\PSoC4/cyfitter_cfg.c **** {
  63:.\Generated_Source\PSoC4/cyfitter_cfg.c **** 	(void)memset(s, 0, n);
  64:.\Generated_Source\PSoC4/cyfitter_cfg.c **** }
  65:.\Generated_Source\PSoC4/cyfitter_cfg.c **** CY_CFG_UNUSED
  66:.\Generated_Source\PSoC4/cyfitter_cfg.c **** static void CYCONFIGCPY(void *dest, const void *src, size_t n);
  67:.\Generated_Source\PSoC4/cyfitter_cfg.c **** CY_CFG_UNUSED
  68:.\Generated_Source\PSoC4/cyfitter_cfg.c **** static void CYCONFIGCPY(void *dest, const void *src, size_t n)
  69:.\Generated_Source\PSoC4/cyfitter_cfg.c **** {
  70:.\Generated_Source\PSoC4/cyfitter_cfg.c **** 	(void)memcpy(dest, src, n);
  71:.\Generated_Source\PSoC4/cyfitter_cfg.c **** }
  72:.\Generated_Source\PSoC4/cyfitter_cfg.c **** CY_CFG_UNUSED
  73:.\Generated_Source\PSoC4/cyfitter_cfg.c **** static void CYCONFIGCPYCODE(void *dest, const void *src, size_t n);
  74:.\Generated_Source\PSoC4/cyfitter_cfg.c **** CY_CFG_UNUSED
  75:.\Generated_Source\PSoC4/cyfitter_cfg.c **** static void CYCONFIGCPYCODE(void *dest, const void *src, size_t n)
  76:.\Generated_Source\PSoC4/cyfitter_cfg.c **** {
  77:.\Generated_Source\PSoC4/cyfitter_cfg.c **** 	(void)memcpy(dest, src, n);
  78:.\Generated_Source\PSoC4/cyfitter_cfg.c **** }
  79:.\Generated_Source\PSoC4/cyfitter_cfg.c **** 
  80:.\Generated_Source\PSoC4/cyfitter_cfg.c **** 
  81:.\Generated_Source\PSoC4/cyfitter_cfg.c **** 
  82:.\Generated_Source\PSoC4/cyfitter_cfg.c **** /* Clock startup error codes                                                   */
  83:.\Generated_Source\PSoC4/cyfitter_cfg.c **** #define CYCLOCKSTART_NO_ERROR    0u
  84:.\Generated_Source\PSoC4/cyfitter_cfg.c **** #define CYCLOCKSTART_XTAL_ERROR  1u
  85:.\Generated_Source\PSoC4/cyfitter_cfg.c **** #define CYCLOCKSTART_32KHZ_ERROR 2u
  86:.\Generated_Source\PSoC4/cyfitter_cfg.c **** #define CYCLOCKSTART_PLL_ERROR   3u
  87:.\Generated_Source\PSoC4/cyfitter_cfg.c **** 
  88:.\Generated_Source\PSoC4/cyfitter_cfg.c **** #ifdef CY_NEED_CYCLOCKSTARTUPERROR
  89:.\Generated_Source\PSoC4/cyfitter_cfg.c **** /*******************************************************************************
  90:.\Generated_Source\PSoC4/cyfitter_cfg.c **** * Function Name: CyClockStartupError
ARM GAS  C:\Users\Chris\AppData\Local\Temp\ccj1ZNsX.s 			page 3


  91:.\Generated_Source\PSoC4/cyfitter_cfg.c **** ********************************************************************************
  92:.\Generated_Source\PSoC4/cyfitter_cfg.c **** * Summary:
  93:.\Generated_Source\PSoC4/cyfitter_cfg.c **** *  If an error is encountered during clock configuration (crystal startup error,
  94:.\Generated_Source\PSoC4/cyfitter_cfg.c **** *  PLL lock error, etc.), the system will end up here.  Unless reimplemented by
  95:.\Generated_Source\PSoC4/cyfitter_cfg.c **** *  the customer, this function will stop in an infinite loop.
  96:.\Generated_Source\PSoC4/cyfitter_cfg.c **** *
  97:.\Generated_Source\PSoC4/cyfitter_cfg.c **** * Parameters:
  98:.\Generated_Source\PSoC4/cyfitter_cfg.c **** *   void
  99:.\Generated_Source\PSoC4/cyfitter_cfg.c **** *
 100:.\Generated_Source\PSoC4/cyfitter_cfg.c **** * Return:
 101:.\Generated_Source\PSoC4/cyfitter_cfg.c **** *   void
 102:.\Generated_Source\PSoC4/cyfitter_cfg.c **** *
 103:.\Generated_Source\PSoC4/cyfitter_cfg.c **** *******************************************************************************/
 104:.\Generated_Source\PSoC4/cyfitter_cfg.c **** CY_CFG_UNUSED
 105:.\Generated_Source\PSoC4/cyfitter_cfg.c **** static void CyClockStartupError(uint8 errorCode);
 106:.\Generated_Source\PSoC4/cyfitter_cfg.c **** CY_CFG_UNUSED
 107:.\Generated_Source\PSoC4/cyfitter_cfg.c **** static void CyClockStartupError(uint8 errorCode)
 108:.\Generated_Source\PSoC4/cyfitter_cfg.c **** {
 109:.\Generated_Source\PSoC4/cyfitter_cfg.c ****     /* To remove the compiler warning if errorCode not used.                */
 110:.\Generated_Source\PSoC4/cyfitter_cfg.c ****     errorCode = errorCode;
 111:.\Generated_Source\PSoC4/cyfitter_cfg.c **** 
 112:.\Generated_Source\PSoC4/cyfitter_cfg.c ****     /* `#START CyClockStartupError` */
 113:.\Generated_Source\PSoC4/cyfitter_cfg.c **** 
 114:.\Generated_Source\PSoC4/cyfitter_cfg.c ****     /* If we have a clock startup error (bad MHz crystal, PLL lock, etc.),  */
 115:.\Generated_Source\PSoC4/cyfitter_cfg.c ****     /* we will end up here to allow the customer to implement something to  */
 116:.\Generated_Source\PSoC4/cyfitter_cfg.c ****     /* deal with the clock condition.                                       */
 117:.\Generated_Source\PSoC4/cyfitter_cfg.c **** 
 118:.\Generated_Source\PSoC4/cyfitter_cfg.c ****     /* `#END` */
 119:.\Generated_Source\PSoC4/cyfitter_cfg.c **** 
 120:.\Generated_Source\PSoC4/cyfitter_cfg.c ****     /* If nothing else, stop here since the clocks have not started         */
 121:.\Generated_Source\PSoC4/cyfitter_cfg.c ****     /* correctly.                                                           */
 122:.\Generated_Source\PSoC4/cyfitter_cfg.c ****     while(1) {}
 123:.\Generated_Source\PSoC4/cyfitter_cfg.c **** }
 124:.\Generated_Source\PSoC4/cyfitter_cfg.c **** #endif
 125:.\Generated_Source\PSoC4/cyfitter_cfg.c **** 
 126:.\Generated_Source\PSoC4/cyfitter_cfg.c **** #define CY_CFG_BASE_ADDR_COUNT 5u
 127:.\Generated_Source\PSoC4/cyfitter_cfg.c **** CYPACKED typedef struct
 128:.\Generated_Source\PSoC4/cyfitter_cfg.c **** {
 129:.\Generated_Source\PSoC4/cyfitter_cfg.c **** 	uint8 offset;
 130:.\Generated_Source\PSoC4/cyfitter_cfg.c **** 	uint8 value;
 131:.\Generated_Source\PSoC4/cyfitter_cfg.c **** } CYPACKED_ATTR cy_cfg_addrvalue_t;
 132:.\Generated_Source\PSoC4/cyfitter_cfg.c **** 
 133:.\Generated_Source\PSoC4/cyfitter_cfg.c **** 
 134:.\Generated_Source\PSoC4/cyfitter_cfg.c **** 
 135:.\Generated_Source\PSoC4/cyfitter_cfg.c **** /*******************************************************************************
 136:.\Generated_Source\PSoC4/cyfitter_cfg.c **** * Function Name: cfg_write_bytes32
 137:.\Generated_Source\PSoC4/cyfitter_cfg.c **** ********************************************************************************
 138:.\Generated_Source\PSoC4/cyfitter_cfg.c **** * Summary:
 139:.\Generated_Source\PSoC4/cyfitter_cfg.c **** *  This function is used for setting up the chip configuration areas that
 140:.\Generated_Source\PSoC4/cyfitter_cfg.c **** *  contain relatively sparse data.
 141:.\Generated_Source\PSoC4/cyfitter_cfg.c **** *
 142:.\Generated_Source\PSoC4/cyfitter_cfg.c **** * Parameters:
 143:.\Generated_Source\PSoC4/cyfitter_cfg.c **** *   void
 144:.\Generated_Source\PSoC4/cyfitter_cfg.c **** *
 145:.\Generated_Source\PSoC4/cyfitter_cfg.c **** * Return:
 146:.\Generated_Source\PSoC4/cyfitter_cfg.c **** *   void
 147:.\Generated_Source\PSoC4/cyfitter_cfg.c **** *
ARM GAS  C:\Users\Chris\AppData\Local\Temp\ccj1ZNsX.s 			page 4


 148:.\Generated_Source\PSoC4/cyfitter_cfg.c **** *******************************************************************************/
 149:.\Generated_Source\PSoC4/cyfitter_cfg.c **** static void cfg_write_bytes32(const uint32 addr_table[], const cy_cfg_addrvalue_t data_table[]);
 150:.\Generated_Source\PSoC4/cyfitter_cfg.c **** static void cfg_write_bytes32(const uint32 addr_table[], const cy_cfg_addrvalue_t data_table[])
 151:.\Generated_Source\PSoC4/cyfitter_cfg.c **** {
  25              		.loc 1 151 0
  26              		.cfi_startproc
  27              	.LVL0:
  28 0000 F0B5     		push	{r4, r5, r6, r7, lr}
  29              		.cfi_def_cfa_offset 20
  30              		.cfi_offset 4, -20
  31              		.cfi_offset 5, -16
  32              		.cfi_offset 6, -12
  33              		.cfi_offset 7, -8
  34              		.cfi_offset 14, -4
  35              	.LVL1:
 152:.\Generated_Source\PSoC4/cyfitter_cfg.c **** 	/* For 32-bit little-endian architectures */
 153:.\Generated_Source\PSoC4/cyfitter_cfg.c **** 	uint32 i, j = 0u;
  36              		.loc 1 153 0
  37 0002 0025     		mov	r5, #0
 154:.\Generated_Source\PSoC4/cyfitter_cfg.c **** 	for (i = 0u; i < CY_CFG_BASE_ADDR_COUNT; i++)
  38              		.loc 1 154 0
  39 0004 0027     		mov	r7, #0
  40 0006 11E0     		b	.L2
  41              	.LVL2:
  42              	.L5:
  43              	.LBB2:
 155:.\Generated_Source\PSoC4/cyfitter_cfg.c **** 	{
 156:.\Generated_Source\PSoC4/cyfitter_cfg.c **** 		uint32 baseAddr = addr_table[i];
  44              		.loc 1 156 0
  45 0008 BB00     		lsl	r3, r7, #2
  46 000a C658     		ldr	r6, [r0, r3]
  47              	.LVL3:
 157:.\Generated_Source\PSoC4/cyfitter_cfg.c **** 		uint8 count = (uint8)baseAddr;
  48              		.loc 1 157 0
  49 000c F3B2     		uxtb	r3, r6
  50              	.LVL4:
 158:.\Generated_Source\PSoC4/cyfitter_cfg.c **** 		baseAddr &= 0xFFFFFF00u;
  51              		.loc 1 158 0
  52 000e FF22     		mov	r2, #255
  53 0010 9643     		bic	r6, r2
  54              	.LVL5:
 159:.\Generated_Source\PSoC4/cyfitter_cfg.c **** 		while (count != 0u)
  55              		.loc 1 159 0
  56 0012 08E0     		b	.L3
  57              	.L4:
 160:.\Generated_Source\PSoC4/cyfitter_cfg.c **** 		{
 161:.\Generated_Source\PSoC4/cyfitter_cfg.c **** 			CY_SET_XTND_REG8((void CYFAR *)(baseAddr + data_table[j].offset), data_table[j].value);
  58              		.loc 1 161 0
  59 0014 6A00     		lsl	r2, r5, #1
  60 0016 8A18     		add	r2, r1, r2
  61 0018 1478     		ldrb	r4, [r2]
  62 001a A419     		add	r4, r4, r6
  63 001c 5278     		ldrb	r2, [r2, #1]
  64 001e 2270     		strb	r2, [r4]
 162:.\Generated_Source\PSoC4/cyfitter_cfg.c **** 			j++;
  65              		.loc 1 162 0
  66 0020 0135     		add	r5, r5, #1
ARM GAS  C:\Users\Chris\AppData\Local\Temp\ccj1ZNsX.s 			page 5


  67              	.LVL6:
 163:.\Generated_Source\PSoC4/cyfitter_cfg.c **** 			count--;
  68              		.loc 1 163 0
  69 0022 013B     		sub	r3, r3, #1
  70              	.LVL7:
  71 0024 DBB2     		uxtb	r3, r3
  72              	.LVL8:
  73              	.L3:
 159:.\Generated_Source\PSoC4/cyfitter_cfg.c **** 		{
  74              		.loc 1 159 0
  75 0026 002B     		cmp	r3, #0
  76 0028 F4D1     		bne	.L4
  77              	.LBE2:
 154:.\Generated_Source\PSoC4/cyfitter_cfg.c **** 	{
  78              		.loc 1 154 0 discriminator 2
  79 002a 0137     		add	r7, r7, #1
  80              	.LVL9:
  81              	.L2:
 154:.\Generated_Source\PSoC4/cyfitter_cfg.c **** 	{
  82              		.loc 1 154 0 is_stmt 0 discriminator 1
  83 002c 042F     		cmp	r7, #4
  84 002e EBD9     		bls	.L5
 164:.\Generated_Source\PSoC4/cyfitter_cfg.c **** 		}
 165:.\Generated_Source\PSoC4/cyfitter_cfg.c **** 	}
 166:.\Generated_Source\PSoC4/cyfitter_cfg.c **** }
  85              		.loc 1 166 0 is_stmt 1
  86              		@ sp needed
  87              	.LVL10:
  88              	.LVL11:
  89 0030 F0BD     		pop	{r4, r5, r6, r7, pc}
  90              		.cfi_endproc
  91              	.LFE3:
  92              		.size	cfg_write_bytes32, .-cfg_write_bytes32
  93 0032 C046     		.section	.text.CYMEMZERO,"ax",%progbits
  94              		.align	2
  95              		.code	16
  96              		.thumb_func
  97              		.type	CYMEMZERO, %function
  98              	CYMEMZERO:
  99              	.LFB0:
  62:.\Generated_Source\PSoC4/cyfitter_cfg.c **** 	(void)memset(s, 0, n);
 100              		.loc 1 62 0
 101              		.cfi_startproc
 102              	.LVL12:
 103 0000 08B5     		push	{r3, lr}
 104              		.cfi_def_cfa_offset 8
 105              		.cfi_offset 3, -8
 106              		.cfi_offset 14, -4
 107 0002 0A1C     		mov	r2, r1
  63:.\Generated_Source\PSoC4/cyfitter_cfg.c **** }
 108              		.loc 1 63 0
 109 0004 0021     		mov	r1, #0
 110              	.LVL13:
 111 0006 FFF7FEFF 		bl	memset
 112              	.LVL14:
  64:.\Generated_Source\PSoC4/cyfitter_cfg.c **** CY_CFG_UNUSED
 113              		.loc 1 64 0
ARM GAS  C:\Users\Chris\AppData\Local\Temp\ccj1ZNsX.s 			page 6


 114              		@ sp needed
 115 000a 08BD     		pop	{r3, pc}
 116              		.cfi_endproc
 117              	.LFE0:
 118              		.size	CYMEMZERO, .-CYMEMZERO
 119              		.section	.psocinit,"ax",%progbits
 120              		.align	2
 121              		.code	16
 122              		.thumb_func
 123              		.type	ClockSetup, %function
 124              	ClockSetup:
 125              	.LFB4:
 167:.\Generated_Source\PSoC4/cyfitter_cfg.c **** 
 168:.\Generated_Source\PSoC4/cyfitter_cfg.c **** 
 169:.\Generated_Source\PSoC4/cyfitter_cfg.c **** /*******************************************************************************
 170:.\Generated_Source\PSoC4/cyfitter_cfg.c **** * Function Name: ClockSetup
 171:.\Generated_Source\PSoC4/cyfitter_cfg.c **** ********************************************************************************
 172:.\Generated_Source\PSoC4/cyfitter_cfg.c **** *
 173:.\Generated_Source\PSoC4/cyfitter_cfg.c **** * Summary:
 174:.\Generated_Source\PSoC4/cyfitter_cfg.c **** *   Performs the initialization of all of the clocks in the device based on the
 175:.\Generated_Source\PSoC4/cyfitter_cfg.c **** *   settings in the Clock tab of the DWR.  This includes enabling the requested
 176:.\Generated_Source\PSoC4/cyfitter_cfg.c **** *   clocks and setting the necessary dividers to produce the desired frequency. 
 177:.\Generated_Source\PSoC4/cyfitter_cfg.c **** *
 178:.\Generated_Source\PSoC4/cyfitter_cfg.c **** * Parameters:
 179:.\Generated_Source\PSoC4/cyfitter_cfg.c **** *   void
 180:.\Generated_Source\PSoC4/cyfitter_cfg.c **** *
 181:.\Generated_Source\PSoC4/cyfitter_cfg.c **** * Return:
 182:.\Generated_Source\PSoC4/cyfitter_cfg.c **** *   void
 183:.\Generated_Source\PSoC4/cyfitter_cfg.c **** *
 184:.\Generated_Source\PSoC4/cyfitter_cfg.c **** *******************************************************************************/
 185:.\Generated_Source\PSoC4/cyfitter_cfg.c **** static void ClockSetup(void);
 186:.\Generated_Source\PSoC4/cyfitter_cfg.c **** CY_CFG_SECTION
 187:.\Generated_Source\PSoC4/cyfitter_cfg.c **** static void ClockSetup(void)
 188:.\Generated_Source\PSoC4/cyfitter_cfg.c **** {
 126              		.loc 1 188 0
 127              		.cfi_startproc
 128 0000 38B5     		push	{r3, r4, r5, lr}
 129              		.cfi_def_cfa_offset 16
 130              		.cfi_offset 3, -16
 131              		.cfi_offset 4, -12
 132              		.cfi_offset 5, -8
 133              		.cfi_offset 14, -4
 189:.\Generated_Source\PSoC4/cyfitter_cfg.c **** 	/* Enable HALF_EN before trimming for the flash accelerator. */
 190:.\Generated_Source\PSoC4/cyfitter_cfg.c **** 	CY_SET_REG32((void CYXDATA *)(CYREG_CLK_SELECT), (CY_GET_REG32((void *)CYREG_CLK_SELECT) | 0x00040
 134              		.loc 1 190 0
 135 0002 164C     		ldr	r4, .L8
 136 0004 2368     		ldr	r3, [r4]
 137 0006 8022     		mov	r2, #128
 138 0008 D202     		lsl	r2, r2, #11
 139 000a 1343     		orr	r3, r2
 140 000c 2360     		str	r3, [r4]
 191:.\Generated_Source\PSoC4/cyfitter_cfg.c **** 
 192:.\Generated_Source\PSoC4/cyfitter_cfg.c **** 	/* Setup and trim IMO based on desired frequency. */
 193:.\Generated_Source\PSoC4/cyfitter_cfg.c **** 	CySysClkWriteImoFreq(24u);
 141              		.loc 1 193 0
 142 000e 1820     		mov	r0, #24
 143 0010 FFF7FEFF 		bl	CySysClkWriteImoFreq
ARM GAS  C:\Users\Chris\AppData\Local\Temp\ccj1ZNsX.s 			page 7


 144              	.LVL15:
 194:.\Generated_Source\PSoC4/cyfitter_cfg.c **** 
 195:.\Generated_Source\PSoC4/cyfitter_cfg.c **** 	/* Disable HALF_EN since it is not required at this IMO frequency. */
 196:.\Generated_Source\PSoC4/cyfitter_cfg.c **** 	CY_SET_REG32((void CYXDATA *)(CYREG_CLK_SELECT), (CY_GET_REG32((void *)CYREG_CLK_SELECT) & 0xFFFBF
 145              		.loc 1 196 0
 146 0014 2268     		ldr	r2, [r4]
 147 0016 124B     		ldr	r3, .L8+4
 148 0018 1340     		and	r3, r2
 149 001a 2360     		str	r3, [r4]
 197:.\Generated_Source\PSoC4/cyfitter_cfg.c **** 	/* CYDEV_CLK_ILO_CONFIG Starting address: CYDEV_CLK_ILO_CONFIG */
 198:.\Generated_Source\PSoC4/cyfitter_cfg.c **** 	CY_SET_XTND_REG32((void CYFAR *)(CYREG_CLK_ILO_CONFIG), 0x80000006u);
 150              		.loc 1 198 0
 151 001c 114A     		ldr	r2, .L8+8
 152 001e 124B     		ldr	r3, .L8+12
 153 0020 1A60     		str	r2, [r3]
 199:.\Generated_Source\PSoC4/cyfitter_cfg.c **** 
 200:.\Generated_Source\PSoC4/cyfitter_cfg.c **** 
 201:.\Generated_Source\PSoC4/cyfitter_cfg.c **** 	/* CYDEV_CLK_SELECT00 Starting address: CYDEV_CLK_SELECT00 */
 202:.\Generated_Source\PSoC4/cyfitter_cfg.c **** 	CY_SET_XTND_REG32((void CYFAR *)(CYREG_CLK_SELECT03), 0x00000010u);
 154              		.loc 1 202 0
 155 0022 1022     		mov	r2, #16
 156 0024 114B     		ldr	r3, .L8+16
 157 0026 1A60     		str	r2, [r3]
 203:.\Generated_Source\PSoC4/cyfitter_cfg.c **** 	CY_SET_XTND_REG32((void CYFAR *)(CYREG_CLK_SELECT12), 0x00000020u);
 158              		.loc 1 203 0
 159 0028 1032     		add	r2, r2, #16
 160 002a 114B     		ldr	r3, .L8+20
 161 002c 1A60     		str	r2, [r3]
 204:.\Generated_Source\PSoC4/cyfitter_cfg.c **** 
 205:.\Generated_Source\PSoC4/cyfitter_cfg.c **** 	/* CYDEV_CLK_IMO_CONFIG Starting address: CYDEV_CLK_IMO_CONFIG */
 206:.\Generated_Source\PSoC4/cyfitter_cfg.c **** 	CY_SET_XTND_REG32((void CYFAR *)(CYREG_CLK_IMO_CONFIG), 0x80000000u);
 162              		.loc 1 206 0
 163 002e 8022     		mov	r2, #128
 164 0030 1206     		lsl	r2, r2, #24
 165 0032 104B     		ldr	r3, .L8+24
 166 0034 1A60     		str	r2, [r3]
 207:.\Generated_Source\PSoC4/cyfitter_cfg.c **** 
 208:.\Generated_Source\PSoC4/cyfitter_cfg.c **** 	/* CYDEV_CLK_SELECT Starting address: CYDEV_CLK_SELECT */
 209:.\Generated_Source\PSoC4/cyfitter_cfg.c **** 	CY_SET_XTND_REG32((void CYFAR *)(CYREG_CLK_SELECT), 0x00000000u);
 167              		.loc 1 209 0
 168 0036 0025     		mov	r5, #0
 169 0038 2560     		str	r5, [r4]
 210:.\Generated_Source\PSoC4/cyfitter_cfg.c **** 
 211:.\Generated_Source\PSoC4/cyfitter_cfg.c **** 	/* CYDEV_CLK_DIVIDER_A00 Starting address: CYDEV_CLK_DIVIDER_A00 */
 212:.\Generated_Source\PSoC4/cyfitter_cfg.c **** 	CY_SET_XTND_REG32((void CYFAR *)(CYREG_CLK_DIVIDER_A00), 0x80000010u);
 170              		.loc 1 212 0
 171 003a 0F4A     		ldr	r2, .L8+28
 172 003c 0F4B     		ldr	r3, .L8+32
 173 003e 1A60     		str	r2, [r3]
 213:.\Generated_Source\PSoC4/cyfitter_cfg.c **** 
 214:.\Generated_Source\PSoC4/cyfitter_cfg.c **** 	/* CYDEV_CLK_DIVIDER_B00 Starting address: CYDEV_CLK_DIVIDER_B00 */
 215:.\Generated_Source\PSoC4/cyfitter_cfg.c **** 	CY_SET_XTND_REG32((void CYFAR *)(CYREG_CLK_DIVIDER_B00), 0x800007CFu);
 174              		.loc 1 215 0
 175 0040 0F4A     		ldr	r2, .L8+36
 176 0042 104B     		ldr	r3, .L8+40
 177 0044 1A60     		str	r2, [r3]
 216:.\Generated_Source\PSoC4/cyfitter_cfg.c **** 
ARM GAS  C:\Users\Chris\AppData\Local\Temp\ccj1ZNsX.s 			page 8


 217:.\Generated_Source\PSoC4/cyfitter_cfg.c **** 	(void)CyIntSetVector(9u, &CySysWdtIsr);
 178              		.loc 1 217 0
 179 0046 0920     		mov	r0, #9
 180 0048 0F49     		ldr	r1, .L8+44
 181 004a FFF7FEFF 		bl	CyIntSetVector
 182              	.LVL16:
 218:.\Generated_Source\PSoC4/cyfitter_cfg.c **** 	CyIntEnable(9u);
 183              		.loc 1 218 0
 184 004e 0920     		mov	r0, #9
 185 0050 FFF7FEFF 		bl	CyIntEnable
 186              	.LVL17:
 219:.\Generated_Source\PSoC4/cyfitter_cfg.c **** 	CY_SET_XTND_REG32((void CYFAR *)(CYREG_WDT_CONFIG), 0x00000000u);
 187              		.loc 1 219 0
 188 0054 0D4B     		ldr	r3, .L8+48
 189 0056 1D60     		str	r5, [r3]
 220:.\Generated_Source\PSoC4/cyfitter_cfg.c **** }
 190              		.loc 1 220 0
 191              		@ sp needed
 192 0058 38BD     		pop	{r3, r4, r5, pc}
 193              	.L9:
 194 005a C046     		.align	2
 195              	.L8:
 196 005c 00010B40 		.word	1074462976
 197 0060 FFFFFBFF 		.word	-262145
 198 0064 06000080 		.word	-2147483642
 199 0068 04010B40 		.word	1074462980
 200 006c 0C020240 		.word	1073873420
 201 0070 30020240 		.word	1073873456
 202 0074 08010B40 		.word	1074462984
 203 0078 10000080 		.word	-2147483632
 204 007c 00000240 		.word	1073872896
 205 0080 CF070080 		.word	-2147481649
 206 0084 40000240 		.word	1073872960
 207 0088 00000000 		.word	CySysWdtIsr
 208 008c 0C020B40 		.word	1074463244
 209              		.cfi_endproc
 210              	.LFE4:
 211              		.size	ClockSetup, .-ClockSetup
 212              		.align	2
 213              		.global	cyfitter_cfg
 214              		.code	16
 215              		.thumb_func
 216              		.type	cyfitter_cfg, %function
 217              	cyfitter_cfg:
 218              	.LFB6:
 221:.\Generated_Source\PSoC4/cyfitter_cfg.c **** 
 222:.\Generated_Source\PSoC4/cyfitter_cfg.c **** 
 223:.\Generated_Source\PSoC4/cyfitter_cfg.c **** /* Analog API Functions */
 224:.\Generated_Source\PSoC4/cyfitter_cfg.c **** 
 225:.\Generated_Source\PSoC4/cyfitter_cfg.c **** 
 226:.\Generated_Source\PSoC4/cyfitter_cfg.c **** /*******************************************************************************
 227:.\Generated_Source\PSoC4/cyfitter_cfg.c **** * Function Name: AnalogSetDefault
 228:.\Generated_Source\PSoC4/cyfitter_cfg.c **** ********************************************************************************
 229:.\Generated_Source\PSoC4/cyfitter_cfg.c **** *
 230:.\Generated_Source\PSoC4/cyfitter_cfg.c **** * Summary:
 231:.\Generated_Source\PSoC4/cyfitter_cfg.c **** *  Sets up the analog portions of the chip to default values based on chip
 232:.\Generated_Source\PSoC4/cyfitter_cfg.c **** *  configuration options from the project.
ARM GAS  C:\Users\Chris\AppData\Local\Temp\ccj1ZNsX.s 			page 9


 233:.\Generated_Source\PSoC4/cyfitter_cfg.c **** *
 234:.\Generated_Source\PSoC4/cyfitter_cfg.c **** * Parameters:
 235:.\Generated_Source\PSoC4/cyfitter_cfg.c **** *  void
 236:.\Generated_Source\PSoC4/cyfitter_cfg.c **** *
 237:.\Generated_Source\PSoC4/cyfitter_cfg.c **** * Return:
 238:.\Generated_Source\PSoC4/cyfitter_cfg.c **** *  void
 239:.\Generated_Source\PSoC4/cyfitter_cfg.c **** *
 240:.\Generated_Source\PSoC4/cyfitter_cfg.c **** *******************************************************************************/
 241:.\Generated_Source\PSoC4/cyfitter_cfg.c **** static void AnalogSetDefault(void);
 242:.\Generated_Source\PSoC4/cyfitter_cfg.c **** static void AnalogSetDefault(void)
 243:.\Generated_Source\PSoC4/cyfitter_cfg.c **** {
 244:.\Generated_Source\PSoC4/cyfitter_cfg.c **** }
 245:.\Generated_Source\PSoC4/cyfitter_cfg.c **** 
 246:.\Generated_Source\PSoC4/cyfitter_cfg.c **** #define CY_AMUX_UNUSED CYREG_CM0_ROM_DWT
 247:.\Generated_Source\PSoC4/cyfitter_cfg.c **** 
 248:.\Generated_Source\PSoC4/cyfitter_cfg.c **** 
 249:.\Generated_Source\PSoC4/cyfitter_cfg.c **** /*******************************************************************************
 250:.\Generated_Source\PSoC4/cyfitter_cfg.c **** * Function Name: cyfitter_cfg
 251:.\Generated_Source\PSoC4/cyfitter_cfg.c **** ********************************************************************************
 252:.\Generated_Source\PSoC4/cyfitter_cfg.c **** * Summary:
 253:.\Generated_Source\PSoC4/cyfitter_cfg.c **** *  This function is called by the start-up code for the selected device. It
 254:.\Generated_Source\PSoC4/cyfitter_cfg.c **** *  performs all of the necessary device configuration based on the design
 255:.\Generated_Source\PSoC4/cyfitter_cfg.c **** *  settings.  This includes settings from the Design Wide Resources (DWR) such
 256:.\Generated_Source\PSoC4/cyfitter_cfg.c **** *  as Clocks and Pins as well as any component configuration that is necessary.
 257:.\Generated_Source\PSoC4/cyfitter_cfg.c **** *
 258:.\Generated_Source\PSoC4/cyfitter_cfg.c **** * Parameters:  
 259:.\Generated_Source\PSoC4/cyfitter_cfg.c **** *   void
 260:.\Generated_Source\PSoC4/cyfitter_cfg.c **** *
 261:.\Generated_Source\PSoC4/cyfitter_cfg.c **** * Return:
 262:.\Generated_Source\PSoC4/cyfitter_cfg.c **** *   void
 263:.\Generated_Source\PSoC4/cyfitter_cfg.c **** *
 264:.\Generated_Source\PSoC4/cyfitter_cfg.c **** *******************************************************************************/
 265:.\Generated_Source\PSoC4/cyfitter_cfg.c **** CY_CFG_SECTION
 266:.\Generated_Source\PSoC4/cyfitter_cfg.c **** void cyfitter_cfg(void)
 267:.\Generated_Source\PSoC4/cyfitter_cfg.c **** {
 219              		.loc 1 267 0
 220              		.cfi_startproc
 221 0090 10B5     		push	{r4, lr}
 222              		.cfi_def_cfa_offset 8
 223              		.cfi_offset 4, -8
 224              		.cfi_offset 14, -4
 268:.\Generated_Source\PSoC4/cyfitter_cfg.c **** 	/* Disable interrupts by default. Let user enable if/when they want. */
 269:.\Generated_Source\PSoC4/cyfitter_cfg.c **** 	CyGlobalIntDisable;
 225              		.loc 1 269 0
 226              	@ 269 ".\Generated_Source\PSoC4\cyfitter_cfg.c" 1
 227 0092 72B6     		CPSID   i
 228              	@ 0 "" 2
 229              	.LVL18:
 230              		.code	16
 231              	.LBB3:
 270:.\Generated_Source\PSoC4/cyfitter_cfg.c **** 
 271:.\Generated_Source\PSoC4/cyfitter_cfg.c **** 	{
 272:.\Generated_Source\PSoC4/cyfitter_cfg.c **** 		static const uint32 CYCODE cy_cfg_addr_table[] = {
 273:.\Generated_Source\PSoC4/cyfitter_cfg.c **** 			0x400F320Cu, /* Base address: 0x400F3200 Count: 12 */
 274:.\Generated_Source\PSoC4/cyfitter_cfg.c **** 			0x400F3317u, /* Base address: 0x400F3300 Count: 23 */
 275:.\Generated_Source\PSoC4/cyfitter_cfg.c **** 			0x400F4005u, /* Base address: 0x400F4000 Count: 5 */
 276:.\Generated_Source\PSoC4/cyfitter_cfg.c **** 			0x400F410Au, /* Base address: 0x400F4100 Count: 10 */
ARM GAS  C:\Users\Chris\AppData\Local\Temp\ccj1ZNsX.s 			page 10


 277:.\Generated_Source\PSoC4/cyfitter_cfg.c **** 			0x400F6002u, /* Base address: 0x400F6000 Count: 2 */
 278:.\Generated_Source\PSoC4/cyfitter_cfg.c **** 		};
 279:.\Generated_Source\PSoC4/cyfitter_cfg.c **** 
 280:.\Generated_Source\PSoC4/cyfitter_cfg.c **** 		static const cy_cfg_addrvalue_t CYCODE cy_cfg_data_table[] = {
 281:.\Generated_Source\PSoC4/cyfitter_cfg.c **** 			{0x3Au, 0xC0u},
 282:.\Generated_Source\PSoC4/cyfitter_cfg.c **** 			{0x3Bu, 0xC0u},
 283:.\Generated_Source\PSoC4/cyfitter_cfg.c **** 			{0x58u, 0x08u},
 284:.\Generated_Source\PSoC4/cyfitter_cfg.c **** 			{0x59u, 0x0Bu},
 285:.\Generated_Source\PSoC4/cyfitter_cfg.c **** 			{0x5Bu, 0x04u},
 286:.\Generated_Source\PSoC4/cyfitter_cfg.c **** 			{0x5Fu, 0x01u},
 287:.\Generated_Source\PSoC4/cyfitter_cfg.c **** 			{0xAEu, 0x01u},
 288:.\Generated_Source\PSoC4/cyfitter_cfg.c **** 			{0xB0u, 0x01u},
 289:.\Generated_Source\PSoC4/cyfitter_cfg.c **** 			{0xBBu, 0x03u},
 290:.\Generated_Source\PSoC4/cyfitter_cfg.c **** 			{0xD8u, 0x04u},
 291:.\Generated_Source\PSoC4/cyfitter_cfg.c **** 			{0xD9u, 0x18u},
 292:.\Generated_Source\PSoC4/cyfitter_cfg.c **** 			{0xDFu, 0x01u},
 293:.\Generated_Source\PSoC4/cyfitter_cfg.c **** 			{0x11u, 0x40u},
 294:.\Generated_Source\PSoC4/cyfitter_cfg.c **** 			{0x1Bu, 0x01u},
 295:.\Generated_Source\PSoC4/cyfitter_cfg.c **** 			{0x1Fu, 0x80u},
 296:.\Generated_Source\PSoC4/cyfitter_cfg.c **** 			{0x21u, 0x01u},
 297:.\Generated_Source\PSoC4/cyfitter_cfg.c **** 			{0x22u, 0x02u},
 298:.\Generated_Source\PSoC4/cyfitter_cfg.c **** 			{0x23u, 0x80u},
 299:.\Generated_Source\PSoC4/cyfitter_cfg.c **** 			{0x26u, 0x80u},
 300:.\Generated_Source\PSoC4/cyfitter_cfg.c **** 			{0x5Cu, 0x28u},
 301:.\Generated_Source\PSoC4/cyfitter_cfg.c **** 			{0x5Fu, 0x80u},
 302:.\Generated_Source\PSoC4/cyfitter_cfg.c **** 			{0x7Bu, 0x01u},
 303:.\Generated_Source\PSoC4/cyfitter_cfg.c **** 			{0x7Eu, 0x02u},
 304:.\Generated_Source\PSoC4/cyfitter_cfg.c **** 			{0x7Fu, 0x80u},
 305:.\Generated_Source\PSoC4/cyfitter_cfg.c **** 			{0x80u, 0x20u},
 306:.\Generated_Source\PSoC4/cyfitter_cfg.c **** 			{0x83u, 0x80u},
 307:.\Generated_Source\PSoC4/cyfitter_cfg.c **** 			{0x85u, 0x01u},
 308:.\Generated_Source\PSoC4/cyfitter_cfg.c **** 			{0x8Cu, 0x08u},
 309:.\Generated_Source\PSoC4/cyfitter_cfg.c **** 			{0x8Eu, 0x80u},
 310:.\Generated_Source\PSoC4/cyfitter_cfg.c **** 			{0x91u, 0x40u},
 311:.\Generated_Source\PSoC4/cyfitter_cfg.c **** 			{0xA9u, 0x40u},
 312:.\Generated_Source\PSoC4/cyfitter_cfg.c **** 			{0xC4u, 0x01u},
 313:.\Generated_Source\PSoC4/cyfitter_cfg.c **** 			{0xD6u, 0x70u},
 314:.\Generated_Source\PSoC4/cyfitter_cfg.c **** 			{0xDEu, 0x98u},
 315:.\Generated_Source\PSoC4/cyfitter_cfg.c **** 			{0xE2u, 0x40u},
 316:.\Generated_Source\PSoC4/cyfitter_cfg.c **** 			{0x0Eu, 0x08u},
 317:.\Generated_Source\PSoC4/cyfitter_cfg.c **** 			{0x53u, 0x80u},
 318:.\Generated_Source\PSoC4/cyfitter_cfg.c **** 			{0x59u, 0x10u},
 319:.\Generated_Source\PSoC4/cyfitter_cfg.c **** 			{0xC2u, 0x80u},
 320:.\Generated_Source\PSoC4/cyfitter_cfg.c **** 			{0xD4u, 0xA0u},
 321:.\Generated_Source\PSoC4/cyfitter_cfg.c **** 			{0x63u, 0x40u},
 322:.\Generated_Source\PSoC4/cyfitter_cfg.c **** 			{0x81u, 0x10u},
 323:.\Generated_Source\PSoC4/cyfitter_cfg.c **** 			{0x87u, 0x40u},
 324:.\Generated_Source\PSoC4/cyfitter_cfg.c **** 			{0x8Fu, 0x80u},
 325:.\Generated_Source\PSoC4/cyfitter_cfg.c **** 			{0x9Du, 0x10u},
 326:.\Generated_Source\PSoC4/cyfitter_cfg.c **** 			{0xA7u, 0x80u},
 327:.\Generated_Source\PSoC4/cyfitter_cfg.c **** 			{0xAAu, 0x04u},
 328:.\Generated_Source\PSoC4/cyfitter_cfg.c **** 			{0xD8u, 0x40u},
 329:.\Generated_Source\PSoC4/cyfitter_cfg.c **** 			{0xE6u, 0x60u},
 330:.\Generated_Source\PSoC4/cyfitter_cfg.c **** 			{0xECu, 0x20u},
 331:.\Generated_Source\PSoC4/cyfitter_cfg.c **** 			{0x01u, 0x01u},
 332:.\Generated_Source\PSoC4/cyfitter_cfg.c **** 			{0x10u, 0x01u},
 333:.\Generated_Source\PSoC4/cyfitter_cfg.c **** 		};
ARM GAS  C:\Users\Chris\AppData\Local\Temp\ccj1ZNsX.s 			page 11


 334:.\Generated_Source\PSoC4/cyfitter_cfg.c **** 
 335:.\Generated_Source\PSoC4/cyfitter_cfg.c **** 
 336:.\Generated_Source\PSoC4/cyfitter_cfg.c **** 
 337:.\Generated_Source\PSoC4/cyfitter_cfg.c **** 		CYPACKED typedef struct {
 338:.\Generated_Source\PSoC4/cyfitter_cfg.c **** 			void CYFAR *address;
 339:.\Generated_Source\PSoC4/cyfitter_cfg.c **** 			uint16 size;
 340:.\Generated_Source\PSoC4/cyfitter_cfg.c **** 		} CYPACKED_ATTR cfg_memset_t;
 341:.\Generated_Source\PSoC4/cyfitter_cfg.c **** 
 342:.\Generated_Source\PSoC4/cyfitter_cfg.c **** 		static const cfg_memset_t CYCODE cfg_memset_list [] = {
 343:.\Generated_Source\PSoC4/cyfitter_cfg.c **** 			/* address, size */
 344:.\Generated_Source\PSoC4/cyfitter_cfg.c **** 			{(void CYFAR *)(CYDEV_UDB_P0_U0_BASE), 1024u},
 345:.\Generated_Source\PSoC4/cyfitter_cfg.c **** 			{(void CYFAR *)(CYDEV_UDB_DSI0_BASE), 1024u},
 346:.\Generated_Source\PSoC4/cyfitter_cfg.c **** 		};
 347:.\Generated_Source\PSoC4/cyfitter_cfg.c **** 
 348:.\Generated_Source\PSoC4/cyfitter_cfg.c **** 		uint8 CYDATA i;
 349:.\Generated_Source\PSoC4/cyfitter_cfg.c **** 
 350:.\Generated_Source\PSoC4/cyfitter_cfg.c **** 		/* Zero out critical memory blocks before beginning configuration */
 351:.\Generated_Source\PSoC4/cyfitter_cfg.c **** 		for (i = 0u; i < (sizeof(cfg_memset_list)/sizeof(cfg_memset_list[0])); i++)
 232              		.loc 1 351 0
 233 0094 0024     		mov	r4, #0
 234 0096 10E0     		b	.L11
 235              	.LVL19:
 236              	.L12:
 237              	.LBB4:
 352:.\Generated_Source\PSoC4/cyfitter_cfg.c **** 		{
 353:.\Generated_Source\PSoC4/cyfitter_cfg.c **** 			const cfg_memset_t CYCODE * CYDATA ms = &cfg_memset_list[i];
 354:.\Generated_Source\PSoC4/cyfitter_cfg.c **** 			CYMEMZERO(ms->address, (size_t)(uint32)(ms->size));
 238              		.loc 1 354 0 discriminator 3
 239 0098 2D48     		ldr	r0, .L13
 240 009a 6300     		lsl	r3, r4, #1
 241 009c 1A19     		add	r2, r3, r4
 242 009e 5200     		lsl	r2, r2, #1
 243 00a0 8218     		add	r2, r0, r2
 244 00a2 9188     		ldrh	r1, [r2, #4]
 245 00a4 1B19     		add	r3, r3, r4
 246 00a6 5B00     		lsl	r3, r3, #1
 247 00a8 1A5A     		ldrh	r2, [r3, r0]
 248 00aa C318     		add	r3, r0, r3
 249 00ac 5888     		ldrh	r0, [r3, #2]
 250 00ae 0004     		lsl	r0, r0, #16
 251 00b0 1043     		orr	r0, r2
 252 00b2 FFF7FEFF 		bl	CYMEMZERO
 253              	.LVL20:
 254              	.LBE4:
 351:.\Generated_Source\PSoC4/cyfitter_cfg.c **** 		{
 255              		.loc 1 351 0 discriminator 3
 256 00b6 0134     		add	r4, r4, #1
 257              	.LVL21:
 258 00b8 E4B2     		uxtb	r4, r4
 259              	.LVL22:
 260              	.L11:
 351:.\Generated_Source\PSoC4/cyfitter_cfg.c **** 		{
 261              		.loc 1 351 0 is_stmt 0 discriminator 1
 262 00ba 012C     		cmp	r4, #1
 263 00bc ECD9     		bls	.L12
 355:.\Generated_Source\PSoC4/cyfitter_cfg.c **** 		}
 356:.\Generated_Source\PSoC4/cyfitter_cfg.c **** 
ARM GAS  C:\Users\Chris\AppData\Local\Temp\ccj1ZNsX.s 			page 12


 357:.\Generated_Source\PSoC4/cyfitter_cfg.c **** 		cfg_write_bytes32(cy_cfg_addr_table, cy_cfg_data_table);
 264              		.loc 1 357 0 is_stmt 1
 265 00be 2449     		ldr	r1, .L13
 266 00c0 081C     		mov	r0, r1
 267 00c2 0C30     		add	r0, r0, #12
 268 00c4 2031     		add	r1, r1, #32
 269 00c6 FFF7FEFF 		bl	cfg_write_bytes32
 270              	.LVL23:
 358:.\Generated_Source\PSoC4/cyfitter_cfg.c **** 
 359:.\Generated_Source\PSoC4/cyfitter_cfg.c **** 		/* HSIOM Starting address: CYDEV_HSIOM_BASE */
 360:.\Generated_Source\PSoC4/cyfitter_cfg.c **** 		CY_SET_XTND_REG32((void CYFAR *)(CYDEV_HSIOM_BASE), 0x00993300u);
 271              		.loc 1 360 0
 272 00ca 224A     		ldr	r2, .L13+4
 273 00cc 224B     		ldr	r3, .L13+8
 274 00ce 1A60     		str	r2, [r3]
 361:.\Generated_Source\PSoC4/cyfitter_cfg.c **** 		CY_SET_XTND_REG32((void CYFAR *)(CYREG_HSIOM_PORT_SEL1), 0x03000000u);
 275              		.loc 1 361 0
 276 00d0 C022     		mov	r2, #192
 277 00d2 9204     		lsl	r2, r2, #18
 278 00d4 214B     		ldr	r3, .L13+12
 279 00d6 1A60     		str	r2, [r3]
 362:.\Generated_Source\PSoC4/cyfitter_cfg.c **** 		CY_SET_XTND_REG32((void CYFAR *)(CYREG_HSIOM_PORT_SEL3), 0x0000EE00u);
 280              		.loc 1 362 0
 281 00d8 EE22     		mov	r2, #238
 282 00da 1202     		lsl	r2, r2, #8
 283 00dc 204B     		ldr	r3, .L13+16
 284 00de 1A60     		str	r2, [r3]
 363:.\Generated_Source\PSoC4/cyfitter_cfg.c **** 
 364:.\Generated_Source\PSoC4/cyfitter_cfg.c **** 		/* UDB_PA_0 Starting address: CYDEV_UDB_PA0_BASE */
 365:.\Generated_Source\PSoC4/cyfitter_cfg.c **** 		CY_SET_XTND_REG32((void CYFAR *)(CYDEV_UDB_PA0_BASE), 0x00990000u);
 285              		.loc 1 365 0
 286 00e0 9923     		mov	r3, #153
 287 00e2 1B04     		lsl	r3, r3, #16
 288 00e4 1F4A     		ldr	r2, .L13+20
 289 00e6 1360     		str	r3, [r2]
 366:.\Generated_Source\PSoC4/cyfitter_cfg.c **** 		CY_SET_XTND_REG32((void CYFAR *)(CYREG_UDB_PA0_CFG8), 0x00250000u);
 290              		.loc 1 366 0
 291 00e8 9421     		mov	r1, #148
 292 00ea 8903     		lsl	r1, r1, #14
 293 00ec 1E4A     		ldr	r2, .L13+24
 294 00ee 1160     		str	r1, [r2]
 367:.\Generated_Source\PSoC4/cyfitter_cfg.c **** 
 368:.\Generated_Source\PSoC4/cyfitter_cfg.c **** 		/* UDB_PA_1 Starting address: CYDEV_UDB_PA1_BASE */
 369:.\Generated_Source\PSoC4/cyfitter_cfg.c **** 		CY_SET_XTND_REG32((void CYFAR *)(CYDEV_UDB_PA1_BASE), 0x00990000u);
 295              		.loc 1 369 0
 296 00f0 1E4A     		ldr	r2, .L13+28
 297 00f2 1360     		str	r3, [r2]
 370:.\Generated_Source\PSoC4/cyfitter_cfg.c **** 		CY_SET_XTND_REG32((void CYFAR *)(CYREG_UDB_PA1_CFG8), 0x20000000u);
 298              		.loc 1 370 0
 299 00f4 8021     		mov	r1, #128
 300 00f6 8905     		lsl	r1, r1, #22
 301 00f8 1D4A     		ldr	r2, .L13+32
 302 00fa 1160     		str	r1, [r2]
 371:.\Generated_Source\PSoC4/cyfitter_cfg.c **** 
 372:.\Generated_Source\PSoC4/cyfitter_cfg.c **** 		/* UDB_PA_3 Starting address: CYDEV_UDB_PA3_BASE */
 373:.\Generated_Source\PSoC4/cyfitter_cfg.c **** 		CY_SET_XTND_REG32((void CYFAR *)(CYDEV_UDB_PA3_BASE), 0x00990000u);
 303              		.loc 1 373 0
ARM GAS  C:\Users\Chris\AppData\Local\Temp\ccj1ZNsX.s 			page 13


 304 00fc 1D4A     		ldr	r2, .L13+36
 305 00fe 1360     		str	r3, [r2]
 374:.\Generated_Source\PSoC4/cyfitter_cfg.c **** 
 375:.\Generated_Source\PSoC4/cyfitter_cfg.c **** 		/* Enable digital routing */
 376:.\Generated_Source\PSoC4/cyfitter_cfg.c **** 		CY_SET_XTND_REG8((void *)CYREG_UDB_UDBIF_BANK_CTL, CY_GET_XTND_REG8((void *)CYREG_UDB_UDBIF_BANK_
 306              		.loc 1 376 0
 307 0100 1D4B     		ldr	r3, .L13+40
 308 0102 1978     		ldrb	r1, [r3]
 309 0104 0222     		mov	r2, #2
 310 0106 0A43     		orr	r2, r1
 311 0108 1A70     		strb	r2, [r3]
 377:.\Generated_Source\PSoC4/cyfitter_cfg.c **** 
 378:.\Generated_Source\PSoC4/cyfitter_cfg.c **** 		/* Enable UDB array */
 379:.\Generated_Source\PSoC4/cyfitter_cfg.c **** 		CY_SET_XTND_REG8((void *)CYREG_UDB_UDBIF_WAIT_CFG, (uint8)((CY_GET_XTND_REG8((void *)CYREG_UDB_UD
 312              		.loc 1 379 0
 313 010a 1C48     		ldr	r0, .L13+44
 314 010c 0278     		ldrb	r2, [r0]
 315 010e 3C21     		mov	r1, #60
 316 0110 8A43     		bic	r2, r1
 317 0112 2839     		sub	r1, r1, #40
 318 0114 0A43     		orr	r2, r1
 319 0116 0270     		strb	r2, [r0]
 380:.\Generated_Source\PSoC4/cyfitter_cfg.c **** 		CY_SET_XTND_REG8((void *)CYREG_UDB_UDBIF_BANK_CTL, (uint8)(CY_GET_XTND_REG8((void *)CYREG_UDB_UDB
 320              		.loc 1 380 0
 321 0118 1978     		ldrb	r1, [r3]
 322 011a 1622     		mov	r2, #22
 323 011c 0A43     		orr	r2, r1
 324 011e 1A70     		strb	r2, [r3]
 325              	.LBE3:
 381:.\Generated_Source\PSoC4/cyfitter_cfg.c **** 	}
 382:.\Generated_Source\PSoC4/cyfitter_cfg.c **** 
 383:.\Generated_Source\PSoC4/cyfitter_cfg.c **** 	/* Perform second pass device configuration. These items must be configured in specific order afte
 384:.\Generated_Source\PSoC4/cyfitter_cfg.c **** 	/* IOPINS0_0 Starting address: CYDEV_PRT0_BASE */
 385:.\Generated_Source\PSoC4/cyfitter_cfg.c **** 	CY_SET_XTND_REG32((void CYFAR *)(CYDEV_PRT0_BASE), 0x000000ACu);
 326              		.loc 1 385 0
 327 0120 AC22     		mov	r2, #172
 328 0122 174B     		ldr	r3, .L13+48
 329 0124 1A60     		str	r2, [r3]
 386:.\Generated_Source\PSoC4/cyfitter_cfg.c **** 	CY_SET_XTND_REG32((void CYFAR *)(CYREG_PRT0_PC), 0x00431D80u);
 330              		.loc 1 386 0
 331 0126 174A     		ldr	r2, .L13+52
 332 0128 174B     		ldr	r3, .L13+56
 333 012a 1A60     		str	r2, [r3]
 387:.\Generated_Source\PSoC4/cyfitter_cfg.c **** 	CY_SET_XTND_REG32((void CYFAR *)(CYREG_PRT0_PC2), 0x00000020u);
 334              		.loc 1 387 0
 335 012c 2022     		mov	r2, #32
 336 012e 174B     		ldr	r3, .L13+60
 337 0130 1A60     		str	r2, [r3]
 388:.\Generated_Source\PSoC4/cyfitter_cfg.c **** 
 389:.\Generated_Source\PSoC4/cyfitter_cfg.c **** 	/* IOPINS0_1 Starting address: CYDEV_PRT1_BASE */
 390:.\Generated_Source\PSoC4/cyfitter_cfg.c **** 	CY_SET_XTND_REG32((void CYFAR *)(CYDEV_PRT1_BASE), 0x00000040u);
 338              		.loc 1 390 0
 339 0132 2032     		add	r2, r2, #32
 340 0134 164B     		ldr	r3, .L13+64
 341 0136 1A60     		str	r2, [r3]
 391:.\Generated_Source\PSoC4/cyfitter_cfg.c **** 	CY_SET_XTND_REG32((void CYFAR *)(CYREG_PRT1_PC), 0x00180000u);
 342              		.loc 1 391 0
ARM GAS  C:\Users\Chris\AppData\Local\Temp\ccj1ZNsX.s 			page 14


 343 0138 C022     		mov	r2, #192
 344 013a 5203     		lsl	r2, r2, #13
 345 013c 154B     		ldr	r3, .L13+68
 346 013e 1A60     		str	r2, [r3]
 392:.\Generated_Source\PSoC4/cyfitter_cfg.c **** 
 393:.\Generated_Source\PSoC4/cyfitter_cfg.c **** 	/* IOPINS0_3 Starting address: CYDEV_PRT3_BASE */
 394:.\Generated_Source\PSoC4/cyfitter_cfg.c **** 	CY_SET_XTND_REG32((void CYFAR *)(CYREG_PRT3_PC), 0x00000D80u);
 347              		.loc 1 394 0
 348 0140 D822     		mov	r2, #216
 349 0142 1201     		lsl	r2, r2, #4
 350 0144 144B     		ldr	r3, .L13+72
 351 0146 1A60     		str	r2, [r3]
 395:.\Generated_Source\PSoC4/cyfitter_cfg.c **** 
 396:.\Generated_Source\PSoC4/cyfitter_cfg.c **** 
 397:.\Generated_Source\PSoC4/cyfitter_cfg.c **** 	/* Setup clocks based on selections from Clock DWR */
 398:.\Generated_Source\PSoC4/cyfitter_cfg.c **** 	ClockSetup();
 352              		.loc 1 398 0
 353 0148 FFF75AFF 		bl	ClockSetup
 354              	.LVL24:
 399:.\Generated_Source\PSoC4/cyfitter_cfg.c **** 
 400:.\Generated_Source\PSoC4/cyfitter_cfg.c **** 	/* Perform basic analog initialization to defaults */
 401:.\Generated_Source\PSoC4/cyfitter_cfg.c **** 	AnalogSetDefault();
 402:.\Generated_Source\PSoC4/cyfitter_cfg.c **** 
 403:.\Generated_Source\PSoC4/cyfitter_cfg.c **** }
 355              		.loc 1 403 0
 356              		@ sp needed
 357              	.LVL25:
 358 014c 10BD     		pop	{r4, pc}
 359              	.L14:
 360 014e C046     		.align	2
 361              	.L13:
 362 0150 00000000 		.word	.LANCHOR0
 363 0154 00339900 		.word	10040064
 364 0158 00000140 		.word	1073807360
 365 015c 04000140 		.word	1073807364
 366 0160 0C000140 		.word	1073807372
 367 0164 00500F40 		.word	1074745344
 368 0168 08500F40 		.word	1074745352
 369 016c 10500F40 		.word	1074745360
 370 0170 18500F40 		.word	1074745368
 371 0174 30500F40 		.word	1074745392
 372 0178 00700F40 		.word	1074753536
 373 017c 01700F40 		.word	1074753537
 374 0180 00000440 		.word	1074003968
 375 0184 801D4300 		.word	4398464
 376 0188 08000440 		.word	1074003976
 377 018c 18000440 		.word	1074003992
 378 0190 00010440 		.word	1074004224
 379 0194 08010440 		.word	1074004232
 380 0198 08030440 		.word	1074004744
 381              		.cfi_endproc
 382              	.LFE6:
 383              		.size	cyfitter_cfg, .-cyfitter_cfg
 384              		.section	.rodata
 385              		.align	2
 386              		.set	.LANCHOR0,. + 0
 387              		.type	cfg_memset_list.4746, %object
ARM GAS  C:\Users\Chris\AppData\Local\Temp\ccj1ZNsX.s 			page 15


 388              		.size	cfg_memset_list.4746, 12
 389              	cfg_memset_list.4746:
 390 0000 00300F40 		.word	1074737152
 391 0004 0004     		.short	1024
 392 0006 00400F40 		.4byte	1074741248
 393 000a 0004     		.short	1024
 394              		.type	cy_cfg_addr_table.4740, %object
 395              		.size	cy_cfg_addr_table.4740, 20
 396              	cy_cfg_addr_table.4740:
 397 000c 0C320F40 		.word	1074737676
 398 0010 17330F40 		.word	1074737943
 399 0014 05400F40 		.word	1074741253
 400 0018 0A410F40 		.word	1074741514
 401 001c 02600F40 		.word	1074749442
 402              		.type	cy_cfg_data_table.4741, %object
 403              		.size	cy_cfg_data_table.4741, 104
 404              	cy_cfg_data_table.4741:
 405 0020 3A       		.byte	58
 406 0021 C0       		.byte	-64
 407 0022 3B       		.byte	59
 408 0023 C0       		.byte	-64
 409 0024 58       		.byte	88
 410 0025 08       		.byte	8
 411 0026 59       		.byte	89
 412 0027 0B       		.byte	11
 413 0028 5B       		.byte	91
 414 0029 04       		.byte	4
 415 002a 5F       		.byte	95
 416 002b 01       		.byte	1
 417 002c AE       		.byte	-82
 418 002d 01       		.byte	1
 419 002e B0       		.byte	-80
 420 002f 01       		.byte	1
 421 0030 BB       		.byte	-69
 422 0031 03       		.byte	3
 423 0032 D8       		.byte	-40
 424 0033 04       		.byte	4
 425 0034 D9       		.byte	-39
 426 0035 18       		.byte	24
 427 0036 DF       		.byte	-33
 428 0037 01       		.byte	1
 429 0038 11       		.byte	17
 430 0039 40       		.byte	64
 431 003a 1B       		.byte	27
 432 003b 01       		.byte	1
 433 003c 1F       		.byte	31
 434 003d 80       		.byte	-128
 435 003e 21       		.byte	33
 436 003f 01       		.byte	1
 437 0040 22       		.byte	34
 438 0041 02       		.byte	2
 439 0042 23       		.byte	35
 440 0043 80       		.byte	-128
 441 0044 26       		.byte	38
 442 0045 80       		.byte	-128
 443 0046 5C       		.byte	92
 444 0047 28       		.byte	40
ARM GAS  C:\Users\Chris\AppData\Local\Temp\ccj1ZNsX.s 			page 16


 445 0048 5F       		.byte	95
 446 0049 80       		.byte	-128
 447 004a 7B       		.byte	123
 448 004b 01       		.byte	1
 449 004c 7E       		.byte	126
 450 004d 02       		.byte	2
 451 004e 7F       		.byte	127
 452 004f 80       		.byte	-128
 453 0050 80       		.byte	-128
 454 0051 20       		.byte	32
 455 0052 83       		.byte	-125
 456 0053 80       		.byte	-128
 457 0054 85       		.byte	-123
 458 0055 01       		.byte	1
 459 0056 8C       		.byte	-116
 460 0057 08       		.byte	8
 461 0058 8E       		.byte	-114
 462 0059 80       		.byte	-128
 463 005a 91       		.byte	-111
 464 005b 40       		.byte	64
 465 005c A9       		.byte	-87
 466 005d 40       		.byte	64
 467 005e C4       		.byte	-60
 468 005f 01       		.byte	1
 469 0060 D6       		.byte	-42
 470 0061 70       		.byte	112
 471 0062 DE       		.byte	-34
 472 0063 98       		.byte	-104
 473 0064 E2       		.byte	-30
 474 0065 40       		.byte	64
 475 0066 0E       		.byte	14
 476 0067 08       		.byte	8
 477 0068 53       		.byte	83
 478 0069 80       		.byte	-128
 479 006a 59       		.byte	89
 480 006b 10       		.byte	16
 481 006c C2       		.byte	-62
 482 006d 80       		.byte	-128
 483 006e D4       		.byte	-44
 484 006f A0       		.byte	-96
 485 0070 63       		.byte	99
 486 0071 40       		.byte	64
 487 0072 81       		.byte	-127
 488 0073 10       		.byte	16
 489 0074 87       		.byte	-121
 490 0075 40       		.byte	64
 491 0076 8F       		.byte	-113
 492 0077 80       		.byte	-128
 493 0078 9D       		.byte	-99
 494 0079 10       		.byte	16
 495 007a A7       		.byte	-89
 496 007b 80       		.byte	-128
 497 007c AA       		.byte	-86
 498 007d 04       		.byte	4
 499 007e D8       		.byte	-40
 500 007f 40       		.byte	64
 501 0080 E6       		.byte	-26
ARM GAS  C:\Users\Chris\AppData\Local\Temp\ccj1ZNsX.s 			page 17


 502 0081 60       		.byte	96
 503 0082 EC       		.byte	-20
 504 0083 20       		.byte	32
 505 0084 01       		.byte	1
 506 0085 01       		.byte	1
 507 0086 10       		.byte	16
 508 0087 01       		.byte	1
 509              		.text
 510              	.Letext0:
 511              		.file 2 "c:\\program files (x86)\\cypress\\psoc creator\\3.3\\psoc creator\\import\\gnu\\arm\\4.9.
 512              		.file 3 ".\\Generated_Source\\PSoC4\\cytypes.h"
 513              		.file 4 ".\\Generated_Source\\PSoC4\\CyLib.h"
 514              		.section	.debug_info,"",%progbits
 515              	.Ldebug_info0:
 516 0000 B9030000 		.4byte	0x3b9
 517 0004 0400     		.2byte	0x4
 518 0006 00000000 		.4byte	.Ldebug_abbrev0
 519 000a 04       		.byte	0x4
 520 000b 01       		.uleb128 0x1
 521 000c E8010000 		.4byte	.LASF38
 522 0010 01       		.byte	0x1
 523 0011 AD010000 		.4byte	.LASF39
 524 0015 57000000 		.4byte	.LASF40
 525 0019 00000000 		.4byte	.Ldebug_ranges0+0
 526 001d 00000000 		.4byte	0
 527 0021 00000000 		.4byte	.Ldebug_line0
 528 0025 02       		.uleb128 0x2
 529 0026 04       		.byte	0x4
 530 0027 05       		.byte	0x5
 531 0028 696E7400 		.ascii	"int\000"
 532 002c 03       		.uleb128 0x3
 533 002d 06000000 		.4byte	.LASF11
 534 0031 02       		.byte	0x2
 535 0032 D4       		.byte	0xd4
 536 0033 37000000 		.4byte	0x37
 537 0037 04       		.uleb128 0x4
 538 0038 04       		.byte	0x4
 539 0039 07       		.byte	0x7
 540 003a 48010000 		.4byte	.LASF0
 541 003e 04       		.uleb128 0x4
 542 003f 01       		.byte	0x1
 543 0040 06       		.byte	0x6
 544 0041 A5020000 		.4byte	.LASF1
 545 0045 04       		.uleb128 0x4
 546 0046 01       		.byte	0x1
 547 0047 08       		.byte	0x8
 548 0048 EA000000 		.4byte	.LASF2
 549 004c 04       		.uleb128 0x4
 550 004d 02       		.byte	0x2
 551 004e 05       		.byte	0x5
 552 004f 7D020000 		.4byte	.LASF3
 553 0053 04       		.uleb128 0x4
 554 0054 02       		.byte	0x2
 555 0055 07       		.byte	0x7
 556 0056 B1020000 		.4byte	.LASF4
 557 005a 04       		.uleb128 0x4
 558 005b 04       		.byte	0x4
ARM GAS  C:\Users\Chris\AppData\Local\Temp\ccj1ZNsX.s 			page 18


 559 005c 05       		.byte	0x5
 560 005d 9C020000 		.4byte	.LASF5
 561 0061 04       		.uleb128 0x4
 562 0062 04       		.byte	0x4
 563 0063 07       		.byte	0x7
 564 0064 C8000000 		.4byte	.LASF6
 565 0068 04       		.uleb128 0x4
 566 0069 08       		.byte	0x8
 567 006a 05       		.byte	0x5
 568 006b D5010000 		.4byte	.LASF7
 569 006f 04       		.uleb128 0x4
 570 0070 08       		.byte	0x8
 571 0071 07       		.byte	0x7
 572 0072 6A010000 		.4byte	.LASF8
 573 0076 04       		.uleb128 0x4
 574 0077 04       		.byte	0x4
 575 0078 07       		.byte	0x7
 576 0079 A4010000 		.4byte	.LASF9
 577 007d 05       		.uleb128 0x5
 578 007e 04       		.byte	0x4
 579 007f 06       		.uleb128 0x6
 580 0080 04       		.byte	0x4
 581 0081 85000000 		.4byte	0x85
 582 0085 07       		.uleb128 0x7
 583 0086 04       		.uleb128 0x4
 584 0087 01       		.byte	0x1
 585 0088 08       		.byte	0x8
 586 0089 E3010000 		.4byte	.LASF10
 587 008d 08       		.uleb128 0x8
 588 008e DA000000 		.4byte	.LASF12
 589 0092 03       		.byte	0x3
 590 0093 9801     		.2byte	0x198
 591 0095 45000000 		.4byte	0x45
 592 0099 08       		.uleb128 0x8
 593 009a 2F010000 		.4byte	.LASF13
 594 009e 03       		.byte	0x3
 595 009f 9901     		.2byte	0x199
 596 00a1 53000000 		.4byte	0x53
 597 00a5 08       		.uleb128 0x8
 598 00a6 41010000 		.4byte	.LASF14
 599 00aa 03       		.byte	0x3
 600 00ab 9A01     		.2byte	0x19a
 601 00ad 61000000 		.4byte	0x61
 602 00b1 04       		.uleb128 0x4
 603 00b2 04       		.byte	0x4
 604 00b3 04       		.byte	0x4
 605 00b4 A8000000 		.4byte	.LASF15
 606 00b8 04       		.uleb128 0x4
 607 00b9 08       		.byte	0x8
 608 00ba 04       		.byte	0x4
 609 00bb FF000000 		.4byte	.LASF16
 610 00bf 08       		.uleb128 0x8
 611 00c0 C3000000 		.4byte	.LASF17
 612 00c4 03       		.byte	0x3
 613 00c5 4202     		.2byte	0x242
 614 00c7 CB000000 		.4byte	0xcb
 615 00cb 09       		.uleb128 0x9
ARM GAS  C:\Users\Chris\AppData\Local\Temp\ccj1ZNsX.s 			page 19


 616 00cc 8D000000 		.4byte	0x8d
 617 00d0 08       		.uleb128 0x8
 618 00d1 00000000 		.4byte	.LASF18
 619 00d5 03       		.byte	0x3
 620 00d6 4402     		.2byte	0x244
 621 00d8 DC000000 		.4byte	0xdc
 622 00dc 09       		.uleb128 0x9
 623 00dd A5000000 		.4byte	0xa5
 624 00e1 08       		.uleb128 0x8
 625 00e2 81010000 		.4byte	.LASF19
 626 00e6 03       		.byte	0x3
 627 00e7 5402     		.2byte	0x254
 628 00e9 7F000000 		.4byte	0x7f
 629 00ed 0A       		.uleb128 0xa
 630 00ee 02       		.byte	0x2
 631 00ef 01       		.byte	0x1
 632 00f0 7F       		.byte	0x7f
 633 00f1 0E010000 		.4byte	0x10e
 634 00f5 0B       		.uleb128 0xb
 635 00f6 76020000 		.4byte	.LASF20
 636 00fa 01       		.byte	0x1
 637 00fb 81       		.byte	0x81
 638 00fc 8D000000 		.4byte	0x8d
 639 0100 00       		.byte	0
 640 0101 0B       		.uleb128 0xb
 641 0102 1C000000 		.4byte	.LASF21
 642 0106 01       		.byte	0x1
 643 0107 82       		.byte	0x82
 644 0108 8D000000 		.4byte	0x8d
 645 010c 01       		.byte	0x1
 646 010d 00       		.byte	0
 647 010e 03       		.uleb128 0x3
 648 010f 95000000 		.4byte	.LASF22
 649 0113 01       		.byte	0x1
 650 0114 83       		.byte	0x83
 651 0115 ED000000 		.4byte	0xed
 652 0119 0C       		.uleb128 0xc
 653 011a 06010000 		.4byte	.LASF27
 654 011e 01       		.byte	0x1
 655 011f 96       		.byte	0x96
 656 0120 00000000 		.4byte	.LFB3
 657 0124 32000000 		.4byte	.LFE3-.LFB3
 658 0128 01       		.uleb128 0x1
 659 0129 9C       		.byte	0x9c
 660 012a 8B010000 		.4byte	0x18b
 661 012e 0D       		.uleb128 0xd
 662 012f 24010000 		.4byte	.LASF23
 663 0133 01       		.byte	0x1
 664 0134 96       		.byte	0x96
 665 0135 8B010000 		.4byte	0x18b
 666 0139 01       		.uleb128 0x1
 667 013a 50       		.byte	0x50
 668 013b 0D       		.uleb128 0xd
 669 013c 36010000 		.4byte	.LASF24
 670 0140 01       		.byte	0x1
 671 0141 96       		.byte	0x96
 672 0142 96010000 		.4byte	0x196
ARM GAS  C:\Users\Chris\AppData\Local\Temp\ccj1ZNsX.s 			page 20


 673 0146 01       		.uleb128 0x1
 674 0147 51       		.byte	0x51
 675 0148 0E       		.uleb128 0xe
 676 0149 6900     		.ascii	"i\000"
 677 014b 01       		.byte	0x1
 678 014c 99       		.byte	0x99
 679 014d A5000000 		.4byte	0xa5
 680 0151 00000000 		.4byte	.LLST0
 681 0155 0E       		.uleb128 0xe
 682 0156 6A00     		.ascii	"j\000"
 683 0158 01       		.byte	0x1
 684 0159 99       		.byte	0x99
 685 015a A5000000 		.4byte	0xa5
 686 015e 1F000000 		.4byte	.LLST1
 687 0162 0F       		.uleb128 0xf
 688 0163 08000000 		.4byte	.LBB2
 689 0167 22000000 		.4byte	.LBE2-.LBB2
 690 016b 10       		.uleb128 0x10
 691 016c 9B010000 		.4byte	.LASF25
 692 0170 01       		.byte	0x1
 693 0171 9C       		.byte	0x9c
 694 0172 A5000000 		.4byte	0xa5
 695 0176 3E000000 		.4byte	.LLST2
 696 017a 10       		.uleb128 0x10
 697 017b 22000000 		.4byte	.LASF26
 698 017f 01       		.byte	0x1
 699 0180 9D       		.byte	0x9d
 700 0181 8D000000 		.4byte	0x8d
 701 0185 51000000 		.4byte	.LLST3
 702 0189 00       		.byte	0
 703 018a 00       		.byte	0
 704 018b 06       		.uleb128 0x6
 705 018c 04       		.byte	0x4
 706 018d 91010000 		.4byte	0x191
 707 0191 11       		.uleb128 0x11
 708 0192 A5000000 		.4byte	0xa5
 709 0196 06       		.uleb128 0x6
 710 0197 04       		.byte	0x4
 711 0198 9C010000 		.4byte	0x19c
 712 019c 11       		.uleb128 0x11
 713 019d 0E010000 		.4byte	0x10e
 714 01a1 0C       		.uleb128 0xc
 715 01a2 E0000000 		.4byte	.LASF28
 716 01a6 01       		.byte	0x1
 717 01a7 3D       		.byte	0x3d
 718 01a8 00000000 		.4byte	.LFB0
 719 01ac 0C000000 		.4byte	.LFE0-.LFB0
 720 01b0 01       		.uleb128 0x1
 721 01b1 9C       		.byte	0x9c
 722 01b2 EE010000 		.4byte	0x1ee
 723 01b6 12       		.uleb128 0x12
 724 01b7 7300     		.ascii	"s\000"
 725 01b9 01       		.byte	0x1
 726 01ba 3D       		.byte	0x3d
 727 01bb 7D000000 		.4byte	0x7d
 728 01bf 6F000000 		.4byte	.LLST4
 729 01c3 12       		.uleb128 0x12
ARM GAS  C:\Users\Chris\AppData\Local\Temp\ccj1ZNsX.s 			page 21


 730 01c4 6E00     		.ascii	"n\000"
 731 01c6 01       		.byte	0x1
 732 01c7 3D       		.byte	0x3d
 733 01c8 2C000000 		.4byte	0x2c
 734 01cc 90000000 		.4byte	.LLST5
 735 01d0 13       		.uleb128 0x13
 736 01d1 0A000000 		.4byte	.LVL14
 737 01d5 67030000 		.4byte	0x367
 738 01d9 14       		.uleb128 0x14
 739 01da 01       		.uleb128 0x1
 740 01db 52       		.byte	0x52
 741 01dc 03       		.uleb128 0x3
 742 01dd F3       		.byte	0xf3
 743 01de 01       		.uleb128 0x1
 744 01df 51       		.byte	0x51
 745 01e0 14       		.uleb128 0x14
 746 01e1 01       		.uleb128 0x1
 747 01e2 51       		.byte	0x51
 748 01e3 01       		.uleb128 0x1
 749 01e4 30       		.byte	0x30
 750 01e5 14       		.uleb128 0x14
 751 01e6 01       		.uleb128 0x1
 752 01e7 50       		.byte	0x50
 753 01e8 03       		.uleb128 0x3
 754 01e9 F3       		.byte	0xf3
 755 01ea 01       		.uleb128 0x1
 756 01eb 50       		.byte	0x50
 757 01ec 00       		.byte	0
 758 01ed 00       		.byte	0
 759 01ee 0C       		.uleb128 0xc
 760 01ef 28000000 		.4byte	.LASF29
 761 01f3 01       		.byte	0x1
 762 01f4 BB       		.byte	0xbb
 763 01f5 00000000 		.4byte	.LFB4
 764 01f9 90000000 		.4byte	.LFE4-.LFB4
 765 01fd 01       		.uleb128 0x1
 766 01fe 9C       		.byte	0x9c
 767 01ff 39020000 		.4byte	0x239
 768 0203 15       		.uleb128 0x15
 769 0204 14000000 		.4byte	.LVL15
 770 0208 84030000 		.4byte	0x384
 771 020c 16020000 		.4byte	0x216
 772 0210 14       		.uleb128 0x14
 773 0211 01       		.uleb128 0x1
 774 0212 50       		.byte	0x50
 775 0213 01       		.uleb128 0x1
 776 0214 48       		.byte	0x48
 777 0215 00       		.byte	0
 778 0216 15       		.uleb128 0x15
 779 0217 4E000000 		.4byte	.LVL16
 780 021b 95030000 		.4byte	0x395
 781 021f 29020000 		.4byte	0x229
 782 0223 14       		.uleb128 0x14
 783 0224 01       		.uleb128 0x1
 784 0225 50       		.byte	0x50
 785 0226 01       		.uleb128 0x1
 786 0227 39       		.byte	0x39
ARM GAS  C:\Users\Chris\AppData\Local\Temp\ccj1ZNsX.s 			page 22


 787 0228 00       		.byte	0
 788 0229 13       		.uleb128 0x13
 789 022a 54000000 		.4byte	.LVL17
 790 022e AF030000 		.4byte	0x3af
 791 0232 14       		.uleb128 0x14
 792 0233 01       		.uleb128 0x1
 793 0234 50       		.byte	0x50
 794 0235 01       		.uleb128 0x1
 795 0236 39       		.byte	0x39
 796 0237 00       		.byte	0
 797 0238 00       		.byte	0
 798 0239 16       		.uleb128 0x16
 799 023a 55010000 		.4byte	.LASF41
 800 023e 01       		.byte	0x1
 801 023f 0A01     		.2byte	0x10a
 802 0241 90000000 		.4byte	.LFB6
 803 0245 0C010000 		.4byte	.LFE6-.LFB6
 804 0249 01       		.uleb128 0x1
 805 024a 9C       		.byte	0x9c
 806 024b 3D030000 		.4byte	0x33d
 807 024f 17       		.uleb128 0x17
 808 0250 94000000 		.4byte	.LBB3
 809 0254 8C000000 		.4byte	.LBE3-.LBB3
 810 0258 33030000 		.4byte	0x333
 811 025c 18       		.uleb128 0x18
 812 025d 33000000 		.4byte	.LASF30
 813 0261 01       		.byte	0x1
 814 0262 1001     		.2byte	0x110
 815 0264 4D030000 		.4byte	0x34d
 816 0268 05       		.uleb128 0x5
 817 0269 03       		.byte	0x3
 818 026a 0C000000 		.4byte	cy_cfg_addr_table.4740
 819 026e 18       		.uleb128 0x18
 820 026f 45000000 		.4byte	.LASF31
 821 0273 01       		.byte	0x1
 822 0274 1801     		.2byte	0x118
 823 0276 62030000 		.4byte	0x362
 824 027a 05       		.uleb128 0x5
 825 027b 03       		.byte	0x3
 826 027c 20000000 		.4byte	cy_cfg_data_table.4741
 827 0280 19       		.uleb128 0x19
 828 0281 06       		.byte	0x6
 829 0282 01       		.byte	0x1
 830 0283 5101     		.2byte	0x151
 831 0285 A4020000 		.4byte	0x2a4
 832 0289 1A       		.uleb128 0x1a
 833 028a 62010000 		.4byte	.LASF32
 834 028e 01       		.byte	0x1
 835 028f 5201     		.2byte	0x152
 836 0291 7D000000 		.4byte	0x7d
 837 0295 00       		.byte	0
 838 0296 1A       		.uleb128 0x1a
 839 0297 BE000000 		.4byte	.LASF33
 840 029b 01       		.byte	0x1
 841 029c 5301     		.2byte	0x153
 842 029e 99000000 		.4byte	0x99
 843 02a2 04       		.byte	0x4
ARM GAS  C:\Users\Chris\AppData\Local\Temp\ccj1ZNsX.s 			page 23


 844 02a3 00       		.byte	0
 845 02a4 08       		.uleb128 0x8
 846 02a5 8E010000 		.4byte	.LASF34
 847 02a9 01       		.byte	0x1
 848 02aa 5401     		.2byte	0x154
 849 02ac 80020000 		.4byte	0x280
 850 02b0 1B       		.uleb128 0x1b
 851 02b1 A4020000 		.4byte	0x2a4
 852 02b5 C0020000 		.4byte	0x2c0
 853 02b9 1C       		.uleb128 0x1c
 854 02ba 76000000 		.4byte	0x76
 855 02be 01       		.byte	0x1
 856 02bf 00       		.byte	0
 857 02c0 18       		.uleb128 0x18
 858 02c1 AE000000 		.4byte	.LASF35
 859 02c5 01       		.byte	0x1
 860 02c6 5601     		.2byte	0x156
 861 02c8 D2020000 		.4byte	0x2d2
 862 02cc 05       		.uleb128 0x5
 863 02cd 03       		.byte	0x3
 864 02ce 00000000 		.4byte	cfg_memset_list.4746
 865 02d2 11       		.uleb128 0x11
 866 02d3 B0020000 		.4byte	0x2b0
 867 02d7 1D       		.uleb128 0x1d
 868 02d8 6900     		.ascii	"i\000"
 869 02da 01       		.byte	0x1
 870 02db 5C01     		.2byte	0x15c
 871 02dd 8D000000 		.4byte	0x8d
 872 02e1 BC000000 		.4byte	.LLST6
 873 02e5 17       		.uleb128 0x17
 874 02e6 98000000 		.4byte	.LBB4
 875 02ea 1E000000 		.4byte	.LBE4-.LBB4
 876 02ee 16030000 		.4byte	0x316
 877 02f2 1D       		.uleb128 0x1d
 878 02f3 6D7300   		.ascii	"ms\000"
 879 02f6 01       		.byte	0x1
 880 02f7 6101     		.2byte	0x161
 881 02f9 01030000 		.4byte	0x301
 882 02fd E6000000 		.4byte	.LLST7
 883 0301 06       		.uleb128 0x6
 884 0302 04       		.byte	0x4
 885 0303 07030000 		.4byte	0x307
 886 0307 11       		.uleb128 0x11
 887 0308 A4020000 		.4byte	0x2a4
 888 030c 1E       		.uleb128 0x1e
 889 030d B6000000 		.4byte	.LVL20
 890 0311 A1010000 		.4byte	0x1a1
 891 0315 00       		.byte	0
 892 0316 13       		.uleb128 0x13
 893 0317 CA000000 		.4byte	.LVL23
 894 031b 19010000 		.4byte	0x119
 895 031f 14       		.uleb128 0x14
 896 0320 01       		.uleb128 0x1
 897 0321 51       		.byte	0x51
 898 0322 05       		.uleb128 0x5
 899 0323 03       		.byte	0x3
 900 0324 20000000 		.4byte	.LANCHOR0+32
ARM GAS  C:\Users\Chris\AppData\Local\Temp\ccj1ZNsX.s 			page 24


 901 0328 14       		.uleb128 0x14
 902 0329 01       		.uleb128 0x1
 903 032a 50       		.byte	0x50
 904 032b 05       		.uleb128 0x5
 905 032c 03       		.byte	0x3
 906 032d 0C000000 		.4byte	.LANCHOR0+12
 907 0331 00       		.byte	0
 908 0332 00       		.byte	0
 909 0333 1E       		.uleb128 0x1e
 910 0334 4C010000 		.4byte	.LVL24
 911 0338 EE010000 		.4byte	0x1ee
 912 033c 00       		.byte	0
 913 033d 1B       		.uleb128 0x1b
 914 033e A5000000 		.4byte	0xa5
 915 0342 4D030000 		.4byte	0x34d
 916 0346 1C       		.uleb128 0x1c
 917 0347 76000000 		.4byte	0x76
 918 034b 04       		.byte	0x4
 919 034c 00       		.byte	0
 920 034d 11       		.uleb128 0x11
 921 034e 3D030000 		.4byte	0x33d
 922 0352 1B       		.uleb128 0x1b
 923 0353 0E010000 		.4byte	0x10e
 924 0357 62030000 		.4byte	0x362
 925 035b 1C       		.uleb128 0x1c
 926 035c 76000000 		.4byte	0x76
 927 0360 33       		.byte	0x33
 928 0361 00       		.byte	0
 929 0362 11       		.uleb128 0x11
 930 0363 52030000 		.4byte	0x352
 931 0367 1F       		.uleb128 0x1f
 932 0368 F8000000 		.4byte	.LASF36
 933 036c 7D000000 		.4byte	0x7d
 934 0370 84030000 		.4byte	0x384
 935 0374 20       		.uleb128 0x20
 936 0375 7D000000 		.4byte	0x7d
 937 0379 20       		.uleb128 0x20
 938 037a 25000000 		.4byte	0x25
 939 037e 20       		.uleb128 0x20
 940 037f 76000000 		.4byte	0x76
 941 0383 00       		.byte	0
 942 0384 21       		.uleb128 0x21
 943 0385 87020000 		.4byte	.LASF37
 944 0389 04       		.byte	0x4
 945 038a 6C       		.byte	0x6c
 946 038b 95030000 		.4byte	0x395
 947 038f 20       		.uleb128 0x20
 948 0390 A5000000 		.4byte	0xa5
 949 0394 00       		.byte	0
 950 0395 22       		.uleb128 0x22
 951 0396 0D000000 		.4byte	.LASF42
 952 039a 04       		.byte	0x4
 953 039b BB       		.byte	0xbb
 954 039c E1000000 		.4byte	0xe1
 955 03a0 AF030000 		.4byte	0x3af
 956 03a4 20       		.uleb128 0x20
 957 03a5 8D000000 		.4byte	0x8d
ARM GAS  C:\Users\Chris\AppData\Local\Temp\ccj1ZNsX.s 			page 25


 958 03a9 20       		.uleb128 0x20
 959 03aa E1000000 		.4byte	0xe1
 960 03ae 00       		.byte	0
 961 03af 23       		.uleb128 0x23
 962 03b0 18010000 		.4byte	.LASF43
 963 03b4 04       		.byte	0x4
 964 03b5 C1       		.byte	0xc1
 965 03b6 20       		.uleb128 0x20
 966 03b7 8D000000 		.4byte	0x8d
 967 03bb 00       		.byte	0
 968 03bc 00       		.byte	0
 969              		.section	.debug_abbrev,"",%progbits
 970              	.Ldebug_abbrev0:
 971 0000 01       		.uleb128 0x1
 972 0001 11       		.uleb128 0x11
 973 0002 01       		.byte	0x1
 974 0003 25       		.uleb128 0x25
 975 0004 0E       		.uleb128 0xe
 976 0005 13       		.uleb128 0x13
 977 0006 0B       		.uleb128 0xb
 978 0007 03       		.uleb128 0x3
 979 0008 0E       		.uleb128 0xe
 980 0009 1B       		.uleb128 0x1b
 981 000a 0E       		.uleb128 0xe
 982 000b 55       		.uleb128 0x55
 983 000c 17       		.uleb128 0x17
 984 000d 11       		.uleb128 0x11
 985 000e 01       		.uleb128 0x1
 986 000f 10       		.uleb128 0x10
 987 0010 17       		.uleb128 0x17
 988 0011 00       		.byte	0
 989 0012 00       		.byte	0
 990 0013 02       		.uleb128 0x2
 991 0014 24       		.uleb128 0x24
 992 0015 00       		.byte	0
 993 0016 0B       		.uleb128 0xb
 994 0017 0B       		.uleb128 0xb
 995 0018 3E       		.uleb128 0x3e
 996 0019 0B       		.uleb128 0xb
 997 001a 03       		.uleb128 0x3
 998 001b 08       		.uleb128 0x8
 999 001c 00       		.byte	0
 1000 001d 00       		.byte	0
 1001 001e 03       		.uleb128 0x3
 1002 001f 16       		.uleb128 0x16
 1003 0020 00       		.byte	0
 1004 0021 03       		.uleb128 0x3
 1005 0022 0E       		.uleb128 0xe
 1006 0023 3A       		.uleb128 0x3a
 1007 0024 0B       		.uleb128 0xb
 1008 0025 3B       		.uleb128 0x3b
 1009 0026 0B       		.uleb128 0xb
 1010 0027 49       		.uleb128 0x49
 1011 0028 13       		.uleb128 0x13
 1012 0029 00       		.byte	0
 1013 002a 00       		.byte	0
 1014 002b 04       		.uleb128 0x4
ARM GAS  C:\Users\Chris\AppData\Local\Temp\ccj1ZNsX.s 			page 26


 1015 002c 24       		.uleb128 0x24
 1016 002d 00       		.byte	0
 1017 002e 0B       		.uleb128 0xb
 1018 002f 0B       		.uleb128 0xb
 1019 0030 3E       		.uleb128 0x3e
 1020 0031 0B       		.uleb128 0xb
 1021 0032 03       		.uleb128 0x3
 1022 0033 0E       		.uleb128 0xe
 1023 0034 00       		.byte	0
 1024 0035 00       		.byte	0
 1025 0036 05       		.uleb128 0x5
 1026 0037 0F       		.uleb128 0xf
 1027 0038 00       		.byte	0
 1028 0039 0B       		.uleb128 0xb
 1029 003a 0B       		.uleb128 0xb
 1030 003b 00       		.byte	0
 1031 003c 00       		.byte	0
 1032 003d 06       		.uleb128 0x6
 1033 003e 0F       		.uleb128 0xf
 1034 003f 00       		.byte	0
 1035 0040 0B       		.uleb128 0xb
 1036 0041 0B       		.uleb128 0xb
 1037 0042 49       		.uleb128 0x49
 1038 0043 13       		.uleb128 0x13
 1039 0044 00       		.byte	0
 1040 0045 00       		.byte	0
 1041 0046 07       		.uleb128 0x7
 1042 0047 15       		.uleb128 0x15
 1043 0048 00       		.byte	0
 1044 0049 27       		.uleb128 0x27
 1045 004a 19       		.uleb128 0x19
 1046 004b 00       		.byte	0
 1047 004c 00       		.byte	0
 1048 004d 08       		.uleb128 0x8
 1049 004e 16       		.uleb128 0x16
 1050 004f 00       		.byte	0
 1051 0050 03       		.uleb128 0x3
 1052 0051 0E       		.uleb128 0xe
 1053 0052 3A       		.uleb128 0x3a
 1054 0053 0B       		.uleb128 0xb
 1055 0054 3B       		.uleb128 0x3b
 1056 0055 05       		.uleb128 0x5
 1057 0056 49       		.uleb128 0x49
 1058 0057 13       		.uleb128 0x13
 1059 0058 00       		.byte	0
 1060 0059 00       		.byte	0
 1061 005a 09       		.uleb128 0x9
 1062 005b 35       		.uleb128 0x35
 1063 005c 00       		.byte	0
 1064 005d 49       		.uleb128 0x49
 1065 005e 13       		.uleb128 0x13
 1066 005f 00       		.byte	0
 1067 0060 00       		.byte	0
 1068 0061 0A       		.uleb128 0xa
 1069 0062 13       		.uleb128 0x13
 1070 0063 01       		.byte	0x1
 1071 0064 0B       		.uleb128 0xb
ARM GAS  C:\Users\Chris\AppData\Local\Temp\ccj1ZNsX.s 			page 27


 1072 0065 0B       		.uleb128 0xb
 1073 0066 3A       		.uleb128 0x3a
 1074 0067 0B       		.uleb128 0xb
 1075 0068 3B       		.uleb128 0x3b
 1076 0069 0B       		.uleb128 0xb
 1077 006a 01       		.uleb128 0x1
 1078 006b 13       		.uleb128 0x13
 1079 006c 00       		.byte	0
 1080 006d 00       		.byte	0
 1081 006e 0B       		.uleb128 0xb
 1082 006f 0D       		.uleb128 0xd
 1083 0070 00       		.byte	0
 1084 0071 03       		.uleb128 0x3
 1085 0072 0E       		.uleb128 0xe
 1086 0073 3A       		.uleb128 0x3a
 1087 0074 0B       		.uleb128 0xb
 1088 0075 3B       		.uleb128 0x3b
 1089 0076 0B       		.uleb128 0xb
 1090 0077 49       		.uleb128 0x49
 1091 0078 13       		.uleb128 0x13
 1092 0079 38       		.uleb128 0x38
 1093 007a 0B       		.uleb128 0xb
 1094 007b 00       		.byte	0
 1095 007c 00       		.byte	0
 1096 007d 0C       		.uleb128 0xc
 1097 007e 2E       		.uleb128 0x2e
 1098 007f 01       		.byte	0x1
 1099 0080 03       		.uleb128 0x3
 1100 0081 0E       		.uleb128 0xe
 1101 0082 3A       		.uleb128 0x3a
 1102 0083 0B       		.uleb128 0xb
 1103 0084 3B       		.uleb128 0x3b
 1104 0085 0B       		.uleb128 0xb
 1105 0086 27       		.uleb128 0x27
 1106 0087 19       		.uleb128 0x19
 1107 0088 11       		.uleb128 0x11
 1108 0089 01       		.uleb128 0x1
 1109 008a 12       		.uleb128 0x12
 1110 008b 06       		.uleb128 0x6
 1111 008c 40       		.uleb128 0x40
 1112 008d 18       		.uleb128 0x18
 1113 008e 9742     		.uleb128 0x2117
 1114 0090 19       		.uleb128 0x19
 1115 0091 01       		.uleb128 0x1
 1116 0092 13       		.uleb128 0x13
 1117 0093 00       		.byte	0
 1118 0094 00       		.byte	0
 1119 0095 0D       		.uleb128 0xd
 1120 0096 05       		.uleb128 0x5
 1121 0097 00       		.byte	0
 1122 0098 03       		.uleb128 0x3
 1123 0099 0E       		.uleb128 0xe
 1124 009a 3A       		.uleb128 0x3a
 1125 009b 0B       		.uleb128 0xb
 1126 009c 3B       		.uleb128 0x3b
 1127 009d 0B       		.uleb128 0xb
 1128 009e 49       		.uleb128 0x49
ARM GAS  C:\Users\Chris\AppData\Local\Temp\ccj1ZNsX.s 			page 28


 1129 009f 13       		.uleb128 0x13
 1130 00a0 02       		.uleb128 0x2
 1131 00a1 18       		.uleb128 0x18
 1132 00a2 00       		.byte	0
 1133 00a3 00       		.byte	0
 1134 00a4 0E       		.uleb128 0xe
 1135 00a5 34       		.uleb128 0x34
 1136 00a6 00       		.byte	0
 1137 00a7 03       		.uleb128 0x3
 1138 00a8 08       		.uleb128 0x8
 1139 00a9 3A       		.uleb128 0x3a
 1140 00aa 0B       		.uleb128 0xb
 1141 00ab 3B       		.uleb128 0x3b
 1142 00ac 0B       		.uleb128 0xb
 1143 00ad 49       		.uleb128 0x49
 1144 00ae 13       		.uleb128 0x13
 1145 00af 02       		.uleb128 0x2
 1146 00b0 17       		.uleb128 0x17
 1147 00b1 00       		.byte	0
 1148 00b2 00       		.byte	0
 1149 00b3 0F       		.uleb128 0xf
 1150 00b4 0B       		.uleb128 0xb
 1151 00b5 01       		.byte	0x1
 1152 00b6 11       		.uleb128 0x11
 1153 00b7 01       		.uleb128 0x1
 1154 00b8 12       		.uleb128 0x12
 1155 00b9 06       		.uleb128 0x6
 1156 00ba 00       		.byte	0
 1157 00bb 00       		.byte	0
 1158 00bc 10       		.uleb128 0x10
 1159 00bd 34       		.uleb128 0x34
 1160 00be 00       		.byte	0
 1161 00bf 03       		.uleb128 0x3
 1162 00c0 0E       		.uleb128 0xe
 1163 00c1 3A       		.uleb128 0x3a
 1164 00c2 0B       		.uleb128 0xb
 1165 00c3 3B       		.uleb128 0x3b
 1166 00c4 0B       		.uleb128 0xb
 1167 00c5 49       		.uleb128 0x49
 1168 00c6 13       		.uleb128 0x13
 1169 00c7 02       		.uleb128 0x2
 1170 00c8 17       		.uleb128 0x17
 1171 00c9 00       		.byte	0
 1172 00ca 00       		.byte	0
 1173 00cb 11       		.uleb128 0x11
 1174 00cc 26       		.uleb128 0x26
 1175 00cd 00       		.byte	0
 1176 00ce 49       		.uleb128 0x49
 1177 00cf 13       		.uleb128 0x13
 1178 00d0 00       		.byte	0
 1179 00d1 00       		.byte	0
 1180 00d2 12       		.uleb128 0x12
 1181 00d3 05       		.uleb128 0x5
 1182 00d4 00       		.byte	0
 1183 00d5 03       		.uleb128 0x3
 1184 00d6 08       		.uleb128 0x8
 1185 00d7 3A       		.uleb128 0x3a
ARM GAS  C:\Users\Chris\AppData\Local\Temp\ccj1ZNsX.s 			page 29


 1186 00d8 0B       		.uleb128 0xb
 1187 00d9 3B       		.uleb128 0x3b
 1188 00da 0B       		.uleb128 0xb
 1189 00db 49       		.uleb128 0x49
 1190 00dc 13       		.uleb128 0x13
 1191 00dd 02       		.uleb128 0x2
 1192 00de 17       		.uleb128 0x17
 1193 00df 00       		.byte	0
 1194 00e0 00       		.byte	0
 1195 00e1 13       		.uleb128 0x13
 1196 00e2 898201   		.uleb128 0x4109
 1197 00e5 01       		.byte	0x1
 1198 00e6 11       		.uleb128 0x11
 1199 00e7 01       		.uleb128 0x1
 1200 00e8 31       		.uleb128 0x31
 1201 00e9 13       		.uleb128 0x13
 1202 00ea 00       		.byte	0
 1203 00eb 00       		.byte	0
 1204 00ec 14       		.uleb128 0x14
 1205 00ed 8A8201   		.uleb128 0x410a
 1206 00f0 00       		.byte	0
 1207 00f1 02       		.uleb128 0x2
 1208 00f2 18       		.uleb128 0x18
 1209 00f3 9142     		.uleb128 0x2111
 1210 00f5 18       		.uleb128 0x18
 1211 00f6 00       		.byte	0
 1212 00f7 00       		.byte	0
 1213 00f8 15       		.uleb128 0x15
 1214 00f9 898201   		.uleb128 0x4109
 1215 00fc 01       		.byte	0x1
 1216 00fd 11       		.uleb128 0x11
 1217 00fe 01       		.uleb128 0x1
 1218 00ff 31       		.uleb128 0x31
 1219 0100 13       		.uleb128 0x13
 1220 0101 01       		.uleb128 0x1
 1221 0102 13       		.uleb128 0x13
 1222 0103 00       		.byte	0
 1223 0104 00       		.byte	0
 1224 0105 16       		.uleb128 0x16
 1225 0106 2E       		.uleb128 0x2e
 1226 0107 01       		.byte	0x1
 1227 0108 3F       		.uleb128 0x3f
 1228 0109 19       		.uleb128 0x19
 1229 010a 03       		.uleb128 0x3
 1230 010b 0E       		.uleb128 0xe
 1231 010c 3A       		.uleb128 0x3a
 1232 010d 0B       		.uleb128 0xb
 1233 010e 3B       		.uleb128 0x3b
 1234 010f 05       		.uleb128 0x5
 1235 0110 27       		.uleb128 0x27
 1236 0111 19       		.uleb128 0x19
 1237 0112 11       		.uleb128 0x11
 1238 0113 01       		.uleb128 0x1
 1239 0114 12       		.uleb128 0x12
 1240 0115 06       		.uleb128 0x6
 1241 0116 40       		.uleb128 0x40
 1242 0117 18       		.uleb128 0x18
ARM GAS  C:\Users\Chris\AppData\Local\Temp\ccj1ZNsX.s 			page 30


 1243 0118 9742     		.uleb128 0x2117
 1244 011a 19       		.uleb128 0x19
 1245 011b 01       		.uleb128 0x1
 1246 011c 13       		.uleb128 0x13
 1247 011d 00       		.byte	0
 1248 011e 00       		.byte	0
 1249 011f 17       		.uleb128 0x17
 1250 0120 0B       		.uleb128 0xb
 1251 0121 01       		.byte	0x1
 1252 0122 11       		.uleb128 0x11
 1253 0123 01       		.uleb128 0x1
 1254 0124 12       		.uleb128 0x12
 1255 0125 06       		.uleb128 0x6
 1256 0126 01       		.uleb128 0x1
 1257 0127 13       		.uleb128 0x13
 1258 0128 00       		.byte	0
 1259 0129 00       		.byte	0
 1260 012a 18       		.uleb128 0x18
 1261 012b 34       		.uleb128 0x34
 1262 012c 00       		.byte	0
 1263 012d 03       		.uleb128 0x3
 1264 012e 0E       		.uleb128 0xe
 1265 012f 3A       		.uleb128 0x3a
 1266 0130 0B       		.uleb128 0xb
 1267 0131 3B       		.uleb128 0x3b
 1268 0132 05       		.uleb128 0x5
 1269 0133 49       		.uleb128 0x49
 1270 0134 13       		.uleb128 0x13
 1271 0135 02       		.uleb128 0x2
 1272 0136 18       		.uleb128 0x18
 1273 0137 00       		.byte	0
 1274 0138 00       		.byte	0
 1275 0139 19       		.uleb128 0x19
 1276 013a 13       		.uleb128 0x13
 1277 013b 01       		.byte	0x1
 1278 013c 0B       		.uleb128 0xb
 1279 013d 0B       		.uleb128 0xb
 1280 013e 3A       		.uleb128 0x3a
 1281 013f 0B       		.uleb128 0xb
 1282 0140 3B       		.uleb128 0x3b
 1283 0141 05       		.uleb128 0x5
 1284 0142 01       		.uleb128 0x1
 1285 0143 13       		.uleb128 0x13
 1286 0144 00       		.byte	0
 1287 0145 00       		.byte	0
 1288 0146 1A       		.uleb128 0x1a
 1289 0147 0D       		.uleb128 0xd
 1290 0148 00       		.byte	0
 1291 0149 03       		.uleb128 0x3
 1292 014a 0E       		.uleb128 0xe
 1293 014b 3A       		.uleb128 0x3a
 1294 014c 0B       		.uleb128 0xb
 1295 014d 3B       		.uleb128 0x3b
 1296 014e 05       		.uleb128 0x5
 1297 014f 49       		.uleb128 0x49
 1298 0150 13       		.uleb128 0x13
 1299 0151 38       		.uleb128 0x38
ARM GAS  C:\Users\Chris\AppData\Local\Temp\ccj1ZNsX.s 			page 31


 1300 0152 0B       		.uleb128 0xb
 1301 0153 00       		.byte	0
 1302 0154 00       		.byte	0
 1303 0155 1B       		.uleb128 0x1b
 1304 0156 01       		.uleb128 0x1
 1305 0157 01       		.byte	0x1
 1306 0158 49       		.uleb128 0x49
 1307 0159 13       		.uleb128 0x13
 1308 015a 01       		.uleb128 0x1
 1309 015b 13       		.uleb128 0x13
 1310 015c 00       		.byte	0
 1311 015d 00       		.byte	0
 1312 015e 1C       		.uleb128 0x1c
 1313 015f 21       		.uleb128 0x21
 1314 0160 00       		.byte	0
 1315 0161 49       		.uleb128 0x49
 1316 0162 13       		.uleb128 0x13
 1317 0163 2F       		.uleb128 0x2f
 1318 0164 0B       		.uleb128 0xb
 1319 0165 00       		.byte	0
 1320 0166 00       		.byte	0
 1321 0167 1D       		.uleb128 0x1d
 1322 0168 34       		.uleb128 0x34
 1323 0169 00       		.byte	0
 1324 016a 03       		.uleb128 0x3
 1325 016b 08       		.uleb128 0x8
 1326 016c 3A       		.uleb128 0x3a
 1327 016d 0B       		.uleb128 0xb
 1328 016e 3B       		.uleb128 0x3b
 1329 016f 05       		.uleb128 0x5
 1330 0170 49       		.uleb128 0x49
 1331 0171 13       		.uleb128 0x13
 1332 0172 02       		.uleb128 0x2
 1333 0173 17       		.uleb128 0x17
 1334 0174 00       		.byte	0
 1335 0175 00       		.byte	0
 1336 0176 1E       		.uleb128 0x1e
 1337 0177 898201   		.uleb128 0x4109
 1338 017a 00       		.byte	0
 1339 017b 11       		.uleb128 0x11
 1340 017c 01       		.uleb128 0x1
 1341 017d 31       		.uleb128 0x31
 1342 017e 13       		.uleb128 0x13
 1343 017f 00       		.byte	0
 1344 0180 00       		.byte	0
 1345 0181 1F       		.uleb128 0x1f
 1346 0182 2E       		.uleb128 0x2e
 1347 0183 01       		.byte	0x1
 1348 0184 3F       		.uleb128 0x3f
 1349 0185 19       		.uleb128 0x19
 1350 0186 03       		.uleb128 0x3
 1351 0187 0E       		.uleb128 0xe
 1352 0188 27       		.uleb128 0x27
 1353 0189 19       		.uleb128 0x19
 1354 018a 49       		.uleb128 0x49
 1355 018b 13       		.uleb128 0x13
 1356 018c 34       		.uleb128 0x34
ARM GAS  C:\Users\Chris\AppData\Local\Temp\ccj1ZNsX.s 			page 32


 1357 018d 19       		.uleb128 0x19
 1358 018e 3C       		.uleb128 0x3c
 1359 018f 19       		.uleb128 0x19
 1360 0190 01       		.uleb128 0x1
 1361 0191 13       		.uleb128 0x13
 1362 0192 00       		.byte	0
 1363 0193 00       		.byte	0
 1364 0194 20       		.uleb128 0x20
 1365 0195 05       		.uleb128 0x5
 1366 0196 00       		.byte	0
 1367 0197 49       		.uleb128 0x49
 1368 0198 13       		.uleb128 0x13
 1369 0199 00       		.byte	0
 1370 019a 00       		.byte	0
 1371 019b 21       		.uleb128 0x21
 1372 019c 2E       		.uleb128 0x2e
 1373 019d 01       		.byte	0x1
 1374 019e 3F       		.uleb128 0x3f
 1375 019f 19       		.uleb128 0x19
 1376 01a0 03       		.uleb128 0x3
 1377 01a1 0E       		.uleb128 0xe
 1378 01a2 3A       		.uleb128 0x3a
 1379 01a3 0B       		.uleb128 0xb
 1380 01a4 3B       		.uleb128 0x3b
 1381 01a5 0B       		.uleb128 0xb
 1382 01a6 27       		.uleb128 0x27
 1383 01a7 19       		.uleb128 0x19
 1384 01a8 3C       		.uleb128 0x3c
 1385 01a9 19       		.uleb128 0x19
 1386 01aa 01       		.uleb128 0x1
 1387 01ab 13       		.uleb128 0x13
 1388 01ac 00       		.byte	0
 1389 01ad 00       		.byte	0
 1390 01ae 22       		.uleb128 0x22
 1391 01af 2E       		.uleb128 0x2e
 1392 01b0 01       		.byte	0x1
 1393 01b1 3F       		.uleb128 0x3f
 1394 01b2 19       		.uleb128 0x19
 1395 01b3 03       		.uleb128 0x3
 1396 01b4 0E       		.uleb128 0xe
 1397 01b5 3A       		.uleb128 0x3a
 1398 01b6 0B       		.uleb128 0xb
 1399 01b7 3B       		.uleb128 0x3b
 1400 01b8 0B       		.uleb128 0xb
 1401 01b9 27       		.uleb128 0x27
 1402 01ba 19       		.uleb128 0x19
 1403 01bb 49       		.uleb128 0x49
 1404 01bc 13       		.uleb128 0x13
 1405 01bd 3C       		.uleb128 0x3c
 1406 01be 19       		.uleb128 0x19
 1407 01bf 01       		.uleb128 0x1
 1408 01c0 13       		.uleb128 0x13
 1409 01c1 00       		.byte	0
 1410 01c2 00       		.byte	0
 1411 01c3 23       		.uleb128 0x23
 1412 01c4 2E       		.uleb128 0x2e
 1413 01c5 01       		.byte	0x1
ARM GAS  C:\Users\Chris\AppData\Local\Temp\ccj1ZNsX.s 			page 33


 1414 01c6 3F       		.uleb128 0x3f
 1415 01c7 19       		.uleb128 0x19
 1416 01c8 03       		.uleb128 0x3
 1417 01c9 0E       		.uleb128 0xe
 1418 01ca 3A       		.uleb128 0x3a
 1419 01cb 0B       		.uleb128 0xb
 1420 01cc 3B       		.uleb128 0x3b
 1421 01cd 0B       		.uleb128 0xb
 1422 01ce 27       		.uleb128 0x27
 1423 01cf 19       		.uleb128 0x19
 1424 01d0 3C       		.uleb128 0x3c
 1425 01d1 19       		.uleb128 0x19
 1426 01d2 00       		.byte	0
 1427 01d3 00       		.byte	0
 1428 01d4 00       		.byte	0
 1429              		.section	.debug_loc,"",%progbits
 1430              	.Ldebug_loc0:
 1431              	.LLST0:
 1432 0000 02000000 		.4byte	.LVL1
 1433 0004 08000000 		.4byte	.LVL2
 1434 0008 0200     		.2byte	0x2
 1435 000a 30       		.byte	0x30
 1436 000b 9F       		.byte	0x9f
 1437 000c 08000000 		.4byte	.LVL2
 1438 0010 30000000 		.4byte	.LVL11
 1439 0014 0100     		.2byte	0x1
 1440 0016 57       		.byte	0x57
 1441 0017 00000000 		.4byte	0
 1442 001b 00000000 		.4byte	0
 1443              	.LLST1:
 1444 001f 02000000 		.4byte	.LVL1
 1445 0023 08000000 		.4byte	.LVL2
 1446 0027 0200     		.2byte	0x2
 1447 0029 30       		.byte	0x30
 1448 002a 9F       		.byte	0x9f
 1449 002b 08000000 		.4byte	.LVL2
 1450 002f 30000000 		.4byte	.LVL10
 1451 0033 0100     		.2byte	0x1
 1452 0035 55       		.byte	0x55
 1453 0036 00000000 		.4byte	0
 1454 003a 00000000 		.4byte	0
 1455              	.LLST2:
 1456 003e 0C000000 		.4byte	.LVL3
 1457 0042 2C000000 		.4byte	.LVL9
 1458 0046 0100     		.2byte	0x1
 1459 0048 56       		.byte	0x56
 1460 0049 00000000 		.4byte	0
 1461 004d 00000000 		.4byte	0
 1462              	.LLST3:
 1463 0051 0E000000 		.4byte	.LVL4
 1464 0055 24000000 		.4byte	.LVL7
 1465 0059 0100     		.2byte	0x1
 1466 005b 53       		.byte	0x53
 1467 005c 26000000 		.4byte	.LVL8
 1468 0060 2C000000 		.4byte	.LVL9
 1469 0064 0100     		.2byte	0x1
 1470 0066 53       		.byte	0x53
ARM GAS  C:\Users\Chris\AppData\Local\Temp\ccj1ZNsX.s 			page 34


 1471 0067 00000000 		.4byte	0
 1472 006b 00000000 		.4byte	0
 1473              	.LLST4:
 1474 006f 00000000 		.4byte	.LVL12
 1475 0073 09000000 		.4byte	.LVL14-1
 1476 0077 0100     		.2byte	0x1
 1477 0079 50       		.byte	0x50
 1478 007a 09000000 		.4byte	.LVL14-1
 1479 007e 0C000000 		.4byte	.LFE0
 1480 0082 0400     		.2byte	0x4
 1481 0084 F3       		.byte	0xf3
 1482 0085 01       		.uleb128 0x1
 1483 0086 50       		.byte	0x50
 1484 0087 9F       		.byte	0x9f
 1485 0088 00000000 		.4byte	0
 1486 008c 00000000 		.4byte	0
 1487              	.LLST5:
 1488 0090 00000000 		.4byte	.LVL12
 1489 0094 06000000 		.4byte	.LVL13
 1490 0098 0100     		.2byte	0x1
 1491 009a 51       		.byte	0x51
 1492 009b 06000000 		.4byte	.LVL13
 1493 009f 09000000 		.4byte	.LVL14-1
 1494 00a3 0100     		.2byte	0x1
 1495 00a5 52       		.byte	0x52
 1496 00a6 09000000 		.4byte	.LVL14-1
 1497 00aa 0C000000 		.4byte	.LFE0
 1498 00ae 0400     		.2byte	0x4
 1499 00b0 F3       		.byte	0xf3
 1500 00b1 01       		.uleb128 0x1
 1501 00b2 51       		.byte	0x51
 1502 00b3 9F       		.byte	0x9f
 1503 00b4 00000000 		.4byte	0
 1504 00b8 00000000 		.4byte	0
 1505              	.LLST6:
 1506 00bc 94000000 		.4byte	.LVL18
 1507 00c0 98000000 		.4byte	.LVL19
 1508 00c4 0200     		.2byte	0x2
 1509 00c6 30       		.byte	0x30
 1510 00c7 9F       		.byte	0x9f
 1511 00c8 98000000 		.4byte	.LVL19
 1512 00cc B8000000 		.4byte	.LVL21
 1513 00d0 0100     		.2byte	0x1
 1514 00d2 54       		.byte	0x54
 1515 00d3 BA000000 		.4byte	.LVL22
 1516 00d7 4C010000 		.4byte	.LVL25
 1517 00db 0100     		.2byte	0x1
 1518 00dd 54       		.byte	0x54
 1519 00de 00000000 		.4byte	0
 1520 00e2 00000000 		.4byte	0
 1521              	.LLST7:
 1522 00e6 98000000 		.4byte	.LVL19
 1523 00ea B8000000 		.4byte	.LVL21
 1524 00ee 0B00     		.2byte	0xb
 1525 00f0 74       		.byte	0x74
 1526 00f1 00       		.sleb128 0
 1527 00f2 36       		.byte	0x36
ARM GAS  C:\Users\Chris\AppData\Local\Temp\ccj1ZNsX.s 			page 35


 1528 00f3 1E       		.byte	0x1e
 1529 00f4 03       		.byte	0x3
 1530 00f5 00000000 		.4byte	cfg_memset_list.4746
 1531 00f9 22       		.byte	0x22
 1532 00fa 9F       		.byte	0x9f
 1533 00fb B8000000 		.4byte	.LVL21
 1534 00ff BA000000 		.4byte	.LVL22
 1535 0103 0B00     		.2byte	0xb
 1536 0105 74       		.byte	0x74
 1537 0106 7F       		.sleb128 -1
 1538 0107 36       		.byte	0x36
 1539 0108 1E       		.byte	0x1e
 1540 0109 03       		.byte	0x3
 1541 010a 00000000 		.4byte	cfg_memset_list.4746
 1542 010e 22       		.byte	0x22
 1543 010f 9F       		.byte	0x9f
 1544 0110 00000000 		.4byte	0
 1545 0114 00000000 		.4byte	0
 1546              		.section	.debug_aranges,"",%progbits
 1547 0000 34000000 		.4byte	0x34
 1548 0004 0200     		.2byte	0x2
 1549 0006 00000000 		.4byte	.Ldebug_info0
 1550 000a 04       		.byte	0x4
 1551 000b 00       		.byte	0
 1552 000c 0000     		.2byte	0
 1553 000e 0000     		.2byte	0
 1554 0010 00000000 		.4byte	.LFB3
 1555 0014 32000000 		.4byte	.LFE3-.LFB3
 1556 0018 00000000 		.4byte	.LFB0
 1557 001c 0C000000 		.4byte	.LFE0-.LFB0
 1558 0020 00000000 		.4byte	.LFB4
 1559 0024 90000000 		.4byte	.LFE4-.LFB4
 1560 0028 90000000 		.4byte	.LFB6
 1561 002c 0C010000 		.4byte	.LFE6-.LFB6
 1562 0030 00000000 		.4byte	0
 1563 0034 00000000 		.4byte	0
 1564              		.section	.debug_ranges,"",%progbits
 1565              	.Ldebug_ranges0:
 1566 0000 00000000 		.4byte	.LFB3
 1567 0004 32000000 		.4byte	.LFE3
 1568 0008 00000000 		.4byte	.LFB0
 1569 000c 0C000000 		.4byte	.LFE0
 1570 0010 00000000 		.4byte	.LFB4
 1571 0014 90000000 		.4byte	.LFE4
 1572 0018 90000000 		.4byte	.LFB6
 1573 001c 9C010000 		.4byte	.LFE6
 1574 0020 00000000 		.4byte	0
 1575 0024 00000000 		.4byte	0
 1576              		.section	.debug_line,"",%progbits
 1577              	.Ldebug_line0:
 1578 0000 64010000 		.section	.debug_str,"MS",%progbits,1
 1578      0200D800 
 1578      00000201 
 1578      FB0E0D00 
 1578      01010101 
 1579              	.LASF18:
 1580 0000 72656733 		.ascii	"reg32\000"
ARM GAS  C:\Users\Chris\AppData\Local\Temp\ccj1ZNsX.s 			page 36


 1580      3200
 1581              	.LASF11:
 1582 0006 73697A65 		.ascii	"size_t\000"
 1582      5F7400
 1583              	.LASF42:
 1584 000d 4379496E 		.ascii	"CyIntSetVector\000"
 1584      74536574 
 1584      56656374 
 1584      6F7200
 1585              	.LASF21:
 1586 001c 76616C75 		.ascii	"value\000"
 1586      6500
 1587              	.LASF26:
 1588 0022 636F756E 		.ascii	"count\000"
 1588      7400
 1589              	.LASF29:
 1590 0028 436C6F63 		.ascii	"ClockSetup\000"
 1590      6B536574 
 1590      757000
 1591              	.LASF30:
 1592 0033 63795F63 		.ascii	"cy_cfg_addr_table\000"
 1592      66675F61 
 1592      6464725F 
 1592      7461626C 
 1592      6500
 1593              	.LASF31:
 1594 0045 63795F63 		.ascii	"cy_cfg_data_table\000"
 1594      66675F64 
 1594      6174615F 
 1594      7461626C 
 1594      6500
 1595              	.LASF40:
 1596 0057 433A5C55 		.ascii	"C:\\Users\\Chris\\Desktop\\ECEC 304\\Labs\\Lesson14"
 1596      73657273 
 1596      5C436872 
 1596      69735C44 
 1596      65736B74 
 1597 0084 5F436861 		.ascii	"_Challenge.cydsn\000"
 1597      6C6C656E 
 1597      67652E63 
 1597      7964736E 
 1597      00
 1598              	.LASF22:
 1599 0095 63795F63 		.ascii	"cy_cfg_addrvalue_t\000"
 1599      66675F61 
 1599      64647276 
 1599      616C7565 
 1599      5F7400
 1600              	.LASF15:
 1601 00a8 666C6F61 		.ascii	"float\000"
 1601      7400
 1602              	.LASF35:
 1603 00ae 6366675F 		.ascii	"cfg_memset_list\000"
 1603      6D656D73 
 1603      65745F6C 
 1603      69737400 
 1604              	.LASF33:
ARM GAS  C:\Users\Chris\AppData\Local\Temp\ccj1ZNsX.s 			page 37


 1605 00be 73697A65 		.ascii	"size\000"
 1605      00
 1606              	.LASF17:
 1607 00c3 72656738 		.ascii	"reg8\000"
 1607      00
 1608              	.LASF6:
 1609 00c8 6C6F6E67 		.ascii	"long unsigned int\000"
 1609      20756E73 
 1609      69676E65 
 1609      6420696E 
 1609      7400
 1610              	.LASF12:
 1611 00da 75696E74 		.ascii	"uint8\000"
 1611      3800
 1612              	.LASF28:
 1613 00e0 43594D45 		.ascii	"CYMEMZERO\000"
 1613      4D5A4552 
 1613      4F00
 1614              	.LASF2:
 1615 00ea 756E7369 		.ascii	"unsigned char\000"
 1615      676E6564 
 1615      20636861 
 1615      7200
 1616              	.LASF36:
 1617 00f8 6D656D73 		.ascii	"memset\000"
 1617      657400
 1618              	.LASF16:
 1619 00ff 646F7562 		.ascii	"double\000"
 1619      6C6500
 1620              	.LASF27:
 1621 0106 6366675F 		.ascii	"cfg_write_bytes32\000"
 1621      77726974 
 1621      655F6279 
 1621      74657333 
 1621      3200
 1622              	.LASF43:
 1623 0118 4379496E 		.ascii	"CyIntEnable\000"
 1623      74456E61 
 1623      626C6500 
 1624              	.LASF23:
 1625 0124 61646472 		.ascii	"addr_table\000"
 1625      5F746162 
 1625      6C6500
 1626              	.LASF13:
 1627 012f 75696E74 		.ascii	"uint16\000"
 1627      313600
 1628              	.LASF24:
 1629 0136 64617461 		.ascii	"data_table\000"
 1629      5F746162 
 1629      6C6500
 1630              	.LASF14:
 1631 0141 75696E74 		.ascii	"uint32\000"
 1631      333200
 1632              	.LASF0:
 1633 0148 756E7369 		.ascii	"unsigned int\000"
 1633      676E6564 
 1633      20696E74 
ARM GAS  C:\Users\Chris\AppData\Local\Temp\ccj1ZNsX.s 			page 38


 1633      00
 1634              	.LASF41:
 1635 0155 63796669 		.ascii	"cyfitter_cfg\000"
 1635      74746572 
 1635      5F636667 
 1635      00
 1636              	.LASF32:
 1637 0162 61646472 		.ascii	"address\000"
 1637      65737300 
 1638              	.LASF8:
 1639 016a 6C6F6E67 		.ascii	"long long unsigned int\000"
 1639      206C6F6E 
 1639      6720756E 
 1639      7369676E 
 1639      65642069 
 1640              	.LASF19:
 1641 0181 63796973 		.ascii	"cyisraddress\000"
 1641      72616464 
 1641      72657373 
 1641      00
 1642              	.LASF34:
 1643 018e 6366675F 		.ascii	"cfg_memset_t\000"
 1643      6D656D73 
 1643      65745F74 
 1643      00
 1644              	.LASF25:
 1645 019b 62617365 		.ascii	"baseAddr\000"
 1645      41646472 
 1645      00
 1646              	.LASF9:
 1647 01a4 73697A65 		.ascii	"sizetype\000"
 1647      74797065 
 1647      00
 1648              	.LASF39:
 1649 01ad 2E5C4765 		.ascii	".\\Generated_Source\\PSoC4\\cyfitter_cfg.c\000"
 1649      6E657261 
 1649      7465645F 
 1649      536F7572 
 1649      63655C50 
 1650              	.LASF7:
 1651 01d5 6C6F6E67 		.ascii	"long long int\000"
 1651      206C6F6E 
 1651      6720696E 
 1651      7400
 1652              	.LASF10:
 1653 01e3 63686172 		.ascii	"char\000"
 1653      00
 1654              	.LASF38:
 1655 01e8 474E5520 		.ascii	"GNU C 4.9.3 20150303 (release) [ARM/embedded-4_9-br"
 1655      4320342E 
 1655      392E3320 
 1655      32303135 
 1655      30333033 
 1656 021b 616E6368 		.ascii	"anch revision 221220] -mcpu=cortex-m0 -mthumb -g -O"
 1656      20726576 
 1656      6973696F 
 1656      6E203232 
ARM GAS  C:\Users\Chris\AppData\Local\Temp\ccj1ZNsX.s 			page 39


 1656      31323230 
 1657 024e 67202D66 		.ascii	"g -ffunction-sections -ffat-lto-objects\000"
 1657      66756E63 
 1657      74696F6E 
 1657      2D736563 
 1657      74696F6E 
 1658              	.LASF20:
 1659 0276 6F666673 		.ascii	"offset\000"
 1659      657400
 1660              	.LASF3:
 1661 027d 73686F72 		.ascii	"short int\000"
 1661      7420696E 
 1661      7400
 1662              	.LASF37:
 1663 0287 43795379 		.ascii	"CySysClkWriteImoFreq\000"
 1663      73436C6B 
 1663      57726974 
 1663      65496D6F 
 1663      46726571 
 1664              	.LASF5:
 1665 029c 6C6F6E67 		.ascii	"long int\000"
 1665      20696E74 
 1665      00
 1666              	.LASF1:
 1667 02a5 7369676E 		.ascii	"signed char\000"
 1667      65642063 
 1667      68617200 
 1668              	.LASF4:
 1669 02b1 73686F72 		.ascii	"short unsigned int\000"
 1669      7420756E 
 1669      7369676E 
 1669      65642069 
 1669      6E7400
 1670              		.ident	"GCC: (GNU Tools for ARM Embedded Processors) 4.9.3 20150303 (release) [ARM/embedded-4_9-br
