Archive member included because of file (symbol)

.\CortexM0\ARM_GCC_493\Debug\Lesson14_Challenge.a(cyfitter_cfg.o)
                              .\CortexM0\ARM_GCC_493\Debug\Cm0Start.o (cyfitter_cfg)
.\CortexM0\ARM_GCC_493\Debug\Lesson14_Challenge.a(CyLib.o)
                              .\CortexM0\ARM_GCC_493\Debug\Lesson14_Challenge.a(cyfitter_cfg.o) (CyIntEnable)
.\CortexM0\ARM_GCC_493\Debug\Lesson14_Challenge.a(CyLFClk.o)
                              .\CortexM0\ARM_GCC_493\Debug\Lesson14_Challenge.a(cyfitter_cfg.o) (CySysWdtIsr)
.\CortexM0\ARM_GCC_493\Debug\Lesson14_Challenge.a(Status.o)
                              .\CortexM0\ARM_GCC_493\Debug\main.o (Status_Read)
.\CortexM0\ARM_GCC_493\Debug\Lesson14_Challenge.a(UART.o)
                              .\CortexM0\ARM_GCC_493\Debug\main.o (UART_Start)
.\CortexM0\ARM_GCC_493\Debug\Lesson14_Challenge.a(UART_SPI_UART.o)
                              .\CortexM0\ARM_GCC_493\Debug\main.o (UART_SpiUartWriteTxData)
.\CortexM0\ARM_GCC_493\Debug\Lesson14_Challenge.a(UART_UART.o)
                              .\CortexM0\ARM_GCC_493\Debug\Lesson14_Challenge.a(UART.o) (UART_UartInit)
.\CortexM0\ARM_GCC_493\Debug\Lesson14_Challenge.a(CyBootAsmGnu.o)
                              .\CortexM0\ARM_GCC_493\Debug\Lesson14_Challenge.a(CyLib.o) (CyDelayCycles)
c:/program files (x86)/cypress/psoc creator/3.3/psoc creator/import/gnu/arm/4.9.3/bin/../lib/gcc/arm-none-eabi/4.9.3/armv6-m\libgcc.a(_udivsi3.o)
                              .\CortexM0\ARM_GCC_493\Debug\Lesson14_Challenge.a(CyLib.o) (__aeabi_uidiv)
c:/program files (x86)/cypress/psoc creator/3.3/psoc creator/import/gnu/arm/4.9.3/bin/../lib/gcc/arm-none-eabi/4.9.3/armv6-m\libgcc.a(_dvmd_tls.o)
                              c:/program files (x86)/cypress/psoc creator/3.3/psoc creator/import/gnu/arm/4.9.3/bin/../lib/gcc/arm-none-eabi/4.9.3/armv6-m\libgcc.a(_udivsi3.o) (__aeabi_idiv0)
c:/program files (x86)/cypress/psoc creator/3.3/psoc creator/import/gnu/arm/4.9.3/bin/../lib/gcc/arm-none-eabi/4.9.3/../../../../arm-none-eabi/lib/armv6-m\libg_nano.a(lib_a-errno.o)
                              .\CortexM0\ARM_GCC_493\Debug\Cm0Start.o (__errno)
c:/program files (x86)/cypress/psoc creator/3.3/psoc creator/import/gnu/arm/4.9.3/bin/../lib/gcc/arm-none-eabi/4.9.3/../../../../arm-none-eabi/lib/armv6-m\libg_nano.a(lib_a-exit.o)
                              c:/program files (x86)/cypress/psoc creator/3.3/psoc creator/import/gnu/arm/4.9.3/bin/../lib/gcc/arm-none-eabi/4.9.3/../../../../arm-none-eabi/lib/armv6-m/crt0.o (exit)
c:/program files (x86)/cypress/psoc creator/3.3/psoc creator/import/gnu/arm/4.9.3/bin/../lib/gcc/arm-none-eabi/4.9.3/../../../../arm-none-eabi/lib/armv6-m\libg_nano.a(lib_a-impure.o)
                              c:/program files (x86)/cypress/psoc creator/3.3/psoc creator/import/gnu/arm/4.9.3/bin/../lib/gcc/arm-none-eabi/4.9.3/../../../../arm-none-eabi/lib/armv6-m\libg_nano.a(lib_a-exit.o) (_global_impure_ptr)
c:/program files (x86)/cypress/psoc creator/3.3/psoc creator/import/gnu/arm/4.9.3/bin/../lib/gcc/arm-none-eabi/4.9.3/../../../../arm-none-eabi/lib/armv6-m\libg_nano.a(lib_a-init.o)
                              c:/program files (x86)/cypress/psoc creator/3.3/psoc creator/import/gnu/arm/4.9.3/bin/../lib/gcc/arm-none-eabi/4.9.3/../../../../arm-none-eabi/lib/armv6-m/crt0.o (__libc_init_array)
c:/program files (x86)/cypress/psoc creator/3.3/psoc creator/import/gnu/arm/4.9.3/bin/../lib/gcc/arm-none-eabi/4.9.3/../../../../arm-none-eabi/lib/armv6-m\libg_nano.a(lib_a-memset.o)
                              c:/program files (x86)/cypress/psoc creator/3.3/psoc creator/import/gnu/arm/4.9.3/bin/../lib/gcc/arm-none-eabi/4.9.3/../../../../arm-none-eabi/lib/armv6-m/crt0.o (memset)

Discarded input sections

 .text          0x00000000        0x0 c:/program files (x86)/cypress/psoc creator/3.3/psoc creator/import/gnu/arm/4.9.3/bin/../lib/gcc/arm-none-eabi/4.9.3/armv6-m/crti.o
 .data          0x00000000        0x0 c:/program files (x86)/cypress/psoc creator/3.3/psoc creator/import/gnu/arm/4.9.3/bin/../lib/gcc/arm-none-eabi/4.9.3/armv6-m/crti.o
 .bss           0x00000000        0x0 c:/program files (x86)/cypress/psoc creator/3.3/psoc creator/import/gnu/arm/4.9.3/bin/../lib/gcc/arm-none-eabi/4.9.3/armv6-m/crti.o
 .data          0x00000000        0x4 c:/program files (x86)/cypress/psoc creator/3.3/psoc creator/import/gnu/arm/4.9.3/bin/../lib/gcc/arm-none-eabi/4.9.3/armv6-m/crtbegin.o
 .text          0x00000000       0x78 c:/program files (x86)/cypress/psoc creator/3.3/psoc creator/import/gnu/arm/4.9.3/bin/../lib/gcc/arm-none-eabi/4.9.3/../../../../arm-none-eabi/lib/armv6-m/crt0.o
 .data          0x00000000        0x0 c:/program files (x86)/cypress/psoc creator/3.3/psoc creator/import/gnu/arm/4.9.3/bin/../lib/gcc/arm-none-eabi/4.9.3/../../../../arm-none-eabi/lib/armv6-m/crt0.o
 .bss           0x00000000        0x0 c:/program files (x86)/cypress/psoc creator/3.3/psoc creator/import/gnu/arm/4.9.3/bin/../lib/gcc/arm-none-eabi/4.9.3/../../../../arm-none-eabi/lib/armv6-m/crt0.o
 .ARM.extab     0x00000000        0x0 c:/program files (x86)/cypress/psoc creator/3.3/psoc creator/import/gnu/arm/4.9.3/bin/../lib/gcc/arm-none-eabi/4.9.3/../../../../arm-none-eabi/lib/armv6-m/crt0.o
 .ARM.exidx     0x00000000        0x8 c:/program files (x86)/cypress/psoc creator/3.3/psoc creator/import/gnu/arm/4.9.3/bin/../lib/gcc/arm-none-eabi/4.9.3/../../../../arm-none-eabi/lib/armv6-m/crt0.o
 .text          0x00000000        0x0 .\CortexM0\ARM_GCC_493\Debug\main.o
 .data          0x00000000        0x0 .\CortexM0\ARM_GCC_493\Debug\main.o
 .bss           0x00000000        0x0 .\CortexM0\ARM_GCC_493\Debug\main.o
 .text          0x00000000        0x0 .\CortexM0\ARM_GCC_493\Debug\cymetadata.o
 .data          0x00000000        0x0 .\CortexM0\ARM_GCC_493\Debug\cymetadata.o
 .bss           0x00000000        0x0 .\CortexM0\ARM_GCC_493\Debug\cymetadata.o
 .text          0x00000000        0x0 .\CortexM0\ARM_GCC_493\Debug\Cm0Start.o
 .data          0x00000000        0x4 .\CortexM0\ARM_GCC_493\Debug\Cm0Start.o
 .bss           0x00000000        0x0 .\CortexM0\ARM_GCC_493\Debug\Cm0Start.o
 .text._exit    0x00000000        0xc .\CortexM0\ARM_GCC_493\Debug\Cm0Start.o
 .text._sbrk    0x00000000       0x30 .\CortexM0\ARM_GCC_493\Debug\Cm0Start.o
 .text          0x00000000        0x0 .\CortexM0\ARM_GCC_493\Debug\Lesson14_Challenge.a(cyfitter_cfg.o)
 .data          0x00000000        0x0 .\CortexM0\ARM_GCC_493\Debug\Lesson14_Challenge.a(cyfitter_cfg.o)
 .bss           0x00000000        0x0 .\CortexM0\ARM_GCC_493\Debug\Lesson14_Challenge.a(cyfitter_cfg.o)
 .text          0x00000000        0x0 .\CortexM0\ARM_GCC_493\Debug\Lesson14_Challenge.a(CyLib.o)
 .bss           0x00000000       0x18 .\CortexM0\ARM_GCC_493\Debug\Lesson14_Challenge.a(CyLib.o)
 .text.CySysClkImoStart
                0x00000000       0x14 .\CortexM0\ARM_GCC_493\Debug\Lesson14_Challenge.a(CyLib.o)
 .text.CySysClkImoStop
                0x00000000       0x10 .\CortexM0\ARM_GCC_493\Debug\Lesson14_Challenge.a(CyLib.o)
 .text.CySysClkWriteHfclkDirect
                0x00000000       0x20 .\CortexM0\ARM_GCC_493\Debug\Lesson14_Challenge.a(CyLib.o)
 .text.CySysClkGetSysclkSource
                0x00000000       0x1c .\CortexM0\ARM_GCC_493\Debug\Lesson14_Challenge.a(CyLib.o)
 .text.CySysClkWriteSysclkDiv
                0x00000000       0x28 .\CortexM0\ARM_GCC_493\Debug\Lesson14_Challenge.a(CyLib.o)
 .text.CySysLvdDisable
                0x00000000       0x20 .\CortexM0\ARM_GCC_493\Debug\Lesson14_Challenge.a(CyLib.o)
 .text.CySysLvdGetInterruptSource
                0x00000000       0x10 .\CortexM0\ARM_GCC_493\Debug\Lesson14_Challenge.a(CyLib.o)
 .text.CySysLvdClearInterrupt
                0x00000000        0xc .\CortexM0\ARM_GCC_493\Debug\Lesson14_Challenge.a(CyLib.o)
 .text.CySysGetResetReason
                0x00000000       0x14 .\CortexM0\ARM_GCC_493\Debug\Lesson14_Challenge.a(CyLib.o)
 .text.CyDisableInts
                0x00000000       0x10 .\CortexM0\ARM_GCC_493\Debug\Lesson14_Challenge.a(CyLib.o)
 .text.CyEnableInts
                0x00000000        0xc .\CortexM0\ARM_GCC_493\Debug\Lesson14_Challenge.a(CyLib.o)
 .text.CyIntGetState
                0x00000000       0x18 .\CortexM0\ARM_GCC_493\Debug\Lesson14_Challenge.a(CyLib.o)
 .text.CyIntDisable
                0x00000000       0x14 .\CortexM0\ARM_GCC_493\Debug\Lesson14_Challenge.a(CyLib.o)
 .text.CyIntSetPending
                0x00000000       0x14 .\CortexM0\ARM_GCC_493\Debug\Lesson14_Challenge.a(CyLib.o)
 .text.CyIntClearPending
                0x00000000       0x14 .\CortexM0\ARM_GCC_493\Debug\Lesson14_Challenge.a(CyLib.o)
 .text.CyIntSetSysVector
                0x00000000       0x20 .\CortexM0\ARM_GCC_493\Debug\Lesson14_Challenge.a(CyLib.o)
 .text.CyIntGetSysVector
                0x00000000       0x1c .\CortexM0\ARM_GCC_493\Debug\Lesson14_Challenge.a(CyLib.o)
 .text.CyIntGetVector
                0x00000000       0x20 .\CortexM0\ARM_GCC_493\Debug\Lesson14_Challenge.a(CyLib.o)
 .text.CyIntSetPriority
                0x00000000       0x4c .\CortexM0\ARM_GCC_493\Debug\Lesson14_Challenge.a(CyLib.o)
 .text.CyIntGetPriority
                0x00000000       0x2c .\CortexM0\ARM_GCC_493\Debug\Lesson14_Challenge.a(CyLib.o)
 .text.CySoftwareReset
                0x00000000       0x18 .\CortexM0\ARM_GCC_493\Debug\Lesson14_Challenge.a(CyLib.o)
 .text.CyDelay  0x00000000       0x30 .\CortexM0\ARM_GCC_493\Debug\Lesson14_Challenge.a(CyLib.o)
 .text.CySysLvdEnable
                0x00000000       0x44 .\CortexM0\ARM_GCC_493\Debug\Lesson14_Challenge.a(CyLib.o)
 .text.CyDelayFreq
                0x00000000       0x4c .\CortexM0\ARM_GCC_493\Debug\Lesson14_Challenge.a(CyLib.o)
 .text.CySysTickStop
                0x00000000       0x10 .\CortexM0\ARM_GCC_493\Debug\Lesson14_Challenge.a(CyLib.o)
 .text.CySysTickEnableInterrupt
                0x00000000       0x10 .\CortexM0\ARM_GCC_493\Debug\Lesson14_Challenge.a(CyLib.o)
 .text.CySysTickEnable
                0x00000000       0x18 .\CortexM0\ARM_GCC_493\Debug\Lesson14_Challenge.a(CyLib.o)
 .text.CySysTickDisableInterrupt
                0x00000000       0x10 .\CortexM0\ARM_GCC_493\Debug\Lesson14_Challenge.a(CyLib.o)
 .text.CySysTickSetReload
                0x00000000       0x10 .\CortexM0\ARM_GCC_493\Debug\Lesson14_Challenge.a(CyLib.o)
 .text.CySysTickGetReload
                0x00000000       0x10 .\CortexM0\ARM_GCC_493\Debug\Lesson14_Challenge.a(CyLib.o)
 .text.CySysTickGetValue
                0x00000000       0x10 .\CortexM0\ARM_GCC_493\Debug\Lesson14_Challenge.a(CyLib.o)
 .text.CySysTickGetCountFlag
                0x00000000       0x10 .\CortexM0\ARM_GCC_493\Debug\Lesson14_Challenge.a(CyLib.o)
 .text.CySysTickServiceCallbacks
                0x00000000       0x28 .\CortexM0\ARM_GCC_493\Debug\Lesson14_Challenge.a(CyLib.o)
 .text.CySysTickClear
                0x00000000        0xc .\CortexM0\ARM_GCC_493\Debug\Lesson14_Challenge.a(CyLib.o)
 .text.CySysTickInit
                0x00000000       0x44 .\CortexM0\ARM_GCC_493\Debug\Lesson14_Challenge.a(CyLib.o)
 .text.CySysTickStart
                0x00000000       0x20 .\CortexM0\ARM_GCC_493\Debug\Lesson14_Challenge.a(CyLib.o)
 .text.CySysTickSetCallback
                0x00000000       0x10 .\CortexM0\ARM_GCC_493\Debug\Lesson14_Challenge.a(CyLib.o)
 .text.CySysTickGetCallback
                0x00000000        0xc .\CortexM0\ARM_GCC_493\Debug\Lesson14_Challenge.a(CyLib.o)
 .text.CyGetUniqueId
                0x00000000       0x70 .\CortexM0\ARM_GCC_493\Debug\Lesson14_Challenge.a(CyLib.o)
 .text          0x00000000        0x0 .\CortexM0\ARM_GCC_493\Debug\Lesson14_Challenge.a(CyLFClk.o)
 .text.CySysClkIloEnabled
                0x00000000       0x14 .\CortexM0\ARM_GCC_493\Debug\Lesson14_Challenge.a(CyLFClk.o)
 .text.CySysClkIloStart
                0x00000000       0x14 .\CortexM0\ARM_GCC_493\Debug\Lesson14_Challenge.a(CyLFClk.o)
 .text.CySysClkIloStartMeasurement
                0x00000000       0x34 .\CortexM0\ARM_GCC_493\Debug\Lesson14_Challenge.a(CyLFClk.o)
 .text.CySysClkIloStopMeasurement
                0x00000000       0x14 .\CortexM0\ARM_GCC_493\Debug\Lesson14_Challenge.a(CyLFClk.o)
 .text.CySysClkIloCompensate
                0x00000000      0x108 .\CortexM0\ARM_GCC_493\Debug\Lesson14_Challenge.a(CyLFClk.o)
 .text.CySysWdtGetEnabledStatus
                0x00000000       0x24 .\CortexM0\ARM_GCC_493\Debug\Lesson14_Challenge.a(CyLFClk.o)
 .text.CySysWdtSetMode
                0x00000000       0x38 .\CortexM0\ARM_GCC_493\Debug\Lesson14_Challenge.a(CyLFClk.o)
 .text.CySysClkLfclkPosedgeRestore
                0x00000000       0x2c .\CortexM0\ARM_GCC_493\Debug\Lesson14_Challenge.a(CyLFClk.o)
 .text.CySysWdtGetMode
                0x00000000       0x14 .\CortexM0\ARM_GCC_493\Debug\Lesson14_Challenge.a(CyLFClk.o)
 .text.CySysWdtSetClearOnMatch
                0x00000000       0x38 .\CortexM0\ARM_GCC_493\Debug\Lesson14_Challenge.a(CyLFClk.o)
 .text.CySysWdtGetClearOnMatch
                0x00000000       0x24 .\CortexM0\ARM_GCC_493\Debug\Lesson14_Challenge.a(CyLFClk.o)
 .text.CySysWdtEnable
                0x00000000       0x40 .\CortexM0\ARM_GCC_493\Debug\Lesson14_Challenge.a(CyLFClk.o)
 .text.CySysWdtDisable
                0x00000000       0x44 .\CortexM0\ARM_GCC_493\Debug\Lesson14_Challenge.a(CyLFClk.o)
 .text.CySysWdtSetCascade
                0x00000000       0x34 .\CortexM0\ARM_GCC_493\Debug\Lesson14_Challenge.a(CyLFClk.o)
 .text.CySysWdtGetCascade
                0x00000000       0x14 .\CortexM0\ARM_GCC_493\Debug\Lesson14_Challenge.a(CyLFClk.o)
 .text.CySysWdtSetMatch
                0x00000000       0x3c .\CortexM0\ARM_GCC_493\Debug\Lesson14_Challenge.a(CyLFClk.o)
 .text.CySysWdtSetToggleBit
                0x00000000       0x2c .\CortexM0\ARM_GCC_493\Debug\Lesson14_Challenge.a(CyLFClk.o)
 .text.CySysWdtGetToggleBit
                0x00000000       0x10 .\CortexM0\ARM_GCC_493\Debug\Lesson14_Challenge.a(CyLFClk.o)
 .text.CySysWdtGetMatch
                0x00000000       0x20 .\CortexM0\ARM_GCC_493\Debug\Lesson14_Challenge.a(CyLFClk.o)
 .text.CySysWdtGetCount
                0x00000000       0x3c .\CortexM0\ARM_GCC_493\Debug\Lesson14_Challenge.a(CyLFClk.o)
 .text.CySysClkLfclkPosedgeCatch
                0x00000000       0x74 .\CortexM0\ARM_GCC_493\Debug\Lesson14_Challenge.a(CyLFClk.o)
 .text.CySysClkIloStop
                0x00000000       0x38 .\CortexM0\ARM_GCC_493\Debug\Lesson14_Challenge.a(CyLFClk.o)
 .text.CySysWdtGetInterruptSource
                0x00000000       0x14 .\CortexM0\ARM_GCC_493\Debug\Lesson14_Challenge.a(CyLFClk.o)
 .text.CySysWdtResetCounters
                0x00000000       0x20 .\CortexM0\ARM_GCC_493\Debug\Lesson14_Challenge.a(CyLFClk.o)
 .text.CySysWdtSetInterruptCallback
                0x00000000       0x20 .\CortexM0\ARM_GCC_493\Debug\Lesson14_Challenge.a(CyLFClk.o)
 .text.CySysWdtGetInterruptCallback
                0x00000000       0x20 .\CortexM0\ARM_GCC_493\Debug\Lesson14_Challenge.a(CyLFClk.o)
 .text.CySysWdtEnableCounterIsr
                0x00000000       0x34 .\CortexM0\ARM_GCC_493\Debug\Lesson14_Challenge.a(CyLFClk.o)
 .text.CySysWdtDisableCounterIsr
                0x00000000       0x28 .\CortexM0\ARM_GCC_493\Debug\Lesson14_Challenge.a(CyLFClk.o)
 .text.CySysWatchdogFeed
                0x00000000       0x60 .\CortexM0\ARM_GCC_493\Debug\Lesson14_Challenge.a(CyLFClk.o)
 .text.CySysTimerDelayUntilMatch
                0x00000000       0x6c .\CortexM0\ARM_GCC_493\Debug\Lesson14_Challenge.a(CyLFClk.o)
 .text.CySysTimerDelay
                0x00000000       0x3c .\CortexM0\ARM_GCC_493\Debug\Lesson14_Challenge.a(CyLFClk.o)
 .rodata        0x00000000        0xc .\CortexM0\ARM_GCC_493\Debug\Lesson14_Challenge.a(CyLFClk.o)
 .text          0x00000000        0x0 .\CortexM0\ARM_GCC_493\Debug\Lesson14_Challenge.a(Status.o)
 .data          0x00000000        0x0 .\CortexM0\ARM_GCC_493\Debug\Lesson14_Challenge.a(Status.o)
 .bss           0x00000000        0x0 .\CortexM0\ARM_GCC_493\Debug\Lesson14_Challenge.a(Status.o)
 .text.Status_InterruptEnable
                0x00000000       0x1c .\CortexM0\ARM_GCC_493\Debug\Lesson14_Challenge.a(Status.o)
 .text.Status_InterruptDisable
                0x00000000       0x1c .\CortexM0\ARM_GCC_493\Debug\Lesson14_Challenge.a(Status.o)
 .text.Status_WriteMask
                0x00000000       0x10 .\CortexM0\ARM_GCC_493\Debug\Lesson14_Challenge.a(Status.o)
 .text.Status_ReadMask
                0x00000000        0xc .\CortexM0\ARM_GCC_493\Debug\Lesson14_Challenge.a(Status.o)
 .text          0x00000000        0x0 .\CortexM0\ARM_GCC_493\Debug\Lesson14_Challenge.a(UART.o)
 .data          0x00000000        0x0 .\CortexM0\ARM_GCC_493\Debug\Lesson14_Challenge.a(UART.o)
 .text.UART_ScbModeStop
                0x00000000        0x8 .\CortexM0\ARM_GCC_493\Debug\Lesson14_Challenge.a(UART.o)
 .text.UART_Stop
                0x00000000       0x20 .\CortexM0\ARM_GCC_493\Debug\Lesson14_Challenge.a(UART.o)
 .text.UART_SetRxFifoLevel
                0x00000000       0x14 .\CortexM0\ARM_GCC_493\Debug\Lesson14_Challenge.a(UART.o)
 .text.UART_SetTxFifoLevel
                0x00000000       0x14 .\CortexM0\ARM_GCC_493\Debug\Lesson14_Challenge.a(UART.o)
 .text.UART_I2CSlaveNackGeneration
                0x00000000       0x3c .\CortexM0\ARM_GCC_493\Debug\Lesson14_Challenge.a(UART.o)
 .text          0x00000000        0x0 .\CortexM0\ARM_GCC_493\Debug\Lesson14_Challenge.a(UART_SPI_UART.o)
 .data          0x00000000        0x0 .\CortexM0\ARM_GCC_493\Debug\Lesson14_Challenge.a(UART_SPI_UART.o)
 .bss           0x00000000        0x0 .\CortexM0\ARM_GCC_493\Debug\Lesson14_Challenge.a(UART_SPI_UART.o)
 .text.UART_SpiUartReadRxData
                0x00000000        0xc .\CortexM0\ARM_GCC_493\Debug\Lesson14_Challenge.a(UART_SPI_UART.o)
 .text.UART_SpiUartGetRxBufferSize
                0x00000000       0x10 .\CortexM0\ARM_GCC_493\Debug\Lesson14_Challenge.a(UART_SPI_UART.o)
 .text.UART_SpiUartClearRxBuffer
                0x00000000       0x20 .\CortexM0\ARM_GCC_493\Debug\Lesson14_Challenge.a(UART_SPI_UART.o)
 .text.UART_SpiUartPutArray
                0x00000000       0x18 .\CortexM0\ARM_GCC_493\Debug\Lesson14_Challenge.a(UART_SPI_UART.o)
 .text.UART_SpiUartGetTxBufferSize
                0x00000000       0x10 .\CortexM0\ARM_GCC_493\Debug\Lesson14_Challenge.a(UART_SPI_UART.o)
 .text.UART_SpiUartClearTxBuffer
                0x00000000       0x20 .\CortexM0\ARM_GCC_493\Debug\Lesson14_Challenge.a(UART_SPI_UART.o)
 .text.UART_SpiUartDisableIntRx
                0x00000000       0x10 .\CortexM0\ARM_GCC_493\Debug\Lesson14_Challenge.a(UART_SPI_UART.o)
 .text.UART_SpiUartDisableIntTx
                0x00000000       0x10 .\CortexM0\ARM_GCC_493\Debug\Lesson14_Challenge.a(UART_SPI_UART.o)
 .text          0x00000000        0x0 .\CortexM0\ARM_GCC_493\Debug\Lesson14_Challenge.a(UART_UART.o)
 .data          0x00000000        0x0 .\CortexM0\ARM_GCC_493\Debug\Lesson14_Challenge.a(UART_UART.o)
 .bss           0x00000000        0x0 .\CortexM0\ARM_GCC_493\Debug\Lesson14_Challenge.a(UART_UART.o)
 .text.UART_UartStop
                0x00000000       0x2c .\CortexM0\ARM_GCC_493\Debug\Lesson14_Challenge.a(UART_UART.o)
 .text.UART_UartSetRxAddress
                0x00000000       0x14 .\CortexM0\ARM_GCC_493\Debug\Lesson14_Challenge.a(UART_UART.o)
 .text.UART_UartSetRxAddressMask
                0x00000000       0x18 .\CortexM0\ARM_GCC_493\Debug\Lesson14_Challenge.a(UART_UART.o)
 .text.UART_UartGetChar
                0x00000000       0x2c .\CortexM0\ARM_GCC_493\Debug\Lesson14_Challenge.a(UART_UART.o)
 .text.UART_UartGetByte
                0x00000000       0x30 .\CortexM0\ARM_GCC_493\Debug\Lesson14_Challenge.a(UART_UART.o)
 .text.UART_UartPutString
                0x00000000       0x18 .\CortexM0\ARM_GCC_493\Debug\Lesson14_Challenge.a(UART_UART.o)
 .text.UART_UartPutCRLF
                0x00000000       0x14 .\CortexM0\ARM_GCC_493\Debug\Lesson14_Challenge.a(UART_UART.o)
 .data          0x00000000        0x0 .\CortexM0\ARM_GCC_493\Debug\Lesson14_Challenge.a(CyBootAsmGnu.o)
 .bss           0x00000000        0x0 .\CortexM0\ARM_GCC_493\Debug\Lesson14_Challenge.a(CyBootAsmGnu.o)
 .text          0x00000000      0x120 c:/program files (x86)/cypress/psoc creator/3.3/psoc creator/import/gnu/arm/4.9.3/bin/../lib/gcc/arm-none-eabi/4.9.3/armv6-m\libgcc.a(_udivsi3.o)
 .data          0x00000000        0x0 c:/program files (x86)/cypress/psoc creator/3.3/psoc creator/import/gnu/arm/4.9.3/bin/../lib/gcc/arm-none-eabi/4.9.3/armv6-m\libgcc.a(_udivsi3.o)
 .bss           0x00000000        0x0 c:/program files (x86)/cypress/psoc creator/3.3/psoc creator/import/gnu/arm/4.9.3/bin/../lib/gcc/arm-none-eabi/4.9.3/armv6-m\libgcc.a(_udivsi3.o)
 .text          0x00000000        0x4 c:/program files (x86)/cypress/psoc creator/3.3/psoc creator/import/gnu/arm/4.9.3/bin/../lib/gcc/arm-none-eabi/4.9.3/armv6-m\libgcc.a(_dvmd_tls.o)
 .data          0x00000000        0x0 c:/program files (x86)/cypress/psoc creator/3.3/psoc creator/import/gnu/arm/4.9.3/bin/../lib/gcc/arm-none-eabi/4.9.3/armv6-m\libgcc.a(_dvmd_tls.o)
 .bss           0x00000000        0x0 c:/program files (x86)/cypress/psoc creator/3.3/psoc creator/import/gnu/arm/4.9.3/bin/../lib/gcc/arm-none-eabi/4.9.3/armv6-m\libgcc.a(_dvmd_tls.o)
 .text          0x00000000        0x0 c:/program files (x86)/cypress/psoc creator/3.3/psoc creator/import/gnu/arm/4.9.3/bin/../lib/gcc/arm-none-eabi/4.9.3/../../../../arm-none-eabi/lib/armv6-m\libg_nano.a(lib_a-errno.o)
 .data          0x00000000        0x0 c:/program files (x86)/cypress/psoc creator/3.3/psoc creator/import/gnu/arm/4.9.3/bin/../lib/gcc/arm-none-eabi/4.9.3/../../../../arm-none-eabi/lib/armv6-m\libg_nano.a(lib_a-errno.o)
 .bss           0x00000000        0x0 c:/program files (x86)/cypress/psoc creator/3.3/psoc creator/import/gnu/arm/4.9.3/bin/../lib/gcc/arm-none-eabi/4.9.3/../../../../arm-none-eabi/lib/armv6-m\libg_nano.a(lib_a-errno.o)
 .text.__errno  0x00000000        0xc c:/program files (x86)/cypress/psoc creator/3.3/psoc creator/import/gnu/arm/4.9.3/bin/../lib/gcc/arm-none-eabi/4.9.3/../../../../arm-none-eabi/lib/armv6-m\libg_nano.a(lib_a-errno.o)
 .text          0x00000000        0x0 c:/program files (x86)/cypress/psoc creator/3.3/psoc creator/import/gnu/arm/4.9.3/bin/../lib/gcc/arm-none-eabi/4.9.3/../../../../arm-none-eabi/lib/armv6-m\libg_nano.a(lib_a-exit.o)
 .data          0x00000000        0x0 c:/program files (x86)/cypress/psoc creator/3.3/psoc creator/import/gnu/arm/4.9.3/bin/../lib/gcc/arm-none-eabi/4.9.3/../../../../arm-none-eabi/lib/armv6-m\libg_nano.a(lib_a-exit.o)
 .bss           0x00000000        0x0 c:/program files (x86)/cypress/psoc creator/3.3/psoc creator/import/gnu/arm/4.9.3/bin/../lib/gcc/arm-none-eabi/4.9.3/../../../../arm-none-eabi/lib/armv6-m\libg_nano.a(lib_a-exit.o)
 .text.exit     0x00000000       0x2c c:/program files (x86)/cypress/psoc creator/3.3/psoc creator/import/gnu/arm/4.9.3/bin/../lib/gcc/arm-none-eabi/4.9.3/../../../../arm-none-eabi/lib/armv6-m\libg_nano.a(lib_a-exit.o)
 .text          0x00000000        0x0 c:/program files (x86)/cypress/psoc creator/3.3/psoc creator/import/gnu/arm/4.9.3/bin/../lib/gcc/arm-none-eabi/4.9.3/../../../../arm-none-eabi/lib/armv6-m\libg_nano.a(lib_a-impure.o)
 .data          0x00000000        0x0 c:/program files (x86)/cypress/psoc creator/3.3/psoc creator/import/gnu/arm/4.9.3/bin/../lib/gcc/arm-none-eabi/4.9.3/../../../../arm-none-eabi/lib/armv6-m\libg_nano.a(lib_a-impure.o)
 .bss           0x00000000        0x0 c:/program files (x86)/cypress/psoc creator/3.3/psoc creator/import/gnu/arm/4.9.3/bin/../lib/gcc/arm-none-eabi/4.9.3/../../../../arm-none-eabi/lib/armv6-m\libg_nano.a(lib_a-impure.o)
 .data.impure_data
                0x00000000       0x60 c:/program files (x86)/cypress/psoc creator/3.3/psoc creator/import/gnu/arm/4.9.3/bin/../lib/gcc/arm-none-eabi/4.9.3/../../../../arm-none-eabi/lib/armv6-m\libg_nano.a(lib_a-impure.o)
 .data._impure_ptr
                0x00000000        0x4 c:/program files (x86)/cypress/psoc creator/3.3/psoc creator/import/gnu/arm/4.9.3/bin/../lib/gcc/arm-none-eabi/4.9.3/../../../../arm-none-eabi/lib/armv6-m\libg_nano.a(lib_a-impure.o)
 .rodata.str1.1
                0x00000000        0x2 c:/program files (x86)/cypress/psoc creator/3.3/psoc creator/import/gnu/arm/4.9.3/bin/../lib/gcc/arm-none-eabi/4.9.3/../../../../arm-none-eabi/lib/armv6-m\libg_nano.a(lib_a-impure.o)
 .rodata._global_impure_ptr
                0x00000000        0x4 c:/program files (x86)/cypress/psoc creator/3.3/psoc creator/import/gnu/arm/4.9.3/bin/../lib/gcc/arm-none-eabi/4.9.3/../../../../arm-none-eabi/lib/armv6-m\libg_nano.a(lib_a-impure.o)
 .text          0x00000000        0x0 c:/program files (x86)/cypress/psoc creator/3.3/psoc creator/import/gnu/arm/4.9.3/bin/../lib/gcc/arm-none-eabi/4.9.3/../../../../arm-none-eabi/lib/armv6-m\libg_nano.a(lib_a-init.o)
 .data          0x00000000        0x0 c:/program files (x86)/cypress/psoc creator/3.3/psoc creator/import/gnu/arm/4.9.3/bin/../lib/gcc/arm-none-eabi/4.9.3/../../../../arm-none-eabi/lib/armv6-m\libg_nano.a(lib_a-init.o)
 .bss           0x00000000        0x0 c:/program files (x86)/cypress/psoc creator/3.3/psoc creator/import/gnu/arm/4.9.3/bin/../lib/gcc/arm-none-eabi/4.9.3/../../../../arm-none-eabi/lib/armv6-m\libg_nano.a(lib_a-init.o)
 .text          0x00000000        0x0 c:/program files (x86)/cypress/psoc creator/3.3/psoc creator/import/gnu/arm/4.9.3/bin/../lib/gcc/arm-none-eabi/4.9.3/../../../../arm-none-eabi/lib/armv6-m\libg_nano.a(lib_a-memset.o)
 .data          0x00000000        0x0 c:/program files (x86)/cypress/psoc creator/3.3/psoc creator/import/gnu/arm/4.9.3/bin/../lib/gcc/arm-none-eabi/4.9.3/../../../../arm-none-eabi/lib/armv6-m\libg_nano.a(lib_a-memset.o)
 .bss           0x00000000        0x0 c:/program files (x86)/cypress/psoc creator/3.3/psoc creator/import/gnu/arm/4.9.3/bin/../lib/gcc/arm-none-eabi/4.9.3/../../../../arm-none-eabi/lib/armv6-m\libg_nano.a(lib_a-memset.o)
 .text          0x00000000        0x0 c:/program files (x86)/cypress/psoc creator/3.3/psoc creator/import/gnu/arm/4.9.3/bin/../lib/gcc/arm-none-eabi/4.9.3/armv6-m/crtend.o
 .data          0x00000000        0x0 c:/program files (x86)/cypress/psoc creator/3.3/psoc creator/import/gnu/arm/4.9.3/bin/../lib/gcc/arm-none-eabi/4.9.3/armv6-m/crtend.o
 .bss           0x00000000        0x0 c:/program files (x86)/cypress/psoc creator/3.3/psoc creator/import/gnu/arm/4.9.3/bin/../lib/gcc/arm-none-eabi/4.9.3/armv6-m/crtend.o
 .text          0x00000000        0x0 c:/program files (x86)/cypress/psoc creator/3.3/psoc creator/import/gnu/arm/4.9.3/bin/../lib/gcc/arm-none-eabi/4.9.3/armv6-m/crtn.o
 .data          0x00000000        0x0 c:/program files (x86)/cypress/psoc creator/3.3/psoc creator/import/gnu/arm/4.9.3/bin/../lib/gcc/arm-none-eabi/4.9.3/armv6-m/crtn.o
 .bss           0x00000000        0x0 c:/program files (x86)/cypress/psoc creator/3.3/psoc creator/import/gnu/arm/4.9.3/bin/../lib/gcc/arm-none-eabi/4.9.3/armv6-m/crtn.o

Memory Configuration

Name             Origin             Length             Attributes
rom              0x00000000         0x00008000         xr
ram              0x20000000         0x00001000         xrw
*default*        0x00000000         0xffffffff

Linker script and memory map

LOAD c:/program files (x86)/cypress/psoc creator/3.3/psoc creator/import/gnu/arm/4.9.3/bin/../lib/gcc/arm-none-eabi/4.9.3/armv6-m/crti.o
LOAD c:/program files (x86)/cypress/psoc creator/3.3/psoc creator/import/gnu/arm/4.9.3/bin/../lib/gcc/arm-none-eabi/4.9.3/armv6-m/crtbegin.o
LOAD c:/program files (x86)/cypress/psoc creator/3.3/psoc creator/import/gnu/arm/4.9.3/bin/../lib/gcc/arm-none-eabi/4.9.3/../../../../arm-none-eabi/lib/armv6-m/crt0.o
START GROUP
LOAD .\CortexM0\ARM_GCC_493\Debug\main.o
LOAD .\CortexM0\ARM_GCC_493\Debug\cymetadata.o
LOAD .\CortexM0\ARM_GCC_493\Debug\Cm0Start.o
LOAD .\CortexM0\ARM_GCC_493\Debug\Lesson14_Challenge.a
LOAD C:\Program Files (x86)\Cypress\PSoC Creator\3.3\PSoC Creator\psoc\content\cycomponentlibrary\CyComponentLibrary.cylib\CortexM0\ARM_GCC_493\Debug\CyComponentLibrary.a
END GROUP
START GROUP
LOAD c:/program files (x86)/cypress/psoc creator/3.3/psoc creator/import/gnu/arm/4.9.3/bin/../lib/gcc/arm-none-eabi/4.9.3/armv6-m\libgcc.a
LOAD c:/program files (x86)/cypress/psoc creator/3.3/psoc creator/import/gnu/arm/4.9.3/bin/../lib/gcc/arm-none-eabi/4.9.3/../../../../arm-none-eabi/lib/armv6-m\libg_nano.a
LOAD c:/program files (x86)/cypress/psoc creator/3.3/psoc creator/import/gnu/arm/4.9.3/bin/../lib/gcc/arm-none-eabi/4.9.3/../../../../arm-none-eabi/lib/armv6-m\libc_nano.a
END GROUP
START GROUP
LOAD c:/program files (x86)/cypress/psoc creator/3.3/psoc creator/import/gnu/arm/4.9.3/bin/../lib/gcc/arm-none-eabi/4.9.3/armv6-m\libgcc.a
LOAD c:/program files (x86)/cypress/psoc creator/3.3/psoc creator/import/gnu/arm/4.9.3/bin/../lib/gcc/arm-none-eabi/4.9.3/../../../../arm-none-eabi/lib/armv6-m\libc_nano.a
END GROUP
LOAD c:/program files (x86)/cypress/psoc creator/3.3/psoc creator/import/gnu/arm/4.9.3/bin/../lib/gcc/arm-none-eabi/4.9.3/armv6-m/crtend.o
LOAD c:/program files (x86)/cypress/psoc creator/3.3/psoc creator/import/gnu/arm/4.9.3/bin/../lib/gcc/arm-none-eabi/4.9.3/armv6-m/crtn.o
START GROUP
LOAD c:/program files (x86)/cypress/psoc creator/3.3/psoc creator/import/gnu/arm/4.9.3/bin/../lib/gcc/arm-none-eabi/4.9.3/armv6-m\libgcc.a
LOAD c:/program files (x86)/cypress/psoc creator/3.3/psoc creator/import/gnu/arm/4.9.3/bin/../lib/gcc/arm-none-eabi/4.9.3/../../../../arm-none-eabi/lib/armv6-m\libc.a
LOAD c:/program files (x86)/cypress/psoc creator/3.3/psoc creator/import/gnu/arm/4.9.3/bin/../lib/gcc/arm-none-eabi/4.9.3/../../../../arm-none-eabi/lib/armv6-m\libnosys.a
END GROUP
                0x00000000                CY_APPL_ORIGIN = 0x0
                0x00000080                CY_FLASH_ROW_SIZE = 0x80
                0x00000001                CY_APPL_NUM = 0x1
                0x00000001                CY_APPL_MAX = 0x1
                0x00000040                CY_METADATA_SIZE = 0x40
                0x00000000                CY_APPL_LOADABLE = 0x0
                0x00000000                CY_CHECKSUM_EXCLUDE_SIZE = ALIGN (0x0, CY_FLASH_ROW_SIZE)
                0x00000000                CY_APP_FOR_STACK_AND_COPIER = 0x0
                0x20000120                PROVIDE (__cy_heap_start, _end)
                0x00000001                PROVIDE (__cy_region_num, ((__cy_regions_end - __cy_regions) / 0x10))
                0x20001000                PROVIDE (__cy_stack, (ORIGIN (ram) + 0x1000))
                0x20000c00                PROVIDE (__cy_heap_end, (__cy_stack - 0x400))

.cybootloader   0x00000000        0x0
 *(.cybootloader)
                0x00000000                appl1_start = CY_APPL_ORIGIN?CY_APPL_ORIGIN:ALIGN (CY_FLASH_ROW_SIZE)
                0x00003f80                appl2_start = (appl1_start + ALIGN ((((0x8000 - appl1_start) - (0x2 * CY_FLASH_ROW_SIZE)) / 0x2), CY_FLASH_ROW_SIZE))
                0x00000000                appl_start = (CY_APPL_NUM == 0x1)?appl1_start:appl2_start
                0x00000001                cy_project_type_bootloader = (appl_start == 0x0)?0x1:0x0
                0x00000000                cy_project_type_app_for_stack_and_copier = (CY_APP_FOR_STACK_AND_COPIER == 0x1)?0x1:0x0

.text           0x00000000      0x7cc
 CREATE_OBJECT_SYMBOLS
                0x00000000                PROVIDE (__cy_interrupt_vector, RomVectors)
 *(.romvectors)
 .romvectors    0x00000000       0x10 .\CortexM0\ARM_GCC_493\Debug\Cm0Start.o
                0x00000000                RomVectors
                0x00000001                ASSERT ((. != __cy_interrupt_vector), No interrupt vector)
                0x00000001                ASSERT (CY_APPL_ORIGIN?(SIZEOF (.cybootloader) <= CY_APPL_ORIGIN):0x1, Wrong image location)
                0x00000010                PROVIDE (__cy_reset, Reset)
 *(.text.Reset)
 .text.Reset    0x00000010        0x8 .\CortexM0\ARM_GCC_493\Debug\Cm0Start.o
                0x00000010                Reset
                0x00000001                ASSERT ((. != __cy_reset), No reset code)
 *(.psocinit)
 .psocinit      0x00000018      0x19c .\CortexM0\ARM_GCC_493\Debug\Lesson14_Challenge.a(cyfitter_cfg.o)
                0x000000a8                cyfitter_cfg
                0x000001b4                . = MAX (., 0x100)
 *(.text .text.* .gnu.linkonce.t.*)
 .text          0x000001b4       0x60 c:/program files (x86)/cypress/psoc creator/3.3/psoc creator/import/gnu/arm/4.9.3/bin/../lib/gcc/arm-none-eabi/4.9.3/armv6-m/crtbegin.o
 .text.main     0x00000214       0x24 .\CortexM0\ARM_GCC_493\Debug\main.o
                0x00000214                main
 .text.IntDefaultHandler
                0x00000238        0x4 .\CortexM0\ARM_GCC_493\Debug\Cm0Start.o
                0x00000238                IntDefaultHandler
 .text.Start_c  0x0000023c       0x48 .\CortexM0\ARM_GCC_493\Debug\Cm0Start.o
                0x0000023c                Start_c
 .text.initialize_psoc
                0x00000284       0x48 .\CortexM0\ARM_GCC_493\Debug\Cm0Start.o
                0x00000284                initialize_psoc
 .text.cfg_write_bytes32
                0x000002cc       0x34 .\CortexM0\ARM_GCC_493\Debug\Lesson14_Challenge.a(cyfitter_cfg.o)
 .text.CYMEMZERO
                0x00000300        0xc .\CortexM0\ARM_GCC_493\Debug\Lesson14_Challenge.a(cyfitter_cfg.o)
 .text.CyIntEnable
                0x0000030c       0x14 .\CortexM0\ARM_GCC_493\Debug\Lesson14_Challenge.a(CyLib.o)
                0x0000030c                CyIntEnable
 .text.CyHalt   0x00000320        0x4 .\CortexM0\ARM_GCC_493\Debug\Lesson14_Challenge.a(CyLib.o)
                0x00000320                CyHalt
 .text.CyIntSetVector
                0x00000324       0x24 .\CortexM0\ARM_GCC_493\Debug\Lesson14_Challenge.a(CyLib.o)
                0x00000324                CyIntSetVector
 .text.CyDelayUs
                0x00000348       0x14 .\CortexM0\ARM_GCC_493\Debug\Lesson14_Challenge.a(CyLib.o)
                0x00000348                CyDelayUs
 .text.CySysClkWriteImoFreq
                0x0000035c      0x164 .\CortexM0\ARM_GCC_493\Debug\Lesson14_Challenge.a(CyLib.o)
                0x0000035c                CySysClkWriteImoFreq
 .text.CySysWdtLocked
                0x000004c0       0x14 .\CortexM0\ARM_GCC_493\Debug\Lesson14_Challenge.a(CyLFClk.o)
 .text.CySysWdtLock
                0x000004d4       0x1c .\CortexM0\ARM_GCC_493\Debug\Lesson14_Challenge.a(CyLFClk.o)
                0x000004d4                CySysWdtLock
 .text.CySysWdtUnlock
                0x000004f0       0x30 .\CortexM0\ARM_GCC_493\Debug\Lesson14_Challenge.a(CyLFClk.o)
                0x000004f0                CySysWdtUnlock
 .text.CySysWdtClearInterrupt
                0x00000520       0x4c .\CortexM0\ARM_GCC_493\Debug\Lesson14_Challenge.a(CyLFClk.o)
                0x00000520                CySysWdtClearInterrupt
 .text.CySysWdtIsr
                0x0000056c       0xa4 .\CortexM0\ARM_GCC_493\Debug\Lesson14_Challenge.a(CyLFClk.o)
                0x0000056c                CySysWdtIsr
 .text.Status_Read
                0x00000610        0xc .\CortexM0\ARM_GCC_493\Debug\Lesson14_Challenge.a(Status.o)
                0x00000610                Status_Read
 .text.UART_ScbModePostEnable
                0x0000061c        0x8 .\CortexM0\ARM_GCC_493\Debug\Lesson14_Challenge.a(UART.o)
 .text.UART_Init
                0x00000624        0x8 .\CortexM0\ARM_GCC_493\Debug\Lesson14_Challenge.a(UART.o)
                0x00000624                UART_Init
 .text.UART_Enable
                0x0000062c       0x18 .\CortexM0\ARM_GCC_493\Debug\Lesson14_Challenge.a(UART.o)
                0x0000062c                UART_Enable
 .text.UART_Start
                0x00000644       0x20 .\CortexM0\ARM_GCC_493\Debug\Lesson14_Challenge.a(UART.o)
                0x00000644                UART_Start
 .text.UART_SpiUartWriteTxData
                0x00000664       0x1c .\CortexM0\ARM_GCC_493\Debug\Lesson14_Challenge.a(UART_SPI_UART.o)
                0x00000664                UART_SpiUartWriteTxData
 .text.UART_UartInit
                0x00000680       0x98 .\CortexM0\ARM_GCC_493\Debug\Lesson14_Challenge.a(UART_UART.o)
                0x00000680                UART_UartInit
 .text.UART_UartPostEnable
                0x00000718       0x2c .\CortexM0\ARM_GCC_493\Debug\Lesson14_Challenge.a(UART_UART.o)
                0x00000718                UART_UartPostEnable
 *fill*         0x00000744        0x4 
 .text          0x00000748       0x28 .\CortexM0\ARM_GCC_493\Debug\Lesson14_Challenge.a(CyBootAsmGnu.o)
                0x00000748                CyDelayCycles
                0x0000075c                CyEnterCriticalSection
                0x00000764                CyExitCriticalSection
 .text.__libc_init_array
                0x00000770       0x4c c:/program files (x86)/cypress/psoc creator/3.3/psoc creator/import/gnu/arm/4.9.3/bin/../lib/gcc/arm-none-eabi/4.9.3/../../../../arm-none-eabi/lib/armv6-m\libg_nano.a(lib_a-init.o)
                0x00000770                __libc_init_array
 .text.memset   0x000007bc       0x10 c:/program files (x86)/cypress/psoc creator/3.3/psoc creator/import/gnu/arm/4.9.3/bin/../lib/gcc/arm-none-eabi/4.9.3/../../../../arm-none-eabi/lib/armv6-m\libg_nano.a(lib_a-memset.o)
                0x000007bc                memset
 *(.plt)
 *(.gnu.warning)
 *(.glue_7t)
 .glue_7t       0x00000000        0x0 linker stubs
 *(.glue_7)
 .glue_7        0x00000000        0x0 linker stubs
 *(.vfp11_veneer)
 .vfp11_veneer  0x00000000        0x0 linker stubs
 *(.bootloader)
 *(.ARM.extab* .gnu.linkonce.armextab.*)
 *(.gcc_except_table)

.v4_bx          0x000007cc        0x0
 .v4_bx         0x00000000        0x0 linker stubs

.iplt           0x000007cc        0x0
 .iplt          0x00000000        0x0 c:/program files (x86)/cypress/psoc creator/3.3/psoc creator/import/gnu/arm/4.9.3/bin/../lib/gcc/arm-none-eabi/4.9.3/armv6-m/crtbegin.o

.eh_frame_hdr
 *(.eh_frame_hdr)

.eh_frame       0x000007cc        0x4
 *(.eh_frame)
 .eh_frame      0x000007cc        0x0 c:/program files (x86)/cypress/psoc creator/3.3/psoc creator/import/gnu/arm/4.9.3/bin/../lib/gcc/arm-none-eabi/4.9.3/armv6-m/crtbegin.o
 .eh_frame      0x000007cc        0x4 c:/program files (x86)/cypress/psoc creator/3.3/psoc creator/import/gnu/arm/4.9.3/bin/../lib/gcc/arm-none-eabi/4.9.3/armv6-m/crtend.o
                0x000007d0                PROVIDE (__exidx_start, .)

.ARM.exidx
 *(.ARM.exidx* .gnu.linkonce.armexidx.*)
                0x000007d0                __exidx_end = .

.rodata         0x000007d0       0xf0
 *(.rodata .rodata.* .gnu.linkonce.r.*)
 .rodata        0x000007d0       0x88 .\CortexM0\ARM_GCC_493\Debug\Lesson14_Challenge.a(cyfitter_cfg.o)
 .rodata        0x00000858       0x30 .\CortexM0\ARM_GCC_493\Debug\Lesson14_Challenge.a(CyLib.o)
                0x00000858                cyImoFreqMhz2Reg
                0x00000888                . = ALIGN (0x4)
 *(.init)
 .init          0x00000888        0x4 c:/program files (x86)/cypress/psoc creator/3.3/psoc creator/import/gnu/arm/4.9.3/bin/../lib/gcc/arm-none-eabi/4.9.3/armv6-m/crti.o
                0x00000888                _init
 .init          0x0000088c        0x8 c:/program files (x86)/cypress/psoc creator/3.3/psoc creator/import/gnu/arm/4.9.3/bin/../lib/gcc/arm-none-eabi/4.9.3/armv6-m/crtn.o
                0x00000894                . = ALIGN (0x4)
                0x00000894                __preinit_array_start = .
 *(.preinit_array)
                0x00000894                __preinit_array_end = .
                0x00000894                . = ALIGN (0x4)
                0x00000894                __init_array_start = .
 *(SORT(.init_array.*))
 *(.init_array)
 .init_array    0x00000894        0x4 c:/program files (x86)/cypress/psoc creator/3.3/psoc creator/import/gnu/arm/4.9.3/bin/../lib/gcc/arm-none-eabi/4.9.3/armv6-m/crtbegin.o
 .init_array    0x00000898        0x4 .\CortexM0\ARM_GCC_493\Debug\Cm0Start.o
                0x0000089c                __init_array_end = .
                0x0000089c                . = ALIGN (0x4)
 *(.fini)
 .fini          0x0000089c        0x4 c:/program files (x86)/cypress/psoc creator/3.3/psoc creator/import/gnu/arm/4.9.3/bin/../lib/gcc/arm-none-eabi/4.9.3/armv6-m/crti.o
                0x0000089c                _fini
 .fini          0x000008a0        0x8 c:/program files (x86)/cypress/psoc creator/3.3/psoc creator/import/gnu/arm/4.9.3/bin/../lib/gcc/arm-none-eabi/4.9.3/armv6-m/crtn.o
                0x000008a8                . = ALIGN (0x4)
                0x000008a8                __fini_array_start = .
 *(.fini_array)
 .fini_array    0x000008a8        0x4 c:/program files (x86)/cypress/psoc creator/3.3/psoc creator/import/gnu/arm/4.9.3/bin/../lib/gcc/arm-none-eabi/4.9.3/armv6-m/crtbegin.o
 *(SORT(.fini_array.*))
                0x000008ac                __fini_array_end = .
                0x000008ac                . = ALIGN (0x4)
 *crtbegin.o(.ctors)
 *(EXCLUDE_FILE(*crtend.o) .ctors)
 *(SORT(.ctors.*))
 *crtend.o(.ctors)
                0x000008ac                . = ALIGN (0x4)
 *crtbegin.o(.dtors)
 *(EXCLUDE_FILE(*crtend.o) .dtors)
 *(SORT(.dtors.*))
 *crtend.o(.dtors)
                0x000008ac                . = ALIGN (0x4)
                0x000008ac                __cy_regions = .
                0x000008ac        0x4 LONG 0x8c0 __cy_region_init_ram
                0x000008b0        0x4 LONG 0x200000c8 __cy_region_start_data
                0x000008b4        0x4 LONG 0x18 __cy_region_init_size_ram
                0x000008b8        0x4 LONG 0x40 __cy_region_zero_size_ram
                0x000008bc                __cy_regions_end = .
                0x000008c0                . = ALIGN (0x8)
 *fill*         0x000008bc        0x4 
                0x000008c0                _etext = .

.cy_checksum_exclude
                0x000008c0        0x0
 *(.cy_checksum_exclude)

.ramvectors     0x20000000       0xc0
                0x20000000                __cy_region_start_ram = .
 *(.ramvectors)
 .ramvectors    0x20000000       0xc0 .\CortexM0\ARM_GCC_493\Debug\Cm0Start.o
                0x20000000                CyRamVectors

.noinit         0x200000c0        0x4
 *(.noinit)
 .noinit        0x200000c0        0x4 .\CortexM0\ARM_GCC_493\Debug\Cm0Start.o

.data           0x200000c8       0x18 load address 0x000008c0
                0x200000c8                __cy_region_start_data = .
 *(.jcr)
 .jcr           0x200000c8        0x0 c:/program files (x86)/cypress/psoc creator/3.3/psoc creator/import/gnu/arm/4.9.3/bin/../lib/gcc/arm-none-eabi/4.9.3/armv6-m/crtbegin.o
 .jcr           0x200000c8        0x4 c:/program files (x86)/cypress/psoc creator/3.3/psoc creator/import/gnu/arm/4.9.3/bin/../lib/gcc/arm-none-eabi/4.9.3/armv6-m/crtend.o
 *(.got.plt)
 *(.got)
 *(.shdata)
 *(.data .data.* .gnu.linkonce.d.*)
 .data          0x200000cc       0x10 .\CortexM0\ARM_GCC_493\Debug\Lesson14_Challenge.a(CyLib.o)
                0x200000cc                cydelay32kMs
                0x200000d0                cydelayFreqKhz
                0x200000d4                cydelayFreqMhz
                0x200000d8                cydelayFreqHz
 .data          0x200000dc        0x4 .\CortexM0\ARM_GCC_493\Debug\Lesson14_Challenge.a(CyLFClk.o)
                0x200000e0                . = ALIGN (0x8)
 *(.ram)
                0x200000e0                _edata = .

.igot.plt       0x200000e0        0x0 load address 0x000008d8
 .igot.plt      0x00000000        0x0 c:/program files (x86)/cypress/psoc creator/3.3/psoc creator/import/gnu/arm/4.9.3/bin/../lib/gcc/arm-none-eabi/4.9.3/armv6-m/crtbegin.o

.bss            0x200000e0       0x40 load address 0x000008d8
                0x200000e0                PROVIDE (__bss_start__, .)
 *(.shbss)
 *(.bss .bss.* .gnu.linkonce.b.*)
 .bss           0x200000e0       0x1c c:/program files (x86)/cypress/psoc creator/3.3/psoc creator/import/gnu/arm/4.9.3/bin/../lib/gcc/arm-none-eabi/4.9.3/armv6-m/crtbegin.o
 .bss           0x200000fc       0x20 .\CortexM0\ARM_GCC_493\Debug\Lesson14_Challenge.a(CyLFClk.o)
 .bss           0x2000011c        0x4 .\CortexM0\ARM_GCC_493\Debug\Lesson14_Challenge.a(UART.o)
                0x2000011c                UART_initVar
                0x2000011e                UART_IntrTxMask
 *(COMMON)
                0x20000120                . = ALIGN (0x8)
 *(.ram.b)
                0x20000120                _end = .
                0x20000120                __end = .
                0x20000120                PROVIDE (end, .)
                0x20000120                PROVIDE (__bss_end__, .)
                0x000008c0                __cy_region_init_ram = LOADADDR (.data)
                0x00000018                __cy_region_init_size_ram = (_edata - ADDR (.data))
                0x00000040                __cy_region_zero_size_ram = (_end - _edata)

.heap           0x20000120       0x80 load address 0x000008d8
                0x20000120                . = _end
                0x200001a0                . = (. + 0x80)
 *fill*         0x20000120       0x80 
                0x200001a0                __cy_heap_limit = .

.stack          0x20000c00      0x400
                0x20000c00                __cy_stack_limit = .
                0x20001000                . = (. + 0x400)
 *fill*         0x20000c00      0x400 
                0x00000001                ASSERT ((__cy_stack_limit >= __cy_heap_limit), region RAM overflowed with stack)
                0x00000000                cy_checksum_exclude_size = (CY_APPL_LOADABLE == 0x1)?SIZEOF (.cy_checksum_exclude):0x0
                0x00000001                ASSERT ((cy_checksum_exclude_size <= CY_CHECKSUM_EXCLUDE_SIZE), CY_BOOT: Section .cy_checksum_exclude size exceedes specified limit.)
                0x00007fc0                cyloadermeta_start = (cy_project_type_bootloader || cy_project_type_app_for_stack_and_copier)?(0x8000 - CY_METADATA_SIZE):0xf0000000

.cyloadermeta
 *(.cyloadermeta)
                0x00007fc0                cyloadablemeta_start = cy_project_type_app_for_stack_and_copier?((0x8000 - CY_FLASH_ROW_SIZE) - CY_METADATA_SIZE):((0x8000 - (CY_FLASH_ROW_SIZE * (CY_APPL_NUM - 0x1))) - CY_METADATA_SIZE)

.cyloadablemeta
 *(.cyloadablemeta)

.cyflashprotect
                0x90400000       0x20
 *(.cyflashprotect)
 .cyflashprotect
                0x90400000       0x20 .\CortexM0\ARM_GCC_493\Debug\cymetadata.o
                0x90400000                cy_meta_flashprotect

.cymeta         0x90500000        0xc
 *(.cymeta)
 .cymeta        0x90500000        0xc .\CortexM0\ARM_GCC_493\Debug\cymetadata.o
                0x90500000                cy_metadata

.cychipprotect  0x90600000        0x4
 *(.cychipprotect)
 .cychipprotect
                0x90600000        0x4 .\CortexM0\ARM_GCC_493\Debug\cymetadata.o
                0x90600000                cy_meta_chipprotect

.rel.dyn        0x000008d8        0x0 load address 0x90600004
 .rel.iplt      0x00000000        0x0 c:/program files (x86)/cypress/psoc creator/3.3/psoc creator/import/gnu/arm/4.9.3/bin/../lib/gcc/arm-none-eabi/4.9.3/armv6-m/crtbegin.o

.stab
 *(.stab)

.stabstr
 *(.stabstr)

.debug
 *(.debug)

.line
 *(.line)

.debug_srcinfo
 *(.debug_srcinfo)

.debug_sfnames
 *(.debug_sfnames)

.debug_aranges  0x00000000      0x4e8
 *(.debug_aranges)
 .debug_aranges
                0x00000000       0x20 .\CortexM0\ARM_GCC_493\Debug\main.o
 .debug_aranges
                0x00000020       0x18 .\CortexM0\ARM_GCC_493\Debug\cymetadata.o
 .debug_aranges
                0x00000038       0x48 .\CortexM0\ARM_GCC_493\Debug\Cm0Start.o
 .debug_aranges
                0x00000080       0x38 .\CortexM0\ARM_GCC_493\Debug\Lesson14_Challenge.a(cyfitter_cfg.o)
 .debug_aranges
                0x000000b8      0x178 .\CortexM0\ARM_GCC_493\Debug\Lesson14_Challenge.a(CyLib.o)
 .debug_aranges
                0x00000230      0x138 .\CortexM0\ARM_GCC_493\Debug\Lesson14_Challenge.a(CyLFClk.o)
 .debug_aranges
                0x00000368       0x40 .\CortexM0\ARM_GCC_493\Debug\Lesson14_Challenge.a(Status.o)
 .debug_aranges
                0x000003a8       0x60 .\CortexM0\ARM_GCC_493\Debug\Lesson14_Challenge.a(UART.o)
 .debug_aranges
                0x00000408       0x60 .\CortexM0\ARM_GCC_493\Debug\Lesson14_Challenge.a(UART_SPI_UART.o)
 .debug_aranges
                0x00000468       0x60 .\CortexM0\ARM_GCC_493\Debug\Lesson14_Challenge.a(UART_UART.o)
 .debug_aranges
                0x000004c8       0x20 .\CortexM0\ARM_GCC_493\Debug\Lesson14_Challenge.a(CyBootAsmGnu.o)

.debug_pubnames
 *(.debug_pubnames)

.debug_info     0x00000000     0x2a5f
 *(.debug_info .gnu.linkonce.wi.*)
 .debug_info    0x00000000      0x12d .\CortexM0\ARM_GCC_493\Debug\main.o
 .debug_info    0x0000012d       0xfe .\CortexM0\ARM_GCC_493\Debug\cymetadata.o
 .debug_info    0x0000022b      0x38c .\CortexM0\ARM_GCC_493\Debug\Cm0Start.o
 .debug_info    0x000005b7      0x3bd .\CortexM0\ARM_GCC_493\Debug\Lesson14_Challenge.a(cyfitter_cfg.o)
 .debug_info    0x00000974      0xad1 .\CortexM0\ARM_GCC_493\Debug\Lesson14_Challenge.a(CyLib.o)
 .debug_info    0x00001445      0xcfc .\CortexM0\ARM_GCC_493\Debug\Lesson14_Challenge.a(CyLFClk.o)
 .debug_info    0x00002141      0x17a .\CortexM0\ARM_GCC_493\Debug\Lesson14_Challenge.a(Status.o)
 .debug_info    0x000022bb      0x239 .\CortexM0\ARM_GCC_493\Debug\Lesson14_Challenge.a(UART.o)
 .debug_info    0x000024f4      0x219 .\CortexM0\ARM_GCC_493\Debug\Lesson14_Challenge.a(UART_SPI_UART.o)
 .debug_info    0x0000270d      0x2c4 .\CortexM0\ARM_GCC_493\Debug\Lesson14_Challenge.a(UART_UART.o)
 .debug_info    0x000029d1       0x8e .\CortexM0\ARM_GCC_493\Debug\Lesson14_Challenge.a(CyBootAsmGnu.o)

.debug_abbrev   0x00000000      0xd96
 *(.debug_abbrev)
 .debug_abbrev  0x00000000       0xcb .\CortexM0\ARM_GCC_493\Debug\main.o
 .debug_abbrev  0x000000cb       0x5d .\CortexM0\ARM_GCC_493\Debug\cymetadata.o
 .debug_abbrev  0x00000128      0x1fe .\CortexM0\ARM_GCC_493\Debug\Cm0Start.o
 .debug_abbrev  0x00000326      0x1d5 .\CortexM0\ARM_GCC_493\Debug\Lesson14_Challenge.a(cyfitter_cfg.o)
 .debug_abbrev  0x000004fb      0x20d .\CortexM0\ARM_GCC_493\Debug\Lesson14_Challenge.a(CyLib.o)
 .debug_abbrev  0x00000708      0x23b .\CortexM0\ARM_GCC_493\Debug\Lesson14_Challenge.a(CyLFClk.o)
 .debug_abbrev  0x00000943       0xc6 .\CortexM0\ARM_GCC_493\Debug\Lesson14_Challenge.a(Status.o)
 .debug_abbrev  0x00000a09       0xed .\CortexM0\ARM_GCC_493\Debug\Lesson14_Challenge.a(UART.o)
 .debug_abbrev  0x00000af6      0x14f .\CortexM0\ARM_GCC_493\Debug\Lesson14_Challenge.a(UART_SPI_UART.o)
 .debug_abbrev  0x00000c45      0x13d .\CortexM0\ARM_GCC_493\Debug\Lesson14_Challenge.a(UART_UART.o)
 .debug_abbrev  0x00000d82       0x14 .\CortexM0\ARM_GCC_493\Debug\Lesson14_Challenge.a(CyBootAsmGnu.o)

.debug_line     0x00000000     0x123d
 *(.debug_line)
 .debug_line    0x00000000       0x8c .\CortexM0\ARM_GCC_493\Debug\main.o
 .debug_line    0x0000008c       0x53 .\CortexM0\ARM_GCC_493\Debug\cymetadata.o
 .debug_line    0x000000df      0x248 .\CortexM0\ARM_GCC_493\Debug\Cm0Start.o
 .debug_line    0x00000327      0x168 .\CortexM0\ARM_GCC_493\Debug\Lesson14_Challenge.a(cyfitter_cfg.o)
 .debug_line    0x0000048f      0x44b .\CortexM0\ARM_GCC_493\Debug\Lesson14_Challenge.a(CyLib.o)
 .debug_line    0x000008da      0x469 .\CortexM0\ARM_GCC_493\Debug\Lesson14_Challenge.a(CyLFClk.o)
 .debug_line    0x00000d43       0xb7 .\CortexM0\ARM_GCC_493\Debug\Lesson14_Challenge.a(Status.o)
 .debug_line    0x00000dfa      0x140 .\CortexM0\ARM_GCC_493\Debug\Lesson14_Challenge.a(UART.o)
 .debug_line    0x00000f3a      0x133 .\CortexM0\ARM_GCC_493\Debug\Lesson14_Challenge.a(UART_SPI_UART.o)
 .debug_line    0x0000106d      0x165 .\CortexM0\ARM_GCC_493\Debug\Lesson14_Challenge.a(UART_UART.o)
 .debug_line    0x000011d2       0x6b .\CortexM0\ARM_GCC_493\Debug\Lesson14_Challenge.a(CyBootAsmGnu.o)

.debug_frame    0x00000000      0xc88
 *(.debug_frame)
 .debug_frame   0x00000000       0x30 .\CortexM0\ARM_GCC_493\Debug\main.o
 .debug_frame   0x00000030       0xb0 .\CortexM0\ARM_GCC_493\Debug\Cm0Start.o
 .debug_frame   0x000000e0       0x8c .\CortexM0\ARM_GCC_493\Debug\Lesson14_Challenge.a(cyfitter_cfg.o)
 .debug_frame   0x0000016c      0x3d0 .\CortexM0\ARM_GCC_493\Debug\Lesson14_Challenge.a(CyLib.o)
 .debug_frame   0x0000053c      0x3a8 .\CortexM0\ARM_GCC_493\Debug\Lesson14_Challenge.a(CyLFClk.o)
 .debug_frame   0x000008e4       0x78 .\CortexM0\ARM_GCC_493\Debug\Lesson14_Challenge.a(Status.o)
 .debug_frame   0x0000095c       0xe8 .\CortexM0\ARM_GCC_493\Debug\Lesson14_Challenge.a(UART.o)
 .debug_frame   0x00000a44       0xb0 .\CortexM0\ARM_GCC_493\Debug\Lesson14_Challenge.a(UART_SPI_UART.o)
 .debug_frame   0x00000af4       0xe0 .\CortexM0\ARM_GCC_493\Debug\Lesson14_Challenge.a(UART_UART.o)
 .debug_frame   0x00000bd4       0x20 c:/program files (x86)/cypress/psoc creator/3.3/psoc creator/import/gnu/arm/4.9.3/bin/../lib/gcc/arm-none-eabi/4.9.3/armv6-m\libgcc.a(_udivsi3.o)
 .debug_frame   0x00000bf4       0x20 c:/program files (x86)/cypress/psoc creator/3.3/psoc creator/import/gnu/arm/4.9.3/bin/../lib/gcc/arm-none-eabi/4.9.3/../../../../arm-none-eabi/lib/armv6-m\libg_nano.a(lib_a-errno.o)
 .debug_frame   0x00000c14       0x28 c:/program files (x86)/cypress/psoc creator/3.3/psoc creator/import/gnu/arm/4.9.3/bin/../lib/gcc/arm-none-eabi/4.9.3/../../../../arm-none-eabi/lib/armv6-m\libg_nano.a(lib_a-exit.o)
 .debug_frame   0x00000c3c       0x2c c:/program files (x86)/cypress/psoc creator/3.3/psoc creator/import/gnu/arm/4.9.3/bin/../lib/gcc/arm-none-eabi/4.9.3/../../../../arm-none-eabi/lib/armv6-m\libg_nano.a(lib_a-init.o)
 .debug_frame   0x00000c68       0x20 c:/program files (x86)/cypress/psoc creator/3.3/psoc creator/import/gnu/arm/4.9.3/bin/../lib/gcc/arm-none-eabi/4.9.3/../../../../arm-none-eabi/lib/armv6-m\libg_nano.a(lib_a-memset.o)

.debug_str      0x00000000     0x119e
 *(.debug_str)
 .debug_str     0x00000000      0x186 .\CortexM0\ARM_GCC_493\Debug\main.o
                                0x1c6 (size before relaxing)
 .debug_str     0x00000186       0x5b .\CortexM0\ARM_GCC_493\Debug\cymetadata.o
                                0x1cc (size before relaxing)
 .debug_str     0x000001e1      0x15c .\CortexM0\ARM_GCC_493\Debug\Cm0Start.o
                                0x2f3 (size before relaxing)
 .debug_str     0x0000033d       0xfc .\CortexM0\ARM_GCC_493\Debug\Lesson14_Challenge.a(cyfitter_cfg.o)
                                0x2c4 (size before relaxing)
 .debug_str     0x00000439      0x4ab .\CortexM0\ARM_GCC_493\Debug\Lesson14_Challenge.a(CyLib.o)
                                0x687 (size before relaxing)
 .debug_str     0x000008e4      0x539 .\CortexM0\ARM_GCC_493\Debug\Lesson14_Challenge.a(CyLFClk.o)
                                0x72f (size before relaxing)
 .debug_str     0x00000e1d       0x72 .\CortexM0\ARM_GCC_493\Debug\Lesson14_Challenge.a(Status.o)
                                0x235 (size before relaxing)
 .debug_str     0x00000e8f      0x115 .\CortexM0\ARM_GCC_493\Debug\Lesson14_Challenge.a(UART.o)
                                0x2a5 (size before relaxing)
 .debug_str     0x00000fa4      0x11f .\CortexM0\ARM_GCC_493\Debug\Lesson14_Challenge.a(UART_SPI_UART.o)
                                0x2c0 (size before relaxing)
 .debug_str     0x000010c3       0xdb .\CortexM0\ARM_GCC_493\Debug\Lesson14_Challenge.a(UART_UART.o)
                                0x2f4 (size before relaxing)

.debug_loc      0x00000000     0x14f8
 *(.debug_loc)
 .debug_loc     0x00000000       0x3c .\CortexM0\ARM_GCC_493\Debug\main.o
 .debug_loc     0x0000003c      0x14f .\CortexM0\ARM_GCC_493\Debug\Cm0Start.o
 .debug_loc     0x0000018b      0x118 .\CortexM0\ARM_GCC_493\Debug\Lesson14_Challenge.a(cyfitter_cfg.o)
 .debug_loc     0x000002a3      0x5b5 .\CortexM0\ARM_GCC_493\Debug\Lesson14_Challenge.a(CyLib.o)
 .debug_loc     0x00000858      0x9d5 .\CortexM0\ARM_GCC_493\Debug\Lesson14_Challenge.a(CyLFClk.o)
 .debug_loc     0x0000122d       0x44 .\CortexM0\ARM_GCC_493\Debug\Lesson14_Challenge.a(Status.o)
 .debug_loc     0x00001271       0x7e .\CortexM0\ARM_GCC_493\Debug\Lesson14_Challenge.a(UART.o)
 .debug_loc     0x000012ef       0x96 .\CortexM0\ARM_GCC_493\Debug\Lesson14_Challenge.a(UART_SPI_UART.o)
 .debug_loc     0x00001385      0x173 .\CortexM0\ARM_GCC_493\Debug\Lesson14_Challenge.a(UART_UART.o)

.debug_macinfo
 *(.debug_macinfo)

.debug_ranges   0x00000000      0x420
 *(.debug_ranges)
 .debug_ranges  0x00000000       0x10 .\CortexM0\ARM_GCC_493\Debug\main.o
 .debug_ranges  0x00000010       0x38 .\CortexM0\ARM_GCC_493\Debug\Cm0Start.o
 .debug_ranges  0x00000048       0x28 .\CortexM0\ARM_GCC_493\Debug\Lesson14_Challenge.a(cyfitter_cfg.o)
 .debug_ranges  0x00000070      0x168 .\CortexM0\ARM_GCC_493\Debug\Lesson14_Challenge.a(CyLib.o)
 .debug_ranges  0x000001d8      0x128 .\CortexM0\ARM_GCC_493\Debug\Lesson14_Challenge.a(CyLFClk.o)
 .debug_ranges  0x00000300       0x30 .\CortexM0\ARM_GCC_493\Debug\Lesson14_Challenge.a(Status.o)
 .debug_ranges  0x00000330       0x50 .\CortexM0\ARM_GCC_493\Debug\Lesson14_Challenge.a(UART.o)
 .debug_ranges  0x00000380       0x50 .\CortexM0\ARM_GCC_493\Debug\Lesson14_Challenge.a(UART_SPI_UART.o)
 .debug_ranges  0x000003d0       0x50 .\CortexM0\ARM_GCC_493\Debug\Lesson14_Challenge.a(UART_UART.o)

.comment        0x00000000       0x70
 .comment       0x00000000       0x70 .\CortexM0\ARM_GCC_493\Debug\main.o
                                 0x71 (size before relaxing)
 .comment       0x00000000       0x71 .\CortexM0\ARM_GCC_493\Debug\cymetadata.o
 .comment       0x00000000       0x71 .\CortexM0\ARM_GCC_493\Debug\Cm0Start.o
 .comment       0x00000000       0x71 .\CortexM0\ARM_GCC_493\Debug\Lesson14_Challenge.a(cyfitter_cfg.o)
 .comment       0x00000000       0x71 .\CortexM0\ARM_GCC_493\Debug\Lesson14_Challenge.a(CyLib.o)
 .comment       0x00000000       0x71 .\CortexM0\ARM_GCC_493\Debug\Lesson14_Challenge.a(CyLFClk.o)
 .comment       0x00000000       0x71 .\CortexM0\ARM_GCC_493\Debug\Lesson14_Challenge.a(Status.o)
 .comment       0x00000000       0x71 .\CortexM0\ARM_GCC_493\Debug\Lesson14_Challenge.a(UART.o)
 .comment       0x00000000       0x71 .\CortexM0\ARM_GCC_493\Debug\Lesson14_Challenge.a(UART_SPI_UART.o)
 .comment       0x00000000       0x71 .\CortexM0\ARM_GCC_493\Debug\Lesson14_Challenge.a(UART_UART.o)

.debug_weaknames
 *(.debug_weaknames)

.debug_funcnames
 *(.debug_funcnames)

.debug_typenames
 *(.debug_typenames)

.debug_varnames
 *(.debug_varnames)

.note.gnu.arm.ident
 *(.note.gnu.arm.ident)

.ARM.attributes
                0x00000000       0x28
 *(.ARM.attributes)
 .ARM.attributes
                0x00000000       0x1e c:/program files (x86)/cypress/psoc creator/3.3/psoc creator/import/gnu/arm/4.9.3/bin/../lib/gcc/arm-none-eabi/4.9.3/armv6-m/crti.o
 .ARM.attributes
                0x0000001e       0x2c c:/program files (x86)/cypress/psoc creator/3.3/psoc creator/import/gnu/arm/4.9.3/bin/../lib/gcc/arm-none-eabi/4.9.3/armv6-m/crtbegin.o
 .ARM.attributes
                0x0000004a       0x1b c:/program files (x86)/cypress/psoc creator/3.3/psoc creator/import/gnu/arm/4.9.3/bin/../lib/gcc/arm-none-eabi/4.9.3/../../../../arm-none-eabi/lib/armv6-m/crt0.o
 .ARM.attributes
                0x00000065       0x31 .\CortexM0\ARM_GCC_493\Debug\main.o
 .ARM.attributes
                0x00000096       0x31 .\CortexM0\ARM_GCC_493\Debug\cymetadata.o
 .ARM.attributes
                0x000000c7       0x31 .\CortexM0\ARM_GCC_493\Debug\Cm0Start.o
 .ARM.attributes
                0x000000f8       0x31 .\CortexM0\ARM_GCC_493\Debug\Lesson14_Challenge.a(cyfitter_cfg.o)
 .ARM.attributes
                0x00000129       0x31 .\CortexM0\ARM_GCC_493\Debug\Lesson14_Challenge.a(CyLib.o)
 .ARM.attributes
                0x0000015a       0x31 .\CortexM0\ARM_GCC_493\Debug\Lesson14_Challenge.a(CyLFClk.o)
 .ARM.attributes
                0x0000018b       0x31 .\CortexM0\ARM_GCC_493\Debug\Lesson14_Challenge.a(Status.o)
 .ARM.attributes
                0x000001bc       0x31 .\CortexM0\ARM_GCC_493\Debug\Lesson14_Challenge.a(UART.o)
 .ARM.attributes
                0x000001ed       0x31 .\CortexM0\ARM_GCC_493\Debug\Lesson14_Challenge.a(UART_SPI_UART.o)
 .ARM.attributes
                0x0000021e       0x31 .\CortexM0\ARM_GCC_493\Debug\Lesson14_Challenge.a(UART_UART.o)
 .ARM.attributes
                0x0000024f       0x21 .\CortexM0\ARM_GCC_493\Debug\Lesson14_Challenge.a(CyBootAsmGnu.o)
 .ARM.attributes
                0x00000270       0x1e c:/program files (x86)/cypress/psoc creator/3.3/psoc creator/import/gnu/arm/4.9.3/bin/../lib/gcc/arm-none-eabi/4.9.3/armv6-m\libgcc.a(_udivsi3.o)
 .ARM.attributes
                0x0000028e       0x1e c:/program files (x86)/cypress/psoc creator/3.3/psoc creator/import/gnu/arm/4.9.3/bin/../lib/gcc/arm-none-eabi/4.9.3/armv6-m\libgcc.a(_dvmd_tls.o)
 .ARM.attributes
                0x000002ac       0x2c c:/program files (x86)/cypress/psoc creator/3.3/psoc creator/import/gnu/arm/4.9.3/bin/../lib/gcc/arm-none-eabi/4.9.3/../../../../arm-none-eabi/lib/armv6-m\libg_nano.a(lib_a-errno.o)
 .ARM.attributes
                0x000002d8       0x2c c:/program files (x86)/cypress/psoc creator/3.3/psoc creator/import/gnu/arm/4.9.3/bin/../lib/gcc/arm-none-eabi/4.9.3/../../../../arm-none-eabi/lib/armv6-m\libg_nano.a(lib_a-exit.o)
 .ARM.attributes
                0x00000304       0x2c c:/program files (x86)/cypress/psoc creator/3.3/psoc creator/import/gnu/arm/4.9.3/bin/../lib/gcc/arm-none-eabi/4.9.3/../../../../arm-none-eabi/lib/armv6-m\libg_nano.a(lib_a-impure.o)
 .ARM.attributes
                0x00000330       0x2c c:/program files (x86)/cypress/psoc creator/3.3/psoc creator/import/gnu/arm/4.9.3/bin/../lib/gcc/arm-none-eabi/4.9.3/../../../../arm-none-eabi/lib/armv6-m\libg_nano.a(lib_a-init.o)
 .ARM.attributes
                0x0000035c       0x2c c:/program files (x86)/cypress/psoc creator/3.3/psoc creator/import/gnu/arm/4.9.3/bin/../lib/gcc/arm-none-eabi/4.9.3/../../../../arm-none-eabi/lib/armv6-m\libg_nano.a(lib_a-memset.o)
 .ARM.attributes
                0x00000388       0x2c c:/program files (x86)/cypress/psoc creator/3.3/psoc creator/import/gnu/arm/4.9.3/bin/../lib/gcc/arm-none-eabi/4.9.3/armv6-m/crtend.o
 .ARM.attributes
                0x000003b4       0x1e c:/program files (x86)/cypress/psoc creator/3.3/psoc creator/import/gnu/arm/4.9.3/bin/../lib/gcc/arm-none-eabi/4.9.3/armv6-m/crtn.o

/DISCARD/
 *(.note.GNU-stack)
OUTPUT(.\CortexM0\ARM_GCC_493\Debug\Lesson14_Challenge.elf elf32-littlearm)
