Archive member included because of file (symbol)

.\CortexM0\ARM_GCC_493\Debug\Lesson17.a(cyfitter_cfg.o)
                              .\CortexM0\ARM_GCC_493\Debug\Cm0Start.o (cyfitter_cfg)
.\CortexM0\ARM_GCC_493\Debug\Lesson17.a(I2C.o)
                              .\CortexM0\ARM_GCC_493\Debug\main.o (I2C_Start)
.\CortexM0\ARM_GCC_493\Debug\Lesson17.a(I2C_PM.o)
                              .\CortexM0\ARM_GCC_493\Debug\main.o (I2C_Sleep)
.\CortexM0\ARM_GCC_493\Debug\Lesson17.a(I2C_EZI2C.o)
                              .\CortexM0\ARM_GCC_493\Debug\Lesson17.a(I2C.o) (I2C_EzI2CInit)
.\CortexM0\ARM_GCC_493\Debug\Lesson17.a(I2C_EZI2C_INT.o)
                              .\CortexM0\ARM_GCC_493\Debug\Lesson17.a(I2C_EZI2C.o) (I2C_EZI2C_STRETCH_ISR)
.\CortexM0\ARM_GCC_493\Debug\Lesson17.a(Output_Pin_0.o)
                              .\CortexM0\ARM_GCC_493\Debug\main.o (Output_Pin_0_Write)
.\CortexM0\ARM_GCC_493\Debug\Lesson17.a(CyLib.o)
                              .\CortexM0\ARM_GCC_493\Debug\Lesson17.a(cyfitter_cfg.o) (CyIntEnable)
.\CortexM0\ARM_GCC_493\Debug\Lesson17.a(cyPm.o)
                              .\CortexM0\ARM_GCC_493\Debug\main.o (CySysPmDeepSleep)
.\CortexM0\ARM_GCC_493\Debug\Lesson17.a(CyLFClk.o)
                              .\CortexM0\ARM_GCC_493\Debug\Lesson17.a(cyfitter_cfg.o) (CySysWdtIsr)
.\CortexM0\ARM_GCC_493\Debug\Lesson17.a(CyBootAsmGnu.o)
                              .\CortexM0\ARM_GCC_493\Debug\Lesson17.a(CyLib.o) (CyDelayCycles)
c:/program files (x86)/cypress/psoc creator/3.3/psoc creator/import/gnu/arm/4.9.3/bin/../lib/gcc/arm-none-eabi/4.9.3/armv6-m\libgcc.a(_udivsi3.o)
                              .\CortexM0\ARM_GCC_493\Debug\Lesson17.a(CyLib.o) (__aeabi_uidiv)
c:/program files (x86)/cypress/psoc creator/3.3/psoc creator/import/gnu/arm/4.9.3/bin/../lib/gcc/arm-none-eabi/4.9.3/armv6-m\libgcc.a(_dvmd_tls.o)
                              c:/program files (x86)/cypress/psoc creator/3.3/psoc creator/import/gnu/arm/4.9.3/bin/../lib/gcc/arm-none-eabi/4.9.3/armv6-m\libgcc.a(_udivsi3.o) (__aeabi_idiv0)
c:/program files (x86)/cypress/psoc creator/3.3/psoc creator/import/gnu/arm/4.9.3/bin/../lib/gcc/arm-none-eabi/4.9.3/../../../../arm-none-eabi/lib/armv6-m\libg_nano.a(lib_a-errno.o)
                              .\CortexM0\ARM_GCC_493\Debug\Cm0Start.o (__errno)
c:/program files (x86)/cypress/psoc creator/3.3/psoc creator/import/gnu/arm/4.9.3/bin/../lib/gcc/arm-none-eabi/4.9.3/../../../../arm-none-eabi/lib/armv6-m\libg_nano.a(lib_a-exit.o)
                              c:/program files (x86)/cypress/psoc creator/3.3/psoc creator/import/gnu/arm/4.9.3/bin/../lib/gcc/arm-none-eabi/4.9.3/../../../../arm-none-eabi/lib/armv6-m/crt0.o (exit)
c:/program files (x86)/cypress/psoc creator/3.3/psoc creator/import/gnu/arm/4.9.3/bin/../lib/gcc/arm-none-eabi/4.9.3/../../../../arm-none-eabi/lib/armv6-m\libg_nano.a(lib_a-impure.o)
                              c:/program files (x86)/cypress/psoc creator/3.3/psoc creator/import/gnu/arm/4.9.3/bin/../lib/gcc/arm-none-eabi/4.9.3/../../../../arm-none-eabi/lib/armv6-m\libg_nano.a(lib_a-exit.o) (_global_impure_ptr)
c:/program files (x86)/cypress/psoc creator/3.3/psoc creator/import/gnu/arm/4.9.3/bin/../lib/gcc/arm-none-eabi/4.9.3/../../../../arm-none-eabi/lib/armv6-m\libg_nano.a(lib_a-init.o)
                              c:/program files (x86)/cypress/psoc creator/3.3/psoc creator/import/gnu/arm/4.9.3/bin/../lib/gcc/arm-none-eabi/4.9.3/../../../../arm-none-eabi/lib/armv6-m/crt0.o (__libc_init_array)
c:/program files (x86)/cypress/psoc creator/3.3/psoc creator/import/gnu/arm/4.9.3/bin/../lib/gcc/arm-none-eabi/4.9.3/../../../../arm-none-eabi/lib/armv6-m\libg_nano.a(lib_a-memset.o)
                              c:/program files (x86)/cypress/psoc creator/3.3/psoc creator/import/gnu/arm/4.9.3/bin/../lib/gcc/arm-none-eabi/4.9.3/../../../../arm-none-eabi/lib/armv6-m/crt0.o (memset)

Allocating common symbols
Common symbol       size              file

I2C_protectBuf1     0x2               .\CortexM0\ARM_GCC_493\Debug\Lesson17.a(I2C_EZI2C.o)
I2C_curStatus       0x1               .\CortexM0\ARM_GCC_493\Debug\Lesson17.a(I2C_EZI2C.o)
I2C_indexBuf1       0x2               .\CortexM0\ARM_GCC_493\Debug\Lesson17.a(I2C_EZI2C.o)
I2C_dataBuffer1     0x4               .\CortexM0\ARM_GCC_493\Debug\Lesson17.a(I2C_EZI2C.o)
I2C_offsetBuf1      0x1               .\CortexM0\ARM_GCC_493\Debug\Lesson17.a(I2C_EZI2C.o)
I2C_bufSizeBuf1     0x2               .\CortexM0\ARM_GCC_493\Debug\Lesson17.a(I2C_EZI2C.o)
I2C_fsmState        0x1               .\CortexM0\ARM_GCC_493\Debug\Lesson17.a(I2C_EZI2C.o)

Discarded input sections

 .text          0x00000000        0x0 c:/program files (x86)/cypress/psoc creator/3.3/psoc creator/import/gnu/arm/4.9.3/bin/../lib/gcc/arm-none-eabi/4.9.3/armv6-m/crti.o
 .data          0x00000000        0x0 c:/program files (x86)/cypress/psoc creator/3.3/psoc creator/import/gnu/arm/4.9.3/bin/../lib/gcc/arm-none-eabi/4.9.3/armv6-m/crti.o
 .bss           0x00000000        0x0 c:/program files (x86)/cypress/psoc creator/3.3/psoc creator/import/gnu/arm/4.9.3/bin/../lib/gcc/arm-none-eabi/4.9.3/armv6-m/crti.o
 .data          0x00000000        0x4 c:/program files (x86)/cypress/psoc creator/3.3/psoc creator/import/gnu/arm/4.9.3/bin/../lib/gcc/arm-none-eabi/4.9.3/armv6-m/crtbegin.o
 .text          0x00000000       0x78 c:/program files (x86)/cypress/psoc creator/3.3/psoc creator/import/gnu/arm/4.9.3/bin/../lib/gcc/arm-none-eabi/4.9.3/../../../../arm-none-eabi/lib/armv6-m/crt0.o
 .data          0x00000000        0x0 c:/program files (x86)/cypress/psoc creator/3.3/psoc creator/import/gnu/arm/4.9.3/bin/../lib/gcc/arm-none-eabi/4.9.3/../../../../arm-none-eabi/lib/armv6-m/crt0.o
 .bss           0x00000000        0x0 c:/program files (x86)/cypress/psoc creator/3.3/psoc creator/import/gnu/arm/4.9.3/bin/../lib/gcc/arm-none-eabi/4.9.3/../../../../arm-none-eabi/lib/armv6-m/crt0.o
 .ARM.extab     0x00000000        0x0 c:/program files (x86)/cypress/psoc creator/3.3/psoc creator/import/gnu/arm/4.9.3/bin/../lib/gcc/arm-none-eabi/4.9.3/../../../../arm-none-eabi/lib/armv6-m/crt0.o
 .ARM.exidx     0x00000000        0x8 c:/program files (x86)/cypress/psoc creator/3.3/psoc creator/import/gnu/arm/4.9.3/bin/../lib/gcc/arm-none-eabi/4.9.3/../../../../arm-none-eabi/lib/armv6-m/crt0.o
 .text          0x00000000        0x0 .\CortexM0\ARM_GCC_493\Debug\main.o
 .data          0x00000000        0x0 .\CortexM0\ARM_GCC_493\Debug\main.o
 .bss           0x00000000        0x0 .\CortexM0\ARM_GCC_493\Debug\main.o
 .text          0x00000000        0x0 .\CortexM0\ARM_GCC_493\Debug\cymetadata.o
 .data          0x00000000        0x0 .\CortexM0\ARM_GCC_493\Debug\cymetadata.o
 .bss           0x00000000        0x0 .\CortexM0\ARM_GCC_493\Debug\cymetadata.o
 .text          0x00000000        0x0 .\CortexM0\ARM_GCC_493\Debug\Cm0Start.o
 .data          0x00000000        0x4 .\CortexM0\ARM_GCC_493\Debug\Cm0Start.o
 .bss           0x00000000        0x0 .\CortexM0\ARM_GCC_493\Debug\Cm0Start.o
 .text._exit    0x00000000        0xc .\CortexM0\ARM_GCC_493\Debug\Cm0Start.o
 .text._sbrk    0x00000000       0x30 .\CortexM0\ARM_GCC_493\Debug\Cm0Start.o
 .text          0x00000000        0x0 .\CortexM0\ARM_GCC_493\Debug\Lesson17.a(cyfitter_cfg.o)
 .data          0x00000000        0x0 .\CortexM0\ARM_GCC_493\Debug\Lesson17.a(cyfitter_cfg.o)
 .bss           0x00000000        0x0 .\CortexM0\ARM_GCC_493\Debug\Lesson17.a(cyfitter_cfg.o)
 .text          0x00000000        0x0 .\CortexM0\ARM_GCC_493\Debug\Lesson17.a(I2C.o)
 .data          0x00000000        0x0 .\CortexM0\ARM_GCC_493\Debug\Lesson17.a(I2C.o)
 .text.I2C_ScbModeStop
                0x00000000        0x8 .\CortexM0\ARM_GCC_493\Debug\Lesson17.a(I2C.o)
 .text.I2C_Stop
                0x00000000       0x2c .\CortexM0\ARM_GCC_493\Debug\Lesson17.a(I2C.o)
 .text.I2C_SetRxFifoLevel
                0x00000000       0x14 .\CortexM0\ARM_GCC_493\Debug\Lesson17.a(I2C.o)
 .text.I2C_SetTxFifoLevel
                0x00000000       0x14 .\CortexM0\ARM_GCC_493\Debug\Lesson17.a(I2C.o)
 .text.I2C_SetCustomInterruptHandler
                0x00000000        0xc .\CortexM0\ARM_GCC_493\Debug\Lesson17.a(I2C.o)
 .text          0x00000000        0x0 .\CortexM0\ARM_GCC_493\Debug\Lesson17.a(I2C_PM.o)
 .data          0x00000000        0x0 .\CortexM0\ARM_GCC_493\Debug\Lesson17.a(I2C_PM.o)
 .bss           0x00000000        0x0 .\CortexM0\ARM_GCC_493\Debug\Lesson17.a(I2C_PM.o)
 .text          0x00000000        0x0 .\CortexM0\ARM_GCC_493\Debug\Lesson17.a(I2C_EZI2C.o)
 .data          0x00000000        0x0 .\CortexM0\ARM_GCC_493\Debug\Lesson17.a(I2C_EZI2C.o)
 .bss           0x00000000        0x0 .\CortexM0\ARM_GCC_493\Debug\Lesson17.a(I2C_EZI2C.o)
 .text.I2C_EzI2CStop
                0x00000000        0xc .\CortexM0\ARM_GCC_493\Debug\Lesson17.a(I2C_EZI2C.o)
 .text.I2C_EzI2CGetActivity
                0x00000000       0x24 .\CortexM0\ARM_GCC_493\Debug\Lesson17.a(I2C_EZI2C.o)
 .text.I2C_EzI2CSetAddress1
                0x00000000       0x18 .\CortexM0\ARM_GCC_493\Debug\Lesson17.a(I2C_EZI2C.o)
 .text.I2C_EzI2CGetAddress1
                0x00000000       0x10 .\CortexM0\ARM_GCC_493\Debug\Lesson17.a(I2C_EZI2C.o)
 .text.I2C_EzI2CSetReadBoundaryBuffer1
                0x00000000        0xc .\CortexM0\ARM_GCC_493\Debug\Lesson17.a(I2C_EZI2C.o)
 .text          0x00000000        0x0 .\CortexM0\ARM_GCC_493\Debug\Lesson17.a(I2C_EZI2C_INT.o)
 .data          0x00000000        0x0 .\CortexM0\ARM_GCC_493\Debug\Lesson17.a(I2C_EZI2C_INT.o)
 .text          0x00000000        0x0 .\CortexM0\ARM_GCC_493\Debug\Lesson17.a(Output_Pin_0.o)
 .data          0x00000000        0x0 .\CortexM0\ARM_GCC_493\Debug\Lesson17.a(Output_Pin_0.o)
 .bss           0x00000000        0x0 .\CortexM0\ARM_GCC_493\Debug\Lesson17.a(Output_Pin_0.o)
 .text.Output_Pin_0_SetDriveMode
                0x00000000       0x18 .\CortexM0\ARM_GCC_493\Debug\Lesson17.a(Output_Pin_0.o)
 .text.Output_Pin_0_Read
                0x00000000       0x10 .\CortexM0\ARM_GCC_493\Debug\Lesson17.a(Output_Pin_0.o)
 .text.Output_Pin_0_ReadDataReg
                0x00000000       0x10 .\CortexM0\ARM_GCC_493\Debug\Lesson17.a(Output_Pin_0.o)
 .text.Output_Pin_0_SetInterruptMode
                0x00000000       0x14 .\CortexM0\ARM_GCC_493\Debug\Lesson17.a(Output_Pin_0.o)
 .text.Output_Pin_0_ClearInterrupt
                0x00000000       0x14 .\CortexM0\ARM_GCC_493\Debug\Lesson17.a(Output_Pin_0.o)
 .text          0x00000000        0x0 .\CortexM0\ARM_GCC_493\Debug\Lesson17.a(CyLib.o)
 .bss           0x00000000       0x18 .\CortexM0\ARM_GCC_493\Debug\Lesson17.a(CyLib.o)
 .text.CySysClkImoStart
                0x00000000       0x14 .\CortexM0\ARM_GCC_493\Debug\Lesson17.a(CyLib.o)
 .text.CySysClkImoStop
                0x00000000       0x10 .\CortexM0\ARM_GCC_493\Debug\Lesson17.a(CyLib.o)
 .text.CySysClkWriteHfclkDirect
                0x00000000       0x20 .\CortexM0\ARM_GCC_493\Debug\Lesson17.a(CyLib.o)
 .text.CySysClkGetSysclkSource
                0x00000000       0x1c .\CortexM0\ARM_GCC_493\Debug\Lesson17.a(CyLib.o)
 .text.CySysLvdDisable
                0x00000000       0x20 .\CortexM0\ARM_GCC_493\Debug\Lesson17.a(CyLib.o)
 .text.CySysLvdGetInterruptSource
                0x00000000       0x10 .\CortexM0\ARM_GCC_493\Debug\Lesson17.a(CyLib.o)
 .text.CySysLvdClearInterrupt
                0x00000000        0xc .\CortexM0\ARM_GCC_493\Debug\Lesson17.a(CyLib.o)
 .text.CySysGetResetReason
                0x00000000       0x14 .\CortexM0\ARM_GCC_493\Debug\Lesson17.a(CyLib.o)
 .text.CyDisableInts
                0x00000000       0x10 .\CortexM0\ARM_GCC_493\Debug\Lesson17.a(CyLib.o)
 .text.CyEnableInts
                0x00000000        0xc .\CortexM0\ARM_GCC_493\Debug\Lesson17.a(CyLib.o)
 .text.CyIntGetState
                0x00000000       0x18 .\CortexM0\ARM_GCC_493\Debug\Lesson17.a(CyLib.o)
 .text.CyIntSetPending
                0x00000000       0x14 .\CortexM0\ARM_GCC_493\Debug\Lesson17.a(CyLib.o)
 .text.CyIntClearPending
                0x00000000       0x14 .\CortexM0\ARM_GCC_493\Debug\Lesson17.a(CyLib.o)
 .text.CyIntSetSysVector
                0x00000000       0x20 .\CortexM0\ARM_GCC_493\Debug\Lesson17.a(CyLib.o)
 .text.CyIntGetSysVector
                0x00000000       0x1c .\CortexM0\ARM_GCC_493\Debug\Lesson17.a(CyLib.o)
 .text.CyIntGetVector
                0x00000000       0x20 .\CortexM0\ARM_GCC_493\Debug\Lesson17.a(CyLib.o)
 .text.CyIntGetPriority
                0x00000000       0x2c .\CortexM0\ARM_GCC_493\Debug\Lesson17.a(CyLib.o)
 .text.CySoftwareReset
                0x00000000       0x18 .\CortexM0\ARM_GCC_493\Debug\Lesson17.a(CyLib.o)
 .text.CySysLvdEnable
                0x00000000       0x44 .\CortexM0\ARM_GCC_493\Debug\Lesson17.a(CyLib.o)
 .text.CyDelayFreq
                0x00000000       0x4c .\CortexM0\ARM_GCC_493\Debug\Lesson17.a(CyLib.o)
 .text.CySysTickStop
                0x00000000       0x10 .\CortexM0\ARM_GCC_493\Debug\Lesson17.a(CyLib.o)
 .text.CySysTickEnableInterrupt
                0x00000000       0x10 .\CortexM0\ARM_GCC_493\Debug\Lesson17.a(CyLib.o)
 .text.CySysTickEnable
                0x00000000       0x18 .\CortexM0\ARM_GCC_493\Debug\Lesson17.a(CyLib.o)
 .text.CySysTickDisableInterrupt
                0x00000000       0x10 .\CortexM0\ARM_GCC_493\Debug\Lesson17.a(CyLib.o)
 .text.CySysTickSetReload
                0x00000000       0x10 .\CortexM0\ARM_GCC_493\Debug\Lesson17.a(CyLib.o)
 .text.CySysTickGetReload
                0x00000000       0x10 .\CortexM0\ARM_GCC_493\Debug\Lesson17.a(CyLib.o)
 .text.CySysTickGetValue
                0x00000000       0x10 .\CortexM0\ARM_GCC_493\Debug\Lesson17.a(CyLib.o)
 .text.CySysTickGetCountFlag
                0x00000000       0x10 .\CortexM0\ARM_GCC_493\Debug\Lesson17.a(CyLib.o)
 .text.CySysTickServiceCallbacks
                0x00000000       0x28 .\CortexM0\ARM_GCC_493\Debug\Lesson17.a(CyLib.o)
 .text.CySysTickClear
                0x00000000        0xc .\CortexM0\ARM_GCC_493\Debug\Lesson17.a(CyLib.o)
 .text.CySysTickInit
                0x00000000       0x44 .\CortexM0\ARM_GCC_493\Debug\Lesson17.a(CyLib.o)
 .text.CySysTickStart
                0x00000000       0x20 .\CortexM0\ARM_GCC_493\Debug\Lesson17.a(CyLib.o)
 .text.CySysTickSetCallback
                0x00000000       0x10 .\CortexM0\ARM_GCC_493\Debug\Lesson17.a(CyLib.o)
 .text.CySysTickGetCallback
                0x00000000        0xc .\CortexM0\ARM_GCC_493\Debug\Lesson17.a(CyLib.o)
 .text.CyGetUniqueId
                0x00000000       0x70 .\CortexM0\ARM_GCC_493\Debug\Lesson17.a(CyLib.o)
 .text          0x00000000        0x0 .\CortexM0\ARM_GCC_493\Debug\Lesson17.a(cyPm.o)
 .data          0x00000000        0x0 .\CortexM0\ARM_GCC_493\Debug\Lesson17.a(cyPm.o)
 .bss           0x00000000        0x0 .\CortexM0\ARM_GCC_493\Debug\Lesson17.a(cyPm.o)
 .text.CySysPmSleep
                0x00000000       0x1c .\CortexM0\ARM_GCC_493\Debug\Lesson17.a(cyPm.o)
 .text.CySysPmHibernate
                0x00000000       0x50 .\CortexM0\ARM_GCC_493\Debug\Lesson17.a(cyPm.o)
 .text.CySysPmSetWakeupPolarity
                0x00000000       0x34 .\CortexM0\ARM_GCC_493\Debug\Lesson17.a(cyPm.o)
 .text.CySysPmGetResetReason
                0x00000000       0x28 .\CortexM0\ARM_GCC_493\Debug\Lesson17.a(cyPm.o)
 .text.CySysPmFreezeIo
                0x00000000       0x38 .\CortexM0\ARM_GCC_493\Debug\Lesson17.a(cyPm.o)
 .text.CySysPmStop
                0x00000000       0x30 .\CortexM0\ARM_GCC_493\Debug\Lesson17.a(cyPm.o)
 .text.CySysPmUnfreezeIo
                0x00000000       0x30 .\CortexM0\ARM_GCC_493\Debug\Lesson17.a(cyPm.o)
 .text          0x00000000        0x0 .\CortexM0\ARM_GCC_493\Debug\Lesson17.a(CyLFClk.o)
 .text.CySysClkIloEnabled
                0x00000000       0x14 .\CortexM0\ARM_GCC_493\Debug\Lesson17.a(CyLFClk.o)
 .text.CySysClkIloStart
                0x00000000       0x14 .\CortexM0\ARM_GCC_493\Debug\Lesson17.a(CyLFClk.o)
 .text.CySysClkIloStartMeasurement
                0x00000000       0x34 .\CortexM0\ARM_GCC_493\Debug\Lesson17.a(CyLFClk.o)
 .text.CySysClkIloStopMeasurement
                0x00000000       0x14 .\CortexM0\ARM_GCC_493\Debug\Lesson17.a(CyLFClk.o)
 .text.CySysClkIloCompensate
                0x00000000      0x108 .\CortexM0\ARM_GCC_493\Debug\Lesson17.a(CyLFClk.o)
 .text.CySysWdtGetEnabledStatus
                0x00000000       0x24 .\CortexM0\ARM_GCC_493\Debug\Lesson17.a(CyLFClk.o)
 .text.CySysWdtSetMode
                0x00000000       0x38 .\CortexM0\ARM_GCC_493\Debug\Lesson17.a(CyLFClk.o)
 .text.CySysClkLfclkPosedgeRestore
                0x00000000       0x2c .\CortexM0\ARM_GCC_493\Debug\Lesson17.a(CyLFClk.o)
 .text.CySysWdtGetMode
                0x00000000       0x14 .\CortexM0\ARM_GCC_493\Debug\Lesson17.a(CyLFClk.o)
 .text.CySysWdtSetClearOnMatch
                0x00000000       0x38 .\CortexM0\ARM_GCC_493\Debug\Lesson17.a(CyLFClk.o)
 .text.CySysWdtGetClearOnMatch
                0x00000000       0x24 .\CortexM0\ARM_GCC_493\Debug\Lesson17.a(CyLFClk.o)
 .text.CySysWdtEnable
                0x00000000       0x40 .\CortexM0\ARM_GCC_493\Debug\Lesson17.a(CyLFClk.o)
 .text.CySysWdtDisable
                0x00000000       0x44 .\CortexM0\ARM_GCC_493\Debug\Lesson17.a(CyLFClk.o)
 .text.CySysWdtSetCascade
                0x00000000       0x34 .\CortexM0\ARM_GCC_493\Debug\Lesson17.a(CyLFClk.o)
 .text.CySysWdtGetCascade
                0x00000000       0x14 .\CortexM0\ARM_GCC_493\Debug\Lesson17.a(CyLFClk.o)
 .text.CySysWdtSetMatch
                0x00000000       0x3c .\CortexM0\ARM_GCC_493\Debug\Lesson17.a(CyLFClk.o)
 .text.CySysWdtSetToggleBit
                0x00000000       0x2c .\CortexM0\ARM_GCC_493\Debug\Lesson17.a(CyLFClk.o)
 .text.CySysWdtGetToggleBit
                0x00000000       0x10 .\CortexM0\ARM_GCC_493\Debug\Lesson17.a(CyLFClk.o)
 .text.CySysWdtGetMatch
                0x00000000       0x20 .\CortexM0\ARM_GCC_493\Debug\Lesson17.a(CyLFClk.o)
 .text.CySysWdtGetCount
                0x00000000       0x3c .\CortexM0\ARM_GCC_493\Debug\Lesson17.a(CyLFClk.o)
 .text.CySysClkLfclkPosedgeCatch
                0x00000000       0x74 .\CortexM0\ARM_GCC_493\Debug\Lesson17.a(CyLFClk.o)
 .text.CySysClkIloStop
                0x00000000       0x38 .\CortexM0\ARM_GCC_493\Debug\Lesson17.a(CyLFClk.o)
 .text.CySysWdtGetInterruptSource
                0x00000000       0x14 .\CortexM0\ARM_GCC_493\Debug\Lesson17.a(CyLFClk.o)
 .text.CySysWdtResetCounters
                0x00000000       0x20 .\CortexM0\ARM_GCC_493\Debug\Lesson17.a(CyLFClk.o)
 .text.CySysWdtSetInterruptCallback
                0x00000000       0x20 .\CortexM0\ARM_GCC_493\Debug\Lesson17.a(CyLFClk.o)
 .text.CySysWdtGetInterruptCallback
                0x00000000       0x20 .\CortexM0\ARM_GCC_493\Debug\Lesson17.a(CyLFClk.o)
 .text.CySysWdtEnableCounterIsr
                0x00000000       0x34 .\CortexM0\ARM_GCC_493\Debug\Lesson17.a(CyLFClk.o)
 .text.CySysWdtDisableCounterIsr
                0x00000000       0x28 .\CortexM0\ARM_GCC_493\Debug\Lesson17.a(CyLFClk.o)
 .text.CySysWatchdogFeed
                0x00000000       0x60 .\CortexM0\ARM_GCC_493\Debug\Lesson17.a(CyLFClk.o)
 .text.CySysTimerDelayUntilMatch
                0x00000000       0x6c .\CortexM0\ARM_GCC_493\Debug\Lesson17.a(CyLFClk.o)
 .text.CySysTimerDelay
                0x00000000       0x3c .\CortexM0\ARM_GCC_493\Debug\Lesson17.a(CyLFClk.o)
 .rodata        0x00000000        0xc .\CortexM0\ARM_GCC_493\Debug\Lesson17.a(CyLFClk.o)
 .data          0x00000000        0x0 .\CortexM0\ARM_GCC_493\Debug\Lesson17.a(CyBootAsmGnu.o)
 .bss           0x00000000        0x0 .\CortexM0\ARM_GCC_493\Debug\Lesson17.a(CyBootAsmGnu.o)
 .text          0x00000000      0x120 c:/program files (x86)/cypress/psoc creator/3.3/psoc creator/import/gnu/arm/4.9.3/bin/../lib/gcc/arm-none-eabi/4.9.3/armv6-m\libgcc.a(_udivsi3.o)
 .data          0x00000000        0x0 c:/program files (x86)/cypress/psoc creator/3.3/psoc creator/import/gnu/arm/4.9.3/bin/../lib/gcc/arm-none-eabi/4.9.3/armv6-m\libgcc.a(_udivsi3.o)
 .bss           0x00000000        0x0 c:/program files (x86)/cypress/psoc creator/3.3/psoc creator/import/gnu/arm/4.9.3/bin/../lib/gcc/arm-none-eabi/4.9.3/armv6-m\libgcc.a(_udivsi3.o)
 .text          0x00000000        0x4 c:/program files (x86)/cypress/psoc creator/3.3/psoc creator/import/gnu/arm/4.9.3/bin/../lib/gcc/arm-none-eabi/4.9.3/armv6-m\libgcc.a(_dvmd_tls.o)
 .data          0x00000000        0x0 c:/program files (x86)/cypress/psoc creator/3.3/psoc creator/import/gnu/arm/4.9.3/bin/../lib/gcc/arm-none-eabi/4.9.3/armv6-m\libgcc.a(_dvmd_tls.o)
 .bss           0x00000000        0x0 c:/program files (x86)/cypress/psoc creator/3.3/psoc creator/import/gnu/arm/4.9.3/bin/../lib/gcc/arm-none-eabi/4.9.3/armv6-m\libgcc.a(_dvmd_tls.o)
 .text          0x00000000        0x0 c:/program files (x86)/cypress/psoc creator/3.3/psoc creator/import/gnu/arm/4.9.3/bin/../lib/gcc/arm-none-eabi/4.9.3/../../../../arm-none-eabi/lib/armv6-m\libg_nano.a(lib_a-errno.o)
 .data          0x00000000        0x0 c:/program files (x86)/cypress/psoc creator/3.3/psoc creator/import/gnu/arm/4.9.3/bin/../lib/gcc/arm-none-eabi/4.9.3/../../../../arm-none-eabi/lib/armv6-m\libg_nano.a(lib_a-errno.o)
 .bss           0x00000000        0x0 c:/program files (x86)/cypress/psoc creator/3.3/psoc creator/import/gnu/arm/4.9.3/bin/../lib/gcc/arm-none-eabi/4.9.3/../../../../arm-none-eabi/lib/armv6-m\libg_nano.a(lib_a-errno.o)
 .text.__errno  0x00000000        0xc c:/program files (x86)/cypress/psoc creator/3.3/psoc creator/import/gnu/arm/4.9.3/bin/../lib/gcc/arm-none-eabi/4.9.3/../../../../arm-none-eabi/lib/armv6-m\libg_nano.a(lib_a-errno.o)
 .text          0x00000000        0x0 c:/program files (x86)/cypress/psoc creator/3.3/psoc creator/import/gnu/arm/4.9.3/bin/../lib/gcc/arm-none-eabi/4.9.3/../../../../arm-none-eabi/lib/armv6-m\libg_nano.a(lib_a-exit.o)
 .data          0x00000000        0x0 c:/program files (x86)/cypress/psoc creator/3.3/psoc creator/import/gnu/arm/4.9.3/bin/../lib/gcc/arm-none-eabi/4.9.3/../../../../arm-none-eabi/lib/armv6-m\libg_nano.a(lib_a-exit.o)
 .bss           0x00000000        0x0 c:/program files (x86)/cypress/psoc creator/3.3/psoc creator/import/gnu/arm/4.9.3/bin/../lib/gcc/arm-none-eabi/4.9.3/../../../../arm-none-eabi/lib/armv6-m\libg_nano.a(lib_a-exit.o)
 .text.exit     0x00000000       0x2c c:/program files (x86)/cypress/psoc creator/3.3/psoc creator/import/gnu/arm/4.9.3/bin/../lib/gcc/arm-none-eabi/4.9.3/../../../../arm-none-eabi/lib/armv6-m\libg_nano.a(lib_a-exit.o)
 .text          0x00000000        0x0 c:/program files (x86)/cypress/psoc creator/3.3/psoc creator/import/gnu/arm/4.9.3/bin/../lib/gcc/arm-none-eabi/4.9.3/../../../../arm-none-eabi/lib/armv6-m\libg_nano.a(lib_a-impure.o)
 .data          0x00000000        0x0 c:/program files (x86)/cypress/psoc creator/3.3/psoc creator/import/gnu/arm/4.9.3/bin/../lib/gcc/arm-none-eabi/4.9.3/../../../../arm-none-eabi/lib/armv6-m\libg_nano.a(lib_a-impure.o)
 .bss           0x00000000        0x0 c:/program files (x86)/cypress/psoc creator/3.3/psoc creator/import/gnu/arm/4.9.3/bin/../lib/gcc/arm-none-eabi/4.9.3/../../../../arm-none-eabi/lib/armv6-m\libg_nano.a(lib_a-impure.o)
 .data.impure_data
                0x00000000       0x60 c:/program files (x86)/cypress/psoc creator/3.3/psoc creator/import/gnu/arm/4.9.3/bin/../lib/gcc/arm-none-eabi/4.9.3/../../../../arm-none-eabi/lib/armv6-m\libg_nano.a(lib_a-impure.o)
 .data._impure_ptr
                0x00000000        0x4 c:/program files (x86)/cypress/psoc creator/3.3/psoc creator/import/gnu/arm/4.9.3/bin/../lib/gcc/arm-none-eabi/4.9.3/../../../../arm-none-eabi/lib/armv6-m\libg_nano.a(lib_a-impure.o)
 .rodata.str1.1
                0x00000000        0x2 c:/program files (x86)/cypress/psoc creator/3.3/psoc creator/import/gnu/arm/4.9.3/bin/../lib/gcc/arm-none-eabi/4.9.3/../../../../arm-none-eabi/lib/armv6-m\libg_nano.a(lib_a-impure.o)
 .rodata._global_impure_ptr
                0x00000000        0x4 c:/program files (x86)/cypress/psoc creator/3.3/psoc creator/import/gnu/arm/4.9.3/bin/../lib/gcc/arm-none-eabi/4.9.3/../../../../arm-none-eabi/lib/armv6-m\libg_nano.a(lib_a-impure.o)
 .text          0x00000000        0x0 c:/program files (x86)/cypress/psoc creator/3.3/psoc creator/import/gnu/arm/4.9.3/bin/../lib/gcc/arm-none-eabi/4.9.3/../../../../arm-none-eabi/lib/armv6-m\libg_nano.a(lib_a-init.o)
 .data          0x00000000        0x0 c:/program files (x86)/cypress/psoc creator/3.3/psoc creator/import/gnu/arm/4.9.3/bin/../lib/gcc/arm-none-eabi/4.9.3/../../../../arm-none-eabi/lib/armv6-m\libg_nano.a(lib_a-init.o)
 .bss           0x00000000        0x0 c:/program files (x86)/cypress/psoc creator/3.3/psoc creator/import/gnu/arm/4.9.3/bin/../lib/gcc/arm-none-eabi/4.9.3/../../../../arm-none-eabi/lib/armv6-m\libg_nano.a(lib_a-init.o)
 .text          0x00000000        0x0 c:/program files (x86)/cypress/psoc creator/3.3/psoc creator/import/gnu/arm/4.9.3/bin/../lib/gcc/arm-none-eabi/4.9.3/../../../../arm-none-eabi/lib/armv6-m\libg_nano.a(lib_a-memset.o)
 .data          0x00000000        0x0 c:/program files (x86)/cypress/psoc creator/3.3/psoc creator/import/gnu/arm/4.9.3/bin/../lib/gcc/arm-none-eabi/4.9.3/../../../../arm-none-eabi/lib/armv6-m\libg_nano.a(lib_a-memset.o)
 .bss           0x00000000        0x0 c:/program files (x86)/cypress/psoc creator/3.3/psoc creator/import/gnu/arm/4.9.3/bin/../lib/gcc/arm-none-eabi/4.9.3/../../../../arm-none-eabi/lib/armv6-m\libg_nano.a(lib_a-memset.o)
 .text          0x00000000        0x0 c:/program files (x86)/cypress/psoc creator/3.3/psoc creator/import/gnu/arm/4.9.3/bin/../lib/gcc/arm-none-eabi/4.9.3/armv6-m/crtend.o
 .data          0x00000000        0x0 c:/program files (x86)/cypress/psoc creator/3.3/psoc creator/import/gnu/arm/4.9.3/bin/../lib/gcc/arm-none-eabi/4.9.3/armv6-m/crtend.o
 .bss           0x00000000        0x0 c:/program files (x86)/cypress/psoc creator/3.3/psoc creator/import/gnu/arm/4.9.3/bin/../lib/gcc/arm-none-eabi/4.9.3/armv6-m/crtend.o
 .text          0x00000000        0x0 c:/program files (x86)/cypress/psoc creator/3.3/psoc creator/import/gnu/arm/4.9.3/bin/../lib/gcc/arm-none-eabi/4.9.3/armv6-m/crtn.o
 .data          0x00000000        0x0 c:/program files (x86)/cypress/psoc creator/3.3/psoc creator/import/gnu/arm/4.9.3/bin/../lib/gcc/arm-none-eabi/4.9.3/armv6-m/crtn.o
 .bss           0x00000000        0x0 c:/program files (x86)/cypress/psoc creator/3.3/psoc creator/import/gnu/arm/4.9.3/bin/../lib/gcc/arm-none-eabi/4.9.3/armv6-m/crtn.o

Memory Configuration

Name             Origin             Length             Attributes
rom              0x00000000         0x00008000         xr
ram              0x20000000         0x00001000         xrw
*default*        0x00000000         0xffffffff

Linker script and memory map

LOAD c:/program files (x86)/cypress/psoc creator/3.3/psoc creator/import/gnu/arm/4.9.3/bin/../lib/gcc/arm-none-eabi/4.9.3/armv6-m/crti.o
LOAD c:/program files (x86)/cypress/psoc creator/3.3/psoc creator/import/gnu/arm/4.9.3/bin/../lib/gcc/arm-none-eabi/4.9.3/armv6-m/crtbegin.o
LOAD c:/program files (x86)/cypress/psoc creator/3.3/psoc creator/import/gnu/arm/4.9.3/bin/../lib/gcc/arm-none-eabi/4.9.3/../../../../arm-none-eabi/lib/armv6-m/crt0.o
START GROUP
LOAD .\CortexM0\ARM_GCC_493\Debug\main.o
LOAD .\CortexM0\ARM_GCC_493\Debug\cymetadata.o
LOAD .\CortexM0\ARM_GCC_493\Debug\Cm0Start.o
LOAD .\CortexM0\ARM_GCC_493\Debug\Lesson17.a
LOAD C:\Program Files (x86)\Cypress\PSoC Creator\3.3\PSoC Creator\psoc\content\cycomponentlibrary\CyComponentLibrary.cylib\CortexM0\ARM_GCC_493\Debug\CyComponentLibrary.a
END GROUP
START GROUP
LOAD c:/program files (x86)/cypress/psoc creator/3.3/psoc creator/import/gnu/arm/4.9.3/bin/../lib/gcc/arm-none-eabi/4.9.3/armv6-m\libgcc.a
LOAD c:/program files (x86)/cypress/psoc creator/3.3/psoc creator/import/gnu/arm/4.9.3/bin/../lib/gcc/arm-none-eabi/4.9.3/../../../../arm-none-eabi/lib/armv6-m\libg_nano.a
LOAD c:/program files (x86)/cypress/psoc creator/3.3/psoc creator/import/gnu/arm/4.9.3/bin/../lib/gcc/arm-none-eabi/4.9.3/../../../../arm-none-eabi/lib/armv6-m\libc_nano.a
END GROUP
START GROUP
LOAD c:/program files (x86)/cypress/psoc creator/3.3/psoc creator/import/gnu/arm/4.9.3/bin/../lib/gcc/arm-none-eabi/4.9.3/armv6-m\libgcc.a
LOAD c:/program files (x86)/cypress/psoc creator/3.3/psoc creator/import/gnu/arm/4.9.3/bin/../lib/gcc/arm-none-eabi/4.9.3/../../../../arm-none-eabi/lib/armv6-m\libc_nano.a
END GROUP
LOAD c:/program files (x86)/cypress/psoc creator/3.3/psoc creator/import/gnu/arm/4.9.3/bin/../lib/gcc/arm-none-eabi/4.9.3/armv6-m/crtend.o
LOAD c:/program files (x86)/cypress/psoc creator/3.3/psoc creator/import/gnu/arm/4.9.3/bin/../lib/gcc/arm-none-eabi/4.9.3/armv6-m/crtn.o
START GROUP
LOAD c:/program files (x86)/cypress/psoc creator/3.3/psoc creator/import/gnu/arm/4.9.3/bin/../lib/gcc/arm-none-eabi/4.9.3/armv6-m\libgcc.a
LOAD c:/program files (x86)/cypress/psoc creator/3.3/psoc creator/import/gnu/arm/4.9.3/bin/../lib/gcc/arm-none-eabi/4.9.3/../../../../arm-none-eabi/lib/armv6-m\libc.a
LOAD c:/program files (x86)/cypress/psoc creator/3.3/psoc creator/import/gnu/arm/4.9.3/bin/../lib/gcc/arm-none-eabi/4.9.3/../../../../arm-none-eabi/lib/armv6-m\libnosys.a
END GROUP
                0x00000000                CY_APPL_ORIGIN = 0x0
                0x00000080                CY_FLASH_ROW_SIZE = 0x80
                0x00000001                CY_APPL_NUM = 0x1
                0x00000001                CY_APPL_MAX = 0x1
                0x00000040                CY_METADATA_SIZE = 0x40
                0x00000000                CY_APPL_LOADABLE = 0x0
                0x00000000                CY_CHECKSUM_EXCLUDE_SIZE = ALIGN (0x0, CY_FLASH_ROW_SIZE)
                0x00000000                CY_APP_FOR_STACK_AND_COPIER = 0x0
                0x20000140                PROVIDE (__cy_heap_start, _end)
                0x00000001                PROVIDE (__cy_region_num, ((__cy_regions_end - __cy_regions) / 0x10))
                0x20001000                PROVIDE (__cy_stack, (ORIGIN (ram) + 0x1000))
                0x20000c00                PROVIDE (__cy_heap_end, (__cy_stack - 0x400))

.cybootloader   0x00000000        0x0
 *(.cybootloader)
                0x00000000                appl1_start = CY_APPL_ORIGIN?CY_APPL_ORIGIN:ALIGN (CY_FLASH_ROW_SIZE)
                0x00003f80                appl2_start = (appl1_start + ALIGN ((((0x8000 - appl1_start) - (0x2 * CY_FLASH_ROW_SIZE)) / 0x2), CY_FLASH_ROW_SIZE))
                0x00000000                appl_start = (CY_APPL_NUM == 0x1)?appl1_start:appl2_start
                0x00000001                cy_project_type_bootloader = (appl_start == 0x0)?0x1:0x0
                0x00000000                cy_project_type_app_for_stack_and_copier = (CY_APP_FOR_STACK_AND_COPIER == 0x1)?0x1:0x0

.text           0x00000000      0xcb4
 CREATE_OBJECT_SYMBOLS
                0x00000000                PROVIDE (__cy_interrupt_vector, RomVectors)
 *(.romvectors)
 .romvectors    0x00000000       0x10 .\CortexM0\ARM_GCC_493\Debug\Cm0Start.o
                0x00000000                RomVectors
                0x00000001                ASSERT ((. != __cy_interrupt_vector), No interrupt vector)
                0x00000001                ASSERT (CY_APPL_ORIGIN?(SIZEOF (.cybootloader) <= CY_APPL_ORIGIN):0x1, Wrong image location)
                0x00000010                PROVIDE (__cy_reset, Reset)
 *(.text.Reset)
 .text.Reset    0x00000010        0x8 .\CortexM0\ARM_GCC_493\Debug\Cm0Start.o
                0x00000010                Reset
                0x00000001                ASSERT ((. != __cy_reset), No reset code)
 *(.psocinit)
 .psocinit      0x00000018      0x198 .\CortexM0\ARM_GCC_493\Debug\Lesson17.a(cyfitter_cfg.o)
                0x000000a8                cyfitter_cfg
                0x000001b0                . = MAX (., 0x100)
 *(.text .text.* .gnu.linkonce.t.*)
 .text          0x000001b0       0x60 c:/program files (x86)/cypress/psoc creator/3.3/psoc creator/import/gnu/arm/4.9.3/bin/../lib/gcc/arm-none-eabi/4.9.3/armv6-m/crtbegin.o
 .text.main     0x00000210       0x64 .\CortexM0\ARM_GCC_493\Debug\main.o
                0x00000210                main
 .text.IntDefaultHandler
                0x00000274        0x4 .\CortexM0\ARM_GCC_493\Debug\Cm0Start.o
                0x00000274                IntDefaultHandler
 .text.Start_c  0x00000278       0x48 .\CortexM0\ARM_GCC_493\Debug\Cm0Start.o
                0x00000278                Start_c
 .text.initialize_psoc
                0x000002c0       0x48 .\CortexM0\ARM_GCC_493\Debug\Cm0Start.o
                0x000002c0                initialize_psoc
 .text.CYMEMZERO
                0x00000308        0xc .\CortexM0\ARM_GCC_493\Debug\Lesson17.a(cyfitter_cfg.o)
 .text.I2C_ScbEnableIntr
                0x00000314        0xc .\CortexM0\ARM_GCC_493\Debug\Lesson17.a(I2C.o)
 .text.I2C_Init
                0x00000320        0x8 .\CortexM0\ARM_GCC_493\Debug\Lesson17.a(I2C.o)
                0x00000320                I2C_Init
 .text.I2C_Enable
                0x00000328       0x18 .\CortexM0\ARM_GCC_493\Debug\Lesson17.a(I2C.o)
                0x00000328                I2C_Enable
 .text.I2C_Start
                0x00000340       0x20 .\CortexM0\ARM_GCC_493\Debug\Lesson17.a(I2C.o)
                0x00000340                I2C_Start
 .text.I2C_I2CSlaveNackGeneration
                0x00000360       0x3c .\CortexM0\ARM_GCC_493\Debug\Lesson17.a(I2C.o)
                0x00000360                I2C_I2CSlaveNackGeneration
 .text.I2C_Sleep
                0x0000039c        0x8 .\CortexM0\ARM_GCC_493\Debug\Lesson17.a(I2C_PM.o)
                0x0000039c                I2C_Sleep
 .text.I2C_Wakeup
                0x000003a4        0x8 .\CortexM0\ARM_GCC_493\Debug\Lesson17.a(I2C_PM.o)
                0x000003a4                I2C_Wakeup
 .text.I2C_EzI2CInit
                0x000003ac       0xd4 .\CortexM0\ARM_GCC_493\Debug\Lesson17.a(I2C_EZI2C.o)
                0x000003ac                I2C_EzI2CInit
 .text.I2C_EzI2CSetBuffer1
                0x00000480       0x30 .\CortexM0\ARM_GCC_493\Debug\Lesson17.a(I2C_EZI2C.o)
                0x00000480                I2C_EzI2CSetBuffer1
 .text.I2C_EzI2CSaveConfig
                0x000004b0        0xc .\CortexM0\ARM_GCC_493\Debug\Lesson17.a(I2C_EZI2C.o)
                0x000004b0                I2C_EzI2CSaveConfig
 .text.I2C_EzI2CRestoreConfig
                0x000004bc        0xc .\CortexM0\ARM_GCC_493\Debug\Lesson17.a(I2C_EZI2C.o)
                0x000004bc                I2C_EzI2CRestoreConfig
 .text.I2C_EZI2C_STRETCH_ISR
                0x000004c8      0x328 .\CortexM0\ARM_GCC_493\Debug\Lesson17.a(I2C_EZI2C_INT.o)
                0x000004c8                I2C_EZI2C_STRETCH_ISR
 .text.Output_Pin_0_Write
                0x000007f0       0x18 .\CortexM0\ARM_GCC_493\Debug\Lesson17.a(Output_Pin_0.o)
                0x000007f0                Output_Pin_0_Write
 .text.CySysClkWriteSysclkDiv
                0x00000808       0x28 .\CortexM0\ARM_GCC_493\Debug\Lesson17.a(CyLib.o)
                0x00000808                CySysClkWriteSysclkDiv
 .text.CyIntEnable
                0x00000830       0x14 .\CortexM0\ARM_GCC_493\Debug\Lesson17.a(CyLib.o)
                0x00000830                CyIntEnable
 .text.CyIntDisable
                0x00000844       0x14 .\CortexM0\ARM_GCC_493\Debug\Lesson17.a(CyLib.o)
                0x00000844                CyIntDisable
 .text.CyHalt   0x00000858        0x4 .\CortexM0\ARM_GCC_493\Debug\Lesson17.a(CyLib.o)
                0x00000858                CyHalt
 .text.CyIntSetVector
                0x0000085c       0x24 .\CortexM0\ARM_GCC_493\Debug\Lesson17.a(CyLib.o)
                0x0000085c                CyIntSetVector
 .text.CyIntSetPriority
                0x00000880       0x4c .\CortexM0\ARM_GCC_493\Debug\Lesson17.a(CyLib.o)
                0x00000880                CyIntSetPriority
 .text.CyDelay  0x000008cc       0x30 .\CortexM0\ARM_GCC_493\Debug\Lesson17.a(CyLib.o)
                0x000008cc                CyDelay
 .text.CyDelayUs
                0x000008fc       0x14 .\CortexM0\ARM_GCC_493\Debug\Lesson17.a(CyLib.o)
                0x000008fc                CyDelayUs
 .text.CySysClkWriteImoFreq
                0x00000910      0x164 .\CortexM0\ARM_GCC_493\Debug\Lesson17.a(CyLib.o)
                0x00000910                CySysClkWriteImoFreq
 .text.CySysPmDeepSleep
                0x00000a74       0x6c .\CortexM0\ARM_GCC_493\Debug\Lesson17.a(cyPm.o)
                0x00000a74                CySysPmDeepSleep
 .text.CySysWdtLocked
                0x00000ae0       0x14 .\CortexM0\ARM_GCC_493\Debug\Lesson17.a(CyLFClk.o)
 .text.CySysWdtLock
                0x00000af4       0x1c .\CortexM0\ARM_GCC_493\Debug\Lesson17.a(CyLFClk.o)
                0x00000af4                CySysWdtLock
 .text.CySysWdtUnlock
                0x00000b10       0x30 .\CortexM0\ARM_GCC_493\Debug\Lesson17.a(CyLFClk.o)
                0x00000b10                CySysWdtUnlock
 .text.CySysWdtClearInterrupt
                0x00000b40       0x4c .\CortexM0\ARM_GCC_493\Debug\Lesson17.a(CyLFClk.o)
                0x00000b40                CySysWdtClearInterrupt
 .text.CySysWdtIsr
                0x00000b8c       0xa4 .\CortexM0\ARM_GCC_493\Debug\Lesson17.a(CyLFClk.o)
                0x00000b8c                CySysWdtIsr
 .text          0x00000c30       0x28 .\CortexM0\ARM_GCC_493\Debug\Lesson17.a(CyBootAsmGnu.o)
                0x00000c30                CyDelayCycles
                0x00000c44                CyEnterCriticalSection
                0x00000c4c                CyExitCriticalSection
 .text.__libc_init_array
                0x00000c58       0x4c c:/program files (x86)/cypress/psoc creator/3.3/psoc creator/import/gnu/arm/4.9.3/bin/../lib/gcc/arm-none-eabi/4.9.3/../../../../arm-none-eabi/lib/armv6-m\libg_nano.a(lib_a-init.o)
                0x00000c58                __libc_init_array
 .text.memset   0x00000ca4       0x10 c:/program files (x86)/cypress/psoc creator/3.3/psoc creator/import/gnu/arm/4.9.3/bin/../lib/gcc/arm-none-eabi/4.9.3/../../../../arm-none-eabi/lib/armv6-m\libg_nano.a(lib_a-memset.o)
                0x00000ca4                memset
 *(.plt)
 *(.gnu.warning)
 *(.glue_7t)
 .glue_7t       0x00000000        0x0 linker stubs
 *(.glue_7)
 .glue_7        0x00000000        0x0 linker stubs
 *(.vfp11_veneer)
 .vfp11_veneer  0x00000000        0x0 linker stubs
 *(.bootloader)
 *(.ARM.extab* .gnu.linkonce.armextab.*)
 *(.gcc_except_table)

.v4_bx          0x00000cb4        0x0
 .v4_bx         0x00000000        0x0 linker stubs

.iplt           0x00000cb4        0x0
 .iplt          0x00000000        0x0 c:/program files (x86)/cypress/psoc creator/3.3/psoc creator/import/gnu/arm/4.9.3/bin/../lib/gcc/arm-none-eabi/4.9.3/armv6-m/crtbegin.o

.eh_frame_hdr
 *(.eh_frame_hdr)

.eh_frame       0x00000cb4        0x4
 *(.eh_frame)
 .eh_frame      0x00000cb4        0x0 c:/program files (x86)/cypress/psoc creator/3.3/psoc creator/import/gnu/arm/4.9.3/bin/../lib/gcc/arm-none-eabi/4.9.3/armv6-m/crtbegin.o
 .eh_frame      0x00000cb4        0x4 c:/program files (x86)/cypress/psoc creator/3.3/psoc creator/import/gnu/arm/4.9.3/bin/../lib/gcc/arm-none-eabi/4.9.3/armv6-m/crtend.o
                0x00000cb8                PROVIDE (__exidx_start, .)

.ARM.exidx
 *(.ARM.exidx* .gnu.linkonce.armexidx.*)
                0x00000cb8                __exidx_end = .

.rodata         0x00000cb8       0x70
 *(.rodata .rodata.* .gnu.linkonce.r.*)
 .rodata        0x00000cb8        0xc .\CortexM0\ARM_GCC_493\Debug\Lesson17.a(cyfitter_cfg.o)
 .rodata        0x00000cc4       0x30 .\CortexM0\ARM_GCC_493\Debug\Lesson17.a(CyLib.o)
                0x00000cc4                cyImoFreqMhz2Reg
                0x00000cf4                . = ALIGN (0x4)
 *(.init)
 .init          0x00000cf4        0x4 c:/program files (x86)/cypress/psoc creator/3.3/psoc creator/import/gnu/arm/4.9.3/bin/../lib/gcc/arm-none-eabi/4.9.3/armv6-m/crti.o
                0x00000cf4                _init
 .init          0x00000cf8        0x8 c:/program files (x86)/cypress/psoc creator/3.3/psoc creator/import/gnu/arm/4.9.3/bin/../lib/gcc/arm-none-eabi/4.9.3/armv6-m/crtn.o
                0x00000d00                . = ALIGN (0x4)
                0x00000d00                __preinit_array_start = .
 *(.preinit_array)
                0x00000d00                __preinit_array_end = .
                0x00000d00                . = ALIGN (0x4)
                0x00000d00                __init_array_start = .
 *(SORT(.init_array.*))
 *(.init_array)
 .init_array    0x00000d00        0x4 c:/program files (x86)/cypress/psoc creator/3.3/psoc creator/import/gnu/arm/4.9.3/bin/../lib/gcc/arm-none-eabi/4.9.3/armv6-m/crtbegin.o
 .init_array    0x00000d04        0x4 .\CortexM0\ARM_GCC_493\Debug\Cm0Start.o
                0x00000d08                __init_array_end = .
                0x00000d08                . = ALIGN (0x4)
 *(.fini)
 .fini          0x00000d08        0x4 c:/program files (x86)/cypress/psoc creator/3.3/psoc creator/import/gnu/arm/4.9.3/bin/../lib/gcc/arm-none-eabi/4.9.3/armv6-m/crti.o
                0x00000d08                _fini
 .fini          0x00000d0c        0x8 c:/program files (x86)/cypress/psoc creator/3.3/psoc creator/import/gnu/arm/4.9.3/bin/../lib/gcc/arm-none-eabi/4.9.3/armv6-m/crtn.o
                0x00000d14                . = ALIGN (0x4)
                0x00000d14                __fini_array_start = .
 *(.fini_array)
 .fini_array    0x00000d14        0x4 c:/program files (x86)/cypress/psoc creator/3.3/psoc creator/import/gnu/arm/4.9.3/bin/../lib/gcc/arm-none-eabi/4.9.3/armv6-m/crtbegin.o
 *(SORT(.fini_array.*))
                0x00000d18                __fini_array_end = .
                0x00000d18                . = ALIGN (0x4)
 *crtbegin.o(.ctors)
 *(EXCLUDE_FILE(*crtend.o) .ctors)
 *(SORT(.ctors.*))
 *crtend.o(.ctors)
                0x00000d18                . = ALIGN (0x4)
 *crtbegin.o(.dtors)
 *(EXCLUDE_FILE(*crtend.o) .dtors)
 *(SORT(.dtors.*))
 *crtend.o(.dtors)
                0x00000d18                . = ALIGN (0x4)
                0x00000d18                __cy_regions = .
                0x00000d18        0x4 LONG 0xd28 __cy_region_init_ram
                0x00000d1c        0x4 LONG 0x200000c8 __cy_region_start_data
                0x00000d20        0x4 LONG 0x18 __cy_region_init_size_ram
                0x00000d24        0x4 LONG 0x60 __cy_region_zero_size_ram
                0x00000d28                __cy_regions_end = .
                0x00000d28                . = ALIGN (0x8)
                0x00000d28                _etext = .

.cy_checksum_exclude
                0x00000d28        0x0
 *(.cy_checksum_exclude)

.ramvectors     0x20000000       0xc0
                0x20000000                __cy_region_start_ram = .
 *(.ramvectors)
 .ramvectors    0x20000000       0xc0 .\CortexM0\ARM_GCC_493\Debug\Cm0Start.o
                0x20000000                CyRamVectors

.noinit         0x200000c0        0x4
 *(.noinit)
 .noinit        0x200000c0        0x4 .\CortexM0\ARM_GCC_493\Debug\Cm0Start.o

.data           0x200000c8       0x18 load address 0x00000d28
                0x200000c8                __cy_region_start_data = .
 *(.jcr)
 .jcr           0x200000c8        0x0 c:/program files (x86)/cypress/psoc creator/3.3/psoc creator/import/gnu/arm/4.9.3/bin/../lib/gcc/arm-none-eabi/4.9.3/armv6-m/crtbegin.o
 .jcr           0x200000c8        0x4 c:/program files (x86)/cypress/psoc creator/3.3/psoc creator/import/gnu/arm/4.9.3/bin/../lib/gcc/arm-none-eabi/4.9.3/armv6-m/crtend.o
 *(.got.plt)
 *(.got)
 *(.shdata)
 *(.data .data.* .gnu.linkonce.d.*)
 .data          0x200000cc       0x10 .\CortexM0\ARM_GCC_493\Debug\Lesson17.a(CyLib.o)
                0x200000cc                cydelay32kMs
                0x200000d0                cydelayFreqKhz
                0x200000d4                cydelayFreqMhz
                0x200000d8                cydelayFreqHz
 .data          0x200000dc        0x4 .\CortexM0\ARM_GCC_493\Debug\Lesson17.a(CyLFClk.o)
                0x200000e0                . = ALIGN (0x8)
 *(.ram)
                0x200000e0                _edata = .

.igot.plt       0x200000e0        0x0 load address 0x00000d40
 .igot.plt      0x00000000        0x0 c:/program files (x86)/cypress/psoc creator/3.3/psoc creator/import/gnu/arm/4.9.3/bin/../lib/gcc/arm-none-eabi/4.9.3/armv6-m/crtbegin.o

.bss            0x200000e0       0x60 load address 0x00000d40
                0x200000e0                PROVIDE (__bss_start__, .)
 *(.shbss)
 *(.bss .bss.* .gnu.linkonce.b.*)
 .bss           0x200000e0       0x1c c:/program files (x86)/cypress/psoc creator/3.3/psoc creator/import/gnu/arm/4.9.3/bin/../lib/gcc/arm-none-eabi/4.9.3/armv6-m/crtbegin.o
 .bss           0x200000fc        0x8 .\CortexM0\ARM_GCC_493\Debug\Lesson17.a(I2C.o)
                0x200000fc                I2C_initVar
                0x20000100                I2C_customIntrHandler
 .bss           0x20000104        0x2 .\CortexM0\ARM_GCC_493\Debug\Lesson17.a(I2C_EZI2C_INT.o)
 *fill*         0x20000106        0x2 
 .bss           0x20000108       0x20 .\CortexM0\ARM_GCC_493\Debug\Lesson17.a(CyLFClk.o)
 *(COMMON)
 COMMON         0x20000128       0x11 .\CortexM0\ARM_GCC_493\Debug\Lesson17.a(I2C_EZI2C.o)
                0x20000128                I2C_protectBuf1
                0x2000012a                I2C_curStatus
                0x2000012c                I2C_indexBuf1
                0x20000130                I2C_dataBuffer1
                0x20000134                I2C_offsetBuf1
                0x20000136                I2C_bufSizeBuf1
                0x20000138                I2C_fsmState
                0x20000140                . = ALIGN (0x8)
 *fill*         0x20000139        0x7 
 *(.ram.b)
                0x20000140                _end = .
                0x20000140                __end = .
                0x20000140                PROVIDE (end, .)
                0x20000140                PROVIDE (__bss_end__, .)
                0x00000d28                __cy_region_init_ram = LOADADDR (.data)
                0x00000018                __cy_region_init_size_ram = (_edata - ADDR (.data))
                0x00000060                __cy_region_zero_size_ram = (_end - _edata)

.heap           0x20000140       0x80 load address 0x00000d40
                0x20000140                . = _end
                0x200001c0                . = (. + 0x80)
 *fill*         0x20000140       0x80 
                0x200001c0                __cy_heap_limit = .

.stack          0x20000c00      0x400
                0x20000c00                __cy_stack_limit = .
                0x20001000                . = (. + 0x400)
 *fill*         0x20000c00      0x400 
                0x00000001                ASSERT ((__cy_stack_limit >= __cy_heap_limit), region RAM overflowed with stack)
                0x00000000                cy_checksum_exclude_size = (CY_APPL_LOADABLE == 0x1)?SIZEOF (.cy_checksum_exclude):0x0
                0x00000001                ASSERT ((cy_checksum_exclude_size <= CY_CHECKSUM_EXCLUDE_SIZE), CY_BOOT: Section .cy_checksum_exclude size exceedes specified limit.)
                0x00007fc0                cyloadermeta_start = (cy_project_type_bootloader || cy_project_type_app_for_stack_and_copier)?(0x8000 - CY_METADATA_SIZE):0xf0000000

.cyloadermeta
 *(.cyloadermeta)
                0x00007fc0                cyloadablemeta_start = cy_project_type_app_for_stack_and_copier?((0x8000 - CY_FLASH_ROW_SIZE) - CY_METADATA_SIZE):((0x8000 - (CY_FLASH_ROW_SIZE * (CY_APPL_NUM - 0x1))) - CY_METADATA_SIZE)

.cyloadablemeta
 *(.cyloadablemeta)

.cyflashprotect
                0x90400000       0x20
 *(.cyflashprotect)
 .cyflashprotect
                0x90400000       0x20 .\CortexM0\ARM_GCC_493\Debug\cymetadata.o
                0x90400000                cy_meta_flashprotect

.cymeta         0x90500000        0xc
 *(.cymeta)
 .cymeta        0x90500000        0xc .\CortexM0\ARM_GCC_493\Debug\cymetadata.o
                0x90500000                cy_metadata

.cychipprotect  0x90600000        0x4
 *(.cychipprotect)
 .cychipprotect
                0x90600000        0x4 .\CortexM0\ARM_GCC_493\Debug\cymetadata.o
                0x90600000                cy_meta_chipprotect

.rel.dyn        0x00000d40        0x0 load address 0x90600004
 .rel.iplt      0x00000000        0x0 c:/program files (x86)/cypress/psoc creator/3.3/psoc creator/import/gnu/arm/4.9.3/bin/../lib/gcc/arm-none-eabi/4.9.3/armv6-m/crtbegin.o

.stab
 *(.stab)

.stabstr
 *(.stabstr)

.debug
 *(.debug)

.line
 *(.line)

.debug_srcinfo
 *(.debug_srcinfo)

.debug_sfnames
 *(.debug_sfnames)

.debug_aranges  0x00000000      0x530
 *(.debug_aranges)
 .debug_aranges
                0x00000000       0x20 .\CortexM0\ARM_GCC_493\Debug\main.o
 .debug_aranges
                0x00000020       0x18 .\CortexM0\ARM_GCC_493\Debug\cymetadata.o
 .debug_aranges
                0x00000038       0x48 .\CortexM0\ARM_GCC_493\Debug\Cm0Start.o
 .debug_aranges
                0x00000080       0x30 .\CortexM0\ARM_GCC_493\Debug\Lesson17.a(cyfitter_cfg.o)
 .debug_aranges
                0x000000b0       0x68 .\CortexM0\ARM_GCC_493\Debug\Lesson17.a(I2C.o)
 .debug_aranges
                0x00000118       0x28 .\CortexM0\ARM_GCC_493\Debug\Lesson17.a(I2C_PM.o)
 .debug_aranges
                0x00000140       0x60 .\CortexM0\ARM_GCC_493\Debug\Lesson17.a(I2C_EZI2C.o)
 .debug_aranges
                0x000001a0       0x20 .\CortexM0\ARM_GCC_493\Debug\Lesson17.a(I2C_EZI2C_INT.o)
 .debug_aranges
                0x000001c0       0x48 .\CortexM0\ARM_GCC_493\Debug\Lesson17.a(Output_Pin_0.o)
 .debug_aranges
                0x00000208      0x178 .\CortexM0\ARM_GCC_493\Debug\Lesson17.a(CyLib.o)
 .debug_aranges
                0x00000380       0x58 .\CortexM0\ARM_GCC_493\Debug\Lesson17.a(cyPm.o)
 .debug_aranges
                0x000003d8      0x138 .\CortexM0\ARM_GCC_493\Debug\Lesson17.a(CyLFClk.o)
 .debug_aranges
                0x00000510       0x20 .\CortexM0\ARM_GCC_493\Debug\Lesson17.a(CyBootAsmGnu.o)

.debug_pubnames
 *(.debug_pubnames)

.debug_info     0x00000000     0x2ede
 *(.debug_info .gnu.linkonce.wi.*)
 .debug_info    0x00000000      0x22b .\CortexM0\ARM_GCC_493\Debug\main.o
 .debug_info    0x0000022b       0xfe .\CortexM0\ARM_GCC_493\Debug\cymetadata.o
 .debug_info    0x00000329      0x38c .\CortexM0\ARM_GCC_493\Debug\Cm0Start.o
 .debug_info    0x000006b5      0x293 .\CortexM0\ARM_GCC_493\Debug\Lesson17.a(cyfitter_cfg.o)
 .debug_info    0x00000948      0x2a9 .\CortexM0\ARM_GCC_493\Debug\Lesson17.a(I2C.o)
 .debug_info    0x00000bf1       0xd4 .\CortexM0\ARM_GCC_493\Debug\Lesson17.a(I2C_PM.o)
 .debug_info    0x00000cc5      0x36b .\CortexM0\ARM_GCC_493\Debug\Lesson17.a(I2C_EZI2C.o)
 .debug_info    0x00001030      0x1f9 .\CortexM0\ARM_GCC_493\Debug\Lesson17.a(I2C_EZI2C_INT.o)
 .debug_info    0x00001229      0x19d .\CortexM0\ARM_GCC_493\Debug\Lesson17.a(Output_Pin_0.o)
 .debug_info    0x000013c6      0xad1 .\CortexM0\ARM_GCC_493\Debug\Lesson17.a(CyLib.o)
 .debug_info    0x00001e97      0x2d0 .\CortexM0\ARM_GCC_493\Debug\Lesson17.a(cyPm.o)
 .debug_info    0x00002167      0xcfc .\CortexM0\ARM_GCC_493\Debug\Lesson17.a(CyLFClk.o)
 .debug_info    0x00002e63       0x7b .\CortexM0\ARM_GCC_493\Debug\Lesson17.a(CyBootAsmGnu.o)

.debug_abbrev   0x00000000      0xf2b
 *(.debug_abbrev)
 .debug_abbrev  0x00000000       0xdc .\CortexM0\ARM_GCC_493\Debug\main.o
 .debug_abbrev  0x000000dc       0x5d .\CortexM0\ARM_GCC_493\Debug\cymetadata.o
 .debug_abbrev  0x00000139      0x1fe .\CortexM0\ARM_GCC_493\Debug\Cm0Start.o
 .debug_abbrev  0x00000337      0x18c .\CortexM0\ARM_GCC_493\Debug\Lesson17.a(cyfitter_cfg.o)
 .debug_abbrev  0x000004c3      0x15b .\CortexM0\ARM_GCC_493\Debug\Lesson17.a(I2C.o)
 .debug_abbrev  0x0000061e       0x60 .\CortexM0\ARM_GCC_493\Debug\Lesson17.a(I2C_PM.o)
 .debug_abbrev  0x0000067e      0x170 .\CortexM0\ARM_GCC_493\Debug\Lesson17.a(I2C_EZI2C.o)
 .debug_abbrev  0x000007ee       0xe2 .\CortexM0\ARM_GCC_493\Debug\Lesson17.a(I2C_EZI2C_INT.o)
 .debug_abbrev  0x000008d0       0xc8 .\CortexM0\ARM_GCC_493\Debug\Lesson17.a(Output_Pin_0.o)
 .debug_abbrev  0x00000998      0x20d .\CortexM0\ARM_GCC_493\Debug\Lesson17.a(CyLib.o)
 .debug_abbrev  0x00000ba5      0x137 .\CortexM0\ARM_GCC_493\Debug\Lesson17.a(cyPm.o)
 .debug_abbrev  0x00000cdc      0x23b .\CortexM0\ARM_GCC_493\Debug\Lesson17.a(CyLFClk.o)
 .debug_abbrev  0x00000f17       0x14 .\CortexM0\ARM_GCC_493\Debug\Lesson17.a(CyBootAsmGnu.o)

.debug_line     0x00000000     0x142d
 *(.debug_line)
 .debug_line    0x00000000       0xcc .\CortexM0\ARM_GCC_493\Debug\main.o
 .debug_line    0x000000cc       0x53 .\CortexM0\ARM_GCC_493\Debug\cymetadata.o
 .debug_line    0x0000011f      0x248 .\CortexM0\ARM_GCC_493\Debug\Cm0Start.o
 .debug_line    0x00000367      0x13f .\CortexM0\ARM_GCC_493\Debug\Lesson17.a(cyfitter_cfg.o)
 .debug_line    0x000004a6      0x15c .\CortexM0\ARM_GCC_493\Debug\Lesson17.a(I2C.o)
 .debug_line    0x00000602       0x81 .\CortexM0\ARM_GCC_493\Debug\Lesson17.a(I2C_PM.o)
 .debug_line    0x00000683      0x144 .\CortexM0\ARM_GCC_493\Debug\Lesson17.a(I2C_EZI2C.o)
 .debug_line    0x000007c7      0x155 .\CortexM0\ARM_GCC_493\Debug\Lesson17.a(I2C_EZI2C_INT.o)
 .debug_line    0x0000091c       0xc6 .\CortexM0\ARM_GCC_493\Debug\Lesson17.a(Output_Pin_0.o)
 .debug_line    0x000009e2      0x44b .\CortexM0\ARM_GCC_493\Debug\Lesson17.a(CyLib.o)
 .debug_line    0x00000e2d      0x12c .\CortexM0\ARM_GCC_493\Debug\Lesson17.a(cyPm.o)
 .debug_line    0x00000f59      0x469 .\CortexM0\ARM_GCC_493\Debug\Lesson17.a(CyLFClk.o)
 .debug_line    0x000013c2       0x6b .\CortexM0\ARM_GCC_493\Debug\Lesson17.a(CyBootAsmGnu.o)

.debug_frame    0x00000000      0xd08
 *(.debug_frame)
 .debug_frame   0x00000000       0x2c .\CortexM0\ARM_GCC_493\Debug\main.o
 .debug_frame   0x0000002c       0xb0 .\CortexM0\ARM_GCC_493\Debug\Cm0Start.o
 .debug_frame   0x000000dc       0x68 .\CortexM0\ARM_GCC_493\Debug\Lesson17.a(cyfitter_cfg.o)
 .debug_frame   0x00000144       0xf8 .\CortexM0\ARM_GCC_493\Debug\Lesson17.a(I2C.o)
 .debug_frame   0x0000023c       0x48 .\CortexM0\ARM_GCC_493\Debug\Lesson17.a(I2C_PM.o)
 .debug_frame   0x00000284       0xc8 .\CortexM0\ARM_GCC_493\Debug\Lesson17.a(I2C_EZI2C.o)
 .debug_frame   0x0000034c       0x30 .\CortexM0\ARM_GCC_493\Debug\Lesson17.a(I2C_EZI2C_INT.o)
 .debug_frame   0x0000037c       0x70 .\CortexM0\ARM_GCC_493\Debug\Lesson17.a(Output_Pin_0.o)
 .debug_frame   0x000003ec      0x3d0 .\CortexM0\ARM_GCC_493\Debug\Lesson17.a(CyLib.o)
 .debug_frame   0x000007bc       0xf0 .\CortexM0\ARM_GCC_493\Debug\Lesson17.a(cyPm.o)
 .debug_frame   0x000008ac      0x3a8 .\CortexM0\ARM_GCC_493\Debug\Lesson17.a(CyLFClk.o)
 .debug_frame   0x00000c54       0x20 c:/program files (x86)/cypress/psoc creator/3.3/psoc creator/import/gnu/arm/4.9.3/bin/../lib/gcc/arm-none-eabi/4.9.3/armv6-m\libgcc.a(_udivsi3.o)
 .debug_frame   0x00000c74       0x20 c:/program files (x86)/cypress/psoc creator/3.3/psoc creator/import/gnu/arm/4.9.3/bin/../lib/gcc/arm-none-eabi/4.9.3/../../../../arm-none-eabi/lib/armv6-m\libg_nano.a(lib_a-errno.o)
 .debug_frame   0x00000c94       0x28 c:/program files (x86)/cypress/psoc creator/3.3/psoc creator/import/gnu/arm/4.9.3/bin/../lib/gcc/arm-none-eabi/4.9.3/../../../../arm-none-eabi/lib/armv6-m\libg_nano.a(lib_a-exit.o)
 .debug_frame   0x00000cbc       0x2c c:/program files (x86)/cypress/psoc creator/3.3/psoc creator/import/gnu/arm/4.9.3/bin/../lib/gcc/arm-none-eabi/4.9.3/../../../../arm-none-eabi/lib/armv6-m\libg_nano.a(lib_a-init.o)
 .debug_frame   0x00000ce8       0x20 c:/program files (x86)/cypress/psoc creator/3.3/psoc creator/import/gnu/arm/4.9.3/bin/../lib/gcc/arm-none-eabi/4.9.3/../../../../arm-none-eabi/lib/armv6-m\libg_nano.a(lib_a-memset.o)

.debug_str      0x00000000     0x1265
 *(.debug_str)
 .debug_str     0x00000000      0x1a0 .\CortexM0\ARM_GCC_493\Debug\main.o
                                0x1d9 (size before relaxing)
 .debug_str     0x000001a0       0x5b .\CortexM0\ARM_GCC_493\Debug\cymetadata.o
                                0x1b9 (size before relaxing)
 .debug_str     0x000001fb      0x15c .\CortexM0\ARM_GCC_493\Debug\Cm0Start.o
                                0x2e0 (size before relaxing)
 .debug_str     0x00000357       0x9d .\CortexM0\ARM_GCC_493\Debug\Lesson17.a(cyfitter_cfg.o)
                                0x236 (size before relaxing)
 .debug_str     0x000003f4      0x13b .\CortexM0\ARM_GCC_493\Debug\Lesson17.a(I2C.o)
                                0x2bc (size before relaxing)
 .debug_str     0x0000052f       0x4d .\CortexM0\ARM_GCC_493\Debug\Lesson17.a(I2C_PM.o)
                                0x1ba (size before relaxing)
 .debug_str     0x0000057c      0x120 .\CortexM0\ARM_GCC_493\Debug\Lesson17.a(I2C_EZI2C.o)
                                0x331 (size before relaxing)
 .debug_str     0x0000069c       0x95 .\CortexM0\ARM_GCC_493\Debug\Lesson17.a(I2C_EZI2C_INT.o)
                                0x2b4 (size before relaxing)
 .debug_str     0x00000731       0xd6 .\CortexM0\ARM_GCC_493\Debug\Lesson17.a(Output_Pin_0.o)
                                0x252 (size before relaxing)
 .debug_str     0x00000807      0x473 .\CortexM0\ARM_GCC_493\Debug\Lesson17.a(CyLib.o)
                                0x674 (size before relaxing)
 .debug_str     0x00000c7a       0xb7 .\CortexM0\ARM_GCC_493\Debug\Lesson17.a(cyPm.o)
                                0x294 (size before relaxing)
 .debug_str     0x00000d31      0x534 .\CortexM0\ARM_GCC_493\Debug\Lesson17.a(CyLFClk.o)
                                0x71c (size before relaxing)

.debug_loc      0x00000000     0x1596
 *(.debug_loc)
 .debug_loc     0x00000000      0x14f .\CortexM0\ARM_GCC_493\Debug\Cm0Start.o
 .debug_loc     0x0000014f       0xa9 .\CortexM0\ARM_GCC_493\Debug\Lesson17.a(cyfitter_cfg.o)
 .debug_loc     0x000001f8       0x7e .\CortexM0\ARM_GCC_493\Debug\Lesson17.a(I2C.o)
 .debug_loc     0x00000276       0xe1 .\CortexM0\ARM_GCC_493\Debug\Lesson17.a(I2C_EZI2C.o)
 .debug_loc     0x00000357      0x132 .\CortexM0\ARM_GCC_493\Debug\Lesson17.a(I2C_EZI2C_INT.o)
 .debug_loc     0x00000489       0xa2 .\CortexM0\ARM_GCC_493\Debug\Lesson17.a(Output_Pin_0.o)
 .debug_loc     0x0000052b      0x5b5 .\CortexM0\ARM_GCC_493\Debug\Lesson17.a(CyLib.o)
 .debug_loc     0x00000ae0       0xe1 .\CortexM0\ARM_GCC_493\Debug\Lesson17.a(cyPm.o)
 .debug_loc     0x00000bc1      0x9d5 .\CortexM0\ARM_GCC_493\Debug\Lesson17.a(CyLFClk.o)

.debug_macinfo
 *(.debug_macinfo)

.debug_ranges   0x00000000      0x448
 *(.debug_ranges)
 .debug_ranges  0x00000000       0x10 .\CortexM0\ARM_GCC_493\Debug\main.o
 .debug_ranges  0x00000010       0x38 .\CortexM0\ARM_GCC_493\Debug\Cm0Start.o
 .debug_ranges  0x00000048       0x20 .\CortexM0\ARM_GCC_493\Debug\Lesson17.a(cyfitter_cfg.o)
 .debug_ranges  0x00000068       0x58 .\CortexM0\ARM_GCC_493\Debug\Lesson17.a(I2C.o)
 .debug_ranges  0x000000c0       0x18 .\CortexM0\ARM_GCC_493\Debug\Lesson17.a(I2C_PM.o)
 .debug_ranges  0x000000d8       0x50 .\CortexM0\ARM_GCC_493\Debug\Lesson17.a(I2C_EZI2C.o)
 .debug_ranges  0x00000128       0x10 .\CortexM0\ARM_GCC_493\Debug\Lesson17.a(I2C_EZI2C_INT.o)
 .debug_ranges  0x00000138       0x38 .\CortexM0\ARM_GCC_493\Debug\Lesson17.a(Output_Pin_0.o)
 .debug_ranges  0x00000170      0x168 .\CortexM0\ARM_GCC_493\Debug\Lesson17.a(CyLib.o)
 .debug_ranges  0x000002d8       0x48 .\CortexM0\ARM_GCC_493\Debug\Lesson17.a(cyPm.o)
 .debug_ranges  0x00000320      0x128 .\CortexM0\ARM_GCC_493\Debug\Lesson17.a(CyLFClk.o)

.comment        0x00000000       0x70
 .comment       0x00000000       0x70 .\CortexM0\ARM_GCC_493\Debug\main.o
                                 0x71 (size before relaxing)
 .comment       0x00000000       0x71 .\CortexM0\ARM_GCC_493\Debug\cymetadata.o
 .comment       0x00000000       0x71 .\CortexM0\ARM_GCC_493\Debug\Cm0Start.o
 .comment       0x00000000       0x71 .\CortexM0\ARM_GCC_493\Debug\Lesson17.a(cyfitter_cfg.o)
 .comment       0x00000000       0x71 .\CortexM0\ARM_GCC_493\Debug\Lesson17.a(I2C.o)
 .comment       0x00000000       0x71 .\CortexM0\ARM_GCC_493\Debug\Lesson17.a(I2C_PM.o)
 .comment       0x00000000       0x71 .\CortexM0\ARM_GCC_493\Debug\Lesson17.a(I2C_EZI2C.o)
 .comment       0x00000000       0x71 .\CortexM0\ARM_GCC_493\Debug\Lesson17.a(I2C_EZI2C_INT.o)
 .comment       0x00000000       0x71 .\CortexM0\ARM_GCC_493\Debug\Lesson17.a(Output_Pin_0.o)
 .comment       0x00000000       0x71 .\CortexM0\ARM_GCC_493\Debug\Lesson17.a(CyLib.o)
 .comment       0x00000000       0x71 .\CortexM0\ARM_GCC_493\Debug\Lesson17.a(cyPm.o)
 .comment       0x00000000       0x71 .\CortexM0\ARM_GCC_493\Debug\Lesson17.a(CyLFClk.o)

.debug_weaknames
 *(.debug_weaknames)

.debug_funcnames
 *(.debug_funcnames)

.debug_typenames
 *(.debug_typenames)

.debug_varnames
 *(.debug_varnames)

.note.gnu.arm.ident
 *(.note.gnu.arm.ident)

.ARM.attributes
                0x00000000       0x28
 *(.ARM.attributes)
 .ARM.attributes
                0x00000000       0x1e c:/program files (x86)/cypress/psoc creator/3.3/psoc creator/import/gnu/arm/4.9.3/bin/../lib/gcc/arm-none-eabi/4.9.3/armv6-m/crti.o
 .ARM.attributes
                0x0000001e       0x2c c:/program files (x86)/cypress/psoc creator/3.3/psoc creator/import/gnu/arm/4.9.3/bin/../lib/gcc/arm-none-eabi/4.9.3/armv6-m/crtbegin.o
 .ARM.attributes
                0x0000004a       0x1b c:/program files (x86)/cypress/psoc creator/3.3/psoc creator/import/gnu/arm/4.9.3/bin/../lib/gcc/arm-none-eabi/4.9.3/../../../../arm-none-eabi/lib/armv6-m/crt0.o
 .ARM.attributes
                0x00000065       0x31 .\CortexM0\ARM_GCC_493\Debug\main.o
 .ARM.attributes
                0x00000096       0x31 .\CortexM0\ARM_GCC_493\Debug\cymetadata.o
 .ARM.attributes
                0x000000c7       0x31 .\CortexM0\ARM_GCC_493\Debug\Cm0Start.o
 .ARM.attributes
                0x000000f8       0x31 .\CortexM0\ARM_GCC_493\Debug\Lesson17.a(cyfitter_cfg.o)
 .ARM.attributes
                0x00000129       0x31 .\CortexM0\ARM_GCC_493\Debug\Lesson17.a(I2C.o)
 .ARM.attributes
                0x0000015a       0x31 .\CortexM0\ARM_GCC_493\Debug\Lesson17.a(I2C_PM.o)
 .ARM.attributes
                0x0000018b       0x31 .\CortexM0\ARM_GCC_493\Debug\Lesson17.a(I2C_EZI2C.o)
 .ARM.attributes
                0x000001bc       0x31 .\CortexM0\ARM_GCC_493\Debug\Lesson17.a(I2C_EZI2C_INT.o)
 .ARM.attributes
                0x000001ed       0x31 .\CortexM0\ARM_GCC_493\Debug\Lesson17.a(Output_Pin_0.o)
 .ARM.attributes
                0x0000021e       0x31 .\CortexM0\ARM_GCC_493\Debug\Lesson17.a(CyLib.o)
 .ARM.attributes
                0x0000024f       0x31 .\CortexM0\ARM_GCC_493\Debug\Lesson17.a(cyPm.o)
 .ARM.attributes
                0x00000280       0x31 .\CortexM0\ARM_GCC_493\Debug\Lesson17.a(CyLFClk.o)
 .ARM.attributes
                0x000002b1       0x21 .\CortexM0\ARM_GCC_493\Debug\Lesson17.a(CyBootAsmGnu.o)
 .ARM.attributes
                0x000002d2       0x1e c:/program files (x86)/cypress/psoc creator/3.3/psoc creator/import/gnu/arm/4.9.3/bin/../lib/gcc/arm-none-eabi/4.9.3/armv6-m\libgcc.a(_udivsi3.o)
 .ARM.attributes
                0x000002f0       0x1e c:/program files (x86)/cypress/psoc creator/3.3/psoc creator/import/gnu/arm/4.9.3/bin/../lib/gcc/arm-none-eabi/4.9.3/armv6-m\libgcc.a(_dvmd_tls.o)
 .ARM.attributes
                0x0000030e       0x2c c:/program files (x86)/cypress/psoc creator/3.3/psoc creator/import/gnu/arm/4.9.3/bin/../lib/gcc/arm-none-eabi/4.9.3/../../../../arm-none-eabi/lib/armv6-m\libg_nano.a(lib_a-errno.o)
 .ARM.attributes
                0x0000033a       0x2c c:/program files (x86)/cypress/psoc creator/3.3/psoc creator/import/gnu/arm/4.9.3/bin/../lib/gcc/arm-none-eabi/4.9.3/../../../../arm-none-eabi/lib/armv6-m\libg_nano.a(lib_a-exit.o)
 .ARM.attributes
                0x00000366       0x2c c:/program files (x86)/cypress/psoc creator/3.3/psoc creator/import/gnu/arm/4.9.3/bin/../lib/gcc/arm-none-eabi/4.9.3/../../../../arm-none-eabi/lib/armv6-m\libg_nano.a(lib_a-impure.o)
 .ARM.attributes
                0x00000392       0x2c c:/program files (x86)/cypress/psoc creator/3.3/psoc creator/import/gnu/arm/4.9.3/bin/../lib/gcc/arm-none-eabi/4.9.3/../../../../arm-none-eabi/lib/armv6-m\libg_nano.a(lib_a-init.o)
 .ARM.attributes
                0x000003be       0x2c c:/program files (x86)/cypress/psoc creator/3.3/psoc creator/import/gnu/arm/4.9.3/bin/../lib/gcc/arm-none-eabi/4.9.3/../../../../arm-none-eabi/lib/armv6-m\libg_nano.a(lib_a-memset.o)
 .ARM.attributes
                0x000003ea       0x2c c:/program files (x86)/cypress/psoc creator/3.3/psoc creator/import/gnu/arm/4.9.3/bin/../lib/gcc/arm-none-eabi/4.9.3/armv6-m/crtend.o
 .ARM.attributes
                0x00000416       0x1e c:/program files (x86)/cypress/psoc creator/3.3/psoc creator/import/gnu/arm/4.9.3/bin/../lib/gcc/arm-none-eabi/4.9.3/armv6-m/crtn.o

/DISCARD/
 *(.note.GNU-stack)
OUTPUT(.\CortexM0\ARM_GCC_493\Debug\Lesson17.elf elf32-littlearm)
