Archive member included because of file (symbol)

.\CortexM0\ARM_GCC_493\Debug\Lesson13.a(cyfitter_cfg.o)
                              .\CortexM0\ARM_GCC_493\Debug\Cm0Start.o (cyfitter_cfg)
.\CortexM0\ARM_GCC_493\Debug\Lesson13.a(UART.o)
                              .\CortexM0\ARM_GCC_493\Debug\main.o (UART_Start)
.\CortexM0\ARM_GCC_493\Debug\Lesson13.a(UART_UART.o)
                              .\CortexM0\ARM_GCC_493\Debug\Lesson13.a(UART.o) (UART_UartInit)
.\CortexM0\ARM_GCC_493\Debug\Lesson13.a(CyLib.o)
                              .\CortexM0\ARM_GCC_493\Debug\Lesson13.a(cyfitter_cfg.o) (CyIntEnable)
.\CortexM0\ARM_GCC_493\Debug\Lesson13.a(CyLFClk.o)
                              .\CortexM0\ARM_GCC_493\Debug\Lesson13.a(cyfitter_cfg.o) (CySysWdtIsr)
.\CortexM0\ARM_GCC_493\Debug\Lesson13.a(CapSense.o)
                              .\CortexM0\ARM_GCC_493\Debug\main.o (CapSense_IsBusy)
.\CortexM0\ARM_GCC_493\Debug\Lesson13.a(CapSense_CSHL.o)
                              .\CortexM0\ARM_GCC_493\Debug\main.o (CapSense_InitializeAllBaselines)
.\CortexM0\ARM_GCC_493\Debug\Lesson13.a(CapSense_INT.o)
                              .\CortexM0\ARM_GCC_493\Debug\Lesson13.a(CapSense.o) (CapSense_ISR)
.\CortexM0\ARM_GCC_493\Debug\Lesson13.a(CapSense_SMS.o)
                              .\CortexM0\ARM_GCC_493\Debug\Lesson13.a(CapSense_CSHL.o) (CapSense_UpdateThresholds)
.\CortexM0\ARM_GCC_493\Debug\Lesson13.a(CapSense_SampleClk.o)
                              .\CortexM0\ARM_GCC_493\Debug\Lesson13.a(CapSense.o) (CapSense_SampleClk_Start)
.\CortexM0\ARM_GCC_493\Debug\Lesson13.a(CapSense_SenseClk.o)
                              .\CortexM0\ARM_GCC_493\Debug\Lesson13.a(CapSense.o) (CapSense_SenseClk_Start)
.\CortexM0\ARM_GCC_493\Debug\Lesson13.a(UART_SPI_UART.o)
                              .\CortexM0\ARM_GCC_493\Debug\Lesson13.a(UART_UART.o) (UART_SpiUartReadRxData)
.\CortexM0\ARM_GCC_493\Debug\Lesson13.a(CyBootAsmGnu.o)
                              .\CortexM0\ARM_GCC_493\Debug\Lesson13.a(CyLib.o) (CyDelayCycles)
C:\Program Files (x86)\Cypress\PSoC Creator\3.3\PSoC Creator\psoc\content\cycomponentlibrary\CyComponentLibrary.cylib\CapSense_CSD_P4_v2_40\PSoC4\Library\CapsenseP4Library_GCC.a(CSD_P4_SmartSense_v2_40.o)
                              .\CortexM0\ARM_GCC_493\Debug\Lesson13.a(CapSense_SMS.o) (CalibrateSensors_P4_v2_40)
c:/program files (x86)/cypress/psoc creator/3.3/psoc creator/import/gnu/arm/4.9.3/bin/../lib/gcc/arm-none-eabi/4.9.3/armv6-m\libgcc.a(_udivsi3.o)
                              .\CortexM0\ARM_GCC_493\Debug\Lesson13.a(CyLib.o) (__aeabi_uidiv)
c:/program files (x86)/cypress/psoc creator/3.3/psoc creator/import/gnu/arm/4.9.3/bin/../lib/gcc/arm-none-eabi/4.9.3/armv6-m\libgcc.a(_divsi3.o)
                              .\CortexM0\ARM_GCC_493\Debug\Lesson13.a(CapSense_CSHL.o) (__aeabi_idiv)
c:/program files (x86)/cypress/psoc creator/3.3/psoc creator/import/gnu/arm/4.9.3/bin/../lib/gcc/arm-none-eabi/4.9.3/armv6-m\libgcc.a(_dvmd_tls.o)
                              c:/program files (x86)/cypress/psoc creator/3.3/psoc creator/import/gnu/arm/4.9.3/bin/../lib/gcc/arm-none-eabi/4.9.3/armv6-m\libgcc.a(_udivsi3.o) (__aeabi_idiv0)
c:/program files (x86)/cypress/psoc creator/3.3/psoc creator/import/gnu/arm/4.9.3/bin/../lib/gcc/arm-none-eabi/4.9.3/../../../../arm-none-eabi/lib/armv6-m\libg_nano.a(lib_a-errno.o)
                              .\CortexM0\ARM_GCC_493\Debug\Cm0Start.o (__errno)
c:/program files (x86)/cypress/psoc creator/3.3/psoc creator/import/gnu/arm/4.9.3/bin/../lib/gcc/arm-none-eabi/4.9.3/../../../../arm-none-eabi/lib/armv6-m\libg_nano.a(lib_a-exit.o)
                              c:/program files (x86)/cypress/psoc creator/3.3/psoc creator/import/gnu/arm/4.9.3/bin/../lib/gcc/arm-none-eabi/4.9.3/../../../../arm-none-eabi/lib/armv6-m/crt0.o (exit)
c:/program files (x86)/cypress/psoc creator/3.3/psoc creator/import/gnu/arm/4.9.3/bin/../lib/gcc/arm-none-eabi/4.9.3/../../../../arm-none-eabi/lib/armv6-m\libg_nano.a(lib_a-impure.o)
                              c:/program files (x86)/cypress/psoc creator/3.3/psoc creator/import/gnu/arm/4.9.3/bin/../lib/gcc/arm-none-eabi/4.9.3/../../../../arm-none-eabi/lib/armv6-m\libg_nano.a(lib_a-exit.o) (_global_impure_ptr)
c:/program files (x86)/cypress/psoc creator/3.3/psoc creator/import/gnu/arm/4.9.3/bin/../lib/gcc/arm-none-eabi/4.9.3/../../../../arm-none-eabi/lib/armv6-m\libg_nano.a(lib_a-init.o)
                              c:/program files (x86)/cypress/psoc creator/3.3/psoc creator/import/gnu/arm/4.9.3/bin/../lib/gcc/arm-none-eabi/4.9.3/../../../../arm-none-eabi/lib/armv6-m/crt0.o (__libc_init_array)
c:/program files (x86)/cypress/psoc creator/3.3/psoc creator/import/gnu/arm/4.9.3/bin/../lib/gcc/arm-none-eabi/4.9.3/../../../../arm-none-eabi/lib/armv6-m\libg_nano.a(lib_a-memset.o)
[...]
Memory Configuration

Name             Origin             Length             Attributes
rom              0x00000000         0x00008000         xr
ram              0x20000000         0x00001000         xrw
*default*        0x00000000         0xffffffff

Linker script and memory map

LOAD c:/program files (x86)/cypress/psoc creator/3.3/psoc creator/import/gnu/arm/4.9.3/bin/../lib/gcc/arm-none-eabi/4.9.3/armv6-m/crti.o
LOAD c:/program files (x86)/cypress/psoc creator/3.3/psoc creator/import/gnu/arm/4.9.3/bin/../lib/gcc/arm-none-eabi/4.9.3/armv6-m/crtbegin.o
LOAD c:/program files (x86)/cypress/psoc creator/3.3/psoc creator/import/gnu/arm/4.9.3/bin/../lib/gcc/arm-none-eabi/4.9.3/../../../../arm-none-eabi/lib/armv6-m/crt0.o
START GROUP
LOAD .\CortexM0\ARM_GCC_493\Debug\main.o
LOAD .\CortexM0\ARM_GCC_493\Debug\cymetadata.o
LOAD .\CortexM0\ARM_GCC_493\Debug\Cm0Start.o
LOAD .\CortexM0\ARM_GCC_493\Debug\Lesson13.a
LOAD C:\Program Files (x86)\Cypress\PSoC Creator\3.3\PSoC Creator\psoc\content\cycomponentlibrary\CyComponentLibrary.cylib\CapSense_CSD_P4_v2_40\PSoC4\Library\CapsenseP4Library_GCC.a
LOAD C:\Program Files (x86)\Cypress\PSoC Creator\3.3\PSoC Creator\psoc\content\cycomponentlibrary\CyComponentLibrary.cylib\CortexM0\ARM_GCC_493\Debug\CyComponentLibrary.a
END GROUP
START GROUP
LOAD c:/program files (x86)/cypress/psoc creator/3.3/psoc creator/import/gnu/arm/4.9.3/bin/../lib/gcc/arm-none-eabi/4.9.3/armv6-m\libgcc.a
LOAD c:/program files (x86)/cypress/psoc creator/3.3/psoc creator/import/gnu/arm/4.9.3/bin/../lib/gcc/arm-none-eabi/4.9.3/../../../../arm-none-eabi/lib/armv6-m\libg_nano.a
LOAD c:/program files (x86)/cypress/psoc creator/3.3/psoc creator/import/gnu/arm/4.9.3/bin/../lib/gcc/arm-none-eabi/4.9.3/../../../../arm-none-eabi/lib/armv6-m\libc_nano.a
END GROUP
START GROUP
LOAD c:/program files (x86)/cypress/psoc creator/3.3/psoc creator/import/gnu/arm/4.9.3/bin/../lib/gcc/arm-none-eabi/4.9.3/armv6-m\libgcc.a
LOAD c:/program files (x86)/cypress/psoc creator/3.3/psoc creator/import/gnu/arm/4.9.3/bin/../lib/gcc/arm-none-eabi/4.9.3/../../../../arm-none-eabi/lib/armv6-m\libc_nano.a
END GROUP
LOAD c:/program files (x86)/cypress/psoc creator/3.3/psoc creator/import/gnu/arm/4.9.3/bin/../lib/gcc/arm-none-eabi/4.9.3/armv6-m/crtend.o
LOAD c:/program files (x86)/cypress/psoc creator/3.3/psoc creator/import/gnu/arm/4.9.3/bin/../lib/gcc/arm-none-eabi/4.9.3/armv6-m/crtn.o
START GROUP
LOAD c:/program files (x86)/cypress/psoc creator/3.3/psoc creator/import/gnu/arm/4.9.3/bin/../lib/gcc/arm-none-eabi/4.9.3/armv6-m\libgcc.a
LOAD c:/program files (x86)/cypress/psoc creator/3.3/psoc creator/import/gnu/arm/4.9.3/bin/../lib/gcc/arm-none-eabi/4.9.3/../../../../arm-none-eabi/lib/armv6-m\libc.a
LOAD c:/program files (x86)/cypress/psoc creator/3.3/psoc creator/import/gnu/arm/4.9.3/bin/../lib/gcc/arm-none-eabi/4.9.3/../../../../arm-none-eabi/lib/armv6-m\libnosys.a
END GROUP
                0x00000000                CY_APPL_ORIGIN = 0x0
                0x00000080                CY_FLASH_ROW_SIZE = 0x80
                0x00000001                CY_APPL_NUM = 0x1
                0x00000001                CY_APPL_MAX = 0x1
                0x00000040                CY_METADATA_SIZE = 0x40
                0x00000000                CY_APPL_LOADABLE = 0x0
                0x00000000                CY_CHECKSUM_EXCLUDE_SIZE = ALIGN (0x0, CY_FLASH_ROW_SIZE)
                0x00000000                CY_APP_FOR_STACK_AND_COPIER = 0x0
                0x200002b8                PROVIDE (__cy_heap_start, _end)
                0x00000001                PROVIDE (__cy_region_num, ((__cy_regions_end - __cy_regions) / 0x10))
                0x20001000                PROVIDE (__cy_stack, (ORIGIN (ram) + 0x1000))
                0x20000c00                PROVIDE (__cy_heap_end, (__cy_stack - 0x400))

.cybootloader   0x00000000        0x0
 *(.cybootloader)
                0x00000000                appl1_start = CY_APPL_ORIGIN?CY_APPL_ORIGIN:ALIGN (CY_FLASH_ROW_SIZE)
                0x00003f80                appl2_start = (appl1_start + ALIGN ((((0x8000 - appl1_start) - (0x2 * CY_FLASH_ROW_SIZE)) / 0x2), CY_FLASH_ROW_SIZE))
                0x00000000                appl_start = (CY_APPL_NUM == 0x1)?appl1_start:appl2_start
                0x00000001                cy_project_type_bootloader = (appl_start == 0x0)?0x1:0x0
                0x00000000                cy_project_type_app_for_stack_and_copier = (CY_APP_FOR_STACK_AND_COPIER == 0x1)?0x1:0x0

.text           0x00000000     0x2156
 CREATE_OBJECT_SYMBOLS
                0x00000000                PROVIDE (__cy_interrupt_vector, RomVectors)
 *(.romvectors)
 .romvectors    0x00000000       0x10 .\CortexM0\ARM_GCC_493\Debug\Cm0Start.o
                0x00000000                RomVectors
                0x00000001                ASSERT ((. != __cy_interrupt_vector), No interrupt vector)
                0x00000001                ASSERT (CY_APPL_ORIGIN?(SIZEOF (.cybootloader) <= CY_APPL_ORIGIN):0x1, Wrong image location)
                0x00000010                PROVIDE (__cy_reset, Reset)
 *(.text.Reset)
 .text.Reset    0x00000010        0x8 .\CortexM0\ARM_GCC_493\Debug\Cm0Start.o
                0x00000010                Reset
                0x00000001                ASSERT ((. != __cy_reset), No reset code)
 *(.psocinit)
 .psocinit      0x00000018      0x1a4 .\CortexM0\ARM_GCC_493\Debug\Lesson13.a(cyfitter_cfg.o)
                0x000000c0                cyfitter_cfg
                0x000001bc                . = MAX (., 0x100)
 *(.text .text.* .gnu.linkonce.t.*)
 .text          0x000001bc       0x60 c:/program files (x86)/cypress/psoc creator/3.3/psoc creator/import/gnu/arm/4.9.3/bin/../lib/gcc/arm-none-eabi/4.9.3/armv6-m/crtbegin.o
 .text.main     0x0000021c       0x54 .\CortexM0\ARM_GCC_493\Debug\main.o
                0x0000021c                main
 .text.IntDefaultHandler
                0x00000270        0x4 .\CortexM0\ARM_GCC_493\Debug\Cm0Start.o
                0x00000270                IntDefaultHandler
 .text._sbrk    0x00000274       0x30 .\CortexM0\ARM_GCC_493\Debug\Cm0Start.o
                0x00000274                _sbrk
 .text.Start_c  0x000002a4       0x48 .\CortexM0\ARM_GCC_493\Debug\Cm0Start.o
                0x000002a4                Start_c
 .text.initialize_psoc
                0x000002ec       0x48 .\CortexM0\ARM_GCC_493\Debug\Cm0Start.o
                0x000002ec                initialize_psoc
 .text.cfg_write_bytes32
                0x00000334       0x34 .\CortexM0\ARM_GCC_493\Debug\Lesson13.a(cyfitter_cfg.o)
 .text.CYMEMZERO
                0x00000368        0xc .\CortexM0\ARM_GCC_493\Debug\Lesson13.a(cyfitter_cfg.o)
 .text.SetAnalogRoutingPumps
                0x00000374       0x40 .\CortexM0\ARM_GCC_493\Debug\Lesson13.a(cyfitter_cfg.o)
                0x00000374                SetAnalogRoutingPumps
 .text.AnalogSetDefault
                0x000003b4        0xc .\CortexM0\ARM_GCC_493\Debug\Lesson13.a(cyfitter_cfg.o)
 .text.UART_ScbModePostEnable
                0x000003c0        0x8 .\CortexM0\ARM_GCC_493\Debug\Lesson13.a(UART.o)
 .text.UART_Init
                0x000003c8        0x8 .\CortexM0\ARM_GCC_493\Debug\Lesson13.a(UART.o)
                0x000003c8                UART_Init
 .text.UART_Enable
                0x000003d0       0x18 .\CortexM0\ARM_GCC_493\Debug\Lesson13.a(UART.o)
                0x000003d0                UART_Enable
 .text.UART_Start
                0x000003e8       0x20 .\CortexM0\ARM_GCC_493\Debug\Lesson13.a(UART.o)
                0x000003e8                UART_Start
 .text.UART_UartInit
                0x00000408       0x98 .\CortexM0\ARM_GCC_493\Debug\Lesson13.a(UART_UART.o)
                0x00000408                UART_UartInit
 .text.UART_UartPostEnable
                0x000004a0       0x2c .\CortexM0\ARM_GCC_493\Debug\Lesson13.a(UART_UART.o)
                0x000004a0                UART_UartPostEnable
 .text.UART_UartPutString
                0x000004cc       0x18 .\CortexM0\ARM_GCC_493\Debug\Lesson13.a(UART_UART.o)
                0x000004cc                UART_UartPutString
 .text.CyIntEnable
                0x000004e4       0x14 .\CortexM0\ARM_GCC_493\Debug\Lesson13.a(CyLib.o)
                0x000004e4                CyIntEnable
 .text.CyIntDisable
                0x000004f8       0x14 .\CortexM0\ARM_GCC_493\Debug\Lesson13.a(CyLib.o)
                0x000004f8                CyIntDisable
 .text.CyHalt   0x0000050c        0x4 .\CortexM0\ARM_GCC_493\Debug\Lesson13.a(CyLib.o)
                0x0000050c                CyHalt
 .text.CyIntSetVector
                0x00000510       0x24 .\CortexM0\ARM_GCC_493\Debug\Lesson13.a(CyLib.o)
                0x00000510                CyIntSetVector
 .text.CyIntSetPriority
                0x00000534       0x4c .\CortexM0\ARM_GCC_493\Debug\Lesson13.a(CyLib.o)
                0x00000534                CyIntSetPriority
 .text.CyDelayUs
                0x00000580       0x14 .\CortexM0\ARM_GCC_493\Debug\Lesson13.a(CyLib.o)
                0x00000580                CyDelayUs
 .text.CySysClkWriteImoFreq
                0x00000594      0x164 .\CortexM0\ARM_GCC_493\Debug\Lesson13.a(CyLib.o)
                0x00000594                CySysClkWriteImoFreq
 .text.CySysWdtLocked
                0x000006f8       0x14 .\CortexM0\ARM_GCC_493\Debug\Lesson13.a(CyLFClk.o)
 .text.CySysWdtLock
                0x0000070c       0x1c .\CortexM0\ARM_GCC_493\Debug\Lesson13.a(CyLFClk.o)
                0x0000070c                CySysWdtLock
 .text.CySysWdtUnlock
                0x00000728       0x30 .\CortexM0\ARM_GCC_493\Debug\Lesson13.a(CyLFClk.o)
                0x00000728                CySysWdtUnlock
 .text.CySysWdtClearInterrupt
                0x00000758       0x4c .\CortexM0\ARM_GCC_493\Debug\Lesson13.a(CyLFClk.o)
                0x00000758                CySysWdtClearInterrupt
 .text.CySysWdtIsr
                0x000007a4       0xa4 .\CortexM0\ARM_GCC_493\Debug\Lesson13.a(CyLFClk.o)
                0x000007a4                CySysWdtIsr
 .text.CapSense_CsdHwBlockInit
                0x00000848       0x88 .\CortexM0\ARM_GCC_493\Debug\Lesson13.a(CapSense.o)
                0x00000848                CapSense_CsdHwBlockInit
 .text.CapSense_Enable
                0x000008d0       0x3c .\CortexM0\ARM_GCC_493\Debug\Lesson13.a(CapSense.o)
                0x000008d0                CapSense_Enable
 .text.CapSense_IsBusy
                0x0000090c       0x10 .\CortexM0\ARM_GCC_493\Debug\Lesson13.a(CapSense.o)
                0x0000090c                CapSense_IsBusy
 .text.CapSense_ReadSensorRaw
                0x0000091c       0x10 .\CortexM0\ARM_GCC_493\Debug\Lesson13.a(CapSense.o)
                0x0000091c                CapSense_ReadSensorRaw
 .text.CapSense_EnableSensor
                0x0000092c       0x48 .\CortexM0\ARM_GCC_493\Debug\Lesson13.a(CapSense.o)
                0x0000092c                CapSense_EnableSensor
 .text.CapSense_DisableSensor
                0x00000974       0x70 .\CortexM0\ARM_GCC_493\Debug\Lesson13.a(CapSense.o)
                0x00000974                CapSense_DisableSensor
 .text.CapSense_ClearSensors
                0x000009e4       0x14 .\CortexM0\ARM_GCC_493\Debug\Lesson13.a(CapSense.o)
                0x000009e4                CapSense_ClearSensors
 .text.CapSense_SetShieldDelay
                0x000009f8       0x14 .\CortexM0\ARM_GCC_493\Debug\Lesson13.a(CapSense.o)
                0x000009f8                CapSense_SetShieldDelay
 .text.CapSense_GetBitValue
                0x00000a0c       0x1c .\CortexM0\ARM_GCC_493\Debug\Lesson13.a(CapSense.o)
                0x00000a0c                CapSense_GetBitValue
 .text.CapSense_FindNextSensor
                0x00000a28       0x24 .\CortexM0\ARM_GCC_493\Debug\Lesson13.a(CapSense.o)
                0x00000a28                CapSense_FindNextSensor
 .text.CapSense_PreScan
                0x00000a4c       0xcc .\CortexM0\ARM_GCC_493\Debug\Lesson13.a(CapSense.o)
                0x00000a4c                CapSense_PreScan
 .text.CapSense_ScanSensor
                0x00000b18       0x1c .\CortexM0\ARM_GCC_493\Debug\Lesson13.a(CapSense.o)
                0x00000b18                CapSense_ScanSensor
 .text.CapSense_ScanEnabledWidgets
                0x00000b34       0x34 .\CortexM0\ARM_GCC_493\Debug\Lesson13.a(CapSense.o)
                0x00000b34                CapSense_ScanEnabledWidgets
 .text.CapSense_PostScan
                0x00000b68       0x8c .\CortexM0\ARM_GCC_493\Debug\Lesson13.a(CapSense.o)
                0x00000b68                CapSense_PostScan
 .text.CapSense_SetBitValue
                0x00000bf4       0x28 .\CortexM0\ARM_GCC_493\Debug\Lesson13.a(CapSense.o)
                0x00000bf4                CapSense_SetBitValue
 .text.CapSense_GetSensorRaw
                0x00000c1c       0x2c .\CortexM0\ARM_GCC_493\Debug\Lesson13.a(CapSense.o)
                0x00000c1c                CapSense_GetSensorRaw
 .text.CapSense_SetUnscannedSensorState
                0x00000c48        0xc .\CortexM0\ARM_GCC_493\Debug\Lesson13.a(CapSense.o)
                0x00000c48                CapSense_SetUnscannedSensorState
 .text.CapSense_Init
                0x00000c54       0x24 .\CortexM0\ARM_GCC_493\Debug\Lesson13.a(CapSense.o)
                0x00000c54                CapSense_Init
 .text.CapSense_Start
                0x00000c78       0x38 .\CortexM0\ARM_GCC_493\Debug\Lesson13.a(CapSense.o)
                0x00000c78                CapSense_Start
 .text.CapSense_NormalizeWidgets
                0x00000cb0       0x40 .\CortexM0\ARM_GCC_493\Debug\Lesson13.a(CapSense.o)
                0x00000cb0                CapSense_NormalizeWidgets
 .text.CapSense_BaseInit
                0x00000cf0       0x24 .\CortexM0\ARM_GCC_493\Debug\Lesson13.a(CapSense_CSHL.o)
                0x00000cf0                CapSense_BaseInit
 .text.CapSense_InitializeSensorBaseline
                0x00000d14       0x18 .\CortexM0\ARM_GCC_493\Debug\Lesson13.a(CapSense_CSHL.o)
                0x00000d14                CapSense_InitializeSensorBaseline
 .text.CapSense_InitializeAllBaselines
                0x00000d2c       0x14 .\CortexM0\ARM_GCC_493\Debug\Lesson13.a(CapSense_CSHL.o)
                0x00000d2c                CapSense_InitializeAllBaselines
 .text.CapSense_FindMaximum
                0x00000d40       0x2c .\CortexM0\ARM_GCC_493\Debug\Lesson13.a(CapSense_CSHL.o)
                0x00000d40                CapSense_FindMaximum
 .text.CapSense_CalcCentroid
                0x00000d6c       0xe4 .\CortexM0\ARM_GCC_493\Debug\Lesson13.a(CapSense_CSHL.o)
                0x00000d6c                CapSense_CalcCentroid
 .text.CapSense_IIR4Filter
                0x00000e50        0xc .\CortexM0\ARM_GCC_493\Debug\Lesson13.a(CapSense_CSHL.o)
                0x00000e50                CapSense_IIR4Filter
 .text.CapSense_UpdateBaselineNoThreshold
                0x00000e5c      0x11c .\CortexM0\ARM_GCC_493\Debug\Lesson13.a(CapSense_CSHL.o)
                0x00000e5c                CapSense_UpdateBaselineNoThreshold
 .text.CapSense_UpdateSensorBaseline
                0x00000f78       0x10 .\CortexM0\ARM_GCC_493\Debug\Lesson13.a(CapSense_CSHL.o)
                0x00000f78                CapSense_UpdateSensorBaseline
 .text.CapSense_UpdateEnabledBaselines
                0x00000f88       0x24 .\CortexM0\ARM_GCC_493\Debug\Lesson13.a(CapSense_CSHL.o)
                0x00000f88                CapSense_UpdateEnabledBaselines
 .text.CapSense_GetCentroidPos
                0x00000fac       0x7c .\CortexM0\ARM_GCC_493\Debug\Lesson13.a(CapSense_CSHL.o)
                0x00000fac                CapSense_GetCentroidPos
 .text.CapSense_ISR
                0x00001028       0x9c .\CortexM0\ARM_GCC_493\Debug\Lesson13.a(CapSense_INT.o)
                0x00001028                CapSense_ISR
 .text.CapSense_UpdateThresholds
                0x000010c4       0x74 .\CortexM0\ARM_GCC_493\Debug\Lesson13.a(CapSense_SMS.o)
                0x000010c4                CapSense_UpdateThresholds
 .text.CapSense_SetAnalogSwitchesSrcDirect
                0x00001138       0x10 .\CortexM0\ARM_GCC_493\Debug\Lesson13.a(CapSense_SMS.o)
                0x00001138                CapSense_SetAnalogSwitchesSrcDirect
 .text.CapSense_DisableBaselineIDAC
                0x00001148       0x1c .\CortexM0\ARM_GCC_493\Debug\Lesson13.a(CapSense_SMS.o)
                0x00001148                CapSense_DisableBaselineIDAC
 .text.CapSense_EnableBaselineIDAC
                0x00001164       0x50 .\CortexM0\ARM_GCC_493\Debug\Lesson13.a(CapSense_SMS.o)
                0x00001164                CapSense_EnableBaselineIDAC
 .text.CapSense_AutoTune
                0x000011b4       0xbc .\CortexM0\ARM_GCC_493\Debug\Lesson13.a(CapSense_SMS.o)
                0x000011b4                CapSense_AutoTune
 .text.CapSense_SampleClk_Start
                0x00001270       0x14 .\CortexM0\ARM_GCC_493\Debug\Lesson13.a(CapSense_SampleClk.o)
                0x00001270                CapSense_SampleClk_Start
 .text.CapSense_SampleClk_Stop
                0x00001284       0x10 .\CortexM0\ARM_GCC_493\Debug\Lesson13.a(CapSense_SampleClk.o)
                0x00001284                CapSense_SampleClk_Stop
 .text.CapSense_SampleClk_SetFractionalDividerRegister
                0x00001294       0x14 .\CortexM0\ARM_GCC_493\Debug\Lesson13.a(CapSense_SampleClk.o)
                0x00001294                CapSense_SampleClk_SetFractionalDividerRegister
 .text.CapSense_SenseClk_Start
                0x000012a8       0x14 .\CortexM0\ARM_GCC_493\Debug\Lesson13.a(CapSense_SenseClk.o)
                0x000012a8                CapSense_SenseClk_Start
 .text.CapSense_SenseClk_Stop
                0x000012bc       0x10 .\CortexM0\ARM_GCC_493\Debug\Lesson13.a(CapSense_SenseClk.o)
                0x000012bc                CapSense_SenseClk_Stop
 .text.CapSense_SenseClk_SetFractionalDividerRegister
                0x000012cc       0x14 .\CortexM0\ARM_GCC_493\Debug\Lesson13.a(CapSense_SenseClk.o)
                0x000012cc                CapSense_SenseClk_SetFractionalDividerRegister
 .text.UART_SpiUartWriteTxData
                0x000012e0       0x1c .\CortexM0\ARM_GCC_493\Debug\Lesson13.a(UART_SPI_UART.o)
                0x000012e0                UART_SpiUartWriteTxData
 *fill*         0x000012fc        0x4 
 .text          0x00001300       0x28 .\CortexM0\ARM_GCC_493\Debug\Lesson13.a(CyBootAsmGnu.o)
                0x00001300                CyDelayCycles
                0x00001314                CyEnterCriticalSection
                0x0000131c                CyExitCriticalSection
 .text.CalibrateOneDAC_P4_v2_40
                0x00001328       0x40 C:\Program Files (x86)\Cypress\PSoC Creator\3.3\PSoC Creator\psoc\content\cycomponentlibrary\CyComponentLibrary.cylib\CapSense_CSD_P4_v2_40\PSoC4\Library\CapsenseP4Library_GCC.a(CSD_P4_SmartSense_v2_40.o)
                0x00001328                CalibrateOneDAC_P4_v2_40
 .text.CalibrateSensors_P4_v2_40
                0x00001368       0x22 C:\Program Files (x86)\Cypress\PSoC Creator\3.3\PSoC Creator\psoc\content\cycomponentlibrary\CyComponentLibrary.cylib\CapSense_CSD_P4_v2_40\PSoC4\Library\CapsenseP4Library_GCC.a(CSD_P4_SmartSense_v2_40.o)
                0x00001368                CalibrateSensors_P4_v2_40
 .text.TunePrescalers_P4_v2_40
                0x0000138a       0x42 C:\Program Files (x86)\Cypress\PSoC Creator\3.3\PSoC Creator\psoc\content\cycomponentlibrary\CyComponentLibrary.cylib\CapSense_CSD_P4_v2_40\PSoC4\Library\CapsenseP4Library_GCC.a(CSD_P4_SmartSense_v2_40.o)
                0x0000138a                TunePrescalers_P4_v2_40
 .text.TuneSensitivity_P4_v2_40
                0x000013cc       0xdc C:\Program Files (x86)\Cypress\PSoC Creator\3.3\PSoC Creator\psoc\content\cycomponentlibrary\CyComponentLibrary.cylib\CapSense_CSD_P4_v2_40\PSoC4\Library\CapsenseP4Library_GCC.a(CSD_P4_SmartSense_v2_40.o)
                0x000013cc                TuneSensitivity_P4_v2_40
 .text.MeasureNoiseEnvelope_P4_v2_40
                0x000014a8       0xfc C:\Program Files (x86)\Cypress\PSoC Creator\3.3\PSoC Creator\psoc\content\cycomponentlibrary\CyComponentLibrary.cylib\CapSense_CSD_P4_v2_40\PSoC4\Library\CapsenseP4Library_GCC.a(CSD_P4_SmartSense_v2_40.o)
                0x000014a8                MeasureNoiseEnvelope_P4_v2_40
 .text.CalculateThresholds_P4_v2_40
                0x000015a4       0x36 C:\Program Files (x86)\Cypress\PSoC Creator\3.3\PSoC Creator\psoc\content\cycomponentlibrary\CyComponentLibrary.cylib\CapSense_CSD_P4_v2_40\PSoC4\Library\CapsenseP4Library_GCC.a(CSD_P4_SmartSense_v2_40.o)
                0x000015a4                CalculateThresholds_P4_v2_40
 *fill*         0x000015da        0x2 
 .text          0x000015dc      0x120 c:/program files (x86)/cypress/psoc creator/3.3/psoc creator/import/gnu/arm/4.9.3/bin/../lib/gcc/arm-none-eabi/4.9.3/armv6-m\libgcc.a(_udivsi3.o)
                0x000015dc                __aeabi_uidiv
                0x000015dc                __udivsi3
                0x000016e8                __aeabi_uidivmod
 .text          0x000016fc      0x1e0 c:/program files (x86)/cypress/psoc creator/3.3/psoc creator/import/gnu/arm/4.9.3/bin/../lib/gcc/arm-none-eabi/4.9.3/armv6-m\libgcc.a(_divsi3.o)
                0x000016fc                __divsi3
                0x000016fc                __aeabi_idiv
                0x000018c8                __aeabi_idivmod
 .text          0x000018dc        0x4 c:/program files (x86)/cypress/psoc creator/3.3/psoc creator/import/gnu/arm/4.9.3/bin/../lib/gcc/arm-none-eabi/4.9.3/armv6-m\libgcc.a(_dvmd_tls.o)
                0x000018dc                __aeabi_idiv0
                0x000018dc                __aeabi_ldiv0
 .text.__errno  0x000018e0        0xc c:/program files (x86)/cypress/psoc creator/3.3/psoc creator/import/gnu/arm/4.9.3/bin/../lib/gcc/arm-none-eabi/4.9.3/../../../../arm-none-eabi/lib/armv6-m\libg_nano.a(lib_a-errno.o)
                0x000018e0                __errno
 .text.__libc_init_array
                0x000018ec       0x4c c:/program files (x86)/cypress/psoc creator/3.3/psoc creator/import/gnu/arm/4.9.3/bin/../lib/gcc/arm-none-eabi/4.9.3/../../../../arm-none-eabi/lib/armv6-m\libg_nano.a(lib_a-init.o)
                0x000018ec                __libc_init_array
 .text.memset   0x00001938       0x10 c:/program files (x86)/cypress/psoc creator/3.3/psoc creator/import/gnu/arm/4.9.3/bin/../lib/gcc/arm-none-eabi/4.9.3/../../../../arm-none-eabi/lib/armv6-m\libg_nano.a(lib_a-memset.o)
                0x00001938                memset
 .text.sprintf  0x00001948       0x44 c:/program files (x86)/cypress/psoc creator/3.3/psoc creator/import/gnu/arm/4.9.3/bin/../lib/gcc/arm-none-eabi/4.9.3/../../../../arm-none-eabi/lib/armv6-m\libg_nano.a(lib_a-sprintf.o)
                0x00001948                siprintf
                0x00001948                sprintf
 .text.__ssputs_r
                0x0000198c       0xc0 c:/program files (x86)/cypress/psoc creator/3.3/psoc creator/import/gnu/arm/4.9.3/bin/../lib/gcc/arm-none-eabi/4.9.3/../../../../arm-none-eabi/lib/armv6-m\libg_nano.a(lib_a-nano-svfprintf.o)
                0x0000198c                __ssputs_r
 .text._svfprintf_r
                0x00001a4c      0x1ec c:/program files (x86)/cypress/psoc creator/3.3/psoc creator/import/gnu/arm/4.9.3/bin/../lib/gcc/arm-none-eabi/4.9.3/../../../../arm-none-eabi/lib/armv6-m\libg_nano.a(lib_a-nano-svfprintf.o)
                0x00001a4c                _svfiprintf_r
                0x00001a4c                _svfprintf_r
 .text._printf_common
                0x00001c38       0xdc c:/program files (x86)/cypress/psoc creator/3.3/psoc creator/import/gnu/arm/4.9.3/bin/../lib/gcc/arm-none-eabi/4.9.3/../../../../arm-none-eabi/lib/armv6-m\libg_nano.a(lib_a-nano-vfprintf_i.o)
                0x00001c38                _printf_common
 .text._printf_i
                0x00001d14      0x230 c:/program files (x86)/cypress/psoc creator/3.3/psoc creator/import/gnu/arm/4.9.3/bin/../lib/gcc/arm-none-eabi/4.9.3/../../../../arm-none-eabi/lib/armv6-m\libg_nano.a(lib_a-nano-vfprintf_i.o)
                0x00001d14                _printf_i
 .text.memchr   0x00001f44       0x16 c:/program files (x86)/cypress/psoc creator/3.3/psoc creator/import/gnu/arm/4.9.3/bin/../lib/gcc/arm-none-eabi/4.9.3/../../../../arm-none-eabi/lib/armv6-m\libg_nano.a(lib_a-memchr.o)
                0x00001f44                memchr
 .text.memcpy   0x00001f5a       0x12 c:/program files (x86)/cypress/psoc creator/3.3/psoc creator/import/gnu/arm/4.9.3/bin/../lib/gcc/arm-none-eabi/4.9.3/../../../../arm-none-eabi/lib/armv6-m\libg_nano.a(lib_a-memcpy.o)
                0x00001f5a                memcpy
 .text.memmove  0x00001f6c       0x28 c:/program files (x86)/cypress/psoc creator/3.3/psoc creator/import/gnu/arm/4.9.3/bin/../lib/gcc/arm-none-eabi/4.9.3/../../../../arm-none-eabi/lib/armv6-m\libg_nano.a(lib_a-memmove.o)
                0x00001f6c                memmove
 .text._free_r  0x00001f94       0x8c c:/program files (x86)/cypress/psoc creator/3.3/psoc creator/import/gnu/arm/4.9.3/bin/../lib/gcc/arm-none-eabi/4.9.3/../../../../arm-none-eabi/lib/armv6-m\libg_nano.a(lib_a-nano-freer.o)
                0x00001f94                _free_r
 .text._malloc_r
                0x00002020       0xb0 c:/program files (x86)/cypress/psoc creator/3.3/psoc creator/import/gnu/arm/4.9.3/bin/../lib/gcc/arm-none-eabi/4.9.3/../../../../arm-none-eabi/lib/armv6-m\libg_nano.a(lib_a-nano-mallocr.o)
                0x00002020                _malloc_r
 .text._realloc_r
                0x000020d0       0x4c c:/program files (x86)/cypress/psoc creator/3.3/psoc creator/import/gnu/arm/4.9.3/bin/../lib/gcc/arm-none-eabi/4.9.3/../../../../arm-none-eabi/lib/armv6-m\libg_nano.a(lib_a-nano-reallocr.o)
                0x000020d0                _realloc_r
 .text._sbrk_r  0x0000211c       0x24 c:/program files (x86)/cypress/psoc creator/3.3/psoc creator/import/gnu/arm/4.9.3/bin/../lib/gcc/arm-none-eabi/4.9.3/../../../../arm-none-eabi/lib/armv6-m\libg_nano.a(lib_a-sbrkr.o)
                0x0000211c                _sbrk_r
 .text._malloc_usable_size_r
                0x00002140       0x16 c:/program files (x86)/cypress/psoc creator/3.3/psoc creator/import/gnu/arm/4.9.3/bin/../lib/gcc/arm-none-eabi/4.9.3/../../../../arm-none-eabi/lib/armv6-m\libg_nano.a(lib_a-nano-msizer.o)
                0x00002140                _malloc_usable_size_r
 *(.plt)
 *(.gnu.warning)
 *(.glue_7t)
 .glue_7t       0x00000000        0x0 linker stubs
 *(.glue_7)
 .glue_7        0x00000000        0x0 linker stubs
 *(.vfp11_veneer)
 .vfp11_veneer  0x00000000        0x0 linker stubs
 *(.bootloader)
 *(.ARM.extab* .gnu.linkonce.armextab.*)
 *(.gcc_except_table)

.v4_bx          0x00002158        0x0
 .v4_bx         0x00000000        0x0 linker stubs

.iplt           0x00002158        0x0
 .iplt          0x00000000        0x0 c:/program files (x86)/cypress/psoc creator/3.3/psoc creator/import/gnu/arm/4.9.3/bin/../lib/gcc/arm-none-eabi/4.9.3/armv6-m/crtbegin.o

.eh_frame_hdr
 *(.eh_frame_hdr)

.eh_frame       0x00002158        0x4
 *(.eh_frame)
 .eh_frame      0x00002158        0x0 c:/program files (x86)/cypress/psoc creator/3.3/psoc creator/import/gnu/arm/4.9.3/bin/../lib/gcc/arm-none-eabi/4.9.3/armv6-m/crtbegin.o
 .eh_frame      0x00002158        0x4 c:/program files (x86)/cypress/psoc creator/3.3/psoc creator/import/gnu/arm/4.9.3/bin/../lib/gcc/arm-none-eabi/4.9.3/armv6-m/crtend.o
                0x0000215c                PROVIDE (__exidx_start, .)

.ARM.exidx
 *(.ARM.exidx* .gnu.linkonce.armexidx.*)
                0x0000215c                __exidx_end = .

.rodata         0x0000215c      0x1c4
 *(.rodata .rodata.* .gnu.linkonce.r.*)
 .rodata.str1.4
                0x0000215c        0x8 .\CortexM0\ARM_GCC_493\Debug\main.o
 .rodata        0x00002164       0x40 .\CortexM0\ARM_GCC_493\Debug\Lesson13.a(cyfitter_cfg.o)
 .rodata        0x000021a4       0x30 .\CortexM0\ARM_GCC_493\Debug\Lesson13.a(CyLib.o)
                0x000021a4                cyImoFreqMhz2Reg
 .rodata        0x000021d4       0x68 .\CortexM0\ARM_GCC_493\Debug\Lesson13.a(CapSense.o)
                0x000021d4                CapSense_portTable
                0x000021dc                CapSense_pinShiftTbl
                0x000021e4                CapSense_prtSelTbl
                0x000021f8                CapSense_prtCfgTbl
                0x0000220c                CapSense_prtDRTbl
                0x00002220                CapSense_widgetNumber
                0x00002228                CapSense_maskTable
 .rodata        0x0000223c        0x8 .\CortexM0\ARM_GCC_493\Debug\Lesson13.a(CapSense_CSHL.o)
                0x0000223c                CapSense_numberOfSensors
                0x00002240                CapSense_rawDataIndex
 .rodata        0x00002244       0x6c .\CortexM0\ARM_GCC_493\Debug\Lesson13.a(CapSense_SMS.o)
                0x00002244                CapSense_configPointers
                0x000022a0                CapSense_prescalerTable
 .rodata.str1.1
                0x000022b0        0x2 c:/program files (x86)/cypress/psoc creator/3.3/psoc creator/import/gnu/arm/4.9.3/bin/../lib/gcc/arm-none-eabi/4.9.3/../../../../arm-none-eabi/lib/armv6-m\libg_nano.a(lib_a-impure.o)
 .rodata.str1.1
                0x000022b2       0x11 c:/program files (x86)/cypress/psoc creator/3.3/psoc creator/import/gnu/arm/4.9.3/bin/../lib/gcc/arm-none-eabi/4.9.3/../../../../arm-none-eabi/lib/armv6-m\libg_nano.a(lib_a-nano-svfprintf.o)
 .rodata.str1.1
                0x000022c3       0x22 c:/program files (x86)/cypress/psoc creator/3.3/psoc creator/import/gnu/arm/4.9.3/bin/../lib/gcc/arm-none-eabi/4.9.3/../../../../arm-none-eabi/lib/armv6-m\libg_nano.a(lib_a-nano-vfprintf_i.o)
                0x000022e8                . = ALIGN (0x4)
 *fill*         0x000022e5        0x3 
 *(.init)
 .init          0x000022e8        0x4 c:/program files (x86)/cypress/psoc creator/3.3/psoc creator/import/gnu/arm/4.9.3/bin/../lib/gcc/arm-none-eabi/4.9.3/armv6-m/crti.o
                0x000022e8                _init
 .init          0x000022ec        0x8 c:/program files (x86)/cypress/psoc creator/3.3/psoc creator/import/gnu/arm/4.9.3/bin/../lib/gcc/arm-none-eabi/4.9.3/armv6-m/crtn.o
                0x000022f4                . = ALIGN (0x4)
                0x000022f4                __preinit_array_start = .
 *(.preinit_array)
                0x000022f4                __preinit_array_end = .
                0x000022f4                . = ALIGN (0x4)
                0x000022f4                __init_array_start = .
 *(SORT(.init_array.*))
 *(.init_array)
 .init_array    0x000022f4        0x4 c:/program files (x86)/cypress/psoc creator/3.3/psoc creator/import/gnu/arm/4.9.3/bin/../lib/gcc/arm-none-eabi/4.9.3/armv6-m/crtbegin.o
 .init_array    0x000022f8        0x4 .\CortexM0\ARM_GCC_493\Debug\Cm0Start.o
                0x000022fc                __init_array_end = .
                0x000022fc                . = ALIGN (0x4)
 *(.fini)
 .fini          0x000022fc        0x4 c:/program files (x86)/cypress/psoc creator/3.3/psoc creator/import/gnu/arm/4.9.3/bin/../lib/gcc/arm-none-eabi/4.9.3/armv6-m/crti.o
                0x000022fc                _fini
 .fini          0x00002300        0x8 c:/program files (x86)/cypress/psoc creator/3.3/psoc creator/import/gnu/arm/4.9.3/bin/../lib/gcc/arm-none-eabi/4.9.3/armv6-m/crtn.o
                0x00002308                . = ALIGN (0x4)
                0x00002308                __fini_array_start = .
 *(.fini_array)
 .fini_array    0x00002308        0x4 c:/program files (x86)/cypress/psoc creator/3.3/psoc creator/import/gnu/arm/4.9.3/bin/../lib/gcc/arm-none-eabi/4.9.3/armv6-m/crtbegin.o
 *(SORT(.fini_array.*))
                0x0000230c                __fini_array_end = .
                0x0000230c                . = ALIGN (0x4)
 *crtbegin.o(.ctors)
 *(EXCLUDE_FILE(*crtend.o) .ctors)
 *(SORT(.ctors.*))
 *crtend.o(.ctors)
                0x0000230c                . = ALIGN (0x4)
 *crtbegin.o(.dtors)
 *(EXCLUDE_FILE(*crtend.o) .dtors)
 *(SORT(.dtors.*))
 *crtend.o(.dtors)
                0x0000230c                . = ALIGN (0x4)
                0x0000230c                __cy_regions = .
                0x0000230c        0x4 LONG 0x2320 __cy_region_init_ram
                0x00002310        0x4 LONG 0x200000c8 __cy_region_start_data
                0x00002314        0x4 LONG 0xb8 __cy_region_init_size_ram
                0x00002318        0x4 LONG 0x138 __cy_region_zero_size_ram
                0x0000231c                __cy_regions_end = .
                0x00002320                . = ALIGN (0x8)
 *fill*         0x0000231c        0x4 
                0x00002320                _etext = .

.cy_checksum_exclude
                0x00002320        0x0
 *(.cy_checksum_exclude)

.ramvectors     0x20000000       0xc0
                0x20000000                __cy_region_start_ram = .
 *(.ramvectors)
 .ramvectors    0x20000000       0xc0 .\CortexM0\ARM_GCC_493\Debug\Cm0Start.o
                0x20000000                CyRamVectors

.noinit         0x200000c0        0x4
 *(.noinit)
 .noinit        0x200000c0        0x4 .\CortexM0\ARM_GCC_493\Debug\Cm0Start.o

.data           0x200000c8       0xb8 load address 0x00002320
                0x200000c8                __cy_region_start_data = .
 *(.jcr)
 .jcr           0x200000c8        0x0 c:/program files (x86)/cypress/psoc creator/3.3/psoc creator/import/gnu/arm/4.9.3/bin/../lib/gcc/arm-none-eabi/4.9.3/armv6-m/crtbegin.o
 .jcr           0x200000c8        0x4 c:/program files (x86)/cypress/psoc creator/3.3/psoc creator/import/gnu/arm/4.9.3/bin/../lib/gcc/arm-none-eabi/4.9.3/armv6-m/crtend.o
 *(.got.plt)
 *(.got)
 *(.shdata)
 *(.data .data.* .gnu.linkonce.d.*)
 .data          0x200000cc        0x4 .\CortexM0\ARM_GCC_493\Debug\Cm0Start.o
 .data          0x200000d0       0x10 .\CortexM0\ARM_GCC_493\Debug\Lesson13.a(CyLib.o)
                0x200000d0                cydelay32kMs
                0x200000d4                cydelayFreqKhz
                0x200000d8                cydelayFreqMhz
                0x200000dc                cydelayFreqHz
 .data          0x200000e0        0x4 .\CortexM0\ARM_GCC_493\Debug\Lesson13.a(CyLFClk.o)
 .data          0x200000e4       0x1c .\CortexM0\ARM_GCC_493\Debug\Lesson13.a(CapSense.o)
                0x200000e4                CapSense_widgetResolution
                0x200000e8                CapSense_sensorEnableMask
                0x200000ec                CapSense_pcTable
 .data          0x20000100       0x10 .\CortexM0\ARM_GCC_493\Debug\Lesson13.a(CapSense_CSHL.o)
                0x20000100                CapSense_debounce
                0x20000104                CapSense_lowBaselineReset
                0x20000109                CapSense_enableRawFilters
 .data          0x20000110        0x8 .\CortexM0\ARM_GCC_493\Debug\Lesson13.a(CapSense_SMS.o)
                0x20000110                CapSense_sensorSensitivity
 .data.impure_data
                0x20000118       0x60 c:/program files (x86)/cypress/psoc creator/3.3/psoc creator/import/gnu/arm/4.9.3/bin/../lib/gcc/arm-none-eabi/4.9.3/../../../../arm-none-eabi/lib/armv6-m\libg_nano.a(lib_a-impure.o)
 .data._impure_ptr
                0x20000178        0x4 c:/program files (x86)/cypress/psoc creator/3.3/psoc creator/import/gnu/arm/4.9.3/bin/../lib/gcc/arm-none-eabi/4.9.3/../../../../arm-none-eabi/lib/armv6-m\libg_nano.a(lib_a-impure.o)
                0x20000178                _impure_ptr
                0x20000180                . = ALIGN (0x8)
 *fill*         0x2000017c        0x4 
 *(.ram)
                0x20000180                _edata = .

.igot.plt       0x20000180        0x0 load address 0x000023d8
 .igot.plt      0x00000000        0x0 c:/program files (x86)/cypress/psoc creator/3.3/psoc creator/import/gnu/arm/4.9.3/bin/../lib/gcc/arm-none-eabi/4.9.3/armv6-m/crtbegin.o

.bss            0x20000180      0x138 load address 0x000023d8
                0x20000180                PROVIDE (__bss_start__, .)
 *(.shbss)
 *(.bss .bss.* .gnu.linkonce.b.*)
 .bss           0x20000180       0x1c c:/program files (x86)/cypress/psoc creator/3.3/psoc creator/import/gnu/arm/4.9.3/bin/../lib/gcc/arm-none-eabi/4.9.3/armv6-m/crtbegin.o
 .bss           0x2000019c        0x4 .\CortexM0\ARM_GCC_493\Debug\Lesson13.a(UART.o)
                0x2000019c                UART_initVar
                0x2000019e                UART_IntrTxMask
 .bss           0x200001a0       0x20 .\CortexM0\ARM_GCC_493\Debug\Lesson13.a(CyLFClk.o)
 .bss           0x200001c0       0x14 .\CortexM0\ARM_GCC_493\Debug\Lesson13.a(CapSense.o)
                0x200001c0                CapSense_csdStatusVar
                0x200001c4                CapSense_sensorRaw
                0x200001ce                CapSense_sensorIndex
                0x200001d0                CapSense_lowLevelTuningDone
 .bss           0x200001d4       0x28 .\CortexM0\ARM_GCC_493\Debug\Lesson13.a(CapSense_CSHL.o)
                0x200001d4                CapSense_sensorBaseline
                0x200001e0                CapSense_sensorBaselineLow
                0x200001e8                CapSense_sensorSignal
                0x200001f4                CapSense_sensorOnMask
 .bss           0x200001fc        0x1 .\CortexM0\ARM_GCC_493\Debug\Lesson13.a(CapSense_INT.o)
 *fill*         0x200001fd        0x3 
 .bss.__malloc_sbrk_start
                0x20000200        0x4 c:/program files (x86)/cypress/psoc creator/3.3/psoc creator/import/gnu/arm/4.9.3/bin/../lib/gcc/arm-none-eabi/4.9.3/../../../../arm-none-eabi/lib/armv6-m\libg_nano.a(lib_a-nano-mallocr.o)
                0x20000200                __malloc_sbrk_start
 .bss.__malloc_free_list
                0x20000204        0x4 c:/program files (x86)/cypress/psoc creator/3.3/psoc creator/import/gnu/arm/4.9.3/bin/../lib/gcc/arm-none-eabi/4.9.3/../../../../arm-none-eabi/lib/armv6-m\libg_nano.a(lib_a-nano-mallocr.o)
                0x20000204                __malloc_free_list
 *(COMMON)
 COMMON         0x20000208       0x31 .\CortexM0\ARM_GCC_493\Debug\Lesson13.a(CapSense.o)
                0x20000208                CapSense_csdTrim1
                0x2000020c                CapSense_scanSpeedTbl
                0x20000210                CapSense_sensorEnableMaskBackup
                0x20000214                CapSense_senseClkDividerVal
                0x2000021c                CapSense_modulationIDAC
                0x20000224                CapSense_compensationIDAC
                0x2000022c                CapSense_unscannedSnsDriveMode
                0x20000234                CapSense_sampleClkDividerVal
 *fill*         0x20000239        0x3 
 COMMON         0x2000023c       0x21 .\CortexM0\ARM_GCC_493\Debug\Lesson13.a(CapSense_CSHL.o)
                0x2000023c                CapSense_noiseThreshold
                0x20000240                CapSense_lowBaselineResetCnt
                0x20000248                CapSense_negativeNoiseThreshold
                0x2000024c                CapSense_rawFilterData1
                0x20000258                CapSense_hysteresis
                0x2000025c                CapSense_fingerThreshold
 *fill*         0x2000025d        0x3 
 COMMON         0x20000260       0x4d .\CortexM0\ARM_GCC_493\Debug\Lesson13.a(CapSense_SMS.o)
                0x20000260                CapSense_runningDifferenceTbl
                0x20000268                CapSense_signRegisterTbl
                0x20000270                CapSense_sampleMaxTbl
                0x2000027c                CapSense_noiseEnvelopeTbl
                0x20000284                CapSense_previousSampleTbl
                0x20000290                CapSense_sampleMinTbl
                0x2000029c                CapSense_config
                0x200002a8                CapSense_kValueTbl
 *fill*         0x200002ad        0x3 
 COMMON         0x200002b0        0x4 c:/program files (x86)/cypress/psoc creator/3.3/psoc creator/import/gnu/arm/4.9.3/bin/../lib/gcc/arm-none-eabi/4.9.3/../../../../arm-none-eabi/lib/armv6-m\libg_nano.a(lib_a-reent.o)
                0x200002b0                errno
                0x200002b8                . = ALIGN (0x8)
 *fill*         0x200002b4        0x4 
 *(.ram.b)
                0x200002b8                _end = .
                0x200002b8                __end = .
                0x200002b8                PROVIDE (end, .)
                0x200002b8                PROVIDE (__bss_end__, .)
                0x00002320                __cy_region_init_ram = LOADADDR (.data)
                0x000000b8                __cy_region_init_size_ram = (_edata - ADDR (.data))
                0x00000138                __cy_region_zero_size_ram = (_end - _edata)

.heap           0x200002b8       0x80 load address 0x000023d8
                0x200002b8                . = _end
                0x20000338                . = (. + 0x80)
 *fill*         0x200002b8       0x80 
                0x20000338                __cy_heap_limit = .

.stack          0x20000c00      0x400
                0x20000c00                __cy_stack_limit = .
                0x20001000                . = (. + 0x400)
 *fill*         0x20000c00      0x400 
                0x00000001                ASSERT ((__cy_stack_limit >= __cy_heap_limit), region RAM overflowed with stack)
                0x00000000                cy_checksum_exclude_size = (CY_APPL_LOADABLE == 0x1)?SIZEOF (.cy_checksum_exclude):0x0
                0x00000001                ASSERT ((cy_checksum_exclude_size <= CY_CHECKSUM_EXCLUDE_SIZE), CY_BOOT: Section .cy_checksum_exclude size exceedes specified limit.)
                0x00007fc0                cyloadermeta_start = (cy_project_type_bootloader || cy_project_type_app_for_stack_and_copier)?(0x8000 - CY_METADATA_SIZE):0xf0000000

.cyloadermeta
 *(.cyloadermeta)
                0x00007fc0                cyloadablemeta_start = cy_project_type_app_for_stack_and_copier?((0x8000 - CY_FLASH_ROW_SIZE) - CY_METADATA_SIZE):((0x8000 - (CY_FLASH_ROW_SIZE * (CY_APPL_NUM - 0x1))) - CY_METADATA_SIZE)

.cyloadablemeta
 *(.cyloadablemeta)

.cyflashprotect
                0x90400000       0x20
 *(.cyflashprotect)
 .cyflashprotect
                0x90400000       0x20 .\CortexM0\ARM_GCC_493\Debug\cymetadata.o
                0x90400000                cy_meta_flashprotect

.cymeta         0x90500000        0xc
 *(.cymeta)
 .cymeta        0x90500000        0xc .\CortexM0\ARM_GCC_493\Debug\cymetadata.o
                0x90500000                cy_metadata

.cychipprotect  0x90600000        0x4
 *(.cychipprotect)
 .cychipprotect
                0x90600000        0x4 .\CortexM0\ARM_GCC_493\Debug\cymetadata.o
                0x90600000                cy_meta_chipprotect

.rel.dyn        0x000023d8        0x0 load address 0x90600004
 .rel.iplt      0x00000000        0x0 c:/program files (x86)/cypress/psoc creator/3.3/psoc creator/import/gnu/arm/4.9.3/bin/../lib/gcc/arm-none-eabi/4.9.3/armv6-m/crtbegin.o

.stab
 *(.stab)

.stabstr
 *(.stabstr)

.debug
 *(.debug)

.line
 *(.line)

.debug_srcinfo
 *(.debug_srcinfo)

.debug_sfnames
 *(.debug_sfnames)

.debug_aranges  0x00000000      0x8a0
 *(.debug_aranges)
 .debug_aranges
                0x00000000       0x20 .\CortexM0\ARM_GCC_493\Debug\main.o
 .debug_aranges
                0x00000020       0x18 .\CortexM0\ARM_GCC_493\Debug\cymetadata.o
 .debug_aranges
                0x00000038       0x48 .\CortexM0\ARM_GCC_493\Debug\Cm0Start.o
 .debug_aranges
                0x00000080       0x48 .\CortexM0\ARM_GCC_493\Debug\Lesson13.a(cyfitter_cfg.o)
 .debug_aranges
                0x000000c8       0x60 .\CortexM0\ARM_GCC_493\Debug\Lesson13.a(UART.o)
 .debug_aranges
                0x00000128       0x60 .\CortexM0\ARM_GCC_493\Debug\Lesson13.a(UART_UART.o)
 .debug_aranges
                0x00000188      0x178 .\CortexM0\ARM_GCC_493\Debug\Lesson13.a(CyLib.o)
 .debug_aranges
                0x00000300      0x138 .\CortexM0\ARM_GCC_493\Debug\Lesson13.a(CyLFClk.o)
 .debug_aranges
                0x00000438      0x158 .\CortexM0\ARM_GCC_493\Debug\Lesson13.a(CapSense.o)
 .debug_aranges
                0x00000590      0x148 .\CortexM0\ARM_GCC_493\Debug\Lesson13.a(CapSense_CSHL.o)
 .debug_aranges
                0x000006d8       0x20 .\CortexM0\ARM_GCC_493\Debug\Lesson13.a(CapSense_INT.o)
 .debug_aranges
                0x000006f8       0x60 .\CortexM0\ARM_GCC_493\Debug\Lesson13.a(CapSense_SMS.o)
 .debug_aranges
                0x00000758       0x40 .\CortexM0\ARM_GCC_493\Debug\Lesson13.a(CapSense_SampleClk.o)
 .debug_aranges
                0x00000798       0x40 .\CortexM0\ARM_GCC_493\Debug\Lesson13.a(CapSense_SenseClk.o)
 .debug_aranges
                0x000007d8       0x60 .\CortexM0\ARM_GCC_493\Debug\Lesson13.a(UART_SPI_UART.o)
 .debug_aranges
                0x00000838       0x20 .\CortexM0\ARM_GCC_493\Debug\Lesson13.a(CyBootAsmGnu.o)
 .debug_aranges
                0x00000858       0x48 C:\Program Files (x86)\Cypress\PSoC Creator\3.3\PSoC Creator\psoc\content\cycomponentlibrary\CyComponentLibrary.cylib\CapSense_CSD_P4_v2_40\PSoC4\Library\CapsenseP4Library_GCC.a(CSD_P4_SmartSense_v2_40.o)

.debug_pubnames
 *(.debug_pubnames)

.debug_info     0x00000000     0x5de7
 *(.debug_info .gnu.linkonce.wi.*)
 .debug_info    0x00000000      0x20d .\CortexM0\ARM_GCC_493\Debug\main.o
 .debug_info    0x0000020d       0xfe .\CortexM0\ARM_GCC_493\Debug\cymetadata.o
 .debug_info    0x0000030b      0x38c .\CortexM0\ARM_GCC_493\Debug\Cm0Start.o
 .debug_info    0x00000697      0x420 .\CortexM0\ARM_GCC_493\Debug\Lesson13.a(cyfitter_cfg.o)
 .debug_info    0x00000ab7      0x239 .\CortexM0\ARM_GCC_493\Debug\Lesson13.a(UART.o)
 .debug_info    0x00000cf0      0x2c4 .\CortexM0\ARM_GCC_493\Debug\Lesson13.a(UART_UART.o)
 .debug_info    0x00000fb4      0xad1 .\CortexM0\ARM_GCC_493\Debug\Lesson13.a(CyLib.o)
 .debug_info    0x00001a85      0xcfc .\CortexM0\ARM_GCC_493\Debug\Lesson13.a(CyLFClk.o)
 .debug_info    0x00002781     0x1089 .\CortexM0\ARM_GCC_493\Debug\Lesson13.a(CapSense.o)
 .debug_info    0x0000380a     0x112a .\CortexM0\ARM_GCC_493\Debug\Lesson13.a(CapSense_CSHL.o)
 .debug_info    0x00004934      0x1af .\CortexM0\ARM_GCC_493\Debug\Lesson13.a(CapSense_INT.o)
 .debug_info    0x00004ae3      0x7e9 .\CortexM0\ARM_GCC_493\Debug\Lesson13.a(CapSense_SMS.o)
 .debug_info    0x000052cc      0x14e .\CortexM0\ARM_GCC_493\Debug\Lesson13.a(CapSense_SampleClk.o)
 .debug_info    0x0000541a      0x14e .\CortexM0\ARM_GCC_493\Debug\Lesson13.a(CapSense_SenseClk.o)
 .debug_info    0x00005568      0x219 .\CortexM0\ARM_GCC_493\Debug\Lesson13.a(UART_SPI_UART.o)
 .debug_info    0x00005781       0x84 .\CortexM0\ARM_GCC_493\Debug\Lesson13.a(CyBootAsmGnu.o)
 .debug_info    0x00005805      0x5e2 C:\Program Files (x86)\Cypress\PSoC Creator\3.3\PSoC Creator\psoc\content\cycomponentlibrary\CyComponentLibrary.cylib\CapSense_CSD_P4_v2_40\PSoC4\Library\CapsenseP4Library_GCC.a(CSD_P4_SmartSense_v2_40.o)

.debug_abbrev   0x00000000     0x174c
 *(.debug_abbrev)
 .debug_abbrev  0x00000000      0x10d .\CortexM0\ARM_GCC_493\Debug\main.o
 .debug_abbrev  0x0000010d       0x5d .\CortexM0\ARM_GCC_493\Debug\cymetadata.o
 .debug_abbrev  0x0000016a      0x1fe .\CortexM0\ARM_GCC_493\Debug\Cm0Start.o
 .debug_abbrev  0x00000368      0x1f3 .\CortexM0\ARM_GCC_493\Debug\Lesson13.a(cyfitter_cfg.o)
 .debug_abbrev  0x0000055b       0xed .\CortexM0\ARM_GCC_493\Debug\Lesson13.a(UART.o)
 .debug_abbrev  0x00000648      0x13d .\CortexM0\ARM_GCC_493\Debug\Lesson13.a(UART_UART.o)
 .debug_abbrev  0x00000785      0x20d .\CortexM0\ARM_GCC_493\Debug\Lesson13.a(CyLib.o)
 .debug_abbrev  0x00000992      0x23b .\CortexM0\ARM_GCC_493\Debug\Lesson13.a(CyLFClk.o)
 .debug_abbrev  0x00000bcd      0x1d1 .\CortexM0\ARM_GCC_493\Debug\Lesson13.a(CapSense.o)
 .debug_abbrev  0x00000d9e      0x295 .\CortexM0\ARM_GCC_493\Debug\Lesson13.a(CapSense_CSHL.o)
 .debug_abbrev  0x00001033       0xf9 .\CortexM0\ARM_GCC_493\Debug\Lesson13.a(CapSense_INT.o)
 .debug_abbrev  0x0000112c      0x1ef .\CortexM0\ARM_GCC_493\Debug\Lesson13.a(CapSense_SMS.o)
 .debug_abbrev  0x0000131b       0xb7 .\CortexM0\ARM_GCC_493\Debug\Lesson13.a(CapSense_SampleClk.o)
 .debug_abbrev  0x000013d2       0xb7 .\CortexM0\ARM_GCC_493\Debug\Lesson13.a(CapSense_SenseClk.o)
 .debug_abbrev  0x00001489      0x14f .\CortexM0\ARM_GCC_493\Debug\Lesson13.a(UART_SPI_UART.o)
 .debug_abbrev  0x000015d8       0x14 .\CortexM0\ARM_GCC_493\Debug\Lesson13.a(CyBootAsmGnu.o)
 .debug_abbrev  0x000015ec      0x160 C:\Program Files (x86)\Cypress\PSoC Creator\3.3\PSoC Creator\psoc\content\cycomponentlibrary\CyComponentLibrary.cylib\CapSense_CSD_P4_v2_40\PSoC4\Library\CapsenseP4Library_GCC.a(CSD_P4_SmartSense_v2_40.o)

.debug_line     0x00000000     0x2191
 *(.debug_line)
 .debug_line    0x00000000      0x126 .\CortexM0\ARM_GCC_493\Debug\main.o
 .debug_line    0x00000126       0x53 .\CortexM0\ARM_GCC_493\Debug\cymetadata.o
 .debug_line    0x00000179      0x248 .\CortexM0\ARM_GCC_493\Debug\Cm0Start.o
 .debug_line    0x000003c1      0x199 .\CortexM0\ARM_GCC_493\Debug\Lesson13.a(cyfitter_cfg.o)
 .debug_line    0x0000055a      0x140 .\CortexM0\ARM_GCC_493\Debug\Lesson13.a(UART.o)
 .debug_line    0x0000069a      0x165 .\CortexM0\ARM_GCC_493\Debug\Lesson13.a(UART_UART.o)
 .debug_line    0x000007ff      0x44b .\CortexM0\ARM_GCC_493\Debug\Lesson13.a(CyLib.o)
 .debug_line    0x00000c4a      0x469 .\CortexM0\ARM_GCC_493\Debug\Lesson13.a(CyLFClk.o)
 .debug_line    0x000010b3      0x4f3 .\CortexM0\ARM_GCC_493\Debug\Lesson13.a(CapSense.o)
 .debug_line    0x000015a6      0x47c .\CortexM0\ARM_GCC_493\Debug\Lesson13.a(CapSense_CSHL.o)
 .debug_line    0x00001a22       0xae .\CortexM0\ARM_GCC_493\Debug\Lesson13.a(CapSense_INT.o)
 .debug_line    0x00001ad0      0x1ad .\CortexM0\ARM_GCC_493\Debug\Lesson13.a(CapSense_SMS.o)
 .debug_line    0x00001c7d       0xd1 .\CortexM0\ARM_GCC_493\Debug\Lesson13.a(CapSense_SampleClk.o)
 .debug_line    0x00001d4e       0xd0 .\CortexM0\ARM_GCC_493\Debug\Lesson13.a(CapSense_SenseClk.o)
 .debug_line    0x00001e1e      0x133 .\CortexM0\ARM_GCC_493\Debug\Lesson13.a(UART_SPI_UART.o)
 .debug_line    0x00001f51       0x6b .\CortexM0\ARM_GCC_493\Debug\Lesson13.a(CyBootAsmGnu.o)
 .debug_line    0x00001fbc      0x1d5 C:\Program Files (x86)\Cypress\PSoC Creator\3.3\PSoC Creator\psoc\content\cycomponentlibrary\CyComponentLibrary.cylib\CapSense_CSD_P4_v2_40\PSoC4\Library\CapsenseP4Library_GCC.a(CSD_P4_SmartSense_v2_40.o)

.debug_frame    0x00000000     0x18f8
 *(.debug_frame)
 .debug_frame   0x00000000       0x30 .\CortexM0\ARM_GCC_493\Debug\main.o
 .debug_frame   0x00000030       0xb0 .\CortexM0\ARM_GCC_493\Debug\Cm0Start.o
 .debug_frame   0x000000e0       0xb8 .\CortexM0\ARM_GCC_493\Debug\Lesson13.a(cyfitter_cfg.o)
 .debug_frame   0x00000198       0xe8 .\CortexM0\ARM_GCC_493\Debug\Lesson13.a(UART.o)
 .debug_frame   0x00000280       0xe0 .\CortexM0\ARM_GCC_493\Debug\Lesson13.a(UART_UART.o)
 .debug_frame   0x00000360      0x3d0 .\CortexM0\ARM_GCC_493\Debug\Lesson13.a(CyLib.o)
 .debug_frame   0x00000730      0x3a8 .\CortexM0\ARM_GCC_493\Debug\Lesson13.a(CyLFClk.o)
 .debug_frame   0x00000ad8      0x3cc .\CortexM0\ARM_GCC_493\Debug\Lesson13.a(CapSense.o)
 .debug_frame   0x00000ea4      0x368 .\CortexM0\ARM_GCC_493\Debug\Lesson13.a(CapSense_CSHL.o)
 .debug_frame   0x0000120c       0x2c .\CortexM0\ARM_GCC_493\Debug\Lesson13.a(CapSense_INT.o)
 .debug_frame   0x00001238       0xec .\CortexM0\ARM_GCC_493\Debug\Lesson13.a(CapSense_SMS.o)
 .debug_frame   0x00001324       0x60 .\CortexM0\ARM_GCC_493\Debug\Lesson13.a(CapSense_SampleClk.o)
 .debug_frame   0x00001384       0x60 .\CortexM0\ARM_GCC_493\Debug\Lesson13.a(CapSense_SenseClk.o)
 .debug_frame   0x000013e4       0xb0 .\CortexM0\ARM_GCC_493\Debug\Lesson13.a(UART_SPI_UART.o)
 .debug_frame   0x00001494       0xec C:\Program Files (x86)\Cypress\PSoC Creator\3.3\PSoC Creator\psoc\content\cycomponentlibrary\CyComponentLibrary.cylib\CapSense_CSD_P4_v2_40\PSoC4\Library\CapsenseP4Library_GCC.a(CSD_P4_SmartSense_v2_40.o)
 .debug_frame   0x00001580       0x20 c:/program files (x86)/cypress/psoc creator/3.3/psoc creator/import/gnu/arm/4.9.3/bin/../lib/gcc/arm-none-eabi/4.9.3/armv6-m\libgcc.a(_udivsi3.o)
 .debug_frame   0x000015a0       0x20 c:/program files (x86)/cypress/psoc creator/3.3/psoc creator/import/gnu/arm/4.9.3/bin/../lib/gcc/arm-none-eabi/4.9.3/armv6-m\libgcc.a(_divsi3.o)
 .debug_frame   0x000015c0       0x20 c:/program files (x86)/cypress/psoc creator/3.3/psoc creator/import/gnu/arm/4.9.3/bin/../lib/gcc/arm-none-eabi/4.9.3/../../../../arm-none-eabi/lib/armv6-m\libg_nano.a(lib_a-errno.o)
 .debug_frame   0x000015e0       0x28 c:/program files (x86)/cypress/psoc creator/3.3/psoc creator/import/gnu/arm/4.9.3/bin/../lib/gcc/arm-none-eabi/4.9.3/../../../../arm-none-eabi/lib/armv6-m\libg_nano.a(lib_a-exit.o)
 .debug_frame   0x00001608       0x2c c:/program files (x86)/cypress/psoc creator/3.3/psoc creator/import/gnu/arm/4.9.3/bin/../lib/gcc/arm-none-eabi/4.9.3/../../../../arm-none-eabi/lib/armv6-m\libg_nano.a(lib_a-init.o)
 .debug_frame   0x00001634       0x20 c:/program files (x86)/cypress/psoc creator/3.3/psoc creator/import/gnu/arm/4.9.3/bin/../lib/gcc/arm-none-eabi/4.9.3/../../../../arm-none-eabi/lib/armv6-m\libg_nano.a(lib_a-memset.o)
 .debug_frame   0x00001654       0x50 c:/program files (x86)/cypress/psoc creator/3.3/psoc creator/import/gnu/arm/4.9.3/bin/../lib/gcc/arm-none-eabi/4.9.3/../../../../arm-none-eabi/lib/armv6-m\libg_nano.a(lib_a-sprintf.o)
 .debug_frame   0x000016a4       0x74 c:/program files (x86)/cypress/psoc creator/3.3/psoc creator/import/gnu/arm/4.9.3/bin/../lib/gcc/arm-none-eabi/4.9.3/../../../../arm-none-eabi/lib/armv6-m\libg_nano.a(lib_a-nano-svfprintf.o)
 .debug_frame   0x00001718       0x54 c:/program files (x86)/cypress/psoc creator/3.3/psoc creator/import/gnu/arm/4.9.3/bin/../lib/gcc/arm-none-eabi/4.9.3/../../../../arm-none-eabi/lib/armv6-m\libg_nano.a(lib_a-nano-vfprintf_i.o)
 .debug_frame   0x0000176c       0x20 c:/program files (x86)/cypress/psoc creator/3.3/psoc creator/import/gnu/arm/4.9.3/bin/../lib/gcc/arm-none-eabi/4.9.3/../../../../arm-none-eabi/lib/armv6-m\libg_nano.a(lib_a-memchr.o)
 .debug_frame   0x0000178c       0x28 c:/program files (x86)/cypress/psoc creator/3.3/psoc creator/import/gnu/arm/4.9.3/bin/../lib/gcc/arm-none-eabi/4.9.3/../../../../arm-none-eabi/lib/armv6-m\libg_nano.a(lib_a-memcpy.o)
 .debug_frame   0x000017b4       0x28 c:/program files (x86)/cypress/psoc creator/3.3/psoc creator/import/gnu/arm/4.9.3/bin/../lib/gcc/arm-none-eabi/4.9.3/../../../../arm-none-eabi/lib/armv6-m\libg_nano.a(lib_a-memmove.o)
 .debug_frame   0x000017dc       0x2c c:/program files (x86)/cypress/psoc creator/3.3/psoc creator/import/gnu/arm/4.9.3/bin/../lib/gcc/arm-none-eabi/4.9.3/../../../../arm-none-eabi/lib/armv6-m\libg_nano.a(lib_a-nano-freer.o)
 .debug_frame   0x00001808       0x2c c:/program files (x86)/cypress/psoc creator/3.3/psoc creator/import/gnu/arm/4.9.3/bin/../lib/gcc/arm-none-eabi/4.9.3/../../../../arm-none-eabi/lib/armv6-m\libg_nano.a(lib_a-nano-mallocr.o)
 .debug_frame   0x00001834       0x30 c:/program files (x86)/cypress/psoc creator/3.3/psoc creator/import/gnu/arm/4.9.3/bin/../lib/gcc/arm-none-eabi/4.9.3/../../../../arm-none-eabi/lib/armv6-m\libg_nano.a(lib_a-nano-reallocr.o)
 .debug_frame   0x00001864       0x2c c:/program files (x86)/cypress/psoc creator/3.3/psoc creator/import/gnu/arm/4.9.3/bin/../lib/gcc/arm-none-eabi/4.9.3/../../../../arm-none-eabi/lib/armv6-m\libg_nano.a(lib_a-sbrkr.o)
 .debug_frame   0x00001890       0x20 c:/program files (x86)/cypress/psoc creator/3.3/psoc creator/import/gnu/arm/4.9.3/bin/../lib/gcc/arm-none-eabi/4.9.3/../../../../arm-none-eabi/lib/armv6-m\libg_nano.a(lib_a-nano-msizer.o)
 .debug_frame   0x000018b0       0x48 c:/program files (x86)/cypress/psoc creator/3.3/psoc creator/import/gnu/arm/4.9.3/bin/../lib/gcc/arm-none-eabi/4.9.3/../../../../arm-none-eabi/lib/armv6-m\libg_nano.a(lib_a-reent.o)

.debug_str      0x00000000     0x284f
 *(.debug_str)
 .debug_str     0x00000000      0x210 .\CortexM0\ARM_GCC_493\Debug\main.o
                                0x253 (size before relaxing)
 .debug_str     0x00000210       0x61 .\CortexM0\ARM_GCC_493\Debug\cymetadata.o
                                0x1c2 (size before relaxing)
 .debug_str     0x00000271      0x15c .\CortexM0\ARM_GCC_493\Debug\Cm0Start.o
                                0x2e9 (size before relaxing)
 .debug_str     0x000003cd      0x12d .\CortexM0\ARM_GCC_493\Debug\Lesson13.a(cyfitter_cfg.o)
                                0x2f2 (size before relaxing)
 .debug_str     0x000004fa      0x115 .\CortexM0\ARM_GCC_493\Debug\Lesson13.a(UART.o)
                                0x29b (size before relaxing)
 .debug_str     0x0000060f      0x114 .\CortexM0\ARM_GCC_493\Debug\Lesson13.a(UART_UART.o)
                                0x2ea (size before relaxing)
 .debug_str     0x00000723      0x4ab .\CortexM0\ARM_GCC_493\Debug\Lesson13.a(CyLib.o)
                                0x67d (size before relaxing)
 .debug_str     0x00000bce      0x530 .\CortexM0\ARM_GCC_493\Debug\Lesson13.a(CyLFClk.o)
                                0x725 (size before relaxing)
 .debug_str     0x000010fe      0x860 .\CortexM0\ARM_GCC_493\Debug\Lesson13.a(CapSense.o)
                                0xac4 (size before relaxing)
 .debug_str     0x0000195e      0x7e7 .\CortexM0\ARM_GCC_493\Debug\Lesson13.a(CapSense_CSHL.o)
                                0xbd9 (size before relaxing)
 .debug_str     0x00002145       0x4a .\CortexM0\ARM_GCC_493\Debug\Lesson13.a(CapSense_INT.o)
                                0x277 (size before relaxing)
 .debug_str     0x0000218f      0x25c .\CortexM0\ARM_GCC_493\Debug\Lesson13.a(CapSense_SMS.o)
                                0x7cd (size before relaxing)
 .debug_str     0x000023eb       0xac .\CortexM0\ARM_GCC_493\Debug\Lesson13.a(CapSense_SampleClk.o)
                                0x27f (size before relaxing)
 .debug_str     0x00002497       0x81 .\CortexM0\ARM_GCC_493\Debug\Lesson13.a(CapSense_SenseClk.o)
                                0x279 (size before relaxing)
 .debug_str     0x00002518       0xe5 .\CortexM0\ARM_GCC_493\Debug\Lesson13.a(UART_SPI_UART.o)
                                0x2b6 (size before relaxing)
 .debug_str     0x000025fd      0x252 C:\Program Files (x86)\Cypress\PSoC Creator\3.3\PSoC Creator\psoc\content\cycomponentlibrary\CyComponentLibrary.cylib\CapSense_CSD_P4_v2_40\PSoC4\Library\CapsenseP4Library_GCC.a(CSD_P4_SmartSense_v2_40.o)
                                0x59f (size before relaxing)

.debug_loc      0x00000000     0x32fc
 *(.debug_loc)
 .debug_loc     0x00000000       0x49 .\CortexM0\ARM_GCC_493\Debug\main.o
 .debug_loc     0x00000049      0x14f .\CortexM0\ARM_GCC_493\Debug\Cm0Start.o
 .debug_loc     0x00000198      0x14d .\CortexM0\ARM_GCC_493\Debug\Lesson13.a(cyfitter_cfg.o)
 .debug_loc     0x000002e5       0x7e .\CortexM0\ARM_GCC_493\Debug\Lesson13.a(UART.o)
 .debug_loc     0x00000363      0x173 .\CortexM0\ARM_GCC_493\Debug\Lesson13.a(UART_UART.o)
 .debug_loc     0x000004d6      0x5b5 .\CortexM0\ARM_GCC_493\Debug\Lesson13.a(CyLib.o)
 .debug_loc     0x00000a8b      0x9d5 .\CortexM0\ARM_GCC_493\Debug\Lesson13.a(CyLFClk.o)
 .debug_loc     0x00001460      0xb06 .\CortexM0\ARM_GCC_493\Debug\Lesson13.a(CapSense.o)
 .debug_loc     0x00001f66      0xa21 .\CortexM0\ARM_GCC_493\Debug\Lesson13.a(CapSense_CSHL.o)
 .debug_loc     0x00002987      0x20f .\CortexM0\ARM_GCC_493\Debug\Lesson13.a(CapSense_SMS.o)
 .debug_loc     0x00002b96       0x21 .\CortexM0\ARM_GCC_493\Debug\Lesson13.a(CapSense_SampleClk.o)
 .debug_loc     0x00002bb7       0x21 .\CortexM0\ARM_GCC_493\Debug\Lesson13.a(CapSense_SenseClk.o)
 .debug_loc     0x00002bd8       0x96 .\CortexM0\ARM_GCC_493\Debug\Lesson13.a(UART_SPI_UART.o)
 .debug_loc     0x00002c6e      0x68e C:\Program Files (x86)\Cypress\PSoC Creator\3.3\PSoC Creator\psoc\content\cycomponentlibrary\CyComponentLibrary.cylib\CapSense_CSD_P4_v2_40\PSoC4\Library\CapsenseP4Library_GCC.a(CSD_P4_SmartSense_v2_40.o)

.debug_macinfo
 *(.debug_macinfo)

.debug_ranges   0x00000000      0x778
 *(.debug_ranges)
 .debug_ranges  0x00000000       0x10 .\CortexM0\ARM_GCC_493\Debug\main.o
 .debug_ranges  0x00000010       0x38 .\CortexM0\ARM_GCC_493\Debug\Cm0Start.o
 .debug_ranges  0x00000048       0x38 .\CortexM0\ARM_GCC_493\Debug\Lesson13.a(cyfitter_cfg.o)
 .debug_ranges  0x00000080       0x50 .\CortexM0\ARM_GCC_493\Debug\Lesson13.a(UART.o)
 .debug_ranges  0x000000d0       0x50 .\CortexM0\ARM_GCC_493\Debug\Lesson13.a(UART_UART.o)
 .debug_ranges  0x00000120      0x168 .\CortexM0\ARM_GCC_493\Debug\Lesson13.a(CyLib.o)
 .debug_ranges  0x00000288      0x128 .\CortexM0\ARM_GCC_493\Debug\Lesson13.a(CyLFClk.o)
 .debug_ranges  0x000003b0      0x148 .\CortexM0\ARM_GCC_493\Debug\Lesson13.a(CapSense.o)
 .debug_ranges  0x000004f8      0x138 .\CortexM0\ARM_GCC_493\Debug\Lesson13.a(CapSense_CSHL.o)
 .debug_ranges  0x00000630       0x10 .\CortexM0\ARM_GCC_493\Debug\Lesson13.a(CapSense_INT.o)
 .debug_ranges  0x00000640       0x50 .\CortexM0\ARM_GCC_493\Debug\Lesson13.a(CapSense_SMS.o)
 .debug_ranges  0x00000690       0x30 .\CortexM0\ARM_GCC_493\Debug\Lesson13.a(CapSense_SampleClk.o)
 .debug_ranges  0x000006c0       0x30 .\CortexM0\ARM_GCC_493\Debug\Lesson13.a(CapSense_SenseClk.o)
 .debug_ranges  0x000006f0       0x50 .\CortexM0\ARM_GCC_493\Debug\Lesson13.a(UART_SPI_UART.o)
 .debug_ranges  0x00000740       0x38 C:\Program Files (x86)\Cypress\PSoC Creator\3.3\PSoC Creator\psoc\content\cycomponentlibrary\CyComponentLibrary.cylib\CapSense_CSD_P4_v2_40\PSoC4\Library\CapsenseP4Library_GCC.a(CSD_P4_SmartSense_v2_40.o)

.comment        0x00000000       0x70
 .comment       0x00000000       0x70 .\CortexM0\ARM_GCC_493\Debug\main.o
                                 0x71 (size before relaxing)
 .comment       0x00000000       0x71 .\CortexM0\ARM_GCC_493\Debug\cymetadata.o
 .comment       0x00000000       0x71 .\CortexM0\ARM_GCC_493\Debug\Cm0Start.o
 .comment       0x00000000       0x71 .\CortexM0\ARM_GCC_493\Debug\Lesson13.a(cyfitter_cfg.o)
 .comment       0x00000000       0x71 .\CortexM0\ARM_GCC_493\Debug\Lesson13.a(UART.o)
 .comment       0x00000000       0x71 .\CortexM0\ARM_GCC_493\Debug\Lesson13.a(UART_UART.o)
 .comment       0x00000000       0x71 .\CortexM0\ARM_GCC_493\Debug\Lesson13.a(CyLib.o)
 .comment       0x00000000       0x71 .\CortexM0\ARM_GCC_493\Debug\Lesson13.a(CyLFClk.o)
 .comment       0x00000000       0x71 .\CortexM0\ARM_GCC_493\Debug\Lesson13.a(CapSense.o)
 .comment       0x00000000       0x71 .\CortexM0\ARM_GCC_493\Debug\Lesson13.a(CapSense_CSHL.o)
 .comment       0x00000000       0x71 .\CortexM0\ARM_GCC_493\Debug\Lesson13.a(CapSense_INT.o)
 .comment       0x00000000       0x71 .\CortexM0\ARM_GCC_493\Debug\Lesson13.a(CapSense_SMS.o)
 .comment       0x00000000       0x71 .\CortexM0\ARM_GCC_493\Debug\Lesson13.a(CapSense_SampleClk.o)
 .comment       0x00000000       0x71 .\CortexM0\ARM_GCC_493\Debug\Lesson13.a(CapSense_SenseClk.o)
 .comment       0x00000000       0x71 .\CortexM0\ARM_GCC_493\Debug\Lesson13.a(UART_SPI_UART.o)
 .comment       0x00000000       0x71 C:\Program Files (x86)\Cypress\PSoC Creator\3.3\PSoC Creator\psoc\content\cycomponentlibrary\CyComponentLibrary.cylib\CapSense_CSD_P4_v2_40\PSoC4\Library\CapsenseP4Library_GCC.a(CSD_P4_SmartSense_v2_40.o)

.debug_weaknames
 *(.debug_weaknames)

.debug_funcnames
 *(.debug_funcnames)

.debug_typenames
 *(.debug_typenames)

.debug_varnames
 *(.debug_varnames)

.note.gnu.arm.ident
 *(.note.gnu.arm.ident)

.ARM.attributes
                0x00000000       0x28
 *(.ARM.attributes)
 .ARM.attributes
                0x00000000       0x1e c:/program files (x86)/cypress/psoc creator/3.3/psoc creator/import/gnu/arm/4.9.3/bin/../lib/gcc/arm-none-eabi/4.9.3/armv6-m/crti.o
 .ARM.attributes
                0x0000001e       0x2c c:/program files (x86)/cypress/psoc creator/3.3/psoc creator/import/gnu/arm/4.9.3/bin/../lib/gcc/arm-none-eabi/4.9.3/armv6-m/crtbegin.o
 .ARM.attributes
                0x0000004a       0x1b c:/program files (x86)/cypress/psoc creator/3.3/psoc creator/import/gnu/arm/4.9.3/bin/../lib/gcc/arm-none-eabi/4.9.3/../../../../arm-none-eabi/lib/armv6-m/crt0.o
 .ARM.attributes
                0x00000065       0x31 .\CortexM0\ARM_GCC_493\Debug\main.o
 .ARM.attributes
                0x00000096       0x31 .\CortexM0\ARM_GCC_493\Debug\cymetadata.o
 .ARM.attributes
                0x000000c7       0x31 .\CortexM0\ARM_GCC_493\Debug\Cm0Start.o
 .ARM.attributes
                0x000000f8       0x31 .\CortexM0\ARM_GCC_493\Debug\Lesson13.a(cyfitter_cfg.o)
 .ARM.attributes
                0x00000129       0x31 .\CortexM0\ARM_GCC_493\Debug\Lesson13.a(UART.o)
 .ARM.attributes
                0x0000015a       0x31 .\CortexM0\ARM_GCC_493\Debug\Lesson13.a(UART_UART.o)
 .ARM.attributes
                0x0000018b       0x31 .\CortexM0\ARM_GCC_493\Debug\Lesson13.a(CyLib.o)
 .ARM.attributes
                0x000001bc       0x31 .\CortexM0\ARM_GCC_493\Debug\Lesson13.a(CyLFClk.o)
 .ARM.attributes
                0x000001ed       0x31 .\CortexM0\ARM_GCC_493\Debug\Lesson13.a(CapSense.o)
 .ARM.attributes
                0x0000021e       0x31 .\CortexM0\ARM_GCC_493\Debug\Lesson13.a(CapSense_CSHL.o)
 .ARM.attributes
                0x0000024f       0x31 .\CortexM0\ARM_GCC_493\Debug\Lesson13.a(CapSense_INT.o)
 .ARM.attributes
                0x00000280       0x31 .\CortexM0\ARM_GCC_493\Debug\Lesson13.a(CapSense_SMS.o)
 .ARM.attributes
                0x000002b1       0x31 .\CortexM0\ARM_GCC_493\Debug\Lesson13.a(CapSense_SampleClk.o)
 .ARM.attributes
                0x000002e2       0x31 .\CortexM0\ARM_GCC_493\Debug\Lesson13.a(CapSense_SenseClk.o)
 .ARM.attributes
                0x00000313       0x31 .\CortexM0\ARM_GCC_493\Debug\Lesson13.a(UART_SPI_UART.o)
 .ARM.attributes
                0x00000344       0x21 .\CortexM0\ARM_GCC_493\Debug\Lesson13.a(CyBootAsmGnu.o)
 .ARM.attributes
                0x00000365       0x31 C:\Program Files (x86)\Cypress\PSoC Creator\3.3\PSoC Creator\psoc\content\cycomponentlibrary\CyComponentLibrary.cylib\CapSense_CSD_P4_v2_40\PSoC4\Library\CapsenseP4Library_GCC.a(CSD_P4_SmartSense_v2_40.o)
 .ARM.attributes
                0x00000396       0x1e c:/program files (x86)/cypress/psoc creator/3.3/psoc creator/import/gnu/arm/4.9.3/bin/../lib/gcc/arm-none-eabi/4.9.3/armv6-m\libgcc.a(_udivsi3.o)
 .ARM.attributes
                0x000003b4       0x1e c:/program files (x86)/cypress/psoc creator/3.3/psoc creator/import/gnu/arm/4.9.3/bin/../lib/gcc/arm-none-eabi/4.9.3/armv6-m\libgcc.a(_divsi3.o)
 .ARM.attributes
                0x000003d2       0x1e c:/program files (x86)/cypress/psoc creator/3.3/psoc creator/import/gnu/arm/4.9.3/bin/../lib/gcc/arm-none-eabi/4.9.3/armv6-m\libgcc.a(_dvmd_tls.o)
 .ARM.attributes
                0x000003f0       0x2c c:/program files (x86)/cypress/psoc creator/3.3/psoc creator/import/gnu/arm/4.9.3/bin/../lib/gcc/arm-none-eabi/4.9.3/../../../../arm-none-eabi/lib/armv6-m\libg_nano.a(lib_a-errno.o)
 .ARM.attributes
                0x0000041c       0x2c c:/program files (x86)/cypress/psoc creator/3.3/psoc creator/import/gnu/arm/4.9.3/bin/../lib/gcc/arm-none-eabi/4.9.3/../../../../arm-none-eabi/lib/armv6-m\libg_nano.a(lib_a-exit.o)
 .ARM.attributes
                0x00000448       0x2c c:/program files (x86)/cypress/psoc creator/3.3/psoc creator/import/gnu/arm/4.9.3/bin/../lib/gcc/arm-none-eabi/4.9.3/../../../../arm-none-eabi/lib/armv6-m\libg_nano.a(lib_a-impure.o)
 .ARM.attributes
                0x00000474       0x2c c:/program files (x86)/cypress/psoc creator/3.3/psoc creator/import/gnu/arm/4.9.3/bin/../lib/gcc/arm-none-eabi/4.9.3/../../../../arm-none-eabi/lib/armv6-m\libg_nano.a(lib_a-init.o)
 .ARM.attributes
                0x000004a0       0x2c c:/program files (x86)/cypress/psoc creator/3.3/psoc creator/import/gnu/arm/4.9.3/bin/../lib/gcc/arm-none-eabi/4.9.3/../../../../arm-none-eabi/lib/armv6-m\libg_nano.a(lib_a-memset.o)
 .ARM.attributes
                0x000004cc       0x2c c:/program files (x86)/cypress/psoc creator/3.3/psoc creator/import/gnu/arm/4.9.3/bin/../lib/gcc/arm-none-eabi/4.9.3/../../../../arm-none-eabi/lib/armv6-m\libg_nano.a(lib_a-sprintf.o)
 .ARM.attributes
                0x000004f8       0x2c c:/program files (x86)/cypress/psoc creator/3.3/psoc creator/import/gnu/arm/4.9.3/bin/../lib/gcc/arm-none-eabi/4.9.3/../../../../arm-none-eabi/lib/armv6-m\libg_nano.a(lib_a-nano-svfprintf.o)
 .ARM.attributes
                0x00000524       0x2c c:/program files (x86)/cypress/psoc creator/3.3/psoc creator/import/gnu/arm/4.9.3/bin/../lib/gcc/arm-none-eabi/4.9.3/../../../../arm-none-eabi/lib/armv6-m\libg_nano.a(lib_a-nano-vfprintf_i.o)
 .ARM.attributes
                0x00000550       0x2c c:/program files (x86)/cypress/psoc creator/3.3/psoc creator/import/gnu/arm/4.9.3/bin/../lib/gcc/arm-none-eabi/4.9.3/../../../../arm-none-eabi/lib/armv6-m\libg_nano.a(lib_a-memchr.o)
 .ARM.attributes
                0x0000057c       0x2c c:/program files (x86)/cypress/psoc creator/3.3/psoc creator/import/gnu/arm/4.9.3/bin/../lib/gcc/arm-none-eabi/4.9.3/../../../../arm-none-eabi/lib/armv6-m\libg_nano.a(lib_a-memcpy.o)
 .ARM.attributes
                0x000005a8       0x2c c:/program files (x86)/cypress/psoc creator/3.3/psoc creator/import/gnu/arm/4.9.3/bin/../lib/gcc/arm-none-eabi/4.9.3/../../../../arm-none-eabi/lib/armv6-m\libg_nano.a(lib_a-memmove.o)
 .ARM.attributes
                0x000005d4       0x2c c:/program files (x86)/cypress/psoc creator/3.3/psoc creator/import/gnu/arm/4.9.3/bin/../lib/gcc/arm-none-eabi/4.9.3/../../../../arm-none-eabi/lib/armv6-m\libg_nano.a(lib_a-nano-freer.o)
 .ARM.attributes
                0x00000600       0x2c c:/program files (x86)/cypress/psoc creator/3.3/psoc creator/import/gnu/arm/4.9.3/bin/../lib/gcc/arm-none-eabi/4.9.3/../../../../arm-none-eabi/lib/armv6-m\libg_nano.a(lib_a-nano-mallocr.o)
 .ARM.attributes
                0x0000062c       0x2c c:/program files (x86)/cypress/psoc creator/3.3/psoc creator/import/gnu/arm/4.9.3/bin/../lib/gcc/arm-none-eabi/4.9.3/../../../../arm-none-eabi/lib/armv6-m\libg_nano.a(lib_a-nano-reallocr.o)
 .ARM.attributes
                0x00000658       0x2c c:/program files (x86)/cypress/psoc creator/3.3/psoc creator/import/gnu/arm/4.9.3/bin/../lib/gcc/arm-none-eabi/4.9.3/../../../../arm-none-eabi/lib/armv6-m\libg_nano.a(lib_a-sbrkr.o)
 .ARM.attributes
                0x00000684       0x2c c:/program files (x86)/cypress/psoc creator/3.3/psoc creator/import/gnu/arm/4.9.3/bin/../lib/gcc/arm-none-eabi/4.9.3/../../../../arm-none-eabi/lib/armv6-m\libg_nano.a(lib_a-nano-msizer.o)
 .ARM.attributes
                0x000006b0       0x2c c:/program files (x86)/cypress/psoc creator/3.3/psoc creator/import/gnu/arm/4.9.3/bin/../lib/gcc/arm-none-eabi/4.9.3/../../../../arm-none-eabi/lib/armv6-m\libg_nano.a(lib_a-reent.o)
 .ARM.attributes
                0x000006dc       0x2c c:/program files (x86)/cypress/psoc creator/3.3/psoc creator/import/gnu/arm/4.9.3/bin/../lib/gcc/arm-none-eabi/4.9.3/armv6-m/crtend.o
 .ARM.attributes
                0x00000708       0x1e c:/program files (x86)/cypress/psoc creator/3.3/psoc creator/import/gnu/arm/4.9.3/bin/../lib/gcc/arm-none-eabi/4.9.3/armv6-m/crtn.o

/DISCARD/
 *(.note.GNU-stack)
OUTPUT(.\CortexM0\ARM_GCC_493\Debug\Lesson13.elf elf32-littlearm)
