Archive member included because of file (symbol)

.\CortexM0\ARM_GCC_493\Debug\Lesson9_Copy_01.a(cyfitter_cfg.o)
                              .\CortexM0\ARM_GCC_493\Debug\Cm0Start.o (cyfitter_cfg)
.\CortexM0\ARM_GCC_493\Debug\Lesson9_Copy_01.a(CyLib.o)
                              .\CortexM0\ARM_GCC_493\Debug\Lesson9_Copy_01.a(cyfitter_cfg.o) (CyIntEnable)
.\CortexM0\ARM_GCC_493\Debug\Lesson9_Copy_01.a(CyLFClk.o)
                              .\CortexM0\ARM_GCC_493\Debug\Lesson9_Copy_01.a(cyfitter_cfg.o) (CySysWdtIsr)
.\CortexM0\ARM_GCC_493\Debug\Lesson9_Copy_01.a(PWM.o)
                              .\CortexM0\ARM_GCC_493\Debug\main.o (PWM_WriteCompare)
.\CortexM0\ARM_GCC_493\Debug\Lesson9_Copy_01.a(Timer.o)
                              .\CortexM0\ARM_GCC_493\Debug\main.o (Timer_ReadCapture)
.\CortexM0\ARM_GCC_493\Debug\Lesson9_Copy_01.a(Timer_Int.o)
                              .\CortexM0\ARM_GCC_493\Debug\main.o (Timer_Int_StartEx)
.\CortexM0\ARM_GCC_493\Debug\Lesson9_Copy_01.a(CyBootAsmGnu.o)
                              .\CortexM0\ARM_GCC_493\Debug\Lesson9_Copy_01.a(CyLib.o) (CyDelayCycles)
c:/program files (x86)/cypress/psoc creator/3.3/psoc creator/import/gnu/arm/4.9.3/bin/../lib/gcc/arm-none-eabi/4.9.3/armv6-m\libgcc.a(_udivsi3.o)
                              .\CortexM0\ARM_GCC_493\Debug\Lesson9_Copy_01.a(CyLib.o) (__aeabi_uidiv)
c:/program files (x86)/cypress/psoc creator/3.3/psoc creator/import/gnu/arm/4.9.3/bin/../lib/gcc/arm-none-eabi/4.9.3/armv6-m\libgcc.a(_dvmd_tls.o)
                              c:/program files (x86)/cypress/psoc creator/3.3/psoc creator/import/gnu/arm/4.9.3/bin/../lib/gcc/arm-none-eabi/4.9.3/armv6-m\libgcc.a(_udivsi3.o) (__aeabi_idiv0)
c:/program files (x86)/cypress/psoc creator/3.3/psoc creator/import/gnu/arm/4.9.3/bin/../lib/gcc/arm-none-eabi/4.9.3/../../../../arm-none-eabi/lib/armv6-m\libg_nano.a(lib_a-errno.o)
                              .\CortexM0\ARM_GCC_493\Debug\Cm0Start.o (__errno)
c:/program files (x86)/cypress/psoc creator/3.3/psoc creator/import/gnu/arm/4.9.3/bin/../lib/gcc/arm-none-eabi/4.9.3/../../../../arm-none-eabi/lib/armv6-m\libg_nano.a(lib_a-exit.o)
                              c:/program files (x86)/cypress/psoc creator/3.3/psoc creator/import/gnu/arm/4.9.3/bin/../lib/gcc/arm-none-eabi/4.9.3/../../../../arm-none-eabi/lib/armv6-m/crt0.o (exit)
c:/program files (x86)/cypress/psoc creator/3.3/psoc creator/import/gnu/arm/4.9.3/bin/../lib/gcc/arm-none-eabi/4.9.3/../../../../arm-none-eabi/lib/armv6-m\libg_nano.a(lib_a-impure.o)
                              c:/program files (x86)/cypress/psoc creator/3.3/psoc creator/import/gnu/arm/4.9.3/bin/../lib/gcc/arm-none-eabi/4.9.3/../../../../arm-none-eabi/lib/armv6-m\libg_nano.a(lib_a-exit.o) (_global_impure_ptr)
c:/program files (x86)/cypress/psoc creator/3.3/psoc creator/import/gnu/arm/4.9.3/bin/../lib/gcc/arm-none-eabi/4.9.3/../../../../arm-none-eabi/lib/armv6-m\libg_nano.a(lib_a-init.o)
                              c:/program files (x86)/cypress/psoc creator/3.3/psoc creator/import/gnu/arm/4.9.3/bin/../lib/gcc/arm-none-eabi/4.9.3/../../../../arm-none-eabi/lib/armv6-m/crt0.o (__libc_init_array)
c:/program files (x86)/cypress/psoc creator/3.3/psoc creator/import/gnu/arm/4.9.3/bin/../lib/gcc/arm-none-eabi/4.9.3/../../../../arm-none-eabi/lib/armv6-m\libg_nano.a(lib_a-memset.o)
                              c:/program files (x86)/cypress/psoc creator/3.3/psoc creator/import/gnu/arm/4.9.3/bin/../lib/gcc/arm-none-eabi/4.9.3/../../../../arm-none-eabi/lib/armv6-m/crt0.o (memset)

Discarded input sections

 .text          0x00000000        0x0 c:/program files (x86)/cypress/psoc creator/3.3/psoc creator/import/gnu/arm/4.9.3/bin/../lib/gcc/arm-none-eabi/4.9.3/armv6-m/crti.o
 .data          0x00000000        0x0 c:/program files (x86)/cypress/psoc creator/3.3/psoc creator/import/gnu/arm/4.9.3/bin/../lib/gcc/arm-none-eabi/4.9.3/armv6-m/crti.o
 .bss           0x00000000        0x0 c:/program files (x86)/cypress/psoc creator/3.3/psoc creator/import/gnu/arm/4.9.3/bin/../lib/gcc/arm-none-eabi/4.9.3/armv6-m/crti.o
 .data          0x00000000        0x4 c:/program files (x86)/cypress/psoc creator/3.3/psoc creator/import/gnu/arm/4.9.3/bin/../lib/gcc/arm-none-eabi/4.9.3/armv6-m/crtbegin.o
 .text          0x00000000       0x78 c:/program files (x86)/cypress/psoc creator/3.3/psoc creator/import/gnu/arm/4.9.3/bin/../lib/gcc/arm-none-eabi/4.9.3/../../../../arm-none-eabi/lib/armv6-m/crt0.o
 .data          0x00000000        0x0 c:/program files (x86)/cypress/psoc creator/3.3/psoc creator/import/gnu/arm/4.9.3/bin/../lib/gcc/arm-none-eabi/4.9.3/../../../../arm-none-eabi/lib/armv6-m/crt0.o
 .bss           0x00000000        0x0 c:/program files (x86)/cypress/psoc creator/3.3/psoc creator/import/gnu/arm/4.9.3/bin/../lib/gcc/arm-none-eabi/4.9.3/../../../../arm-none-eabi/lib/armv6-m/crt0.o
 .ARM.extab     0x00000000        0x0 c:/program files (x86)/cypress/psoc creator/3.3/psoc creator/import/gnu/arm/4.9.3/bin/../lib/gcc/arm-none-eabi/4.9.3/../../../../arm-none-eabi/lib/armv6-m/crt0.o
 .ARM.exidx     0x00000000        0x8 c:/program files (x86)/cypress/psoc creator/3.3/psoc creator/import/gnu/arm/4.9.3/bin/../lib/gcc/arm-none-eabi/4.9.3/../../../../arm-none-eabi/lib/armv6-m/crt0.o
 .text          0x00000000        0x0 .\CortexM0\ARM_GCC_493\Debug\main.o
 .data          0x00000000        0x0 .\CortexM0\ARM_GCC_493\Debug\main.o
 .bss           0x00000000        0x0 .\CortexM0\ARM_GCC_493\Debug\main.o
 .text          0x00000000        0x0 .\CortexM0\ARM_GCC_493\Debug\cymetadata.o
 .data          0x00000000        0x0 .\CortexM0\ARM_GCC_493\Debug\cymetadata.o
 .bss           0x00000000        0x0 .\CortexM0\ARM_GCC_493\Debug\cymetadata.o
 .text          0x00000000        0x0 .\CortexM0\ARM_GCC_493\Debug\Cm0Start.o
 .data          0x00000000        0x4 .\CortexM0\ARM_GCC_493\Debug\Cm0Start.o
 .bss           0x00000000        0x0 .\CortexM0\ARM_GCC_493\Debug\Cm0Start.o
 .text._exit    0x00000000        0xc .\CortexM0\ARM_GCC_493\Debug\Cm0Start.o
 .text._sbrk    0x00000000       0x30 .\CortexM0\ARM_GCC_493\Debug\Cm0Start.o
 .text          0x00000000        0x0 .\CortexM0\ARM_GCC_493\Debug\Lesson9_Copy_01.a(cyfitter_cfg.o)
 .data          0x00000000        0x0 .\CortexM0\ARM_GCC_493\Debug\Lesson9_Copy_01.a(cyfitter_cfg.o)
 .bss           0x00000000        0x0 .\CortexM0\ARM_GCC_493\Debug\Lesson9_Copy_01.a(cyfitter_cfg.o)
 .text          0x00000000        0x0 .\CortexM0\ARM_GCC_493\Debug\Lesson9_Copy_01.a(CyLib.o)
 .bss           0x00000000       0x18 .\CortexM0\ARM_GCC_493\Debug\Lesson9_Copy_01.a(CyLib.o)
 .text.CySysClkImoStart
                0x00000000       0x14 .\CortexM0\ARM_GCC_493\Debug\Lesson9_Copy_01.a(CyLib.o)
 .text.CySysClkImoStop
                0x00000000       0x10 .\CortexM0\ARM_GCC_493\Debug\Lesson9_Copy_01.a(CyLib.o)
 .text.CySysClkWriteHfclkDirect
                0x00000000       0x20 .\CortexM0\ARM_GCC_493\Debug\Lesson9_Copy_01.a(CyLib.o)
 .text.CySysClkGetSysclkSource
                0x00000000       0x1c .\CortexM0\ARM_GCC_493\Debug\Lesson9_Copy_01.a(CyLib.o)
 .text.CySysClkWriteSysclkDiv
                0x00000000       0x28 .\CortexM0\ARM_GCC_493\Debug\Lesson9_Copy_01.a(CyLib.o)
 .text.CySysLvdDisable
                0x00000000       0x20 .\CortexM0\ARM_GCC_493\Debug\Lesson9_Copy_01.a(CyLib.o)
 .text.CySysLvdGetInterruptSource
                0x00000000       0x10 .\CortexM0\ARM_GCC_493\Debug\Lesson9_Copy_01.a(CyLib.o)
 .text.CySysLvdClearInterrupt
                0x00000000        0xc .\CortexM0\ARM_GCC_493\Debug\Lesson9_Copy_01.a(CyLib.o)
 .text.CySysGetResetReason
                0x00000000       0x14 .\CortexM0\ARM_GCC_493\Debug\Lesson9_Copy_01.a(CyLib.o)
 .text.CyDisableInts
                0x00000000       0x10 .\CortexM0\ARM_GCC_493\Debug\Lesson9_Copy_01.a(CyLib.o)
 .text.CyEnableInts
                0x00000000        0xc .\CortexM0\ARM_GCC_493\Debug\Lesson9_Copy_01.a(CyLib.o)
 .text.CyIntGetState
                0x00000000       0x18 .\CortexM0\ARM_GCC_493\Debug\Lesson9_Copy_01.a(CyLib.o)
 .text.CyIntDisable
                0x00000000       0x14 .\CortexM0\ARM_GCC_493\Debug\Lesson9_Copy_01.a(CyLib.o)
 .text.CyIntSetPending
                0x00000000       0x14 .\CortexM0\ARM_GCC_493\Debug\Lesson9_Copy_01.a(CyLib.o)
 .text.CyIntClearPending
                0x00000000       0x14 .\CortexM0\ARM_GCC_493\Debug\Lesson9_Copy_01.a(CyLib.o)
 .text.CyIntSetSysVector
                0x00000000       0x20 .\CortexM0\ARM_GCC_493\Debug\Lesson9_Copy_01.a(CyLib.o)
 .text.CyIntGetSysVector
                0x00000000       0x1c .\CortexM0\ARM_GCC_493\Debug\Lesson9_Copy_01.a(CyLib.o)
 .text.CyIntGetVector
                0x00000000       0x20 .\CortexM0\ARM_GCC_493\Debug\Lesson9_Copy_01.a(CyLib.o)
 .text.CyIntSetPriority
                0x00000000       0x4c .\CortexM0\ARM_GCC_493\Debug\Lesson9_Copy_01.a(CyLib.o)
 .text.CyIntGetPriority
                0x00000000       0x2c .\CortexM0\ARM_GCC_493\Debug\Lesson9_Copy_01.a(CyLib.o)
 .text.CySoftwareReset
                0x00000000       0x18 .\CortexM0\ARM_GCC_493\Debug\Lesson9_Copy_01.a(CyLib.o)
 .text.CyDelay  0x00000000       0x30 .\CortexM0\ARM_GCC_493\Debug\Lesson9_Copy_01.a(CyLib.o)
 .text.CySysLvdEnable
                0x00000000       0x44 .\CortexM0\ARM_GCC_493\Debug\Lesson9_Copy_01.a(CyLib.o)
 .text.CyDelayFreq
                0x00000000       0x4c .\CortexM0\ARM_GCC_493\Debug\Lesson9_Copy_01.a(CyLib.o)
 .text.CySysTickStop
                0x00000000       0x10 .\CortexM0\ARM_GCC_493\Debug\Lesson9_Copy_01.a(CyLib.o)
 .text.CySysTickEnableInterrupt
                0x00000000       0x10 .\CortexM0\ARM_GCC_493\Debug\Lesson9_Copy_01.a(CyLib.o)
 .text.CySysTickEnable
                0x00000000       0x18 .\CortexM0\ARM_GCC_493\Debug\Lesson9_Copy_01.a(CyLib.o)
 .text.CySysTickDisableInterrupt
                0x00000000       0x10 .\CortexM0\ARM_GCC_493\Debug\Lesson9_Copy_01.a(CyLib.o)
 .text.CySysTickSetReload
                0x00000000       0x10 .\CortexM0\ARM_GCC_493\Debug\Lesson9_Copy_01.a(CyLib.o)
 .text.CySysTickGetReload
                0x00000000       0x10 .\CortexM0\ARM_GCC_493\Debug\Lesson9_Copy_01.a(CyLib.o)
 .text.CySysTickGetValue
                0x00000000       0x10 .\CortexM0\ARM_GCC_493\Debug\Lesson9_Copy_01.a(CyLib.o)
 .text.CySysTickGetCountFlag
                0x00000000       0x10 .\CortexM0\ARM_GCC_493\Debug\Lesson9_Copy_01.a(CyLib.o)
 .text.CySysTickServiceCallbacks
                0x00000000       0x28 .\CortexM0\ARM_GCC_493\Debug\Lesson9_Copy_01.a(CyLib.o)
 .text.CySysTickClear
                0x00000000        0xc .\CortexM0\ARM_GCC_493\Debug\Lesson9_Copy_01.a(CyLib.o)
 .text.CySysTickInit
                0x00000000       0x44 .\CortexM0\ARM_GCC_493\Debug\Lesson9_Copy_01.a(CyLib.o)
 .text.CySysTickStart
                0x00000000       0x20 .\CortexM0\ARM_GCC_493\Debug\Lesson9_Copy_01.a(CyLib.o)
 .text.CySysTickSetCallback
                0x00000000       0x10 .\CortexM0\ARM_GCC_493\Debug\Lesson9_Copy_01.a(CyLib.o)
 .text.CySysTickGetCallback
                0x00000000        0xc .\CortexM0\ARM_GCC_493\Debug\Lesson9_Copy_01.a(CyLib.o)
 .text.CyGetUniqueId
                0x00000000       0x70 .\CortexM0\ARM_GCC_493\Debug\Lesson9_Copy_01.a(CyLib.o)
 .text          0x00000000        0x0 .\CortexM0\ARM_GCC_493\Debug\Lesson9_Copy_01.a(CyLFClk.o)
 .text.CySysClkIloEnabled
                0x00000000       0x14 .\CortexM0\ARM_GCC_493\Debug\Lesson9_Copy_01.a(CyLFClk.o)
 .text.CySysClkIloStart
                0x00000000       0x14 .\CortexM0\ARM_GCC_493\Debug\Lesson9_Copy_01.a(CyLFClk.o)
 .text.CySysClkIloStartMeasurement
                0x00000000       0x34 .\CortexM0\ARM_GCC_493\Debug\Lesson9_Copy_01.a(CyLFClk.o)
 .text.CySysClkIloStopMeasurement
                0x00000000       0x14 .\CortexM0\ARM_GCC_493\Debug\Lesson9_Copy_01.a(CyLFClk.o)
 .text.CySysClkIloCompensate
                0x00000000      0x108 .\CortexM0\ARM_GCC_493\Debug\Lesson9_Copy_01.a(CyLFClk.o)
 .text.CySysWdtGetEnabledStatus
                0x00000000       0x24 .\CortexM0\ARM_GCC_493\Debug\Lesson9_Copy_01.a(CyLFClk.o)
 .text.CySysWdtSetMode
                0x00000000       0x38 .\CortexM0\ARM_GCC_493\Debug\Lesson9_Copy_01.a(CyLFClk.o)
 .text.CySysClkLfclkPosedgeRestore
                0x00000000       0x2c .\CortexM0\ARM_GCC_493\Debug\Lesson9_Copy_01.a(CyLFClk.o)
 .text.CySysWdtGetMode
                0x00000000       0x14 .\CortexM0\ARM_GCC_493\Debug\Lesson9_Copy_01.a(CyLFClk.o)
 .text.CySysWdtSetClearOnMatch
                0x00000000       0x38 .\CortexM0\ARM_GCC_493\Debug\Lesson9_Copy_01.a(CyLFClk.o)
 .text.CySysWdtGetClearOnMatch
                0x00000000       0x24 .\CortexM0\ARM_GCC_493\Debug\Lesson9_Copy_01.a(CyLFClk.o)
 .text.CySysWdtEnable
                0x00000000       0x40 .\CortexM0\ARM_GCC_493\Debug\Lesson9_Copy_01.a(CyLFClk.o)
 .text.CySysWdtDisable
                0x00000000       0x44 .\CortexM0\ARM_GCC_493\Debug\Lesson9_Copy_01.a(CyLFClk.o)
 .text.CySysWdtSetCascade
                0x00000000       0x34 .\CortexM0\ARM_GCC_493\Debug\Lesson9_Copy_01.a(CyLFClk.o)
 .text.CySysWdtGetCascade
                0x00000000       0x14 .\CortexM0\ARM_GCC_493\Debug\Lesson9_Copy_01.a(CyLFClk.o)
 .text.CySysWdtSetMatch
                0x00000000       0x3c .\CortexM0\ARM_GCC_493\Debug\Lesson9_Copy_01.a(CyLFClk.o)
 .text.CySysWdtSetToggleBit
                0x00000000       0x2c .\CortexM0\ARM_GCC_493\Debug\Lesson9_Copy_01.a(CyLFClk.o)
 .text.CySysWdtGetToggleBit
                0x00000000       0x10 .\CortexM0\ARM_GCC_493\Debug\Lesson9_Copy_01.a(CyLFClk.o)
 .text.CySysWdtGetMatch
                0x00000000       0x20 .\CortexM0\ARM_GCC_493\Debug\Lesson9_Copy_01.a(CyLFClk.o)
 .text.CySysWdtGetCount
                0x00000000       0x3c .\CortexM0\ARM_GCC_493\Debug\Lesson9_Copy_01.a(CyLFClk.o)
 .text.CySysClkLfclkPosedgeCatch
                0x00000000       0x74 .\CortexM0\ARM_GCC_493\Debug\Lesson9_Copy_01.a(CyLFClk.o)
 .text.CySysClkIloStop
                0x00000000       0x38 .\CortexM0\ARM_GCC_493\Debug\Lesson9_Copy_01.a(CyLFClk.o)
 .text.CySysWdtGetInterruptSource
                0x00000000       0x14 .\CortexM0\ARM_GCC_493\Debug\Lesson9_Copy_01.a(CyLFClk.o)
 .text.CySysWdtResetCounters
                0x00000000       0x20 .\CortexM0\ARM_GCC_493\Debug\Lesson9_Copy_01.a(CyLFClk.o)
 .text.CySysWdtSetInterruptCallback
                0x00000000       0x20 .\CortexM0\ARM_GCC_493\Debug\Lesson9_Copy_01.a(CyLFClk.o)
 .text.CySysWdtGetInterruptCallback
                0x00000000       0x20 .\CortexM0\ARM_GCC_493\Debug\Lesson9_Copy_01.a(CyLFClk.o)
 .text.CySysWdtEnableCounterIsr
                0x00000000       0x34 .\CortexM0\ARM_GCC_493\Debug\Lesson9_Copy_01.a(CyLFClk.o)
 .text.CySysWdtDisableCounterIsr
                0x00000000       0x28 .\CortexM0\ARM_GCC_493\Debug\Lesson9_Copy_01.a(CyLFClk.o)
 .text.CySysWatchdogFeed
                0x00000000       0x60 .\CortexM0\ARM_GCC_493\Debug\Lesson9_Copy_01.a(CyLFClk.o)
 .text.CySysTimerDelayUntilMatch
                0x00000000       0x6c .\CortexM0\ARM_GCC_493\Debug\Lesson9_Copy_01.a(CyLFClk.o)
 .text.CySysTimerDelay
                0x00000000       0x3c .\CortexM0\ARM_GCC_493\Debug\Lesson9_Copy_01.a(CyLFClk.o)
 .rodata        0x00000000        0xc .\CortexM0\ARM_GCC_493\Debug\Lesson9_Copy_01.a(CyLFClk.o)
 .text          0x00000000        0x0 .\CortexM0\ARM_GCC_493\Debug\Lesson9_Copy_01.a(PWM.o)
 .data          0x00000000        0x0 .\CortexM0\ARM_GCC_493\Debug\Lesson9_Copy_01.a(PWM.o)
 .text.PWM_Stop
                0x00000000       0x1c .\CortexM0\ARM_GCC_493\Debug\Lesson9_Copy_01.a(PWM.o)
 .text.PWM_SetMode
                0x00000000       0x28 .\CortexM0\ARM_GCC_493\Debug\Lesson9_Copy_01.a(PWM.o)
 .text.PWM_SetQDMode
                0x00000000       0x28 .\CortexM0\ARM_GCC_493\Debug\Lesson9_Copy_01.a(PWM.o)
 .text.PWM_SetPrescaler
                0x00000000       0x28 .\CortexM0\ARM_GCC_493\Debug\Lesson9_Copy_01.a(PWM.o)
 .text.PWM_SetOneShot
                0x00000000       0x2c .\CortexM0\ARM_GCC_493\Debug\Lesson9_Copy_01.a(PWM.o)
 .text.PWM_SetPWMMode
                0x00000000       0x10 .\CortexM0\ARM_GCC_493\Debug\Lesson9_Copy_01.a(PWM.o)
 .text.PWM_SetPWMSyncKill
                0x00000000       0x28 .\CortexM0\ARM_GCC_493\Debug\Lesson9_Copy_01.a(PWM.o)
 .text.PWM_SetPWMStopOnKill
                0x00000000       0x28 .\CortexM0\ARM_GCC_493\Debug\Lesson9_Copy_01.a(PWM.o)
 .text.PWM_SetPWMDeadTime
                0x00000000       0x2c .\CortexM0\ARM_GCC_493\Debug\Lesson9_Copy_01.a(PWM.o)
 .text.PWM_SetPWMInvert
                0x00000000       0x28 .\CortexM0\ARM_GCC_493\Debug\Lesson9_Copy_01.a(PWM.o)
 .text.PWM_ReadCounter
                0x00000000       0x10 .\CortexM0\ARM_GCC_493\Debug\Lesson9_Copy_01.a(PWM.o)
 .text.PWM_SetCounterMode
                0x00000000       0x28 .\CortexM0\ARM_GCC_493\Debug\Lesson9_Copy_01.a(PWM.o)
 .text.PWM_ReadPeriod
                0x00000000       0x10 .\CortexM0\ARM_GCC_493\Debug\Lesson9_Copy_01.a(PWM.o)
 .text.PWM_SetCompareSwap
                0x00000000       0x24 .\CortexM0\ARM_GCC_493\Debug\Lesson9_Copy_01.a(PWM.o)
 .text.PWM_WritePeriodBuf
                0x00000000       0x10 .\CortexM0\ARM_GCC_493\Debug\Lesson9_Copy_01.a(PWM.o)
 .text.PWM_ReadPeriodBuf
                0x00000000       0x10 .\CortexM0\ARM_GCC_493\Debug\Lesson9_Copy_01.a(PWM.o)
 .text.PWM_SetPeriodSwap
                0x00000000       0x28 .\CortexM0\ARM_GCC_493\Debug\Lesson9_Copy_01.a(PWM.o)
 .text.PWM_ReadCompare
                0x00000000       0x10 .\CortexM0\ARM_GCC_493\Debug\Lesson9_Copy_01.a(PWM.o)
 .text.PWM_WriteCompareBuf
                0x00000000       0x10 .\CortexM0\ARM_GCC_493\Debug\Lesson9_Copy_01.a(PWM.o)
 .text.PWM_ReadCompareBuf
                0x00000000       0x10 .\CortexM0\ARM_GCC_493\Debug\Lesson9_Copy_01.a(PWM.o)
 .text.PWM_ReadCapture
                0x00000000       0x10 .\CortexM0\ARM_GCC_493\Debug\Lesson9_Copy_01.a(PWM.o)
 .text.PWM_ReadCaptureBuf
                0x00000000       0x10 .\CortexM0\ARM_GCC_493\Debug\Lesson9_Copy_01.a(PWM.o)
 .text.PWM_SetCaptureMode
                0x00000000       0x24 .\CortexM0\ARM_GCC_493\Debug\Lesson9_Copy_01.a(PWM.o)
 .text.PWM_SetReloadMode
                0x00000000       0x24 .\CortexM0\ARM_GCC_493\Debug\Lesson9_Copy_01.a(PWM.o)
 .text.PWM_SetStartMode
                0x00000000       0x28 .\CortexM0\ARM_GCC_493\Debug\Lesson9_Copy_01.a(PWM.o)
 .text.PWM_SetStopMode
                0x00000000       0x24 .\CortexM0\ARM_GCC_493\Debug\Lesson9_Copy_01.a(PWM.o)
 .text.PWM_SetCountMode
                0x00000000       0x24 .\CortexM0\ARM_GCC_493\Debug\Lesson9_Copy_01.a(PWM.o)
 .text.PWM_ReadStatus
                0x00000000       0x14 .\CortexM0\ARM_GCC_493\Debug\Lesson9_Copy_01.a(PWM.o)
 .text.PWM_GetInterruptSourceMasked
                0x00000000        0xc .\CortexM0\ARM_GCC_493\Debug\Lesson9_Copy_01.a(PWM.o)
 .text.PWM_GetInterruptSource
                0x00000000        0xc .\CortexM0\ARM_GCC_493\Debug\Lesson9_Copy_01.a(PWM.o)
 .text.PWM_ClearInterrupt
                0x00000000        0xc .\CortexM0\ARM_GCC_493\Debug\Lesson9_Copy_01.a(PWM.o)
 .text.PWM_SetInterrupt
                0x00000000        0xc .\CortexM0\ARM_GCC_493\Debug\Lesson9_Copy_01.a(PWM.o)
 .text          0x00000000        0x0 .\CortexM0\ARM_GCC_493\Debug\Lesson9_Copy_01.a(Timer.o)
 .data          0x00000000        0x0 .\CortexM0\ARM_GCC_493\Debug\Lesson9_Copy_01.a(Timer.o)
 .text.Timer_Stop
                0x00000000       0x1c .\CortexM0\ARM_GCC_493\Debug\Lesson9_Copy_01.a(Timer.o)
 .text.Timer_SetMode
                0x00000000       0x28 .\CortexM0\ARM_GCC_493\Debug\Lesson9_Copy_01.a(Timer.o)
 .text.Timer_SetQDMode
                0x00000000       0x28 .\CortexM0\ARM_GCC_493\Debug\Lesson9_Copy_01.a(Timer.o)
 .text.Timer_SetPrescaler
                0x00000000       0x28 .\CortexM0\ARM_GCC_493\Debug\Lesson9_Copy_01.a(Timer.o)
 .text.Timer_SetOneShot
                0x00000000       0x2c .\CortexM0\ARM_GCC_493\Debug\Lesson9_Copy_01.a(Timer.o)
 .text.Timer_SetPWMMode
                0x00000000       0x10 .\CortexM0\ARM_GCC_493\Debug\Lesson9_Copy_01.a(Timer.o)
 .text.Timer_SetPWMSyncKill
                0x00000000       0x28 .\CortexM0\ARM_GCC_493\Debug\Lesson9_Copy_01.a(Timer.o)
 .text.Timer_SetPWMStopOnKill
                0x00000000       0x28 .\CortexM0\ARM_GCC_493\Debug\Lesson9_Copy_01.a(Timer.o)
 .text.Timer_SetPWMDeadTime
                0x00000000       0x2c .\CortexM0\ARM_GCC_493\Debug\Lesson9_Copy_01.a(Timer.o)
 .text.Timer_SetPWMInvert
                0x00000000       0x28 .\CortexM0\ARM_GCC_493\Debug\Lesson9_Copy_01.a(Timer.o)
 .text.Timer_ReadCounter
                0x00000000       0x10 .\CortexM0\ARM_GCC_493\Debug\Lesson9_Copy_01.a(Timer.o)
 .text.Timer_SetCounterMode
                0x00000000       0x28 .\CortexM0\ARM_GCC_493\Debug\Lesson9_Copy_01.a(Timer.o)
 .text.Timer_ReadPeriod
                0x00000000       0x10 .\CortexM0\ARM_GCC_493\Debug\Lesson9_Copy_01.a(Timer.o)
 .text.Timer_SetCompareSwap
                0x00000000       0x24 .\CortexM0\ARM_GCC_493\Debug\Lesson9_Copy_01.a(Timer.o)
 .text.Timer_WritePeriodBuf
                0x00000000       0x10 .\CortexM0\ARM_GCC_493\Debug\Lesson9_Copy_01.a(Timer.o)
 .text.Timer_ReadPeriodBuf
                0x00000000       0x10 .\CortexM0\ARM_GCC_493\Debug\Lesson9_Copy_01.a(Timer.o)
 .text.Timer_SetPeriodSwap
                0x00000000       0x28 .\CortexM0\ARM_GCC_493\Debug\Lesson9_Copy_01.a(Timer.o)
 .text.Timer_WriteCompare
                0x00000000       0x10 .\CortexM0\ARM_GCC_493\Debug\Lesson9_Copy_01.a(Timer.o)
 .text.Timer_ReadCompare
                0x00000000       0x10 .\CortexM0\ARM_GCC_493\Debug\Lesson9_Copy_01.a(Timer.o)
 .text.Timer_WriteCompareBuf
                0x00000000       0x10 .\CortexM0\ARM_GCC_493\Debug\Lesson9_Copy_01.a(Timer.o)
 .text.Timer_ReadCompareBuf
                0x00000000       0x10 .\CortexM0\ARM_GCC_493\Debug\Lesson9_Copy_01.a(Timer.o)
 .text.Timer_ReadCaptureBuf
                0x00000000       0x10 .\CortexM0\ARM_GCC_493\Debug\Lesson9_Copy_01.a(Timer.o)
 .text.Timer_SetCaptureMode
                0x00000000       0x24 .\CortexM0\ARM_GCC_493\Debug\Lesson9_Copy_01.a(Timer.o)
 .text.Timer_SetReloadMode
                0x00000000       0x24 .\CortexM0\ARM_GCC_493\Debug\Lesson9_Copy_01.a(Timer.o)
 .text.Timer_SetStartMode
                0x00000000       0x28 .\CortexM0\ARM_GCC_493\Debug\Lesson9_Copy_01.a(Timer.o)
 .text.Timer_SetStopMode
                0x00000000       0x24 .\CortexM0\ARM_GCC_493\Debug\Lesson9_Copy_01.a(Timer.o)
 .text.Timer_SetCountMode
                0x00000000       0x24 .\CortexM0\ARM_GCC_493\Debug\Lesson9_Copy_01.a(Timer.o)
 .text.Timer_TriggerCommand
                0x00000000       0x1c .\CortexM0\ARM_GCC_493\Debug\Lesson9_Copy_01.a(Timer.o)
 .text.Timer_ReadStatus
                0x00000000       0x14 .\CortexM0\ARM_GCC_493\Debug\Lesson9_Copy_01.a(Timer.o)
 .text.Timer_GetInterruptSourceMasked
                0x00000000        0xc .\CortexM0\ARM_GCC_493\Debug\Lesson9_Copy_01.a(Timer.o)
 .text.Timer_GetInterruptSource
                0x00000000        0xc .\CortexM0\ARM_GCC_493\Debug\Lesson9_Copy_01.a(Timer.o)
 .text.Timer_SetInterrupt
                0x00000000        0xc .\CortexM0\ARM_GCC_493\Debug\Lesson9_Copy_01.a(Timer.o)
 .text          0x00000000        0x0 .\CortexM0\ARM_GCC_493\Debug\Lesson9_Copy_01.a(Timer_Int.o)
 .data          0x00000000        0x0 .\CortexM0\ARM_GCC_493\Debug\Lesson9_Copy_01.a(Timer_Int.o)
 .bss           0x00000000        0x0 .\CortexM0\ARM_GCC_493\Debug\Lesson9_Copy_01.a(Timer_Int.o)
 .text.Timer_Int_Interrupt
                0x00000000        0x4 .\CortexM0\ARM_GCC_493\Debug\Lesson9_Copy_01.a(Timer_Int.o)
 .text.Timer_Int_GetVector
                0x00000000        0xc .\CortexM0\ARM_GCC_493\Debug\Lesson9_Copy_01.a(Timer_Int.o)
 .text.Timer_Int_GetPriority
                0x00000000       0x10 .\CortexM0\ARM_GCC_493\Debug\Lesson9_Copy_01.a(Timer_Int.o)
 .text.Timer_Int_GetState
                0x00000000       0x14 .\CortexM0\ARM_GCC_493\Debug\Lesson9_Copy_01.a(Timer_Int.o)
 .text.Timer_Int_Start
                0x00000000       0x1c .\CortexM0\ARM_GCC_493\Debug\Lesson9_Copy_01.a(Timer_Int.o)
 .text.Timer_Int_Stop
                0x00000000       0x14 .\CortexM0\ARM_GCC_493\Debug\Lesson9_Copy_01.a(Timer_Int.o)
 .text.Timer_Int_SetPending
                0x00000000       0x10 .\CortexM0\ARM_GCC_493\Debug\Lesson9_Copy_01.a(Timer_Int.o)
 .text.Timer_Int_ClearPending
                0x00000000       0x10 .\CortexM0\ARM_GCC_493\Debug\Lesson9_Copy_01.a(Timer_Int.o)
 .data          0x00000000        0x0 .\CortexM0\ARM_GCC_493\Debug\Lesson9_Copy_01.a(CyBootAsmGnu.o)
 .bss           0x00000000        0x0 .\CortexM0\ARM_GCC_493\Debug\Lesson9_Copy_01.a(CyBootAsmGnu.o)
 .text          0x00000000      0x120 c:/program files (x86)/cypress/psoc creator/3.3/psoc creator/import/gnu/arm/4.9.3/bin/../lib/gcc/arm-none-eabi/4.9.3/armv6-m\libgcc.a(_udivsi3.o)
 .data          0x00000000        0x0 c:/program files (x86)/cypress/psoc creator/3.3/psoc creator/import/gnu/arm/4.9.3/bin/../lib/gcc/arm-none-eabi/4.9.3/armv6-m\libgcc.a(_udivsi3.o)
 .bss           0x00000000        0x0 c:/program files (x86)/cypress/psoc creator/3.3/psoc creator/import/gnu/arm/4.9.3/bin/../lib/gcc/arm-none-eabi/4.9.3/armv6-m\libgcc.a(_udivsi3.o)
 .text          0x00000000        0x4 c:/program files (x86)/cypress/psoc creator/3.3/psoc creator/import/gnu/arm/4.9.3/bin/../lib/gcc/arm-none-eabi/4.9.3/armv6-m\libgcc.a(_dvmd_tls.o)
 .data          0x00000000        0x0 c:/program files (x86)/cypress/psoc creator/3.3/psoc creator/import/gnu/arm/4.9.3/bin/../lib/gcc/arm-none-eabi/4.9.3/armv6-m\libgcc.a(_dvmd_tls.o)
 .bss           0x00000000        0x0 c:/program files (x86)/cypress/psoc creator/3.3/psoc creator/import/gnu/arm/4.9.3/bin/../lib/gcc/arm-none-eabi/4.9.3/armv6-m\libgcc.a(_dvmd_tls.o)
 .text          0x00000000        0x0 c:/program files (x86)/cypress/psoc creator/3.3/psoc creator/import/gnu/arm/4.9.3/bin/../lib/gcc/arm-none-eabi/4.9.3/../../../../arm-none-eabi/lib/armv6-m\libg_nano.a(lib_a-errno.o)
 .data          0x00000000        0x0 c:/program files (x86)/cypress/psoc creator/3.3/psoc creator/import/gnu/arm/4.9.3/bin/../lib/gcc/arm-none-eabi/4.9.3/../../../../arm-none-eabi/lib/armv6-m\libg_nano.a(lib_a-errno.o)
 .bss           0x00000000        0x0 c:/program files (x86)/cypress/psoc creator/3.3/psoc creator/import/gnu/arm/4.9.3/bin/../lib/gcc/arm-none-eabi/4.9.3/../../../../arm-none-eabi/lib/armv6-m\libg_nano.a(lib_a-errno.o)
 .text.__errno  0x00000000        0xc c:/program files (x86)/cypress/psoc creator/3.3/psoc creator/import/gnu/arm/4.9.3/bin/../lib/gcc/arm-none-eabi/4.9.3/../../../../arm-none-eabi/lib/armv6-m\libg_nano.a(lib_a-errno.o)
 .text          0x00000000        0x0 c:/program files (x86)/cypress/psoc creator/3.3/psoc creator/import/gnu/arm/4.9.3/bin/../lib/gcc/arm-none-eabi/4.9.3/../../../../arm-none-eabi/lib/armv6-m\libg_nano.a(lib_a-exit.o)
 .data          0x00000000        0x0 c:/program files (x86)/cypress/psoc creator/3.3/psoc creator/import/gnu/arm/4.9.3/bin/../lib/gcc/arm-none-eabi/4.9.3/../../../../arm-none-eabi/lib/armv6-m\libg_nano.a(lib_a-exit.o)
 .bss           0x00000000        0x0 c:/program files (x86)/cypress/psoc creator/3.3/psoc creator/import/gnu/arm/4.9.3/bin/../lib/gcc/arm-none-eabi/4.9.3/../../../../arm-none-eabi/lib/armv6-m\libg_nano.a(lib_a-exit.o)
 .text.exit     0x00000000       0x2c c:/program files (x86)/cypress/psoc creator/3.3/psoc creator/import/gnu/arm/4.9.3/bin/../lib/gcc/arm-none-eabi/4.9.3/../../../../arm-none-eabi/lib/armv6-m\libg_nano.a(lib_a-exit.o)
 .text          0x00000000        0x0 c:/program files (x86)/cypress/psoc creator/3.3/psoc creator/import/gnu/arm/4.9.3/bin/../lib/gcc/arm-none-eabi/4.9.3/../../../../arm-none-eabi/lib/armv6-m\libg_nano.a(lib_a-impure.o)
 .data          0x00000000        0x0 c:/program files (x86)/cypress/psoc creator/3.3/psoc creator/import/gnu/arm/4.9.3/bin/../lib/gcc/arm-none-eabi/4.9.3/../../../../arm-none-eabi/lib/armv6-m\libg_nano.a(lib_a-impure.o)
 .bss           0x00000000        0x0 c:/program files (x86)/cypress/psoc creator/3.3/psoc creator/import/gnu/arm/4.9.3/bin/../lib/gcc/arm-none-eabi/4.9.3/../../../../arm-none-eabi/lib/armv6-m\libg_nano.a(lib_a-impure.o)
 .data.impure_data
                0x00000000       0x60 c:/program files (x86)/cypress/psoc creator/3.3/psoc creator/import/gnu/arm/4.9.3/bin/../lib/gcc/arm-none-eabi/4.9.3/../../../../arm-none-eabi/lib/armv6-m\libg_nano.a(lib_a-impure.o)
 .data._impure_ptr
                0x00000000        0x4 c:/program files (x86)/cypress/psoc creator/3.3/psoc creator/import/gnu/arm/4.9.3/bin/../lib/gcc/arm-none-eabi/4.9.3/../../../../arm-none-eabi/lib/armv6-m\libg_nano.a(lib_a-impure.o)
 .rodata.str1.1
                0x00000000        0x2 c:/program files (x86)/cypress/psoc creator/3.3/psoc creator/import/gnu/arm/4.9.3/bin/../lib/gcc/arm-none-eabi/4.9.3/../../../../arm-none-eabi/lib/armv6-m\libg_nano.a(lib_a-impure.o)
 .rodata._global_impure_ptr
                0x00000000        0x4 c:/program files (x86)/cypress/psoc creator/3.3/psoc creator/import/gnu/arm/4.9.3/bin/../lib/gcc/arm-none-eabi/4.9.3/../../../../arm-none-eabi/lib/armv6-m\libg_nano.a(lib_a-impure.o)
 .text          0x00000000        0x0 c:/program files (x86)/cypress/psoc creator/3.3/psoc creator/import/gnu/arm/4.9.3/bin/../lib/gcc/arm-none-eabi/4.9.3/../../../../arm-none-eabi/lib/armv6-m\libg_nano.a(lib_a-init.o)
 .data          0x00000000        0x0 c:/program files (x86)/cypress/psoc creator/3.3/psoc creator/import/gnu/arm/4.9.3/bin/../lib/gcc/arm-none-eabi/4.9.3/../../../../arm-none-eabi/lib/armv6-m\libg_nano.a(lib_a-init.o)
 .bss           0x00000000        0x0 c:/program files (x86)/cypress/psoc creator/3.3/psoc creator/import/gnu/arm/4.9.3/bin/../lib/gcc/arm-none-eabi/4.9.3/../../../../arm-none-eabi/lib/armv6-m\libg_nano.a(lib_a-init.o)
 .text          0x00000000        0x0 c:/program files (x86)/cypress/psoc creator/3.3/psoc creator/import/gnu/arm/4.9.3/bin/../lib/gcc/arm-none-eabi/4.9.3/../../../../arm-none-eabi/lib/armv6-m\libg_nano.a(lib_a-memset.o)
 .data          0x00000000        0x0 c:/program files (x86)/cypress/psoc creator/3.3/psoc creator/import/gnu/arm/4.9.3/bin/../lib/gcc/arm-none-eabi/4.9.3/../../../../arm-none-eabi/lib/armv6-m\libg_nano.a(lib_a-memset.o)
 .bss           0x00000000        0x0 c:/program files (x86)/cypress/psoc creator/3.3/psoc creator/import/gnu/arm/4.9.3/bin/../lib/gcc/arm-none-eabi/4.9.3/../../../../arm-none-eabi/lib/armv6-m\libg_nano.a(lib_a-memset.o)
 .text          0x00000000        0x0 c:/program files (x86)/cypress/psoc creator/3.3/psoc creator/import/gnu/arm/4.9.3/bin/../lib/gcc/arm-none-eabi/4.9.3/armv6-m/crtend.o
 .data          0x00000000        0x0 c:/program files (x86)/cypress/psoc creator/3.3/psoc creator/import/gnu/arm/4.9.3/bin/../lib/gcc/arm-none-eabi/4.9.3/armv6-m/crtend.o
 .bss           0x00000000        0x0 c:/program files (x86)/cypress/psoc creator/3.3/psoc creator/import/gnu/arm/4.9.3/bin/../lib/gcc/arm-none-eabi/4.9.3/armv6-m/crtend.o
 .text          0x00000000        0x0 c:/program files (x86)/cypress/psoc creator/3.3/psoc creator/import/gnu/arm/4.9.3/bin/../lib/gcc/arm-none-eabi/4.9.3/armv6-m/crtn.o
 .data          0x00000000        0x0 c:/program files (x86)/cypress/psoc creator/3.3/psoc creator/import/gnu/arm/4.9.3/bin/../lib/gcc/arm-none-eabi/4.9.3/armv6-m/crtn.o
 .bss           0x00000000        0x0 c:/program files (x86)/cypress/psoc creator/3.3/psoc creator/import/gnu/arm/4.9.3/bin/../lib/gcc/arm-none-eabi/4.9.3/armv6-m/crtn.o

Memory Configuration

Name             Origin             Length             Attributes
rom              0x00000000         0x00008000         xr
ram              0x20000000         0x00001000         xrw
*default*        0x00000000         0xffffffff

Linker script and memory map

LOAD c:/program files (x86)/cypress/psoc creator/3.3/psoc creator/import/gnu/arm/4.9.3/bin/../lib/gcc/arm-none-eabi/4.9.3/armv6-m/crti.o
LOAD c:/program files (x86)/cypress/psoc creator/3.3/psoc creator/import/gnu/arm/4.9.3/bin/../lib/gcc/arm-none-eabi/4.9.3/armv6-m/crtbegin.o
LOAD c:/program files (x86)/cypress/psoc creator/3.3/psoc creator/import/gnu/arm/4.9.3/bin/../lib/gcc/arm-none-eabi/4.9.3/../../../../arm-none-eabi/lib/armv6-m/crt0.o
START GROUP
LOAD .\CortexM0\ARM_GCC_493\Debug\main.o
LOAD .\CortexM0\ARM_GCC_493\Debug\cymetadata.o
LOAD .\CortexM0\ARM_GCC_493\Debug\Cm0Start.o
LOAD .\CortexM0\ARM_GCC_493\Debug\Lesson9_Copy_01.a
LOAD C:\Program Files (x86)\Cypress\PSoC Creator\3.3\PSoC Creator\psoc\content\cycomponentlibrary\CyComponentLibrary.cylib\CortexM0\ARM_GCC_493\Debug\CyComponentLibrary.a
END GROUP
START GROUP
LOAD c:/program files (x86)/cypress/psoc creator/3.3/psoc creator/import/gnu/arm/4.9.3/bin/../lib/gcc/arm-none-eabi/4.9.3/armv6-m\libgcc.a
LOAD c:/program files (x86)/cypress/psoc creator/3.3/psoc creator/import/gnu/arm/4.9.3/bin/../lib/gcc/arm-none-eabi/4.9.3/../../../../arm-none-eabi/lib/armv6-m\libg_nano.a
LOAD c:/program files (x86)/cypress/psoc creator/3.3/psoc creator/import/gnu/arm/4.9.3/bin/../lib/gcc/arm-none-eabi/4.9.3/../../../../arm-none-eabi/lib/armv6-m\libc_nano.a
END GROUP
START GROUP
LOAD c:/program files (x86)/cypress/psoc creator/3.3/psoc creator/import/gnu/arm/4.9.3/bin/../lib/gcc/arm-none-eabi/4.9.3/armv6-m\libgcc.a
LOAD c:/program files (x86)/cypress/psoc creator/3.3/psoc creator/import/gnu/arm/4.9.3/bin/../lib/gcc/arm-none-eabi/4.9.3/../../../../arm-none-eabi/lib/armv6-m\libc_nano.a
END GROUP
LOAD c:/program files (x86)/cypress/psoc creator/3.3/psoc creator/import/gnu/arm/4.9.3/bin/../lib/gcc/arm-none-eabi/4.9.3/armv6-m/crtend.o
LOAD c:/program files (x86)/cypress/psoc creator/3.3/psoc creator/import/gnu/arm/4.9.3/bin/../lib/gcc/arm-none-eabi/4.9.3/armv6-m/crtn.o
START GROUP
LOAD c:/program files (x86)/cypress/psoc creator/3.3/psoc creator/import/gnu/arm/4.9.3/bin/../lib/gcc/arm-none-eabi/4.9.3/armv6-m\libgcc.a
LOAD c:/program files (x86)/cypress/psoc creator/3.3/psoc creator/import/gnu/arm/4.9.3/bin/../lib/gcc/arm-none-eabi/4.9.3/../../../../arm-none-eabi/lib/armv6-m\libc.a
LOAD c:/program files (x86)/cypress/psoc creator/3.3/psoc creator/import/gnu/arm/4.9.3/bin/../lib/gcc/arm-none-eabi/4.9.3/../../../../arm-none-eabi/lib/armv6-m\libnosys.a
END GROUP
                0x00000000                CY_APPL_ORIGIN = 0x0
                0x00000080                CY_FLASH_ROW_SIZE = 0x80
                0x00000001                CY_APPL_NUM = 0x1
                0x00000001                CY_APPL_MAX = 0x1
                0x00000040                CY_METADATA_SIZE = 0x40
                0x00000000                CY_APPL_LOADABLE = 0x0
                0x00000000                CY_CHECKSUM_EXCLUDE_SIZE = ALIGN (0x0, CY_FLASH_ROW_SIZE)
                0x00000000                CY_APP_FOR_STACK_AND_COPIER = 0x0
                0x20000120                PROVIDE (__cy_heap_start, _end)
                0x00000001                PROVIDE (__cy_region_num, ((__cy_regions_end - __cy_regions) / 0x10))
                0x20001000                PROVIDE (__cy_stack, (ORIGIN (ram) + 0x1000))
                0x20000c00                PROVIDE (__cy_heap_end, (__cy_stack - 0x400))

.cybootloader   0x00000000        0x0
 *(.cybootloader)
                0x00000000                appl1_start = CY_APPL_ORIGIN?CY_APPL_ORIGIN:ALIGN (CY_FLASH_ROW_SIZE)
                0x00003f80                appl2_start = (appl1_start + ALIGN ((((0x8000 - appl1_start) - (0x2 * CY_FLASH_ROW_SIZE)) / 0x2), CY_FLASH_ROW_SIZE))
                0x00000000                appl_start = (CY_APPL_NUM == 0x1)?appl1_start:appl2_start
                0x00000001                cy_project_type_bootloader = (appl_start == 0x0)?0x1:0x0
                0x00000000                cy_project_type_app_for_stack_and_copier = (CY_APP_FOR_STACK_AND_COPIER == 0x1)?0x1:0x0

.text           0x00000000      0x89c
 CREATE_OBJECT_SYMBOLS
                0x00000000                PROVIDE (__cy_interrupt_vector, RomVectors)
 *(.romvectors)
 .romvectors    0x00000000       0x10 .\CortexM0\ARM_GCC_493\Debug\Cm0Start.o
                0x00000000                RomVectors
                0x00000001                ASSERT ((. != __cy_interrupt_vector), No interrupt vector)
                0x00000001                ASSERT (CY_APPL_ORIGIN?(SIZEOF (.cybootloader) <= CY_APPL_ORIGIN):0x1, Wrong image location)
                0x00000010                PROVIDE (__cy_reset, Reset)
 *(.text.Reset)
 .text.Reset    0x00000010        0x8 .\CortexM0\ARM_GCC_493\Debug\Cm0Start.o
                0x00000010                Reset
                0x00000001                ASSERT ((. != __cy_reset), No reset code)
 *(.psocinit)
 .psocinit      0x00000018      0x184 .\CortexM0\ARM_GCC_493\Debug\Lesson9_Copy_01.a(cyfitter_cfg.o)
                0x000000a8                cyfitter_cfg
                0x0000019c                . = MAX (., 0x100)
 *(.text .text.* .gnu.linkonce.t.*)
 .text          0x0000019c       0x60 c:/program files (x86)/cypress/psoc creator/3.3/psoc creator/import/gnu/arm/4.9.3/bin/../lib/gcc/arm-none-eabi/4.9.3/armv6-m/crtbegin.o
 .text.Timer_Int_Handler
                0x000001fc       0x20 .\CortexM0\ARM_GCC_493\Debug\main.o
                0x000001fc                Timer_Int_Handler
 .text.main     0x0000021c       0x18 .\CortexM0\ARM_GCC_493\Debug\main.o
                0x0000021c                main
 .text.IntDefaultHandler
                0x00000234        0x4 .\CortexM0\ARM_GCC_493\Debug\Cm0Start.o
                0x00000234                IntDefaultHandler
 .text.Start_c  0x00000238       0x48 .\CortexM0\ARM_GCC_493\Debug\Cm0Start.o
                0x00000238                Start_c
 .text.initialize_psoc
                0x00000280       0x48 .\CortexM0\ARM_GCC_493\Debug\Cm0Start.o
                0x00000280                initialize_psoc
 .text.cfg_write_bytes32
                0x000002c8       0x34 .\CortexM0\ARM_GCC_493\Debug\Lesson9_Copy_01.a(cyfitter_cfg.o)
 .text.CYMEMZERO
                0x000002fc        0xc .\CortexM0\ARM_GCC_493\Debug\Lesson9_Copy_01.a(cyfitter_cfg.o)
 .text.CyIntEnable
                0x00000308       0x14 .\CortexM0\ARM_GCC_493\Debug\Lesson9_Copy_01.a(CyLib.o)
                0x00000308                CyIntEnable
 .text.CyHalt   0x0000031c        0x4 .\CortexM0\ARM_GCC_493\Debug\Lesson9_Copy_01.a(CyLib.o)
                0x0000031c                CyHalt
 .text.CyIntSetVector
                0x00000320       0x24 .\CortexM0\ARM_GCC_493\Debug\Lesson9_Copy_01.a(CyLib.o)
                0x00000320                CyIntSetVector
 .text.CyDelayUs
                0x00000344       0x14 .\CortexM0\ARM_GCC_493\Debug\Lesson9_Copy_01.a(CyLib.o)
                0x00000344                CyDelayUs
 .text.CySysClkWriteImoFreq
                0x00000358      0x164 .\CortexM0\ARM_GCC_493\Debug\Lesson9_Copy_01.a(CyLib.o)
                0x00000358                CySysClkWriteImoFreq
 .text.CySysWdtLocked
                0x000004bc       0x14 .\CortexM0\ARM_GCC_493\Debug\Lesson9_Copy_01.a(CyLFClk.o)
 .text.CySysWdtLock
                0x000004d0       0x1c .\CortexM0\ARM_GCC_493\Debug\Lesson9_Copy_01.a(CyLFClk.o)
                0x000004d0                CySysWdtLock
 .text.CySysWdtUnlock
                0x000004ec       0x30 .\CortexM0\ARM_GCC_493\Debug\Lesson9_Copy_01.a(CyLFClk.o)
                0x000004ec                CySysWdtUnlock
 .text.CySysWdtClearInterrupt
                0x0000051c       0x4c .\CortexM0\ARM_GCC_493\Debug\Lesson9_Copy_01.a(CyLFClk.o)
                0x0000051c                CySysWdtClearInterrupt
 .text.CySysWdtIsr
                0x00000568       0xa4 .\CortexM0\ARM_GCC_493\Debug\Lesson9_Copy_01.a(CyLFClk.o)
                0x00000568                CySysWdtIsr
 .text.PWM_WriteCounter
                0x0000060c       0x10 .\CortexM0\ARM_GCC_493\Debug\Lesson9_Copy_01.a(PWM.o)
                0x0000060c                PWM_WriteCounter
 .text.PWM_WritePeriod
                0x0000061c       0x10 .\CortexM0\ARM_GCC_493\Debug\Lesson9_Copy_01.a(PWM.o)
                0x0000061c                PWM_WritePeriod
 .text.PWM_WriteCompare
                0x0000062c       0x10 .\CortexM0\ARM_GCC_493\Debug\Lesson9_Copy_01.a(PWM.o)
                0x0000062c                PWM_WriteCompare
 .text.PWM_TriggerCommand
                0x0000063c       0x1c .\CortexM0\ARM_GCC_493\Debug\Lesson9_Copy_01.a(PWM.o)
                0x0000063c                PWM_TriggerCommand
 .text.PWM_Enable
                0x00000658       0x24 .\CortexM0\ARM_GCC_493\Debug\Lesson9_Copy_01.a(PWM.o)
                0x00000658                PWM_Enable
 .text.PWM_SetInterruptMode
                0x0000067c        0xc .\CortexM0\ARM_GCC_493\Debug\Lesson9_Copy_01.a(PWM.o)
                0x0000067c                PWM_SetInterruptMode
 .text.PWM_Init
                0x00000688       0x4c .\CortexM0\ARM_GCC_493\Debug\Lesson9_Copy_01.a(PWM.o)
                0x00000688                PWM_Init
 .text.PWM_Start
                0x000006d4       0x20 .\CortexM0\ARM_GCC_493\Debug\Lesson9_Copy_01.a(PWM.o)
                0x000006d4                PWM_Start
 .text.Timer_Enable
                0x000006f4       0x1c .\CortexM0\ARM_GCC_493\Debug\Lesson9_Copy_01.a(Timer.o)
                0x000006f4                Timer_Enable
 .text.Timer_WriteCounter
                0x00000710       0x10 .\CortexM0\ARM_GCC_493\Debug\Lesson9_Copy_01.a(Timer.o)
                0x00000710                Timer_WriteCounter
 .text.Timer_WritePeriod
                0x00000720       0x10 .\CortexM0\ARM_GCC_493\Debug\Lesson9_Copy_01.a(Timer.o)
                0x00000720                Timer_WritePeriod
 .text.Timer_ReadCapture
                0x00000730       0x10 .\CortexM0\ARM_GCC_493\Debug\Lesson9_Copy_01.a(Timer.o)
                0x00000730                Timer_ReadCapture
 .text.Timer_SetInterruptMode
                0x00000740        0xc .\CortexM0\ARM_GCC_493\Debug\Lesson9_Copy_01.a(Timer.o)
                0x00000740                Timer_SetInterruptMode
 .text.Timer_Init
                0x0000074c       0x34 .\CortexM0\ARM_GCC_493\Debug\Lesson9_Copy_01.a(Timer.o)
                0x0000074c                Timer_Init
 .text.Timer_Start
                0x00000780       0x20 .\CortexM0\ARM_GCC_493\Debug\Lesson9_Copy_01.a(Timer.o)
                0x00000780                Timer_Start
 .text.Timer_ClearInterrupt
                0x000007a0        0xc .\CortexM0\ARM_GCC_493\Debug\Lesson9_Copy_01.a(Timer.o)
                0x000007a0                Timer_ClearInterrupt
 .text.Timer_Int_SetVector
                0x000007ac        0xc .\CortexM0\ARM_GCC_493\Debug\Lesson9_Copy_01.a(Timer_Int.o)
                0x000007ac                Timer_Int_SetVector
 .text.Timer_Int_SetPriority
                0x000007b8       0x24 .\CortexM0\ARM_GCC_493\Debug\Lesson9_Copy_01.a(Timer_Int.o)
                0x000007b8                Timer_Int_SetPriority
 .text.Timer_Int_Enable
                0x000007dc       0x10 .\CortexM0\ARM_GCC_493\Debug\Lesson9_Copy_01.a(Timer_Int.o)
                0x000007dc                Timer_Int_Enable
 .text.Timer_Int_Disable
                0x000007ec       0x10 .\CortexM0\ARM_GCC_493\Debug\Lesson9_Copy_01.a(Timer_Int.o)
                0x000007ec                Timer_Int_Disable
 .text.Timer_Int_StartEx
                0x000007fc       0x1c .\CortexM0\ARM_GCC_493\Debug\Lesson9_Copy_01.a(Timer_Int.o)
                0x000007fc                Timer_Int_StartEx
 .text          0x00000818       0x28 .\CortexM0\ARM_GCC_493\Debug\Lesson9_Copy_01.a(CyBootAsmGnu.o)
                0x00000818                CyDelayCycles
                0x0000082c                CyEnterCriticalSection
                0x00000834                CyExitCriticalSection
 .text.__libc_init_array
                0x00000840       0x4c c:/program files (x86)/cypress/psoc creator/3.3/psoc creator/import/gnu/arm/4.9.3/bin/../lib/gcc/arm-none-eabi/4.9.3/../../../../arm-none-eabi/lib/armv6-m\libg_nano.a(lib_a-init.o)
                0x00000840                __libc_init_array
 .text.memset   0x0000088c       0x10 c:/program files (x86)/cypress/psoc creator/3.3/psoc creator/import/gnu/arm/4.9.3/bin/../lib/gcc/arm-none-eabi/4.9.3/../../../../arm-none-eabi/lib/armv6-m\libg_nano.a(lib_a-memset.o)
                0x0000088c                memset
 *(.plt)
 *(.gnu.warning)
 *(.glue_7t)
 .glue_7t       0x00000000        0x0 linker stubs
 *(.glue_7)
 .glue_7        0x00000000        0x0 linker stubs
 *(.vfp11_veneer)
 .vfp11_veneer  0x00000000        0x0 linker stubs
 *(.bootloader)
 *(.ARM.extab* .gnu.linkonce.armextab.*)
 *(.gcc_except_table)

.v4_bx          0x0000089c        0x0
 .v4_bx         0x00000000        0x0 linker stubs

.iplt           0x0000089c        0x0
 .iplt          0x00000000        0x0 c:/program files (x86)/cypress/psoc creator/3.3/psoc creator/import/gnu/arm/4.9.3/bin/../lib/gcc/arm-none-eabi/4.9.3/armv6-m/crtbegin.o

.eh_frame_hdr
 *(.eh_frame_hdr)

.eh_frame       0x0000089c        0x4
 *(.eh_frame)
 .eh_frame      0x0000089c        0x0 c:/program files (x86)/cypress/psoc creator/3.3/psoc creator/import/gnu/arm/4.9.3/bin/../lib/gcc/arm-none-eabi/4.9.3/armv6-m/crtbegin.o
 .eh_frame      0x0000089c        0x4 c:/program files (x86)/cypress/psoc creator/3.3/psoc creator/import/gnu/arm/4.9.3/bin/../lib/gcc/arm-none-eabi/4.9.3/armv6-m/crtend.o
                0x000008a0                PROVIDE (__exidx_start, .)

.ARM.exidx
 *(.ARM.exidx* .gnu.linkonce.armexidx.*)
                0x000008a0                __exidx_end = .

.rodata         0x000008a0       0xa0
 *(.rodata .rodata.* .gnu.linkonce.r.*)
 .rodata        0x000008a0       0x38 .\CortexM0\ARM_GCC_493\Debug\Lesson9_Copy_01.a(cyfitter_cfg.o)
 .rodata        0x000008d8       0x30 .\CortexM0\ARM_GCC_493\Debug\Lesson9_Copy_01.a(CyLib.o)
                0x000008d8                cyImoFreqMhz2Reg
                0x00000908                . = ALIGN (0x4)
 *(.init)
 .init          0x00000908        0x4 c:/program files (x86)/cypress/psoc creator/3.3/psoc creator/import/gnu/arm/4.9.3/bin/../lib/gcc/arm-none-eabi/4.9.3/armv6-m/crti.o
                0x00000908                _init
 .init          0x0000090c        0x8 c:/program files (x86)/cypress/psoc creator/3.3/psoc creator/import/gnu/arm/4.9.3/bin/../lib/gcc/arm-none-eabi/4.9.3/armv6-m/crtn.o
                0x00000914                . = ALIGN (0x4)
                0x00000914                __preinit_array_start = .
 *(.preinit_array)
                0x00000914                __preinit_array_end = .
                0x00000914                . = ALIGN (0x4)
                0x00000914                __init_array_start = .
 *(SORT(.init_array.*))
 *(.init_array)
 .init_array    0x00000914        0x4 c:/program files (x86)/cypress/psoc creator/3.3/psoc creator/import/gnu/arm/4.9.3/bin/../lib/gcc/arm-none-eabi/4.9.3/armv6-m/crtbegin.o
 .init_array    0x00000918        0x4 .\CortexM0\ARM_GCC_493\Debug\Cm0Start.o
                0x0000091c                __init_array_end = .
                0x0000091c                . = ALIGN (0x4)
 *(.fini)
 .fini          0x0000091c        0x4 c:/program files (x86)/cypress/psoc creator/3.3/psoc creator/import/gnu/arm/4.9.3/bin/../lib/gcc/arm-none-eabi/4.9.3/armv6-m/crti.o
                0x0000091c                _fini
 .fini          0x00000920        0x8 c:/program files (x86)/cypress/psoc creator/3.3/psoc creator/import/gnu/arm/4.9.3/bin/../lib/gcc/arm-none-eabi/4.9.3/armv6-m/crtn.o
                0x00000928                . = ALIGN (0x4)
                0x00000928                __fini_array_start = .
 *(.fini_array)
 .fini_array    0x00000928        0x4 c:/program files (x86)/cypress/psoc creator/3.3/psoc creator/import/gnu/arm/4.9.3/bin/../lib/gcc/arm-none-eabi/4.9.3/armv6-m/crtbegin.o
 *(SORT(.fini_array.*))
                0x0000092c                __fini_array_end = .
                0x0000092c                . = ALIGN (0x4)
 *crtbegin.o(.ctors)
 *(EXCLUDE_FILE(*crtend.o) .ctors)
 *(SORT(.ctors.*))
 *crtend.o(.ctors)
                0x0000092c                . = ALIGN (0x4)
 *crtbegin.o(.dtors)
 *(EXCLUDE_FILE(*crtend.o) .dtors)
 *(SORT(.dtors.*))
 *crtend.o(.dtors)
                0x0000092c                . = ALIGN (0x4)
                0x0000092c                __cy_regions = .
                0x0000092c        0x4 LONG 0x940 __cy_region_init_ram
                0x00000930        0x4 LONG 0x200000c8 __cy_region_start_data
                0x00000934        0x4 LONG 0x18 __cy_region_init_size_ram
                0x00000938        0x4 LONG 0x40 __cy_region_zero_size_ram
                0x0000093c                __cy_regions_end = .
                0x00000940                . = ALIGN (0x8)
 *fill*         0x0000093c        0x4 
                0x00000940                _etext = .

.cy_checksum_exclude
                0x00000940        0x0
 *(.cy_checksum_exclude)

.ramvectors     0x20000000       0xc0
                0x20000000                __cy_region_start_ram = .
 *(.ramvectors)
 .ramvectors    0x20000000       0xc0 .\CortexM0\ARM_GCC_493\Debug\Cm0Start.o
                0x20000000                CyRamVectors

.noinit         0x200000c0        0x4
 *(.noinit)
 .noinit        0x200000c0        0x4 .\CortexM0\ARM_GCC_493\Debug\Cm0Start.o

.data           0x200000c8       0x18 load address 0x00000940
                0x200000c8                __cy_region_start_data = .
 *(.jcr)
 .jcr           0x200000c8        0x0 c:/program files (x86)/cypress/psoc creator/3.3/psoc creator/import/gnu/arm/4.9.3/bin/../lib/gcc/arm-none-eabi/4.9.3/armv6-m/crtbegin.o
 .jcr           0x200000c8        0x4 c:/program files (x86)/cypress/psoc creator/3.3/psoc creator/import/gnu/arm/4.9.3/bin/../lib/gcc/arm-none-eabi/4.9.3/armv6-m/crtend.o
 *(.got.plt)
 *(.got)
 *(.shdata)
 *(.data .data.* .gnu.linkonce.d.*)
 .data          0x200000cc       0x10 .\CortexM0\ARM_GCC_493\Debug\Lesson9_Copy_01.a(CyLib.o)
                0x200000cc                cydelay32kMs
                0x200000d0                cydelayFreqKhz
                0x200000d4                cydelayFreqMhz
                0x200000d8                cydelayFreqHz
 .data          0x200000dc        0x4 .\CortexM0\ARM_GCC_493\Debug\Lesson9_Copy_01.a(CyLFClk.o)
                0x200000e0                . = ALIGN (0x8)
 *(.ram)
                0x200000e0                _edata = .

.igot.plt       0x200000e0        0x0 load address 0x00000958
 .igot.plt      0x00000000        0x0 c:/program files (x86)/cypress/psoc creator/3.3/psoc creator/import/gnu/arm/4.9.3/bin/../lib/gcc/arm-none-eabi/4.9.3/armv6-m/crtbegin.o

.bss            0x200000e0       0x40 load address 0x00000958
                0x200000e0                PROVIDE (__bss_start__, .)
 *(.shbss)
 *(.bss .bss.* .gnu.linkonce.b.*)
 .bss           0x200000e0       0x1c c:/program files (x86)/cypress/psoc creator/3.3/psoc creator/import/gnu/arm/4.9.3/bin/../lib/gcc/arm-none-eabi/4.9.3/armv6-m/crtbegin.o
 .bss           0x200000fc       0x20 .\CortexM0\ARM_GCC_493\Debug\Lesson9_Copy_01.a(CyLFClk.o)
 .bss           0x2000011c        0x1 .\CortexM0\ARM_GCC_493\Debug\Lesson9_Copy_01.a(PWM.o)
                0x2000011c                PWM_initVar
 .bss           0x2000011d        0x1 .\CortexM0\ARM_GCC_493\Debug\Lesson9_Copy_01.a(Timer.o)
                0x2000011d                Timer_initVar
 *(COMMON)
                0x20000120                . = ALIGN (0x8)
 *fill*         0x2000011e        0x2 
 *(.ram.b)
                0x20000120                _end = .
                0x20000120                __end = .
                0x20000120                PROVIDE (end, .)
                0x20000120                PROVIDE (__bss_end__, .)
                0x00000940                __cy_region_init_ram = LOADADDR (.data)
                0x00000018                __cy_region_init_size_ram = (_edata - ADDR (.data))
                0x00000040                __cy_region_zero_size_ram = (_end - _edata)

.heap           0x20000120       0x80 load address 0x00000958
                0x20000120                . = _end
                0x200001a0                . = (. + 0x80)
 *fill*         0x20000120       0x80 
                0x200001a0                __cy_heap_limit = .

.stack          0x20000c00      0x400
                0x20000c00                __cy_stack_limit = .
                0x20001000                . = (. + 0x400)
 *fill*         0x20000c00      0x400 
                0x00000001                ASSERT ((__cy_stack_limit >= __cy_heap_limit), region RAM overflowed with stack)
                0x00000000                cy_checksum_exclude_size = (CY_APPL_LOADABLE == 0x1)?SIZEOF (.cy_checksum_exclude):0x0
                0x00000001                ASSERT ((cy_checksum_exclude_size <= CY_CHECKSUM_EXCLUDE_SIZE), CY_BOOT: Section .cy_checksum_exclude size exceedes specified limit.)
                0x00007fc0                cyloadermeta_start = (cy_project_type_bootloader || cy_project_type_app_for_stack_and_copier)?(0x8000 - CY_METADATA_SIZE):0xf0000000

.cyloadermeta
 *(.cyloadermeta)
                0x00007fc0                cyloadablemeta_start = cy_project_type_app_for_stack_and_copier?((0x8000 - CY_FLASH_ROW_SIZE) - CY_METADATA_SIZE):((0x8000 - (CY_FLASH_ROW_SIZE * (CY_APPL_NUM - 0x1))) - CY_METADATA_SIZE)

.cyloadablemeta
 *(.cyloadablemeta)

.cyflashprotect
                0x90400000       0x20
 *(.cyflashprotect)
 .cyflashprotect
                0x90400000       0x20 .\CortexM0\ARM_GCC_493\Debug\cymetadata.o
                0x90400000                cy_meta_flashprotect

.cymeta         0x90500000        0xc
 *(.cymeta)
 .cymeta        0x90500000        0xc .\CortexM0\ARM_GCC_493\Debug\cymetadata.o
                0x90500000                cy_metadata

.cychipprotect  0x90600000        0x4
 *(.cychipprotect)
 .cychipprotect
                0x90600000        0x4 .\CortexM0\ARM_GCC_493\Debug\cymetadata.o
                0x90600000                cy_meta_chipprotect

.rel.dyn        0x00000958        0x0 load address 0x90600004
 .rel.iplt      0x00000000        0x0 c:/program files (x86)/cypress/psoc creator/3.3/psoc creator/import/gnu/arm/4.9.3/bin/../lib/gcc/arm-none-eabi/4.9.3/armv6-m/crtbegin.o

.stab
 *(.stab)

.stabstr
 *(.stabstr)

.debug
 *(.debug)

.line
 *(.line)

.debug_srcinfo
 *(.debug_srcinfo)

.debug_sfnames
 *(.debug_sfnames)

.debug_aranges  0x00000000      0x6c0
 *(.debug_aranges)
 .debug_aranges
                0x00000000       0x28 .\CortexM0\ARM_GCC_493\Debug\main.o
 .debug_aranges
                0x00000028       0x18 .\CortexM0\ARM_GCC_493\Debug\cymetadata.o
 .debug_aranges
                0x00000040       0x48 .\CortexM0\ARM_GCC_493\Debug\Cm0Start.o
 .debug_aranges
                0x00000088       0x38 .\CortexM0\ARM_GCC_493\Debug\Lesson9_Copy_01.a(cyfitter_cfg.o)
 .debug_aranges
                0x000000c0      0x178 .\CortexM0\ARM_GCC_493\Debug\Lesson9_Copy_01.a(CyLib.o)
 .debug_aranges
                0x00000238      0x138 .\CortexM0\ARM_GCC_493\Debug\Lesson9_Copy_01.a(CyLFClk.o)
 .debug_aranges
                0x00000370      0x158 .\CortexM0\ARM_GCC_493\Debug\Lesson9_Copy_01.a(PWM.o)
 .debug_aranges
                0x000004c8      0x158 .\CortexM0\ARM_GCC_493\Debug\Lesson9_Copy_01.a(Timer.o)
 .debug_aranges
                0x00000620       0x80 .\CortexM0\ARM_GCC_493\Debug\Lesson9_Copy_01.a(Timer_Int.o)
 .debug_aranges
                0x000006a0       0x20 .\CortexM0\ARM_GCC_493\Debug\Lesson9_Copy_01.a(CyBootAsmGnu.o)

.debug_pubnames
 *(.debug_pubnames)

.debug_info     0x00000000     0x36fe
 *(.debug_info .gnu.linkonce.wi.*)
 .debug_info    0x00000000      0x185 .\CortexM0\ARM_GCC_493\Debug\main.o
 .debug_info    0x00000185       0xfe .\CortexM0\ARM_GCC_493\Debug\cymetadata.o
 .debug_info    0x00000283      0x38c .\CortexM0\ARM_GCC_493\Debug\Cm0Start.o
 .debug_info    0x0000060f      0x3bd .\CortexM0\ARM_GCC_493\Debug\Lesson9_Copy_01.a(cyfitter_cfg.o)
 .debug_info    0x000009cc      0xad1 .\CortexM0\ARM_GCC_493\Debug\Lesson9_Copy_01.a(CyLib.o)
 .debug_info    0x0000149d      0xcfc .\CortexM0\ARM_GCC_493\Debug\Lesson9_Copy_01.a(CyLFClk.o)
 .debug_info    0x00002199      0x906 .\CortexM0\ARM_GCC_493\Debug\Lesson9_Copy_01.a(PWM.o)
 .debug_info    0x00002a9f      0x8dd .\CortexM0\ARM_GCC_493\Debug\Lesson9_Copy_01.a(Timer.o)
 .debug_info    0x0000337c      0x300 .\CortexM0\ARM_GCC_493\Debug\Lesson9_Copy_01.a(Timer_Int.o)
 .debug_info    0x0000367c       0x82 .\CortexM0\ARM_GCC_493\Debug\Lesson9_Copy_01.a(CyBootAsmGnu.o)

.debug_abbrev   0x00000000      0xda1
 *(.debug_abbrev)
 .debug_abbrev  0x00000000       0xfb .\CortexM0\ARM_GCC_493\Debug\main.o
 .debug_abbrev  0x000000fb       0x5d .\CortexM0\ARM_GCC_493\Debug\cymetadata.o
 .debug_abbrev  0x00000158      0x1fe .\CortexM0\ARM_GCC_493\Debug\Cm0Start.o
 .debug_abbrev  0x00000356      0x1d5 .\CortexM0\ARM_GCC_493\Debug\Lesson9_Copy_01.a(cyfitter_cfg.o)
 .debug_abbrev  0x0000052b      0x20d .\CortexM0\ARM_GCC_493\Debug\Lesson9_Copy_01.a(CyLib.o)
 .debug_abbrev  0x00000738      0x23b .\CortexM0\ARM_GCC_493\Debug\Lesson9_Copy_01.a(CyLFClk.o)
 .debug_abbrev  0x00000973      0x133 .\CortexM0\ARM_GCC_493\Debug\Lesson9_Copy_01.a(PWM.o)
 .debug_abbrev  0x00000aa6      0x133 .\CortexM0\ARM_GCC_493\Debug\Lesson9_Copy_01.a(Timer.o)
 .debug_abbrev  0x00000bd9      0x1b4 .\CortexM0\ARM_GCC_493\Debug\Lesson9_Copy_01.a(Timer_Int.o)
 .debug_abbrev  0x00000d8d       0x14 .\CortexM0\ARM_GCC_493\Debug\Lesson9_Copy_01.a(CyBootAsmGnu.o)

.debug_line     0x00000000     0x1620
 *(.debug_line)
 .debug_line    0x00000000       0x9d .\CortexM0\ARM_GCC_493\Debug\main.o
 .debug_line    0x0000009d       0x53 .\CortexM0\ARM_GCC_493\Debug\cymetadata.o
 .debug_line    0x000000f0      0x248 .\CortexM0\ARM_GCC_493\Debug\Cm0Start.o
 .debug_line    0x00000338      0x165 .\CortexM0\ARM_GCC_493\Debug\Lesson9_Copy_01.a(cyfitter_cfg.o)
 .debug_line    0x0000049d      0x44b .\CortexM0\ARM_GCC_493\Debug\Lesson9_Copy_01.a(CyLib.o)
 .debug_line    0x000008e8      0x469 .\CortexM0\ARM_GCC_493\Debug\Lesson9_Copy_01.a(CyLFClk.o)
 .debug_line    0x00000d51      0x37e .\CortexM0\ARM_GCC_493\Debug\Lesson9_Copy_01.a(PWM.o)
 .debug_line    0x000010cf      0x378 .\CortexM0\ARM_GCC_493\Debug\Lesson9_Copy_01.a(Timer.o)
 .debug_line    0x00001447      0x16e .\CortexM0\ARM_GCC_493\Debug\Lesson9_Copy_01.a(Timer_Int.o)
 .debug_line    0x000015b5       0x6b .\CortexM0\ARM_GCC_493\Debug\Lesson9_Copy_01.a(CyBootAsmGnu.o)

.debug_frame    0x00000000     0x11e0
 *(.debug_frame)
 .debug_frame   0x00000000       0x48 .\CortexM0\ARM_GCC_493\Debug\main.o
 .debug_frame   0x00000048       0xb0 .\CortexM0\ARM_GCC_493\Debug\Cm0Start.o
 .debug_frame   0x000000f8       0x8c .\CortexM0\ARM_GCC_493\Debug\Lesson9_Copy_01.a(cyfitter_cfg.o)
 .debug_frame   0x00000184      0x3d0 .\CortexM0\ARM_GCC_493\Debug\Lesson9_Copy_01.a(CyLib.o)
 .debug_frame   0x00000554      0x3a8 .\CortexM0\ARM_GCC_493\Debug\Lesson9_Copy_01.a(CyLFClk.o)
 .debug_frame   0x000008fc      0x390 .\CortexM0\ARM_GCC_493\Debug\Lesson9_Copy_01.a(PWM.o)
 .debug_frame   0x00000c8c      0x390 .\CortexM0\ARM_GCC_493\Debug\Lesson9_Copy_01.a(Timer.o)
 .debug_frame   0x0000101c      0x110 .\CortexM0\ARM_GCC_493\Debug\Lesson9_Copy_01.a(Timer_Int.o)
 .debug_frame   0x0000112c       0x20 c:/program files (x86)/cypress/psoc creator/3.3/psoc creator/import/gnu/arm/4.9.3/bin/../lib/gcc/arm-none-eabi/4.9.3/armv6-m\libgcc.a(_udivsi3.o)
 .debug_frame   0x0000114c       0x20 c:/program files (x86)/cypress/psoc creator/3.3/psoc creator/import/gnu/arm/4.9.3/bin/../lib/gcc/arm-none-eabi/4.9.3/../../../../arm-none-eabi/lib/armv6-m\libg_nano.a(lib_a-errno.o)
 .debug_frame   0x0000116c       0x28 c:/program files (x86)/cypress/psoc creator/3.3/psoc creator/import/gnu/arm/4.9.3/bin/../lib/gcc/arm-none-eabi/4.9.3/../../../../arm-none-eabi/lib/armv6-m\libg_nano.a(lib_a-exit.o)
 .debug_frame   0x00001194       0x2c c:/program files (x86)/cypress/psoc creator/3.3/psoc creator/import/gnu/arm/4.9.3/bin/../lib/gcc/arm-none-eabi/4.9.3/../../../../arm-none-eabi/lib/armv6-m\libg_nano.a(lib_a-init.o)
 .debug_frame   0x000011c0       0x20 c:/program files (x86)/cypress/psoc creator/3.3/psoc creator/import/gnu/arm/4.9.3/bin/../lib/gcc/arm-none-eabi/4.9.3/../../../../arm-none-eabi/lib/armv6-m\libg_nano.a(lib_a-memset.o)

.debug_str      0x00000000     0x15de
 *(.debug_str)
 .debug_str     0x00000000      0x1c9 .\CortexM0\ARM_GCC_493\Debug\main.o
                                0x202 (size before relaxing)
 .debug_str     0x000001c9       0x61 .\CortexM0\ARM_GCC_493\Debug\cymetadata.o
                                0x1c0 (size before relaxing)
 .debug_str     0x0000022a      0x14f .\CortexM0\ARM_GCC_493\Debug\Cm0Start.o
                                0x2e7 (size before relaxing)
 .debug_str     0x00000379       0xf5 .\CortexM0\ARM_GCC_493\Debug\Lesson9_Copy_01.a(cyfitter_cfg.o)
                                0x2b8 (size before relaxing)
 .debug_str     0x0000046e      0x4ab .\CortexM0\ARM_GCC_493\Debug\Lesson9_Copy_01.a(CyLib.o)
                                0x67b (size before relaxing)
 .debug_str     0x00000919      0x539 .\CortexM0\ARM_GCC_493\Debug\Lesson9_Copy_01.a(CyLFClk.o)
                                0x723 (size before relaxing)
 .debug_str     0x00000e52      0x379 .\CortexM0\ARM_GCC_493\Debug\Lesson9_Copy_01.a(PWM.o)
                                0x543 (size before relaxing)
 .debug_str     0x000011cb      0x2f6 .\CortexM0\ARM_GCC_493\Debug\Lesson9_Copy_01.a(Timer.o)
                                0x597 (size before relaxing)
 .debug_str     0x000014c1      0x11d .\CortexM0\ARM_GCC_493\Debug\Lesson9_Copy_01.a(Timer_Int.o)
                                0x308 (size before relaxing)

.debug_loc      0x00000000     0x1d14
 *(.debug_loc)
 .debug_loc     0x00000000       0x13 .\CortexM0\ARM_GCC_493\Debug\main.o
 .debug_loc     0x00000013      0x14f .\CortexM0\ARM_GCC_493\Debug\Cm0Start.o
 .debug_loc     0x00000162      0x118 .\CortexM0\ARM_GCC_493\Debug\Lesson9_Copy_01.a(cyfitter_cfg.o)
 .debug_loc     0x0000027a      0x5b5 .\CortexM0\ARM_GCC_493\Debug\Lesson9_Copy_01.a(CyLib.o)
 .debug_loc     0x0000082f      0x9d5 .\CortexM0\ARM_GCC_493\Debug\Lesson9_Copy_01.a(CyLFClk.o)
 .debug_loc     0x00001204      0x547 .\CortexM0\ARM_GCC_493\Debug\Lesson9_Copy_01.a(PWM.o)
 .debug_loc     0x0000174b      0x547 .\CortexM0\ARM_GCC_493\Debug\Lesson9_Copy_01.a(Timer.o)
 .debug_loc     0x00001c92       0x82 .\CortexM0\ARM_GCC_493\Debug\Lesson9_Copy_01.a(Timer_Int.o)

.debug_macinfo
 *(.debug_macinfo)

.debug_ranges   0x00000000      0x608
 *(.debug_ranges)
 .debug_ranges  0x00000000       0x18 .\CortexM0\ARM_GCC_493\Debug\main.o
 .debug_ranges  0x00000018       0x38 .\CortexM0\ARM_GCC_493\Debug\Cm0Start.o
 .debug_ranges  0x00000050       0x28 .\CortexM0\ARM_GCC_493\Debug\Lesson9_Copy_01.a(cyfitter_cfg.o)
 .debug_ranges  0x00000078      0x168 .\CortexM0\ARM_GCC_493\Debug\Lesson9_Copy_01.a(CyLib.o)
 .debug_ranges  0x000001e0      0x128 .\CortexM0\ARM_GCC_493\Debug\Lesson9_Copy_01.a(CyLFClk.o)
 .debug_ranges  0x00000308      0x148 .\CortexM0\ARM_GCC_493\Debug\Lesson9_Copy_01.a(PWM.o)
 .debug_ranges  0x00000450      0x148 .\CortexM0\ARM_GCC_493\Debug\Lesson9_Copy_01.a(Timer.o)
 .debug_ranges  0x00000598       0x70 .\CortexM0\ARM_GCC_493\Debug\Lesson9_Copy_01.a(Timer_Int.o)

.comment        0x00000000       0x70
 .comment       0x00000000       0x70 .\CortexM0\ARM_GCC_493\Debug\main.o
                                 0x71 (size before relaxing)
 .comment       0x00000000       0x71 .\CortexM0\ARM_GCC_493\Debug\cymetadata.o
 .comment       0x00000000       0x71 .\CortexM0\ARM_GCC_493\Debug\Cm0Start.o
 .comment       0x00000000       0x71 .\CortexM0\ARM_GCC_493\Debug\Lesson9_Copy_01.a(cyfitter_cfg.o)
 .comment       0x00000000       0x71 .\CortexM0\ARM_GCC_493\Debug\Lesson9_Copy_01.a(CyLib.o)
 .comment       0x00000000       0x71 .\CortexM0\ARM_GCC_493\Debug\Lesson9_Copy_01.a(CyLFClk.o)
 .comment       0x00000000       0x71 .\CortexM0\ARM_GCC_493\Debug\Lesson9_Copy_01.a(PWM.o)
 .comment       0x00000000       0x71 .\CortexM0\ARM_GCC_493\Debug\Lesson9_Copy_01.a(Timer.o)
 .comment       0x00000000       0x71 .\CortexM0\ARM_GCC_493\Debug\Lesson9_Copy_01.a(Timer_Int.o)

.debug_weaknames
 *(.debug_weaknames)

.debug_funcnames
 *(.debug_funcnames)

.debug_typenames
 *(.debug_typenames)

.debug_varnames
 *(.debug_varnames)

.note.gnu.arm.ident
 *(.note.gnu.arm.ident)

.ARM.attributes
                0x00000000       0x28
 *(.ARM.attributes)
 .ARM.attributes
                0x00000000       0x1e c:/program files (x86)/cypress/psoc creator/3.3/psoc creator/import/gnu/arm/4.9.3/bin/../lib/gcc/arm-none-eabi/4.9.3/armv6-m/crti.o
 .ARM.attributes
                0x0000001e       0x2c c:/program files (x86)/cypress/psoc creator/3.3/psoc creator/import/gnu/arm/4.9.3/bin/../lib/gcc/arm-none-eabi/4.9.3/armv6-m/crtbegin.o
 .ARM.attributes
                0x0000004a       0x1b c:/program files (x86)/cypress/psoc creator/3.3/psoc creator/import/gnu/arm/4.9.3/bin/../lib/gcc/arm-none-eabi/4.9.3/../../../../arm-none-eabi/lib/armv6-m/crt0.o
 .ARM.attributes
                0x00000065       0x31 .\CortexM0\ARM_GCC_493\Debug\main.o
 .ARM.attributes
                0x00000096       0x31 .\CortexM0\ARM_GCC_493\Debug\cymetadata.o
 .ARM.attributes
                0x000000c7       0x31 .\CortexM0\ARM_GCC_493\Debug\Cm0Start.o
 .ARM.attributes
                0x000000f8       0x31 .\CortexM0\ARM_GCC_493\Debug\Lesson9_Copy_01.a(cyfitter_cfg.o)
 .ARM.attributes
                0x00000129       0x31 .\CortexM0\ARM_GCC_493\Debug\Lesson9_Copy_01.a(CyLib.o)
 .ARM.attributes
                0x0000015a       0x31 .\CortexM0\ARM_GCC_493\Debug\Lesson9_Copy_01.a(CyLFClk.o)
 .ARM.attributes
                0x0000018b       0x31 .\CortexM0\ARM_GCC_493\Debug\Lesson9_Copy_01.a(PWM.o)
 .ARM.attributes
                0x000001bc       0x31 .\CortexM0\ARM_GCC_493\Debug\Lesson9_Copy_01.a(Timer.o)
 .ARM.attributes
                0x000001ed       0x31 .\CortexM0\ARM_GCC_493\Debug\Lesson9_Copy_01.a(Timer_Int.o)
 .ARM.attributes
                0x0000021e       0x21 .\CortexM0\ARM_GCC_493\Debug\Lesson9_Copy_01.a(CyBootAsmGnu.o)
 .ARM.attributes
                0x0000023f       0x1e c:/program files (x86)/cypress/psoc creator/3.3/psoc creator/import/gnu/arm/4.9.3/bin/../lib/gcc/arm-none-eabi/4.9.3/armv6-m\libgcc.a(_udivsi3.o)
 .ARM.attributes
                0x0000025d       0x1e c:/program files (x86)/cypress/psoc creator/3.3/psoc creator/import/gnu/arm/4.9.3/bin/../lib/gcc/arm-none-eabi/4.9.3/armv6-m\libgcc.a(_dvmd_tls.o)
 .ARM.attributes
                0x0000027b       0x2c c:/program files (x86)/cypress/psoc creator/3.3/psoc creator/import/gnu/arm/4.9.3/bin/../lib/gcc/arm-none-eabi/4.9.3/../../../../arm-none-eabi/lib/armv6-m\libg_nano.a(lib_a-errno.o)
 .ARM.attributes
                0x000002a7       0x2c c:/program files (x86)/cypress/psoc creator/3.3/psoc creator/import/gnu/arm/4.9.3/bin/../lib/gcc/arm-none-eabi/4.9.3/../../../../arm-none-eabi/lib/armv6-m\libg_nano.a(lib_a-exit.o)
 .ARM.attributes
                0x000002d3       0x2c c:/program files (x86)/cypress/psoc creator/3.3/psoc creator/import/gnu/arm/4.9.3/bin/../lib/gcc/arm-none-eabi/4.9.3/../../../../arm-none-eabi/lib/armv6-m\libg_nano.a(lib_a-impure.o)
 .ARM.attributes
                0x000002ff       0x2c c:/program files (x86)/cypress/psoc creator/3.3/psoc creator/import/gnu/arm/4.9.3/bin/../lib/gcc/arm-none-eabi/4.9.3/../../../../arm-none-eabi/lib/armv6-m\libg_nano.a(lib_a-init.o)
 .ARM.attributes
                0x0000032b       0x2c c:/program files (x86)/cypress/psoc creator/3.3/psoc creator/import/gnu/arm/4.9.3/bin/../lib/gcc/arm-none-eabi/4.9.3/../../../../arm-none-eabi/lib/armv6-m\libg_nano.a(lib_a-memset.o)
 .ARM.attributes
                0x00000357       0x2c c:/program files (x86)/cypress/psoc creator/3.3/psoc creator/import/gnu/arm/4.9.3/bin/../lib/gcc/arm-none-eabi/4.9.3/armv6-m/crtend.o
 .ARM.attributes
                0x00000383       0x1e c:/program files (x86)/cypress/psoc creator/3.3/psoc creator/import/gnu/arm/4.9.3/bin/../lib/gcc/arm-none-eabi/4.9.3/armv6-m/crtn.o

/DISCARD/
 *(.note.GNU-stack)
OUTPUT(.\CortexM0\ARM_GCC_493\Debug\Lesson9_Copy_01.elf elf32-littlearm)
